invocation: /home/rob/github/upside2-md/obj/upside --duration 200000 --frame-interval 100 --temperature 0.7999999999999999,0.8126398282133228,0.8253787285866472,0.838216701119973,0.8511537458133004,0.8641898626666292,0.8773250516799596,0.8905593128532916,0.9038926461866249,0.9173250516799597,0.930856529333296,0.9444870791466338,0.9582167011199731,0.9720453952533139,0.9859731615466563,1.0 --seed 1 --replica-interval 10 --swap-set 0-1,2-3,4-5,6-7,8-9,10-11,12-13,14-15 --swap-set 1-2,3-4,5-6,7-8,9-10,11-12,13-14 .//outputs/REMD/EHEE_rd2_0005.run.0.up .//outputs/REMD/EHEE_rd2_0005.run.1.up .//outputs/REMD/EHEE_rd2_0005.run.2.up .//outputs/REMD/EHEE_rd2_0005.run.3.up .//outputs/REMD/EHEE_rd2_0005.run.4.up .//outputs/REMD/EHEE_rd2_0005.run.5.up .//outputs/REMD/EHEE_rd2_0005.run.6.up .//outputs/REMD/EHEE_rd2_0005.run.7.up .//outputs/REMD/EHEE_rd2_0005.run.8.up .//outputs/REMD/EHEE_rd2_0005.run.9.up .//outputs/REMD/EHEE_rd2_0005.run.10.up .//outputs/REMD/EHEE_rd2_0005.run.11.up .//outputs/REMD/EHEE_rd2_0005.run.12.up .//outputs/REMD/EHEE_rd2_0005.run.13.up .//outputs/REMD/EHEE_rd2_0005.run.14.up .//outputs/REMD/EHEE_rd2_0005.run.15.up
random seed: 1
.//outputs/REMD/EHEE_rd2_0005.run.0.up
n_atom 120

.//outputs/REMD/EHEE_rd2_0005.run.1.up
n_atom 120

.//outputs/REMD/EHEE_rd2_0005.run.2.up
n_atom 120

.//outputs/REMD/EHEE_rd2_0005.run.3.up
n_atom 120

.//outputs/REMD/EHEE_rd2_0005.run.4.up
n_atom 120

.//outputs/REMD/EHEE_rd2_0005.run.5.up
n_atom 120

.//outputs/REMD/EHEE_rd2_0005.run.6.up
n_atom 120

.//outputs/REMD/EHEE_rd2_0005.run.7.up
n_atom 120

.//outputs/REMD/EHEE_rd2_0005.run.8.up
n_atom 120

.//outputs/REMD/EHEE_rd2_0005.run.9.up
n_atom 120

.//outputs/REMD/EHEE_rd2_0005.run.10.up
n_atom 120

.//outputs/REMD/EHEE_rd2_0005.run.11.up
n_atom 120

.//outputs/REMD/EHEE_rd2_0005.run.12.up
n_atom 120

.//outputs/REMD/EHEE_rd2_0005.run.13.up
n_atom 120

.//outputs/REMD/EHEE_rd2_0005.run.14.up
n_atom 120

.//outputs/REMD/EHEE_rd2_0005.run.15.up
n_atom 120

initializing replica exchange

0 0.80
1 0.81
2 0.83
3 0.84
4 0.85
5 0.86
6 0.88
7 0.89
8 0.90
9 0.92
10 0.93
11 0.94
12 0.96
13 0.97
14 0.99
15 1.00

Initial potential energy: -115.96 -115.96 -115.96 -115.96 -115.96 -115.96 -115.96 -115.96 -115.96 -115.96 -115.96 -115.96 -115.96 -115.96 -115.96 -115.96
     0 / 200000 elapsed  0 system 0.80 temp  38.8 hbonds, Rg   8.9 A, potential  -115.96
     0 / 200000 elapsed  3 system 0.84 temp  38.8 hbonds, Rg   8.9 A, potential  -115.96
     0 / 200000 elapsed  7 system 0.89 temp  38.8 hbonds, Rg   8.9 A, potential  -115.96
     0 / 200000 elapsed  4 system 0.85 temp  38.8 hbonds, Rg   8.9 A, potential  -115.96
     0 / 200000 elapsed  2 system 0.83 temp  38.8 hbonds, Rg   8.9 A, potential  -115.96
     0 / 200000 elapsed  6 system 0.88 temp  38.8 hbonds, Rg   8.9 A, potential  -115.96
     0 / 200000 elapsed  5 system 0.86 temp  38.8 hbonds, Rg   8.9 A, potential  -115.96
     0 / 200000 elapsed  1 system 0.81 temp  38.8 hbonds, Rg   8.9 A, potential  -115.96
     0 / 200000 elapsed  8 system 0.90 temp  38.8 hbonds, Rg   8.9 A, potential  -115.96
     0 / 200000 elapsed 11 system 0.94 temp  38.8 hbonds, Rg   8.9 A, potential  -115.96
     0 / 200000 elapsed 12 system 0.96 temp  38.8 hbonds, Rg   8.9 A, potential  -115.96
     0 / 200000 elapsed 13 system 0.97 temp  38.8 hbonds, Rg   8.9 A, potential  -115.96
     0 / 200000 elapsed  9 system 0.92 temp  38.8 hbonds, Rg   8.9 A, potential  -115.96
     0 / 200000 elapsed 10 system 0.93 temp  38.8 hbonds, Rg   8.9 A, potential  -115.96
     0 / 200000 elapsed 15 system 1.00 temp  38.8 hbonds, Rg   8.9 A, potential  -115.96
     0 / 200000 elapsed 14 system 0.99 temp  38.8 hbonds, Rg   8.9 A, potential  -115.96
   100 / 200000 elapsed  0 system 0.80 temp  42.2 hbonds, Rg   9.1 A, potential  -106.53
   100 / 200000 elapsed  4 system 0.85 temp  39.3 hbonds, Rg   9.2 A, potential   -76.12
   100 / 200000 elapsed  6 system 0.88 temp  46.2 hbonds, Rg   9.0 A, potential   -96.15
   100 / 200000 elapsed  1 system 0.81 temp  44.4 hbonds, Rg   9.0 A, potential  -109.54
   100 / 200000 elapsed  3 system 0.84 temp  41.8 hbonds, Rg   9.1 A, potential   -80.33
   100 / 200000 elapsed  5 system 0.86 temp  40.7 hbonds, Rg   8.9 A, potential   -70.30
   100 / 200000 elapsed  7 system 0.89 temp  41.0 hbonds, Rg   8.8 A, potential   -49.14
   100 / 200000 elapsed  2 system 0.83 temp  45.7 hbonds, Rg   9.0 A, potential   -95.42
   100 / 200000 elapsed  8 system 0.90 temp  33.5 hbonds, Rg   9.3 A, potential   -47.03
   100 / 200000 elapsed 12 system 0.96 temp  44.0 hbonds, Rg   8.9 A, potential   -83.61
   100 / 200000 elapsed 11 system 0.94 temp  46.2 hbonds, Rg   9.0 A, potential   -81.33
   100 / 200000 elapsed 13 system 0.97 temp  40.2 hbonds, Rg   9.1 A, potential   -61.33
   100 / 200000 elapsed 15 system 1.00 temp  46.2 hbonds, Rg   9.1 A, potential   -54.49
   100 / 200000 elapsed  9 system 0.92 temp  45.2 hbonds, Rg   9.0 A, potential   -66.58
   100 / 200000 elapsed 10 system 0.93 temp  36.8 hbonds, Rg   9.3 A, potential   -62.05
   100 / 200000 elapsed 14 system 0.99 temp  37.8 hbonds, Rg   9.1 A, potential   -47.72
   200 / 200000 elapsed  2 system 0.83 temp  41.0 hbonds, Rg   9.0 A, potential   -59.95
   200 / 200000 elapsed  6 system 0.88 temp  42.6 hbonds, Rg   8.9 A, potential   -95.06
   200 / 200000 elapsed  0 system 0.80 temp  44.6 hbonds, Rg   8.9 A, potential  -116.61
   200 / 200000 elapsed  4 system 0.85 temp  42.1 hbonds, Rg   9.2 A, potential   -80.22
   200 / 200000 elapsed  1 system 0.81 temp  43.6 hbonds, Rg   9.1 A, potential  -100.62
   200 / 200000 elapsed  7 system 0.89 temp  41.6 hbonds, Rg   8.8 A, potential   -72.58
   200 / 200000 elapsed  3 system 0.84 temp  45.3 hbonds, Rg   9.0 A, potential   -94.74
   200 / 200000 elapsed  5 system 0.86 temp  39.4 hbonds, Rg   9.0 A, potential   -69.40
   200 / 200000 elapsed 14 system 0.99 temp  41.9 hbonds, Rg   9.4 A, potential   -39.75
   200 / 200000 elapsed  8 system 0.90 temp  39.7 hbonds, Rg   9.1 A, potential   -88.36
   200 / 200000 elapsed 10 system 0.93 temp  45.6 hbonds, Rg   8.9 A, potential   -84.82
   200 / 200000 elapsed 11 system 0.94 temp  41.0 hbonds, Rg   9.1 A, potential   -60.91
   200 / 200000 elapsed 15 system 1.00 temp  37.4 hbonds, Rg   9.1 A, potential   -39.23
   200 / 200000 elapsed  9 system 0.92 temp  41.8 hbonds, Rg   9.0 A, potential   -69.98
   200 / 200000 elapsed 12 system 0.96 temp  38.6 hbonds, Rg   9.0 A, potential   -37.20
   200 / 200000 elapsed 13 system 0.97 temp  43.0 hbonds, Rg   8.9 A, potential   -70.50
   300 / 200000 elapsed  4 system 0.85 temp  47.6 hbonds, Rg   9.0 A, potential   -88.66
   300 / 200000 elapsed  2 system 0.83 temp  40.2 hbonds, Rg   8.9 A, potential   -99.70
   300 / 200000 elapsed  5 system 0.86 temp  39.0 hbonds, Rg   9.0 A, potential   -66.04
   300 / 200000 elapsed  1 system 0.81 temp  43.8 hbonds, Rg   9.1 A, potential   -78.18
   300 / 200000 elapsed  6 system 0.88 temp  43.6 hbonds, Rg   8.8 A, potential   -95.27
   300 / 200000 elapsed  7 system 0.89 temp  45.4 hbonds, Rg   9.0 A, potential   -95.87
   300 / 200000 elapsed  0 system 0.80 temp  42.7 hbonds, Rg   8.8 A, potential   -94.95
   300 / 200000 elapsed  3 system 0.84 temp  45.2 hbonds, Rg   9.0 A, potential   -80.53
   300 / 200000 elapsed 15 system 1.00 temp  35.3 hbonds, Rg   9.0 A, potential   -38.89
   300 / 200000 elapsed 12 system 0.96 temp  41.8 hbonds, Rg   9.1 A, potential   -50.26
   300 / 200000 elapsed 13 system 0.97 temp  37.9 hbonds, Rg   9.2 A, potential   -47.77
   300 / 200000 elapsed 14 system 0.99 temp  41.5 hbonds, Rg   9.1 A, potential   -43.44
   300 / 200000 elapsed 10 system 0.93 temp  38.7 hbonds, Rg   9.0 A, potential   -39.11
   300 / 200000 elapsed  9 system 0.92 temp  38.4 hbonds, Rg   9.0 A, potential   -76.95
   300 / 200000 elapsed  8 system 0.90 temp  42.0 hbonds, Rg   9.0 A, potential   -84.63
   300 / 200000 elapsed 11 system 0.94 temp  44.5 hbonds, Rg   9.0 A, potential   -87.34
   400 / 200000 elapsed  5 system 0.86 temp  45.8 hbonds, Rg   8.9 A, potential   -82.91
   400 / 200000 elapsed  4 system 0.85 temp  44.0 hbonds, Rg   9.0 A, potential   -91.50
   400 / 200000 elapsed  0 system 0.80 temp  40.6 hbonds, Rg   8.9 A, potential  -103.65
   400 / 200000 elapsed  1 system 0.81 temp  43.9 hbonds, Rg   9.1 A, potential   -94.47
   400 / 200000 elapsed  2 system 0.83 temp  42.1 hbonds, Rg   8.9 A, potential   -76.51
   400 / 200000 elapsed  6 system 0.88 temp  40.2 hbonds, Rg   9.0 A, potential   -80.86
   400 / 200000 elapsed  3 system 0.84 temp  42.8 hbonds, Rg   8.9 A, potential   -98.14
   400 / 200000 elapsed  7 system 0.89 temp  42.0 hbonds, Rg   9.2 A, potential   -90.04
   400 / 200000 elapsed 12 system 0.96 temp  37.1 hbonds, Rg   9.3 A, potential   -32.80
   400 / 200000 elapsed 10 system 0.93 temp  41.2 hbonds, Rg   9.2 A, potential   -59.57
   400 / 200000 elapsed 13 system 0.97 temp  40.2 hbonds, Rg   8.9 A, potential   -41.46
   400 / 200000 elapsed  9 system 0.92 temp  41.5 hbonds, Rg   9.0 A, potential   -82.21
   400 / 200000 elapsed  8 system 0.90 temp  41.5 hbonds, Rg   8.9 A, potential   -60.37
   400 / 200000 elapsed 14 system 0.99 temp  36.6 hbonds, Rg   9.1 A, potential   -47.78
   400 / 200000 elapsed 11 system 0.94 temp  40.2 hbonds, Rg   9.1 A, potential   -58.65
   400 / 200000 elapsed 15 system 1.00 temp  38.6 hbonds, Rg   9.1 A, potential   -50.36
   500 / 200000 elapsed  7 system 0.89 temp  41.5 hbonds, Rg   8.9 A, potential   -78.88
   500 / 200000 elapsed  4 system 0.85 temp  39.4 hbonds, Rg   9.0 A, potential   -85.61
   500 / 200000 elapsed  3 system 0.84 temp  43.5 hbonds, Rg   9.0 A, potential   -84.60
   500 / 200000 elapsed  1 system 0.81 temp  42.0 hbonds, Rg   9.0 A, potential   -99.90
   500 / 200000 elapsed  6 system 0.88 temp  42.7 hbonds, Rg   8.9 A, potential  -103.69
   500 / 200000 elapsed  2 system 0.83 temp  44.5 hbonds, Rg   8.9 A, potential  -106.13
   500 / 200000 elapsed  0 system 0.80 temp  42.3 hbonds, Rg   9.0 A, potential  -101.76
   500 / 200000 elapsed  5 system 0.86 temp  39.8 hbonds, Rg   8.9 A, potential   -80.50
   500 / 200000 elapsed 12 system 0.96 temp  40.2 hbonds, Rg   9.0 A, potential   -47.64
   500 / 200000 elapsed 14 system 0.99 temp  33.8 hbonds, Rg   9.2 A, potential   -32.91
   500 / 200000 elapsed 15 system 1.00 temp  41.4 hbonds, Rg   8.9 A, potential   -52.25
   500 / 200000 elapsed 11 system 0.94 temp  41.5 hbonds, Rg   8.9 A, potential   -70.67
   500 / 200000 elapsed  8 system 0.90 temp  36.8 hbonds, Rg   8.9 A, potential   -66.88
   500 / 200000 elapsed  9 system 0.92 temp  42.2 hbonds, Rg   8.9 A, potential   -70.96
   500 / 200000 elapsed 13 system 0.97 temp  41.9 hbonds, Rg   9.0 A, potential   -50.41
   500 / 200000 elapsed 10 system 0.93 temp  38.5 hbonds, Rg   9.0 A, potential   -67.42
   600 / 200000 elapsed  0 system 0.80 temp  41.3 hbonds, Rg   9.1 A, potential   -83.80
   600 / 200000 elapsed  2 system 0.83 temp  43.1 hbonds, Rg   9.1 A, potential  -118.53
   600 / 200000 elapsed  3 system 0.84 temp  40.8 hbonds, Rg   9.0 A, potential  -110.69
   600 / 200000 elapsed  4 system 0.85 temp  41.5 hbonds, Rg   9.1 A, potential   -95.62
   600 / 200000 elapsed  1 system 0.81 temp  45.5 hbonds, Rg   9.0 A, potential  -109.52
   600 / 200000 elapsed  5 system 0.86 temp  41.3 hbonds, Rg   9.1 A, potential   -68.98
   600 / 200000 elapsed  6 system 0.88 temp  38.9 hbonds, Rg   9.1 A, potential   -83.16
   600 / 200000 elapsed  7 system 0.89 temp  44.5 hbonds, Rg   8.9 A, potential   -78.69
   600 / 200000 elapsed 12 system 0.96 temp  41.4 hbonds, Rg   8.8 A, potential   -44.89
   600 / 200000 elapsed 10 system 0.93 temp  43.5 hbonds, Rg   9.1 A, potential   -90.12
   600 / 200000 elapsed 15 system 1.00 temp  43.2 hbonds, Rg   9.0 A, potential   -84.14
   600 / 200000 elapsed 14 system 0.99 temp  37.9 hbonds, Rg   9.2 A, potential   -27.80
   600 / 200000 elapsed 13 system 0.97 temp  43.3 hbonds, Rg   9.0 A, potential   -41.35
   600 / 200000 elapsed  9 system 0.92 temp  40.8 hbonds, Rg   8.9 A, potential   -97.45
   600 / 200000 elapsed 11 system 0.94 temp  42.0 hbonds, Rg   9.0 A, potential   -78.53
   600 / 200000 elapsed  8 system 0.90 temp  45.7 hbonds, Rg   9.1 A, potential   -78.01
   700 / 200000 elapsed  3 system 0.84 temp  45.4 hbonds, Rg   9.1 A, potential  -111.09
   700 / 200000 elapsed  4 system 0.85 temp  40.6 hbonds, Rg   9.0 A, potential   -90.36
   700 / 200000 elapsed  7 system 0.89 temp  43.6 hbonds, Rg   9.0 A, potential   -73.50
   700 / 200000 elapsed  5 system 0.86 temp  42.3 hbonds, Rg   9.2 A, potential   -82.38
   700 / 200000 elapsed  0 system 0.80 temp  42.0 hbonds, Rg   9.0 A, potential   -97.65
   700 / 200000 elapsed  6 system 0.88 temp  44.3 hbonds, Rg   9.1 A, potential   -85.74
   700 / 200000 elapsed  2 system 0.83 temp  40.6 hbonds, Rg   9.0 A, potential  -102.09
   700 / 200000 elapsed  1 system 0.81 temp  43.2 hbonds, Rg   9.2 A, potential   -84.10
   700 / 200000 elapsed  8 system 0.90 temp  46.4 hbonds, Rg   8.9 A, potential   -77.40
   700 / 200000 elapsed 15 system 1.00 temp  42.7 hbonds, Rg   9.0 A, potential   -57.67
   700 / 200000 elapsed 11 system 0.94 temp  41.4 hbonds, Rg   8.9 A, potential   -48.21
   700 / 200000 elapsed 10 system 0.93 temp  37.8 hbonds, Rg   9.1 A, potential   -65.75
   700 / 200000 elapsed 14 system 0.99 temp  40.2 hbonds, Rg   9.2 A, potential   -58.66
   700 / 200000 elapsed 12 system 0.96 temp  40.1 hbonds, Rg   8.9 A, potential   -78.83
   700 / 200000 elapsed 13 system 0.97 temp  36.0 hbonds, Rg   9.3 A, potential   -17.72
   700 / 200000 elapsed  9 system 0.92 temp  42.3 hbonds, Rg   9.0 A, potential   -66.10
   800 / 200000 elapsed  6 system 0.88 temp  39.0 hbonds, Rg   9.3 A, potential   -63.72
   800 / 200000 elapsed  0 system 0.80 temp  41.4 hbonds, Rg   9.1 A, potential   -96.64
   800 / 200000 elapsed  7 system 0.89 temp  43.9 hbonds, Rg   9.1 A, potential   -66.25
   800 / 200000 elapsed  5 system 0.86 temp  43.0 hbonds, Rg   9.0 A, potential  -106.68
   800 / 200000 elapsed  1 system 0.81 temp  45.1 hbonds, Rg   8.9 A, potential  -116.24
   800 / 200000 elapsed  4 system 0.85 temp  43.0 hbonds, Rg   9.0 A, potential   -80.92
   800 / 200000 elapsed  2 system 0.83 temp  42.8 hbonds, Rg   9.1 A, potential   -87.22
   800 / 200000 elapsed  3 system 0.84 temp  43.2 hbonds, Rg   9.0 A, potential   -83.46
   800 / 200000 elapsed  8 system 0.90 temp  36.2 hbonds, Rg   9.2 A, potential   -55.91
   800 / 200000 elapsed 12 system 0.96 temp  43.2 hbonds, Rg   9.1 A, potential   -43.70
   800 / 200000 elapsed  9 system 0.92 temp  42.6 hbonds, Rg   9.0 A, potential   -74.99
   800 / 200000 elapsed 14 system 0.99 temp  41.4 hbonds, Rg   9.3 A, potential   -56.82
   800 / 200000 elapsed 13 system 0.97 temp  40.4 hbonds, Rg   9.1 A, potential   -38.63
   800 / 200000 elapsed 10 system 0.93 temp  38.6 hbonds, Rg   9.2 A, potential   -41.06
   800 / 200000 elapsed 11 system 0.94 temp  42.7 hbonds, Rg   9.1 A, potential   -69.49
   800 / 200000 elapsed 15 system 1.00 temp  40.2 hbonds, Rg   9.0 A, potential   -30.94
   900 / 200000 elapsed  0 system 0.80 temp  43.1 hbonds, Rg   9.1 A, potential  -125.04
   900 / 200000 elapsed  2 system 0.83 temp  44.1 hbonds, Rg   9.2 A, potential   -85.97
   900 / 200000 elapsed  4 system 0.85 temp  42.7 hbonds, Rg   9.1 A, potential  -102.50
   900 / 200000 elapsed  7 system 0.89 temp  42.7 hbonds, Rg   9.0 A, potential  -108.44
   900 / 200000 elapsed  5 system 0.86 temp  42.0 hbonds, Rg   8.9 A, potential   -77.30
   900 / 200000 elapsed  3 system 0.84 temp  42.0 hbonds, Rg   9.0 A, potential   -85.03
   900 / 200000 elapsed  1 system 0.81 temp  42.9 hbonds, Rg   9.0 A, potential   -93.79
   900 / 200000 elapsed  6 system 0.88 temp  43.9 hbonds, Rg   9.0 A, potential   -89.19
   900 / 200000 elapsed 15 system 1.00 temp  41.8 hbonds, Rg   9.3 A, potential   -59.53
   900 / 200000 elapsed 12 system 0.96 temp  37.6 hbonds, Rg   9.0 A, potential   -42.99
   900 / 200000 elapsed  9 system 0.92 temp  41.9 hbonds, Rg   9.1 A, potential   -77.40
   900 / 200000 elapsed 11 system 0.94 temp  41.3 hbonds, Rg   9.0 A, potential   -46.47
   900 / 200000 elapsed 10 system 0.93 temp  42.8 hbonds, Rg   9.0 A, potential   -78.15
   900 / 200000 elapsed  8 system 0.90 temp  37.9 hbonds, Rg   8.8 A, potential   -70.52
   900 / 200000 elapsed 13 system 0.97 temp  42.4 hbonds, Rg   9.0 A, potential   -59.70
   900 / 200000 elapsed 14 system 0.99 temp  42.2 hbonds, Rg   9.0 A, potential   -73.66
  1000 / 200000 elapsed  7 system 0.89 temp  44.1 hbonds, Rg   9.1 A, potential   -91.54
  1000 / 200000 elapsed  1 system 0.81 temp  41.8 hbonds, Rg   9.0 A, potential  -112.94
  1000 / 200000 elapsed  5 system 0.86 temp  42.9 hbonds, Rg   9.2 A, potential  -107.59
  1000 / 200000 elapsed  2 system 0.83 temp  43.6 hbonds, Rg   8.9 A, potential   -94.67
  1000 / 200000 elapsed  4 system 0.85 temp  45.3 hbonds, Rg   9.2 A, potential  -101.33
  1000 / 200000 elapsed  0 system 0.80 temp  37.2 hbonds, Rg   8.9 A, potential   -63.25
  1000 / 200000 elapsed  3 system 0.84 temp  42.9 hbonds, Rg   8.9 A, potential  -108.63
  1000 / 200000 elapsed  6 system 0.88 temp  41.1 hbonds, Rg   9.0 A, potential   -47.99
  1000 / 200000 elapsed 13 system 0.97 temp  37.1 hbonds, Rg   8.9 A, potential   -71.56
  1000 / 200000 elapsed 14 system 0.99 temp  40.7 hbonds, Rg   9.3 A, potential   -73.00
  1000 / 200000 elapsed 15 system 1.00 temp  41.1 hbonds, Rg   9.0 A, potential   -56.20
  1000 / 200000 elapsed 10 system 0.93 temp  40.9 hbonds, Rg   9.0 A, potential   -74.54
  1000 / 200000 elapsed  8 system 0.90 temp  38.6 hbonds, Rg   8.9 A, potential   -70.61
  1000 / 200000 elapsed 12 system 0.96 temp  40.2 hbonds, Rg   9.0 A, potential   -62.35
  1000 / 200000 elapsed 11 system 0.94 temp  42.6 hbonds, Rg   8.9 A, potential   -67.38
  1000 / 200000 elapsed  9 system 0.92 temp  38.7 hbonds, Rg   9.1 A, potential   -74.69
  1100 / 200000 elapsed  4 system 0.85 temp  36.3 hbonds, Rg   9.2 A, potential   -57.53
  1100 / 200000 elapsed  3 system 0.84 temp  44.0 hbonds, Rg   9.1 A, potential   -77.06
  1100 / 200000 elapsed  0 system 0.80 temp  40.5 hbonds, Rg   9.2 A, potential   -79.28
  1100 / 200000 elapsed  7 system 0.89 temp  40.4 hbonds, Rg   9.0 A, potential   -65.75
  1100 / 200000 elapsed  1 system 0.81 temp  44.9 hbonds, Rg   9.0 A, potential  -122.63
  1100 / 200000 elapsed  6 system 0.88 temp  44.5 hbonds, Rg   9.0 A, potential   -80.12
  1100 / 200000 elapsed  2 system 0.83 temp  44.0 hbonds, Rg   8.9 A, potential   -98.42
  1100 / 200000 elapsed  5 system 0.86 temp  42.3 hbonds, Rg   9.2 A, potential   -92.39
  1100 / 200000 elapsed 12 system 0.96 temp  41.8 hbonds, Rg   9.3 A, potential   -61.48
  1100 / 200000 elapsed 11 system 0.94 temp  40.5 hbonds, Rg   9.1 A, potential   -82.97
  1100 / 200000 elapsed  8 system 0.90 temp  39.1 hbonds, Rg   9.3 A, potential   -73.86
  1100 / 200000 elapsed 15 system 1.00 temp  40.3 hbonds, Rg   9.3 A, potential    -8.92
  1100 / 200000 elapsed 10 system 0.93 temp  42.5 hbonds, Rg   9.1 A, potential   -67.99
  1100 / 200000 elapsed  9 system 0.92 temp  37.8 hbonds, Rg   9.1 A, potential   -63.50
  1100 / 200000 elapsed 14 system 0.99 temp  38.4 hbonds, Rg   9.0 A, potential   -57.19
  1100 / 200000 elapsed 13 system 0.97 temp  41.1 hbonds, Rg   9.3 A, potential   -63.37
  1200 / 200000 elapsed  4 system 0.85 temp  41.7 hbonds, Rg   9.1 A, potential   -79.69
  1200 / 200000 elapsed  5 system 0.86 temp  39.8 hbonds, Rg   9.1 A, potential   -85.91
  1200 / 200000 elapsed  7 system 0.89 temp  39.4 hbonds, Rg   9.1 A, potential   -80.51
  1200 / 200000 elapsed  0 system 0.80 temp  42.0 hbonds, Rg   8.9 A, potential   -73.20
  1200 / 200000 elapsed  6 system 0.88 temp  43.9 hbonds, Rg   9.0 A, potential   -73.73
  1200 / 200000 elapsed  1 system 0.81 temp  42.8 hbonds, Rg   9.1 A, potential   -91.76
  1200 / 200000 elapsed  2 system 0.83 temp  45.4 hbonds, Rg   9.0 A, potential   -83.82
  1200 / 200000 elapsed  3 system 0.84 temp  38.8 hbonds, Rg   8.8 A, potential   -76.18
  1200 / 200000 elapsed 12 system 0.96 temp  41.5 hbonds, Rg   9.2 A, potential   -44.52
  1200 / 200000 elapsed 13 system 0.97 temp  32.7 hbonds, Rg   9.2 A, potential   -29.72
  1200 / 200000 elapsed 15 system 1.00 temp  41.3 hbonds, Rg   9.2 A, potential   -50.09
  1200 / 200000 elapsed  9 system 0.92 temp  40.7 hbonds, Rg   9.3 A, potential   -44.14
  1200 / 200000 elapsed 10 system 0.93 temp  34.6 hbonds, Rg   9.1 A, potential   -54.34
  1200 / 200000 elapsed 14 system 0.99 temp  36.4 hbonds, Rg   9.0 A, potential   -63.29
  1200 / 200000 elapsed  8 system 0.90 temp  41.3 hbonds, Rg   9.0 A, potential   -89.87
  1200 / 200000 elapsed 11 system 0.94 temp  42.1 hbonds, Rg   9.1 A, potential   -65.47
  1300 / 200000 elapsed  5 system 0.86 temp  38.1 hbonds, Rg   9.2 A, potential   -89.93
  1300 / 200000 elapsed  6 system 0.88 temp  42.4 hbonds, Rg   9.0 A, potential   -94.36
  1300 / 200000 elapsed  0 system 0.80 temp  42.1 hbonds, Rg   9.0 A, potential   -89.96
  1300 / 200000 elapsed  2 system 0.83 temp  41.5 hbonds, Rg   9.1 A, potential  -108.26
  1300 / 200000 elapsed  7 system 0.89 temp  42.3 hbonds, Rg   9.0 A, potential   -74.82
  1300 / 200000 elapsed  1 system 0.81 temp  40.0 hbonds, Rg   9.1 A, potential   -85.00
  1300 / 200000 elapsed  4 system 0.85 temp  42.6 hbonds, Rg   8.9 A, potential   -90.60
  1300 / 200000 elapsed  3 system 0.84 temp  41.6 hbonds, Rg   9.0 A, potential   -96.35
  1300 / 200000 elapsed 14 system 0.99 temp  34.1 hbonds, Rg   9.6 A, potential   -12.41
  1300 / 200000 elapsed  8 system 0.90 temp  37.7 hbonds, Rg   9.1 A, potential   -41.16
  1300 / 200000 elapsed 13 system 0.97 temp  39.7 hbonds, Rg   9.1 A, potential   -32.23
  1300 / 200000 elapsed 12 system 0.96 temp  36.6 hbonds, Rg   9.1 A, potential   -70.91
  1300 / 200000 elapsed 10 system 0.93 temp  37.1 hbonds, Rg   9.3 A, potential   -75.74
  1300 / 200000 elapsed  9 system 0.92 temp  43.1 hbonds, Rg   9.1 A, potential   -80.58
  1300 / 200000 elapsed 15 system 1.00 temp  39.6 hbonds, Rg   9.1 A, potential   -49.45
  1300 / 200000 elapsed 11 system 0.94 temp  42.4 hbonds, Rg   9.1 A, potential   -78.98
  1400 / 200000 elapsed  4 system 0.85 temp  42.0 hbonds, Rg   9.1 A, potential   -91.65
  1400 / 200000 elapsed  6 system 0.88 temp  39.3 hbonds, Rg   9.0 A, potential   -85.55
  1400 / 200000 elapsed  0 system 0.80 temp  41.8 hbonds, Rg   9.0 A, potential   -84.66
  1400 / 200000 elapsed  5 system 0.86 temp  39.3 hbonds, Rg   9.0 A, potential   -78.35
  1400 / 200000 elapsed  3 system 0.84 temp  44.0 hbonds, Rg   9.1 A, potential  -107.67
  1400 / 200000 elapsed  2 system 0.83 temp  42.3 hbonds, Rg   9.1 A, potential   -85.81
  1400 / 200000 elapsed  7 system 0.89 temp  42.6 hbonds, Rg   9.0 A, potential   -75.48
  1400 / 200000 elapsed  1 system 0.81 temp  44.8 hbonds, Rg   8.9 A, potential   -85.24
  1400 / 200000 elapsed 12 system 0.96 temp  40.7 hbonds, Rg   9.0 A, potential   -71.66
  1400 / 200000 elapsed  8 system 0.90 temp  40.4 hbonds, Rg   9.0 A, potential   -93.30
  1400 / 200000 elapsed 10 system 0.93 temp  42.8 hbonds, Rg   9.0 A, potential   -66.74
  1400 / 200000 elapsed 13 system 0.97 temp  39.6 hbonds, Rg   9.2 A, potential   -75.75
  1400 / 200000 elapsed 11 system 0.94 temp  41.7 hbonds, Rg   9.1 A, potential   -61.37
  1400 / 200000 elapsed 14 system 0.99 temp  36.8 hbonds, Rg   9.0 A, potential   -40.41
  1400 / 200000 elapsed  9 system 0.92 temp  41.7 hbonds, Rg   9.0 A, potential   -80.86
  1400 / 200000 elapsed 15 system 1.00 temp  31.7 hbonds, Rg   9.4 A, potential   -20.40
  1500 / 200000 elapsed  3 system 0.84 temp  43.5 hbonds, Rg   9.1 A, potential   -90.86
  1500 / 200000 elapsed  0 system 0.80 temp  44.3 hbonds, Rg   9.0 A, potential  -110.76
  1500 / 200000 elapsed  7 system 0.89 temp  40.9 hbonds, Rg   9.0 A, potential   -67.01
  1500 / 200000 elapsed  4 system 0.85 temp  41.3 hbonds, Rg   9.1 A, potential  -102.84
  1500 / 200000 elapsed  2 system 0.83 temp  43.9 hbonds, Rg   9.2 A, potential  -116.36
  1500 / 200000 elapsed  1 system 0.81 temp  44.3 hbonds, Rg   9.2 A, potential   -92.55
  1500 / 200000 elapsed  5 system 0.86 temp  39.8 hbonds, Rg   9.1 A, potential   -79.41
  1500 / 200000 elapsed  6 system 0.88 temp  41.6 hbonds, Rg   9.0 A, potential   -96.91
  1500 / 200000 elapsed 11 system 0.94 temp  44.5 hbonds, Rg   9.0 A, potential   -86.87
  1500 / 200000 elapsed 15 system 1.00 temp  40.8 hbonds, Rg   9.1 A, potential   -56.67
  1500 / 200000 elapsed 14 system 0.99 temp  38.2 hbonds, Rg   9.0 A, potential   -30.71
  1500 / 200000 elapsed 12 system 0.96 temp  39.0 hbonds, Rg   9.0 A, potential   -30.43
  1500 / 200000 elapsed  9 system 0.92 temp  40.6 hbonds, Rg   9.3 A, potential   -59.92
  1500 / 200000 elapsed  8 system 0.90 temp  38.3 hbonds, Rg   9.2 A, potential   -55.31
  1500 / 200000 elapsed 10 system 0.93 temp  31.8 hbonds, Rg   9.1 A, potential   -26.53
  1500 / 200000 elapsed 13 system 0.97 temp  40.0 hbonds, Rg   8.9 A, potential   -67.39
  1600 / 200000 elapsed  5 system 0.86 temp  39.4 hbonds, Rg   9.0 A, potential   -81.20
  1600 / 200000 elapsed  0 system 0.80 temp  42.9 hbonds, Rg   8.9 A, potential   -89.35
  1600 / 200000 elapsed  7 system 0.89 temp  39.5 hbonds, Rg   9.1 A, potential   -68.97
  1600 / 200000 elapsed  3 system 0.84 temp  42.2 hbonds, Rg   9.2 A, potential   -62.50
  1600 / 200000 elapsed  2 system 0.83 temp  38.7 hbonds, Rg   8.8 A, potential   -90.72
  1600 / 200000 elapsed  6 system 0.88 temp  45.1 hbonds, Rg   9.2 A, potential   -75.43
  1600 / 200000 elapsed  1 system 0.81 temp  42.5 hbonds, Rg   9.1 A, potential  -102.93
  1600 / 200000 elapsed  4 system 0.85 temp  41.1 hbonds, Rg   9.1 A, potential   -92.94
  1600 / 200000 elapsed 15 system 1.00 temp  32.0 hbonds, Rg   9.1 A, potential   -24.87
  1600 / 200000 elapsed 13 system 0.97 temp  39.4 hbonds, Rg   9.1 A, potential   -40.50
  1600 / 200000 elapsed 14 system 0.99 temp  38.9 hbonds, Rg   9.1 A, potential   -76.32
  1600 / 200000 elapsed  8 system 0.90 temp  44.7 hbonds, Rg   9.0 A, potential   -88.47
  1600 / 200000 elapsed 11 system 0.94 temp  40.9 hbonds, Rg   9.0 A, potential   -68.19
  1600 / 200000 elapsed  9 system 0.92 temp  37.8 hbonds, Rg   9.3 A, potential   -63.68
  1600 / 200000 elapsed 10 system 0.93 temp  41.7 hbonds, Rg   9.1 A, potential   -67.04
  1600 / 200000 elapsed 12 system 0.96 temp  44.1 hbonds, Rg   9.0 A, potential   -76.03
  1700 / 200000 elapsed  1 system 0.81 temp  39.7 hbonds, Rg   9.2 A, potential   -85.66
  1700 / 200000 elapsed  4 system 0.85 temp  39.4 hbonds, Rg   9.0 A, potential   -86.41
  1700 / 200000 elapsed  5 system 0.86 temp  40.9 hbonds, Rg   9.2 A, potential   -92.65
  1700 / 200000 elapsed  2 system 0.83 temp  38.1 hbonds, Rg   9.0 A, potential  -104.95
  1700 / 200000 elapsed  0 system 0.80 temp  43.7 hbonds, Rg   8.9 A, potential   -81.60
  1700 / 200000 elapsed  7 system 0.89 temp  42.7 hbonds, Rg   9.0 A, potential   -85.43
  1700 / 200000 elapsed  3 system 0.84 temp  43.5 hbonds, Rg   9.0 A, potential   -54.42
  1700 / 200000 elapsed  6 system 0.88 temp  38.6 hbonds, Rg   9.2 A, potential   -91.17
  1700 / 200000 elapsed 13 system 0.97 temp  41.2 hbonds, Rg   9.1 A, potential   -74.29
  1700 / 200000 elapsed 12 system 0.96 temp  40.9 hbonds, Rg   9.1 A, potential   -73.09
  1700 / 200000 elapsed  9 system 0.92 temp  36.7 hbonds, Rg   9.2 A, potential   -53.03
  1700 / 200000 elapsed 14 system 0.99 temp  39.0 hbonds, Rg   9.2 A, potential   -38.02
  1700 / 200000 elapsed  8 system 0.90 temp  42.3 hbonds, Rg   8.9 A, potential   -75.70
  1700 / 200000 elapsed 15 system 1.00 temp  41.7 hbonds, Rg   9.0 A, potential   -58.23
  1700 / 200000 elapsed 10 system 0.93 temp  43.8 hbonds, Rg   9.0 A, potential   -87.79
  1700 / 200000 elapsed 11 system 0.94 temp  38.9 hbonds, Rg   9.2 A, potential   -72.22
  1800 / 200000 elapsed  7 system 0.89 temp  36.2 hbonds, Rg   9.2 A, potential   -71.44
  1800 / 200000 elapsed  0 system 0.80 temp  35.2 hbonds, Rg   9.2 A, potential   -85.31
  1800 / 200000 elapsed  3 system 0.84 temp  43.9 hbonds, Rg   9.3 A, potential  -107.37
  1800 / 200000 elapsed  1 system 0.81 temp  43.0 hbonds, Rg   9.0 A, potential  -111.24
  1800 / 200000 elapsed  6 system 0.88 temp  40.2 hbonds, Rg   9.0 A, potential   -89.03
  1800 / 200000 elapsed  2 system 0.83 temp  44.5 hbonds, Rg   9.1 A, potential  -116.24
  1800 / 200000 elapsed  4 system 0.85 temp  43.4 hbonds, Rg   9.2 A, potential  -106.34
  1800 / 200000 elapsed  5 system 0.86 temp  41.6 hbonds, Rg   8.9 A, potential  -110.12
  1800 / 200000 elapsed 15 system 1.00 temp  28.8 hbonds, Rg   9.2 A, potential   -33.08
  1800 / 200000 elapsed 13 system 0.97 temp  41.0 hbonds, Rg   9.2 A, potential   -61.10
  1800 / 200000 elapsed  8 system 0.90 temp  44.3 hbonds, Rg   9.1 A, potential   -80.65
  1800 / 200000 elapsed  9 system 0.92 temp  43.7 hbonds, Rg   9.0 A, potential   -81.67
  1800 / 200000 elapsed 10 system 0.93 temp  39.0 hbonds, Rg   9.2 A, potential   -59.35
  1800 / 200000 elapsed 11 system 0.94 temp  44.4 hbonds, Rg   9.1 A, potential   -59.13
  1800 / 200000 elapsed 12 system 0.96 temp  40.3 hbonds, Rg   8.9 A, potential   -67.46
  1800 / 200000 elapsed 14 system 0.99 temp  36.6 hbonds, Rg   9.1 A, potential   -38.22
  1900 / 200000 elapsed  0 system 0.80 temp  41.9 hbonds, Rg   9.0 A, potential   -71.81
  1900 / 200000 elapsed  3 system 0.84 temp  42.5 hbonds, Rg   9.2 A, potential  -102.22
  1900 / 200000 elapsed  4 system 0.85 temp  44.5 hbonds, Rg   8.9 A, potential  -101.52
  1900 / 200000 elapsed  2 system 0.83 temp  43.7 hbonds, Rg   9.1 A, potential   -92.69
  1900 / 200000 elapsed  7 system 0.89 temp  38.0 hbonds, Rg   9.2 A, potential   -65.01
  1900 / 200000 elapsed  1 system 0.81 temp  43.0 hbonds, Rg   9.0 A, potential  -105.24
  1900 / 200000 elapsed  6 system 0.88 temp  43.7 hbonds, Rg   9.0 A, potential   -97.00
  1900 / 200000 elapsed  5 system 0.86 temp  41.0 hbonds, Rg   8.9 A, potential  -102.02
  1900 / 200000 elapsed 11 system 0.94 temp  34.4 hbonds, Rg   9.5 A, potential   -42.12
  1900 / 200000 elapsed  8 system 0.90 temp  41.5 hbonds, Rg   8.9 A, potential   -80.25
  1900 / 200000 elapsed 10 system 0.93 temp  37.1 hbonds, Rg   9.2 A, potential   -53.28
  1900 / 200000 elapsed 15 system 1.00 temp  34.5 hbonds, Rg   8.9 A, potential   -48.83
  1900 / 200000 elapsed 12 system 0.96 temp  39.3 hbonds, Rg   9.1 A, potential   -53.14
  1900 / 200000 elapsed 13 system 0.97 temp  42.8 hbonds, Rg   9.1 A, potential   -63.28
  1900 / 200000 elapsed 14 system 0.99 temp  37.3 hbonds, Rg   9.2 A, potential   -30.61
  1900 / 200000 elapsed  9 system 0.92 temp  42.4 hbonds, Rg   9.3 A, potential   -65.38
  2000 / 200000 elapsed  7 system 0.89 temp  39.2 hbonds, Rg   9.2 A, potential   -51.43
  2000 / 200000 elapsed  2 system 0.83 temp  41.9 hbonds, Rg   9.1 A, potential  -126.93
  2000 / 200000 elapsed  1 system 0.81 temp  42.3 hbonds, Rg   9.0 A, potential   -90.68
  2000 / 200000 elapsed  5 system 0.86 temp  41.8 hbonds, Rg   8.9 A, potential   -92.54
  2000 / 200000 elapsed  3 system 0.84 temp  39.9 hbonds, Rg   9.0 A, potential   -93.43
  2000 / 200000 elapsed  0 system 0.80 temp  39.0 hbonds, Rg   9.0 A, potential   -90.97
  2000 / 200000 elapsed  6 system 0.88 temp  44.4 hbonds, Rg   9.0 A, potential   -98.60
  2000 / 200000 elapsed  4 system 0.85 temp  44.1 hbonds, Rg   9.1 A, potential   -92.17
  2000 / 200000 elapsed 15 system 1.00 temp  39.4 hbonds, Rg   9.4 A, potential   -46.41
  2000 / 200000 elapsed 14 system 0.99 temp  40.8 hbonds, Rg   9.0 A, potential   -74.11
  2000 / 200000 elapsed 12 system 0.96 temp  35.3 hbonds, Rg   9.2 A, potential   -40.43
  2000 / 200000 elapsed 11 system 0.94 temp  42.5 hbonds, Rg   9.1 A, potential   -60.84
  2000 / 200000 elapsed  9 system 0.92 temp  41.9 hbonds, Rg   9.0 A, potential   -65.51
  2000 / 200000 elapsed  8 system 0.90 temp  42.8 hbonds, Rg   9.1 A, potential   -57.42
  2000 / 200000 elapsed 10 system 0.93 temp  40.2 hbonds, Rg   9.1 A, potential   -49.43
  2000 / 200000 elapsed 13 system 0.97 temp  37.6 hbonds, Rg   9.2 A, potential   -68.01
  2100 / 200000 elapsed  4 system 0.85 temp  41.4 hbonds, Rg   9.1 A, potential   -81.40
  2100 / 200000 elapsed  1 system 0.81 temp  43.6 hbonds, Rg   8.8 A, potential   -96.07
  2100 / 200000 elapsed  2 system 0.83 temp  42.1 hbonds, Rg   8.9 A, potential   -93.06
  2100 / 200000 elapsed  6 system 0.88 temp  40.7 hbonds, Rg   9.1 A, potential   -74.32
  2100 / 200000 elapsed  7 system 0.89 temp  41.6 hbonds, Rg   9.0 A, potential   -76.23
  2100 / 200000 elapsed  5 system 0.86 temp  42.1 hbonds, Rg   9.0 A, potential   -88.06
  2100 / 200000 elapsed  0 system 0.80 temp  44.1 hbonds, Rg   8.9 A, potential  -105.11
  2100 / 200000 elapsed  3 system 0.84 temp  41.5 hbonds, Rg   9.2 A, potential   -91.02
  2100 / 200000 elapsed 12 system 0.96 temp  42.8 hbonds, Rg   9.0 A, potential   -67.31
  2100 / 200000 elapsed 10 system 0.93 temp  46.6 hbonds, Rg   9.1 A, potential   -63.08
  2100 / 200000 elapsed  9 system 0.92 temp  38.9 hbonds, Rg   9.0 A, potential   -82.61
  2100 / 200000 elapsed 14 system 0.99 temp  42.5 hbonds, Rg   9.2 A, potential   -38.38
  2100 / 200000 elapsed 15 system 1.00 temp  44.6 hbonds, Rg   9.1 A, potential   -53.00
  2100 / 200000 elapsed 13 system 0.97 temp  40.2 hbonds, Rg   9.1 A, potential   -55.48
  2100 / 200000 elapsed 11 system 0.94 temp  40.3 hbonds, Rg   9.1 A, potential   -68.08
  2100 / 200000 elapsed  8 system 0.90 temp  42.1 hbonds, Rg   9.0 A, potential   -97.19
  2200 / 200000 elapsed  3 system 0.84 temp  41.6 hbonds, Rg   8.9 A, potential   -98.67
  2200 / 200000 elapsed  0 system 0.80 temp  42.3 hbonds, Rg   9.1 A, potential  -100.13
  2200 / 200000 elapsed  5 system 0.86 temp  41.5 hbonds, Rg   9.0 A, potential   -78.29
  2200 / 200000 elapsed  7 system 0.89 temp  42.6 hbonds, Rg   9.0 A, potential   -72.68
  2200 / 200000 elapsed  6 system 0.88 temp  41.5 hbonds, Rg   8.9 A, potential   -93.83
  2200 / 200000 elapsed  2 system 0.83 temp  43.4 hbonds, Rg   9.1 A, potential   -79.83
  2200 / 200000 elapsed  1 system 0.81 temp  42.5 hbonds, Rg   9.1 A, potential   -94.80
  2200 / 200000 elapsed  4 system 0.85 temp  40.3 hbonds, Rg   9.1 A, potential   -95.98
  2200 / 200000 elapsed 13 system 0.97 temp  33.8 hbonds, Rg   9.0 A, potential   -52.60
  2200 / 200000 elapsed 12 system 0.96 temp  42.3 hbonds, Rg   8.9 A, potential   -79.40
  2200 / 200000 elapsed 15 system 1.00 temp  42.2 hbonds, Rg   9.0 A, potential   -67.40
  2200 / 200000 elapsed  9 system 0.92 temp  44.7 hbonds, Rg   9.1 A, potential   -95.55
  2200 / 200000 elapsed 10 system 0.93 temp  39.2 hbonds, Rg   8.8 A, potential   -61.00
  2200 / 200000 elapsed 11 system 0.94 temp  43.4 hbonds, Rg   9.0 A, potential   -86.47
  2200 / 200000 elapsed 14 system 0.99 temp  35.9 hbonds, Rg   9.1 A, potential   -24.67
  2200 / 200000 elapsed  8 system 0.90 temp  40.3 hbonds, Rg   8.9 A, potential   -48.79
  2300 / 200000 elapsed  2 system 0.83 temp  40.7 hbonds, Rg   9.0 A, potential  -120.58
  2300 / 200000 elapsed  0 system 0.80 temp  43.3 hbonds, Rg   9.1 A, potential  -121.06
  2300 / 200000 elapsed  7 system 0.89 temp  39.5 hbonds, Rg   9.1 A, potential   -68.68
  2300 / 200000 elapsed  6 system 0.88 temp  43.3 hbonds, Rg   9.0 A, potential   -67.36
  2300 / 200000 elapsed  4 system 0.85 temp  42.1 hbonds, Rg   9.0 A, potential  -113.62
  2300 / 200000 elapsed  3 system 0.84 temp  43.5 hbonds, Rg   9.0 A, potential   -93.61
  2300 / 200000 elapsed  5 system 0.86 temp  43.2 hbonds, Rg   8.9 A, potential   -89.90
  2300 / 200000 elapsed  1 system 0.81 temp  40.6 hbonds, Rg   8.9 A, potential   -95.54
  2300 / 200000 elapsed  8 system 0.90 temp  45.1 hbonds, Rg   9.0 A, potential   -69.63
  2300 / 200000 elapsed 15 system 1.00 temp  43.9 hbonds, Rg   8.8 A, potential   -69.38
  2300 / 200000 elapsed 14 system 0.99 temp  38.5 hbonds, Rg   9.2 A, potential   -62.80
  2300 / 200000 elapsed 13 system 0.97 temp  38.9 hbonds, Rg   8.8 A, potential   -51.78
  2300 / 200000 elapsed 12 system 0.96 temp  41.2 hbonds, Rg   9.1 A, potential   -51.12
  2300 / 200000 elapsed  9 system 0.92 temp  39.4 hbonds, Rg   9.2 A, potential   -82.30
  2300 / 200000 elapsed 10 system 0.93 temp  41.0 hbonds, Rg   9.1 A, potential   -55.70
  2300 / 200000 elapsed 11 system 0.94 temp  36.6 hbonds, Rg   9.1 A, potential   -51.45
  2400 / 200000 elapsed  6 system 0.88 temp  34.8 hbonds, Rg   9.1 A, potential   -87.74
  2400 / 200000 elapsed  7 system 0.89 temp  42.9 hbonds, Rg   9.1 A, potential  -103.45
  2400 / 200000 elapsed  2 system 0.83 temp  41.2 hbonds, Rg   9.1 A, potential  -100.31
  2400 / 200000 elapsed  5 system 0.86 temp  38.2 hbonds, Rg   9.1 A, potential   -93.79
  2400 / 200000 elapsed  3 system 0.84 temp  42.7 hbonds, Rg   9.1 A, potential   -69.27
  2400 / 200000 elapsed  0 system 0.80 temp  44.0 hbonds, Rg   8.9 A, potential   -99.26
  2400 / 200000 elapsed  1 system 0.81 temp  43.1 hbonds, Rg   8.9 A, potential   -95.72
  2400 / 200000 elapsed  4 system 0.85 temp  40.5 hbonds, Rg   9.0 A, potential   -72.77
  2400 / 200000 elapsed  9 system 0.92 temp  42.3 hbonds, Rg   9.2 A, potential   -62.86
  2400 / 200000 elapsed  8 system 0.90 temp  38.6 hbonds, Rg   8.9 A, potential   -68.91
  2400 / 200000 elapsed 15 system 1.00 temp  42.8 hbonds, Rg   9.1 A, potential   -63.32
  2400 / 200000 elapsed 14 system 0.99 temp  43.9 hbonds, Rg   9.3 A, potential   -68.21
  2400 / 200000 elapsed 10 system 0.93 temp  43.6 hbonds, Rg   9.1 A, potential   -83.44
  2400 / 200000 elapsed 12 system 0.96 temp  42.5 hbonds, Rg   8.9 A, potential   -72.39
  2400 / 200000 elapsed 13 system 0.97 temp  39.7 hbonds, Rg   9.2 A, potential   -51.78
  2400 / 200000 elapsed 11 system 0.94 temp  36.1 hbonds, Rg   9.1 A, potential   -49.26
  2500 / 200000 elapsed  5 system 0.86 temp  43.5 hbonds, Rg   9.1 A, potential   -98.24
  2500 / 200000 elapsed  1 system 0.81 temp  43.7 hbonds, Rg   9.0 A, potential  -118.42
  2500 / 200000 elapsed  0 system 0.80 temp  42.8 hbonds, Rg   9.1 A, potential   -99.19
  2500 / 200000 elapsed  6 system 0.88 temp  42.6 hbonds, Rg   9.2 A, potential   -85.73
  2500 / 200000 elapsed  4 system 0.85 temp  36.3 hbonds, Rg   9.0 A, potential   -44.08
  2500 / 200000 elapsed  2 system 0.83 temp  41.1 hbonds, Rg   9.1 A, potential   -95.17
  2500 / 200000 elapsed  3 system 0.84 temp  41.5 hbonds, Rg   8.8 A, potential   -85.03
  2500 / 200000 elapsed  7 system 0.89 temp  44.0 hbonds, Rg   8.9 A, potential   -96.71
  2500 / 200000 elapsed 12 system 0.96 temp  39.5 hbonds, Rg   9.1 A, potential   -68.88
  2500 / 200000 elapsed 15 system 1.00 temp  35.2 hbonds, Rg   9.1 A, potential   -46.35
  2500 / 200000 elapsed 13 system 0.97 temp  41.2 hbonds, Rg   9.0 A, potential   -80.77
  2500 / 200000 elapsed  9 system 0.92 temp  44.1 hbonds, Rg   9.1 A, potential  -106.12
  2500 / 200000 elapsed  8 system 0.90 temp  42.8 hbonds, Rg   9.1 A, potential   -56.84
  2500 / 200000 elapsed 11 system 0.94 temp  39.6 hbonds, Rg   9.1 A, potential   -81.97
  2500 / 200000 elapsed 14 system 0.99 temp  31.0 hbonds, Rg   9.1 A, potential   -23.80
  2500 / 200000 elapsed 10 system 0.93 temp  40.2 hbonds, Rg   9.1 A, potential   -59.40
  2600 / 200000 elapsed  0 system 0.80 temp  43.9 hbonds, Rg   9.0 A, potential  -114.93
  2600 / 200000 elapsed  2 system 0.83 temp  38.7 hbonds, Rg   8.7 A, potential  -104.71
  2600 / 200000 elapsed  7 system 0.89 temp  36.6 hbonds, Rg   9.2 A, potential   -70.21
  2600 / 200000 elapsed  5 system 0.86 temp  39.7 hbonds, Rg   9.1 A, potential   -79.89
  2600 / 200000 elapsed  3 system 0.84 temp  39.0 hbonds, Rg   9.1 A, potential  -100.43
  2600 / 200000 elapsed  4 system 0.85 temp  40.1 hbonds, Rg   9.0 A, potential   -69.14
  2600 / 200000 elapsed  6 system 0.88 temp  40.9 hbonds, Rg   9.1 A, potential   -82.09
  2600 / 200000 elapsed  1 system 0.81 temp  44.0 hbonds, Rg   8.9 A, potential  -101.24
  2600 / 200000 elapsed 15 system 1.00 temp  38.0 hbonds, Rg   9.4 A, potential   -19.66
  2600 / 200000 elapsed  8 system 0.90 temp  44.0 hbonds, Rg   9.0 A, potential   -79.03
  2600 / 200000 elapsed 13 system 0.97 temp  39.8 hbonds, Rg   9.1 A, potential   -65.70
  2600 / 200000 elapsed 12 system 0.96 temp  41.4 hbonds, Rg   9.1 A, potential   -79.95
  2600 / 200000 elapsed 11 system 0.94 temp  31.3 hbonds, Rg   9.3 A, potential   -49.49
  2600 / 200000 elapsed 10 system 0.93 temp  43.2 hbonds, Rg   9.2 A, potential   -66.77
  2600 / 200000 elapsed  9 system 0.92 temp  44.2 hbonds, Rg   9.2 A, potential  -109.82
  2600 / 200000 elapsed 14 system 0.99 temp  36.3 hbonds, Rg   9.2 A, potential   -39.45
  2700 / 200000 elapsed  3 system 0.84 temp  37.6 hbonds, Rg   9.0 A, potential   -80.91
  2700 / 200000 elapsed  4 system 0.85 temp  42.9 hbonds, Rg   9.1 A, potential  -104.00
  2700 / 200000 elapsed  2 system 0.83 temp  42.2 hbonds, Rg   9.0 A, potential   -87.23
  2700 / 200000 elapsed  1 system 0.81 temp  38.1 hbonds, Rg   9.0 A, potential   -93.94
  2700 / 200000 elapsed  7 system 0.89 temp  41.7 hbonds, Rg   9.3 A, potential   -89.26
  2700 / 200000 elapsed  5 system 0.86 temp  38.4 hbonds, Rg   9.0 A, potential   -94.48
  2700 / 200000 elapsed  6 system 0.88 temp  35.4 hbonds, Rg   9.3 A, potential   -69.33
  2700 / 200000 elapsed  0 system 0.80 temp  41.7 hbonds, Rg   9.2 A, potential   -96.15
  2700 / 200000 elapsed 11 system 0.94 temp  41.2 hbonds, Rg   9.2 A, potential   -60.54
  2700 / 200000 elapsed 10 system 0.93 temp  41.3 hbonds, Rg   8.9 A, potential   -61.43
  2700 / 200000 elapsed  8 system 0.90 temp  43.0 hbonds, Rg   9.2 A, potential  -112.78
  2700 / 200000 elapsed  9 system 0.92 temp  35.3 hbonds, Rg   8.8 A, potential   -63.76
  2700 / 200000 elapsed 15 system 1.00 temp  37.3 hbonds, Rg   9.2 A, potential   -51.32
  2700 / 200000 elapsed 14 system 0.99 temp  44.4 hbonds, Rg   9.1 A, potential   -23.64
  2700 / 200000 elapsed 13 system 0.97 temp  40.7 hbonds, Rg   9.1 A, potential   -59.58
  2700 / 200000 elapsed 12 system 0.96 temp  40.7 hbonds, Rg   9.1 A, potential   -58.65
  2800 / 200000 elapsed  6 system 0.88 temp  43.8 hbonds, Rg   8.8 A, potential   -75.93
  2800 / 200000 elapsed  7 system 0.89 temp  41.8 hbonds, Rg   9.1 A, potential   -63.82
  2800 / 200000 elapsed  0 system 0.80 temp  42.2 hbonds, Rg   8.9 A, potential   -86.35
  2800 / 200000 elapsed  5 system 0.86 temp  41.9 hbonds, Rg   9.1 A, potential   -82.58
  2800 / 200000 elapsed  2 system 0.83 temp  42.9 hbonds, Rg   8.9 A, potential  -111.87
  2800 / 200000 elapsed  3 system 0.84 temp  44.7 hbonds, Rg   9.3 A, potential   -78.21
  2800 / 200000 elapsed  1 system 0.81 temp  40.6 hbonds, Rg   8.8 A, potential  -114.78
  2800 / 200000 elapsed  4 system 0.85 temp  39.5 hbonds, Rg   9.1 A, potential   -89.67
  2800 / 200000 elapsed 14 system 0.99 temp  40.8 hbonds, Rg   9.2 A, potential   -44.87
  2800 / 200000 elapsed 13 system 0.97 temp  45.7 hbonds, Rg   9.1 A, potential   -49.36
  2800 / 200000 elapsed 15 system 1.00 temp  41.4 hbonds, Rg   9.1 A, potential   -58.30
  2800 / 200000 elapsed 12 system 0.96 temp  44.1 hbonds, Rg   9.3 A, potential   -69.34
  2800 / 200000 elapsed 10 system 0.93 temp  39.2 hbonds, Rg   9.0 A, potential   -56.37
  2800 / 200000 elapsed  8 system 0.90 temp  36.6 hbonds, Rg   8.9 A, potential   -48.66
  2800 / 200000 elapsed  9 system 0.92 temp  40.7 hbonds, Rg   9.0 A, potential   -93.43
  2800 / 200000 elapsed 11 system 0.94 temp  42.0 hbonds, Rg   9.2 A, potential   -82.80
  2900 / 200000 elapsed  1 system 0.81 temp  41.8 hbonds, Rg   8.8 A, potential   -95.24
  2900 / 200000 elapsed  3 system 0.84 temp  44.7 hbonds, Rg   9.1 A, potential   -99.21
  2900 / 200000 elapsed  0 system 0.80 temp  37.4 hbonds, Rg   9.3 A, potential   -95.46
  2900 / 200000 elapsed  4 system 0.85 temp  41.7 hbonds, Rg   9.1 A, potential   -98.73
  2900 / 200000 elapsed  7 system 0.89 temp  37.9 hbonds, Rg   9.3 A, potential   -78.43
  2900 / 200000 elapsed  2 system 0.83 temp  41.7 hbonds, Rg   9.0 A, potential   -79.99
  2900 / 200000 elapsed  6 system 0.88 temp  41.8 hbonds, Rg   9.1 A, potential   -76.01
  2900 / 200000 elapsed  5 system 0.86 temp  39.6 hbonds, Rg   9.1 A, potential   -63.45
  2900 / 200000 elapsed 15 system 1.00 temp  42.4 hbonds, Rg   9.1 A, potential   -55.67
  2900 / 200000 elapsed  9 system 0.92 temp  43.6 hbonds, Rg   9.0 A, potential   -92.07
  2900 / 200000 elapsed  8 system 0.90 temp  37.3 hbonds, Rg   9.1 A, potential   -45.66
  2900 / 200000 elapsed 11 system 0.94 temp  40.0 hbonds, Rg   9.0 A, potential   -82.38
  2900 / 200000 elapsed 12 system 0.96 temp  42.7 hbonds, Rg   9.1 A, potential   -80.45
  2900 / 200000 elapsed 10 system 0.93 temp  36.0 hbonds, Rg   9.3 A, potential   -50.56
  2900 / 200000 elapsed 13 system 0.97 temp  35.5 hbonds, Rg   9.3 A, potential   -46.02
  2900 / 200000 elapsed 14 system 0.99 temp  38.9 hbonds, Rg   8.9 A, potential   -20.52
  3000 / 200000 elapsed  0 system 0.80 temp  44.1 hbonds, Rg   9.0 A, potential  -111.77
  3000 / 200000 elapsed  1 system 0.81 temp  38.8 hbonds, Rg   8.9 A, potential   -72.04
  3000 / 200000 elapsed  3 system 0.84 temp  42.7 hbonds, Rg   9.2 A, potential   -91.72
  3000 / 200000 elapsed  6 system 0.88 temp  41.2 hbonds, Rg   8.9 A, potential   -86.13
  3000 / 200000 elapsed  2 system 0.83 temp  43.6 hbonds, Rg   8.9 A, potential   -98.29
  3000 / 200000 elapsed  4 system 0.85 temp  36.4 hbonds, Rg   9.1 A, potential   -47.65
  3000 / 200000 elapsed  7 system 0.89 temp  40.2 hbonds, Rg   9.1 A, potential   -53.32
  3000 / 200000 elapsed  5 system 0.86 temp  39.3 hbonds, Rg   9.1 A, potential   -89.39
  3000 / 200000 elapsed 11 system 0.94 temp  39.7 hbonds, Rg   9.1 A, potential   -82.07
  3000 / 200000 elapsed  8 system 0.90 temp  41.2 hbonds, Rg   9.1 A, potential   -87.22
  3000 / 200000 elapsed 15 system 1.00 temp  42.5 hbonds, Rg   9.0 A, potential   -32.31
  3000 / 200000 elapsed 12 system 0.96 temp  36.4 hbonds, Rg   9.0 A, potential   -62.62
  3000 / 200000 elapsed 10 system 0.93 temp  36.9 hbonds, Rg   9.3 A, potential   -48.22
  3000 / 200000 elapsed  9 system 0.92 temp  41.2 hbonds, Rg   9.2 A, potential   -75.57
  3000 / 200000 elapsed 14 system 0.99 temp  42.0 hbonds, Rg   9.1 A, potential   -77.86
  3000 / 200000 elapsed 13 system 0.97 temp  41.7 hbonds, Rg   9.2 A, potential   -67.98
  3100 / 200000 elapsed  7 system 0.89 temp  41.8 hbonds, Rg   9.1 A, potential   -64.91
  3100 / 200000 elapsed  0 system 0.80 temp  44.8 hbonds, Rg   9.0 A, potential  -114.50
  3100 / 200000 elapsed  6 system 0.88 temp  38.8 hbonds, Rg   9.0 A, potential  -101.83
  3100 / 200000 elapsed  5 system 0.86 temp  43.4 hbonds, Rg   9.0 A, potential   -80.07
  3100 / 200000 elapsed  1 system 0.81 temp  43.6 hbonds, Rg   9.1 A, potential  -138.77
  3100 / 200000 elapsed  2 system 0.83 temp  42.3 hbonds, Rg   9.0 A, potential   -90.65
  3100 / 200000 elapsed  3 system 0.84 temp  43.7 hbonds, Rg   9.0 A, potential  -112.79
  3100 / 200000 elapsed  4 system 0.85 temp  42.0 hbonds, Rg   9.0 A, potential  -102.02
  3100 / 200000 elapsed  8 system 0.90 temp  41.1 hbonds, Rg   9.2 A, potential   -60.06
  3100 / 200000 elapsed 13 system 0.97 temp  35.4 hbonds, Rg   9.1 A, potential   -25.45
  3100 / 200000 elapsed  9 system 0.92 temp  42.4 hbonds, Rg   9.0 A, potential   -91.66
  3100 / 200000 elapsed 14 system 0.99 temp  36.1 hbonds, Rg   9.2 A, potential   -24.95
  3100 / 200000 elapsed 10 system 0.93 temp  39.5 hbonds, Rg   9.2 A, potential   -67.95
  3100 / 200000 elapsed 15 system 1.00 temp  36.2 hbonds, Rg   9.0 A, potential   -29.02
  3100 / 200000 elapsed 11 system 0.94 temp  41.9 hbonds, Rg   9.0 A, potential   -58.84
  3100 / 200000 elapsed 12 system 0.96 temp  44.9 hbonds, Rg   9.1 A, potential   -49.57
  3200 / 200000 elapsed  5 system 0.86 temp  42.1 hbonds, Rg   9.0 A, potential   -98.30
  3200 / 200000 elapsed  3 system 0.84 temp  43.2 hbonds, Rg   9.1 A, potential   -97.44
  3200 / 200000 elapsed  1 system 0.81 temp  42.8 hbonds, Rg   9.0 A, potential   -80.22
  3200 / 200000 elapsed  7 system 0.89 temp  44.1 hbonds, Rg   8.9 A, potential   -75.10
  3200 / 200000 elapsed  0 system 0.80 temp  44.9 hbonds, Rg   9.0 A, potential  -132.16
  3200 / 200000 elapsed  2 system 0.83 temp  40.3 hbonds, Rg   9.0 A, potential   -90.57
  3200 / 200000 elapsed  6 system 0.88 temp  42.4 hbonds, Rg   9.2 A, potential  -104.24
  3200 / 200000 elapsed  4 system 0.85 temp  41.0 hbonds, Rg   9.1 A, potential   -93.94
  3200 / 200000 elapsed 13 system 0.97 temp  44.5 hbonds, Rg   9.2 A, potential   -86.89
  3200 / 200000 elapsed  8 system 0.90 temp  40.9 hbonds, Rg   8.8 A, potential   -68.44
  3200 / 200000 elapsed 11 system 0.94 temp  39.9 hbonds, Rg   9.1 A, potential   -55.18
  3200 / 200000 elapsed 10 system 0.93 temp  41.0 hbonds, Rg   9.0 A, potential   -69.18
  3200 / 200000 elapsed  9 system 0.92 temp  42.3 hbonds, Rg   8.9 A, potential   -52.73
  3200 / 200000 elapsed 14 system 0.99 temp  39.1 hbonds, Rg   9.0 A, potential   -48.31
  3200 / 200000 elapsed 12 system 0.96 temp  34.8 hbonds, Rg   9.3 A, potential   -37.62
  3200 / 200000 elapsed 15 system 1.00 temp  38.1 hbonds, Rg   9.0 A, potential   -50.82
  3300 / 200000 elapsed  1 system 0.81 temp  45.2 hbonds, Rg   9.1 A, potential   -96.23
  3300 / 200000 elapsed  3 system 0.84 temp  41.7 hbonds, Rg   9.1 A, potential  -101.51
  3300 / 200000 elapsed  2 system 0.83 temp  43.7 hbonds, Rg   9.0 A, potential   -93.91
  3300 / 200000 elapsed  4 system 0.85 temp  39.2 hbonds, Rg   9.1 A, potential   -65.92
  3300 / 200000 elapsed  6 system 0.88 temp  37.6 hbonds, Rg   9.1 A, potential   -49.88
  3300 / 200000 elapsed  0 system 0.80 temp  43.2 hbonds, Rg   8.9 A, potential   -83.68
  3300 / 200000 elapsed  7 system 0.89 temp  40.3 hbonds, Rg   8.9 A, potential   -73.07
  3300 / 200000 elapsed  5 system 0.86 temp  39.7 hbonds, Rg   8.9 A, potential   -81.08
  3300 / 200000 elapsed 11 system 0.94 temp  44.7 hbonds, Rg   9.1 A, potential   -78.52
  3300 / 200000 elapsed  9 system 0.92 temp  41.5 hbonds, Rg   8.8 A, potential   -73.59
  3300 / 200000 elapsed 14 system 0.99 temp  38.6 hbonds, Rg   9.3 A, potential   -51.89
  3300 / 200000 elapsed 12 system 0.96 temp  40.4 hbonds, Rg   9.2 A, potential   -80.18
  3300 / 200000 elapsed 13 system 0.97 temp  42.7 hbonds, Rg   9.0 A, potential   -75.53
  3300 / 200000 elapsed 10 system 0.93 temp  39.4 hbonds, Rg   9.2 A, potential   -76.88
  3300 / 200000 elapsed  8 system 0.90 temp  38.8 hbonds, Rg   9.1 A, potential   -59.35
  3300 / 200000 elapsed 15 system 1.00 temp  38.9 hbonds, Rg   9.3 A, potential   -29.60
  3400 / 200000 elapsed  3 system 0.84 temp  42.8 hbonds, Rg   9.1 A, potential  -119.18
  3400 / 200000 elapsed  6 system 0.88 temp  41.2 hbonds, Rg   9.1 A, potential   -77.41
  3400 / 200000 elapsed  2 system 0.83 temp  40.5 hbonds, Rg   9.1 A, potential   -76.59
  3400 / 200000 elapsed  5 system 0.86 temp  39.3 hbonds, Rg   9.2 A, potential   -46.49
  3400 / 200000 elapsed  0 system 0.80 temp  41.8 hbonds, Rg   9.0 A, potential  -119.10
  3400 / 200000 elapsed  4 system 0.85 temp  43.2 hbonds, Rg   9.1 A, potential   -68.79
  3400 / 200000 elapsed  7 system 0.89 temp  37.6 hbonds, Rg   9.6 A, potential   -48.12
  3400 / 200000 elapsed  1 system 0.81 temp  42.5 hbonds, Rg   9.1 A, potential  -127.32
  3400 / 200000 elapsed  8 system 0.90 temp  41.1 hbonds, Rg   9.1 A, potential   -91.81
  3400 / 200000 elapsed 13 system 0.97 temp  38.4 hbonds, Rg   9.0 A, potential   -71.56
  3400 / 200000 elapsed 14 system 0.99 temp  34.1 hbonds, Rg   9.1 A, potential   -21.10
  3400 / 200000 elapsed 11 system 0.94 temp  39.1 hbonds, Rg   9.1 A, potential   -66.17
  3400 / 200000 elapsed 10 system 0.93 temp  41.4 hbonds, Rg   9.1 A, potential   -63.43
  3400 / 200000 elapsed 15 system 1.00 temp  42.8 hbonds, Rg   9.1 A, potential   -69.73
  3400 / 200000 elapsed 12 system 0.96 temp  39.6 hbonds, Rg   9.0 A, potential   -82.00
  3400 / 200000 elapsed  9 system 0.92 temp  40.6 hbonds, Rg   8.9 A, potential   -80.20
  3500 / 200000 elapsed  0 system 0.80 temp  40.1 hbonds, Rg   9.2 A, potential  -102.93
  3500 / 200000 elapsed  2 system 0.83 temp  41.5 hbonds, Rg   8.9 A, potential   -98.97
  3500 / 200000 elapsed  6 system 0.88 temp  41.5 hbonds, Rg   9.1 A, potential   -80.76
  3500 / 200000 elapsed  7 system 0.89 temp  42.6 hbonds, Rg   9.2 A, potential   -76.12
  3500 / 200000 elapsed  5 system 0.86 temp  42.5 hbonds, Rg   9.3 A, potential   -98.15
  3500 / 200000 elapsed  3 system 0.84 temp  38.1 hbonds, Rg   9.1 A, potential   -91.67
  3500 / 200000 elapsed  1 system 0.81 temp  39.0 hbonds, Rg   8.7 A, potential  -120.69
  3500 / 200000 elapsed  4 system 0.85 temp  44.9 hbonds, Rg   8.9 A, potential  -122.51
  3500 / 200000 elapsed  8 system 0.90 temp  42.6 hbonds, Rg   9.1 A, potential   -77.78
  3500 / 200000 elapsed 10 system 0.93 temp  40.2 hbonds, Rg   8.9 A, potential   -53.59
  3500 / 200000 elapsed 14 system 0.99 temp  35.4 hbonds, Rg   9.4 A, potential   -30.80
  3500 / 200000 elapsed 11 system 0.94 temp  41.6 hbonds, Rg   9.1 A, potential   -80.68
  3500 / 200000 elapsed 13 system 0.97 temp  42.1 hbonds, Rg   9.1 A, potential   -87.41
  3500 / 200000 elapsed 15 system 1.00 temp  39.9 hbonds, Rg   9.1 A, potential   -68.81
  3500 / 200000 elapsed  9 system 0.92 temp  41.1 hbonds, Rg   9.1 A, potential   -85.21
  3500 / 200000 elapsed 12 system 0.96 temp  43.2 hbonds, Rg   9.0 A, potential   -89.12
  3600 / 200000 elapsed  7 system 0.89 temp  44.0 hbonds, Rg   9.1 A, potential   -95.51
  3600 / 200000 elapsed  0 system 0.80 temp  44.0 hbonds, Rg   9.0 A, potential  -119.08
  3600 / 200000 elapsed  6 system 0.88 temp  40.2 hbonds, Rg   9.2 A, potential   -90.77
  3600 / 200000 elapsed  4 system 0.85 temp  39.2 hbonds, Rg   9.1 A, potential   -96.41
  3600 / 200000 elapsed  1 system 0.81 temp  43.8 hbonds, Rg   9.0 A, potential  -103.12
  3600 / 200000 elapsed  5 system 0.86 temp  42.3 hbonds, Rg   9.0 A, potential   -70.65
  3600 / 200000 elapsed  2 system 0.83 temp  42.8 hbonds, Rg   8.9 A, potential  -104.18
  3600 / 200000 elapsed  3 system 0.84 temp  42.7 hbonds, Rg   8.9 A, potential  -102.16
  3600 / 200000 elapsed  8 system 0.90 temp  38.9 hbonds, Rg   9.0 A, potential   -76.78
  3600 / 200000 elapsed 15 system 1.00 temp  39.0 hbonds, Rg   8.9 A, potential   -62.84
  3600 / 200000 elapsed 13 system 0.97 temp  41.1 hbonds, Rg   9.0 A, potential   -59.37
  3600 / 200000 elapsed 14 system 0.99 temp  40.6 hbonds, Rg   9.0 A, potential   -58.44
  3600 / 200000 elapsed  9 system 0.92 temp  41.7 hbonds, Rg   8.9 A, potential   -79.80
  3600 / 200000 elapsed 10 system 0.93 temp  37.3 hbonds, Rg   9.1 A, potential   -37.82
  3600 / 200000 elapsed 11 system 0.94 temp  39.0 hbonds, Rg   9.1 A, potential   -72.20
  3600 / 200000 elapsed 12 system 0.96 temp  44.9 hbonds, Rg   9.0 A, potential   -78.34
  3700 / 200000 elapsed  1 system 0.81 temp  43.5 hbonds, Rg   9.0 A, potential   -98.07
  3700 / 200000 elapsed  0 system 0.80 temp  44.6 hbonds, Rg   8.9 A, potential  -102.28
  3700 / 200000 elapsed  4 system 0.85 temp  41.5 hbonds, Rg   8.9 A, potential   -94.09
  3700 / 200000 elapsed  5 system 0.86 temp  40.6 hbonds, Rg   9.1 A, potential   -84.73
  3700 / 200000 elapsed  6 system 0.88 temp  42.3 hbonds, Rg   9.0 A, potential   -82.85
  3700 / 200000 elapsed  3 system 0.84 temp  41.4 hbonds, Rg   9.2 A, potential   -81.13
  3700 / 200000 elapsed  7 system 0.89 temp  38.0 hbonds, Rg   9.1 A, potential   -75.85
  3700 / 200000 elapsed  2 system 0.83 temp  39.8 hbonds, Rg   9.1 A, potential   -82.07
  3700 / 200000 elapsed 10 system 0.93 temp  40.3 hbonds, Rg   9.0 A, potential   -89.58
  3700 / 200000 elapsed 11 system 0.94 temp  39.0 hbonds, Rg   9.0 A, potential   -29.32
  3700 / 200000 elapsed 12 system 0.96 temp  29.1 hbonds, Rg   9.2 A, potential   -27.82
  3700 / 200000 elapsed 14 system 0.99 temp  39.8 hbonds, Rg   8.9 A, potential   -51.60
  3700 / 200000 elapsed 13 system 0.97 temp  41.8 hbonds, Rg   9.1 A, potential   -64.30
  3700 / 200000 elapsed  8 system 0.90 temp  35.6 hbonds, Rg   9.1 A, potential   -57.71
  3700 / 200000 elapsed  9 system 0.92 temp  38.6 hbonds, Rg   9.0 A, potential   -61.97
  3700 / 200000 elapsed 15 system 1.00 temp  39.0 hbonds, Rg   9.1 A, potential   -41.79
  3800 / 200000 elapsed  6 system 0.88 temp  36.8 hbonds, Rg   9.1 A, potential   -54.16
  3800 / 200000 elapsed  7 system 0.89 temp  44.1 hbonds, Rg   9.0 A, potential  -106.34
  3800 / 200000 elapsed  0 system 0.80 temp  42.6 hbonds, Rg   9.0 A, potential  -107.66
  3800 / 200000 elapsed  1 system 0.81 temp  40.6 hbonds, Rg   9.0 A, potential   -97.09
  3800 / 200000 elapsed  2 system 0.83 temp  42.8 hbonds, Rg   9.1 A, potential   -85.31
  3800 / 200000 elapsed  5 system 0.86 temp  42.1 hbonds, Rg   9.1 A, potential   -95.23
  3800 / 200000 elapsed  3 system 0.84 temp  43.5 hbonds, Rg   9.1 A, potential  -112.51
  3800 / 200000 elapsed  4 system 0.85 temp  37.0 hbonds, Rg   9.1 A, potential   -69.10
  3800 / 200000 elapsed  9 system 0.92 temp  42.7 hbonds, Rg   9.0 A, potential   -86.42
  3800 / 200000 elapsed  8 system 0.90 temp  34.2 hbonds, Rg   9.3 A, potential   -74.80
  3800 / 200000 elapsed 15 system 1.00 temp  40.5 hbonds, Rg   9.0 A, potential   -47.96
  3800 / 200000 elapsed 12 system 0.96 temp  44.6 hbonds, Rg   9.0 A, potential   -50.83
  3800 / 200000 elapsed 14 system 0.99 temp  40.0 hbonds, Rg   9.2 A, potential   -51.74
  3800 / 200000 elapsed 13 system 0.97 temp  44.5 hbonds, Rg   9.1 A, potential   -51.43
  3800 / 200000 elapsed 10 system 0.93 temp  39.8 hbonds, Rg   9.2 A, potential   -59.04
  3800 / 200000 elapsed 11 system 0.94 temp  42.7 hbonds, Rg   9.1 A, potential   -78.77
  3900 / 200000 elapsed  6 system 0.88 temp  40.9 hbonds, Rg   9.3 A, potential   -67.79
  3900 / 200000 elapsed  1 system 0.81 temp  41.5 hbonds, Rg   9.0 A, potential   -77.08
  3900 / 200000 elapsed  0 system 0.80 temp  44.8 hbonds, Rg   9.1 A, potential   -92.14
  3900 / 200000 elapsed  3 system 0.84 temp  42.2 hbonds, Rg   9.0 A, potential   -97.32
  3900 / 200000 elapsed  7 system 0.89 temp  43.4 hbonds, Rg   8.9 A, potential   -88.25
  3900 / 200000 elapsed  2 system 0.83 temp  42.6 hbonds, Rg   9.2 A, potential  -101.96
  3900 / 200000 elapsed  5 system 0.86 temp  42.3 hbonds, Rg   9.0 A, potential  -103.21
  3900 / 200000 elapsed  4 system 0.85 temp  41.1 hbonds, Rg   9.1 A, potential   -84.24
  3900 / 200000 elapsed  9 system 0.92 temp  41.8 hbonds, Rg   9.2 A, potential   -81.85
  3900 / 200000 elapsed 14 system 0.99 temp  41.0 hbonds, Rg   8.9 A, potential   -97.22
  3900 / 200000 elapsed  8 system 0.90 temp  40.3 hbonds, Rg   9.1 A, potential   -77.22
  3900 / 200000 elapsed 11 system 0.94 temp  43.4 hbonds, Rg   9.3 A, potential   -81.85
  3900 / 200000 elapsed 15 system 1.00 temp  41.0 hbonds, Rg   9.0 A, potential   -49.34
  3900 / 200000 elapsed 10 system 0.93 temp  40.1 hbonds, Rg   9.3 A, potential   -70.61
  3900 / 200000 elapsed 13 system 0.97 temp  38.7 hbonds, Rg   9.0 A, potential   -24.22
  3900 / 200000 elapsed 12 system 0.96 temp  35.8 hbonds, Rg   9.4 A, potential   -52.01
  4000 / 200000 elapsed  0 system 0.80 temp  43.4 hbonds, Rg   9.1 A, potential   -91.05
  4000 / 200000 elapsed  6 system 0.88 temp  42.6 hbonds, Rg   9.3 A, potential   -57.92
  4000 / 200000 elapsed  7 system 0.89 temp  38.4 hbonds, Rg   9.0 A, potential   -75.48
  4000 / 200000 elapsed  4 system 0.85 temp  41.5 hbonds, Rg   8.9 A, potential   -86.78
  4000 / 200000 elapsed  3 system 0.84 temp  41.6 hbonds, Rg   9.0 A, potential  -108.03
  4000 / 200000 elapsed  5 system 0.86 temp  39.7 hbonds, Rg   9.1 A, potential   -75.17
  4000 / 200000 elapsed  1 system 0.81 temp  42.9 hbonds, Rg   8.9 A, potential   -91.32
  4000 / 200000 elapsed  2 system 0.83 temp  44.9 hbonds, Rg   9.0 A, potential   -75.76
  4000 / 200000 elapsed 14 system 0.99 temp  40.2 hbonds, Rg   9.1 A, potential   -48.10
  4000 / 200000 elapsed  9 system 0.92 temp  43.6 hbonds, Rg   9.2 A, potential   -68.29
  4000 / 200000 elapsed 11 system 0.94 temp  44.5 hbonds, Rg   9.1 A, potential   -77.51
  4000 / 200000 elapsed 10 system 0.93 temp  40.0 hbonds, Rg   9.2 A, potential   -60.05
  4000 / 200000 elapsed 12 system 0.96 temp  39.5 hbonds, Rg   9.2 A, potential   -73.18
  4000 / 200000 elapsed 13 system 0.97 temp  40.8 hbonds, Rg   9.0 A, potential   -74.48
  4000 / 200000 elapsed 15 system 1.00 temp  42.2 hbonds, Rg   9.3 A, potential   -20.34
  4000 / 200000 elapsed  8 system 0.90 temp  44.6 hbonds, Rg   9.1 A, potential   -81.55
  4100 / 200000 elapsed  5 system 0.86 temp  39.9 hbonds, Rg   8.8 A, potential   -74.19
  4100 / 200000 elapsed  4 system 0.85 temp  41.6 hbonds, Rg   9.1 A, potential   -92.05
  4100 / 200000 elapsed  7 system 0.89 temp  44.6 hbonds, Rg   9.1 A, potential   -88.57
  4100 / 200000 elapsed  6 system 0.88 temp  44.4 hbonds, Rg   9.2 A, potential  -100.41
  4100 / 200000 elapsed  1 system 0.81 temp  44.6 hbonds, Rg   9.1 A, potential  -110.50
  4100 / 200000 elapsed  0 system 0.80 temp  44.8 hbonds, Rg   8.9 A, potential  -111.00
  4100 / 200000 elapsed  2 system 0.83 temp  45.0 hbonds, Rg   9.0 A, potential   -67.81
  4100 / 200000 elapsed  3 system 0.84 temp  41.2 hbonds, Rg   9.1 A, potential   -88.00
  4100 / 200000 elapsed 12 system 0.96 temp  37.9 hbonds, Rg   9.0 A, potential   -47.26
  4100 / 200000 elapsed 14 system 0.99 temp  38.7 hbonds, Rg   9.2 A, potential   -64.02
  4100 / 200000 elapsed 15 system 1.00 temp  33.6 hbonds, Rg   9.0 A, potential   -30.95
  4100 / 200000 elapsed 13 system 0.97 temp  31.4 hbonds, Rg   9.1 A, potential   -48.43
  4100 / 200000 elapsed  8 system 0.90 temp  45.5 hbonds, Rg   9.0 A, potential   -76.07
  4100 / 200000 elapsed 10 system 0.93 temp  41.9 hbonds, Rg   9.2 A, potential   -72.65
  4100 / 200000 elapsed  9 system 0.92 temp  42.4 hbonds, Rg   9.0 A, potential   -73.88
  4100 / 200000 elapsed 11 system 0.94 temp  35.5 hbonds, Rg   9.0 A, potential   -57.50
  4200 / 200000 elapsed  3 system 0.84 temp  44.0 hbonds, Rg   9.0 A, potential   -85.38
  4200 / 200000 elapsed  7 system 0.89 temp  35.6 hbonds, Rg   9.2 A, potential   -62.28
  4200 / 200000 elapsed  1 system 0.81 temp  45.0 hbonds, Rg   9.1 A, potential   -79.30
  4200 / 200000 elapsed  0 system 0.80 temp  43.3 hbonds, Rg   9.0 A, potential  -113.08
  4200 / 200000 elapsed  4 system 0.85 temp  43.9 hbonds, Rg   9.1 A, potential  -105.25
  4200 / 200000 elapsed  5 system 0.86 temp  41.4 hbonds, Rg   9.1 A, potential   -91.49
  4200 / 200000 elapsed  2 system 0.83 temp  39.9 hbonds, Rg   8.9 A, potential  -106.01
  4200 / 200000 elapsed  6 system 0.88 temp  38.2 hbonds, Rg   8.9 A, potential   -79.75
  4200 / 200000 elapsed  8 system 0.90 temp  42.5 hbonds, Rg   9.1 A, potential   -74.41
  4200 / 200000 elapsed 15 system 1.00 temp  35.2 hbonds, Rg   9.1 A, potential   -46.71
  4200 / 200000 elapsed 12 system 0.96 temp  41.0 hbonds, Rg   9.2 A, potential   -66.43
  4200 / 200000 elapsed  9 system 0.92 temp  40.8 hbonds, Rg   9.1 A, potential   -61.81
  4200 / 200000 elapsed 11 system 0.94 temp  36.8 hbonds, Rg   9.1 A, potential   -57.90
  4200 / 200000 elapsed 10 system 0.93 temp  43.1 hbonds, Rg   9.0 A, potential   -93.64
  4200 / 200000 elapsed 14 system 0.99 temp  34.8 hbonds, Rg   9.0 A, potential   -69.05
  4200 / 200000 elapsed 13 system 0.97 temp  43.5 hbonds, Rg   9.0 A, potential   -53.63
  4300 / 200000 elapsed  4 system 0.85 temp  42.9 hbonds, Rg   9.0 A, potential  -100.21
  4300 / 200000 elapsed  0 system 0.80 temp  44.1 hbonds, Rg   9.0 A, potential  -119.72
  4300 / 200000 elapsed  5 system 0.86 temp  38.6 hbonds, Rg   9.2 A, potential   -53.87
  4300 / 200000 elapsed  7 system 0.89 temp  42.6 hbonds, Rg   9.0 A, potential   -98.96
  4300 / 200000 elapsed  1 system 0.81 temp  42.5 hbonds, Rg   9.0 A, potential   -94.67
  4300 / 200000 elapsed  3 system 0.84 temp  42.6 hbonds, Rg   9.0 A, potential   -79.36
  4300 / 200000 elapsed  2 system 0.83 temp  40.2 hbonds, Rg   9.0 A, potential  -113.08
  4300 / 200000 elapsed  6 system 0.88 temp  41.6 hbonds, Rg   9.2 A, potential   -76.73
  4300 / 200000 elapsed 12 system 0.96 temp  35.8 hbonds, Rg   9.2 A, potential   -63.27
  4300 / 200000 elapsed 11 system 0.94 temp  37.7 hbonds, Rg   9.2 A, potential   -41.55
  4300 / 200000 elapsed 15 system 1.00 temp  41.2 hbonds, Rg   9.1 A, potential   -22.83
  4300 / 200000 elapsed 10 system 0.93 temp  40.1 hbonds, Rg   9.0 A, potential   -70.25
  4300 / 200000 elapsed  8 system 0.90 temp  38.7 hbonds, Rg   9.2 A, potential   -58.27
  4300 / 200000 elapsed 13 system 0.97 temp  44.9 hbonds, Rg   9.0 A, potential   -79.19
  4300 / 200000 elapsed  9 system 0.92 temp  42.6 hbonds, Rg   9.2 A, potential   -82.98
  4300 / 200000 elapsed 14 system 0.99 temp  36.2 hbonds, Rg   9.1 A, potential   -46.82
  4400 / 200000 elapsed  1 system 0.81 temp  45.1 hbonds, Rg   9.1 A, potential  -103.46
  4400 / 200000 elapsed  3 system 0.84 temp  45.3 hbonds, Rg   9.0 A, potential   -92.07
  4400 / 200000 elapsed  5 system 0.86 temp  44.9 hbonds, Rg   8.9 A, potential  -108.75
  4400 / 200000 elapsed  6 system 0.88 temp  39.5 hbonds, Rg   9.1 A, potential   -69.63
  4400 / 200000 elapsed  7 system 0.89 temp  38.9 hbonds, Rg   9.0 A, potential   -82.30
  4400 / 200000 elapsed  0 system 0.80 temp  35.8 hbonds, Rg   9.1 A, potential  -100.30
  4400 / 200000 elapsed  2 system 0.83 temp  42.3 hbonds, Rg   9.0 A, potential  -105.61
  4400 / 200000 elapsed  4 system 0.85 temp  41.1 hbonds, Rg   9.1 A, potential   -88.48
  4400 / 200000 elapsed 15 system 1.00 temp  43.2 hbonds, Rg   9.0 A, potential   -81.42
  4400 / 200000 elapsed 11 system 0.94 temp  44.6 hbonds, Rg   9.0 A, potential   -80.15
  4400 / 200000 elapsed 10 system 0.93 temp  39.8 hbonds, Rg   8.9 A, potential   -69.13
  4400 / 200000 elapsed  9 system 0.92 temp  41.7 hbonds, Rg   9.0 A, potential   -95.99
  4400 / 200000 elapsed 14 system 0.99 temp  41.0 hbonds, Rg   9.0 A, potential   -41.41
  4400 / 200000 elapsed 13 system 0.97 temp  39.7 hbonds, Rg   9.1 A, potential   -69.13
  4400 / 200000 elapsed 12 system 0.96 temp  37.5 hbonds, Rg   9.3 A, potential   -54.10
  4400 / 200000 elapsed  8 system 0.90 temp  43.2 hbonds, Rg   9.1 A, potential   -75.45
  4500 / 200000 elapsed  0 system 0.80 temp  42.5 hbonds, Rg   9.1 A, potential   -67.27
  4500 / 200000 elapsed  1 system 0.81 temp  38.4 hbonds, Rg   9.1 A, potential   -75.71
  4500 / 200000 elapsed  7 system 0.89 temp  42.8 hbonds, Rg   9.0 A, potential   -62.31
  4500 / 200000 elapsed  5 system 0.86 temp  44.0 hbonds, Rg   9.1 A, potential   -79.24
  4500 / 200000 elapsed  6 system 0.88 temp  34.6 hbonds, Rg   8.9 A, potential   -68.42
  4500 / 200000 elapsed  2 system 0.83 temp  42.2 hbonds, Rg   9.0 A, potential  -100.49
  4500 / 200000 elapsed  4 system 0.85 temp  42.5 hbonds, Rg   8.9 A, potential   -95.96
  4500 / 200000 elapsed  3 system 0.84 temp  36.9 hbonds, Rg   9.1 A, potential   -84.45
  4500 / 200000 elapsed  8 system 0.90 temp  42.6 hbonds, Rg   8.9 A, potential   -72.44
  4500 / 200000 elapsed  9 system 0.92 temp  36.7 hbonds, Rg   9.1 A, potential   -57.93
  4500 / 200000 elapsed 12 system 0.96 temp  34.9 hbonds, Rg   9.3 A, potential   -15.17
  4500 / 200000 elapsed 10 system 0.93 temp  32.3 hbonds, Rg   9.2 A, potential   -64.00
  4500 / 200000 elapsed 11 system 0.94 temp  40.8 hbonds, Rg   9.0 A, potential   -50.86
  4500 / 200000 elapsed 15 system 1.00 temp  41.1 hbonds, Rg   9.1 A, potential   -63.15
  4500 / 200000 elapsed 14 system 0.99 temp  38.8 hbonds, Rg   9.1 A, potential   -51.25
  4500 / 200000 elapsed 13 system 0.97 temp  37.3 hbonds, Rg   9.0 A, potential   -60.32
  4600 / 200000 elapsed  7 system 0.89 temp  44.7 hbonds, Rg   9.1 A, potential   -80.53
  4600 / 200000 elapsed  0 system 0.80 temp  40.5 hbonds, Rg   8.9 A, potential   -85.28
  4600 / 200000 elapsed  5 system 0.86 temp  44.8 hbonds, Rg   9.0 A, potential   -99.21
  4600 / 200000 elapsed  3 system 0.84 temp  44.7 hbonds, Rg   9.1 A, potential   -92.52
  4600 / 200000 elapsed  2 system 0.83 temp  42.4 hbonds, Rg   8.9 A, potential  -126.44
  4600 / 200000 elapsed  6 system 0.88 temp  36.4 hbonds, Rg   9.0 A, potential   -71.39
  4600 / 200000 elapsed  4 system 0.85 temp  43.9 hbonds, Rg   9.0 A, potential   -99.59
  4600 / 200000 elapsed  1 system 0.81 temp  45.3 hbonds, Rg   8.9 A, potential  -104.79
  4600 / 200000 elapsed 15 system 1.00 temp  42.5 hbonds, Rg   9.2 A, potential   -68.65
  4600 / 200000 elapsed  8 system 0.90 temp  41.4 hbonds, Rg   8.9 A, potential   -65.58
  4600 / 200000 elapsed 10 system 0.93 temp  44.2 hbonds, Rg   9.1 A, potential   -82.41
  4600 / 200000 elapsed 13 system 0.97 temp  44.3 hbonds, Rg   9.2 A, potential   -68.46
  4600 / 200000 elapsed 11 system 0.94 temp  39.8 hbonds, Rg   9.0 A, potential   -76.59
  4600 / 200000 elapsed 12 system 0.96 temp  35.5 hbonds, Rg   9.3 A, potential   -55.56
  4600 / 200000 elapsed  9 system 0.92 temp  43.2 hbonds, Rg   9.0 A, potential  -104.59
  4600 / 200000 elapsed 14 system 0.99 temp  43.4 hbonds, Rg   9.0 A, potential   -72.23
  4700 / 200000 elapsed  7 system 0.89 temp  42.4 hbonds, Rg   9.0 A, potential   -65.26
  4700 / 200000 elapsed  4 system 0.85 temp  44.1 hbonds, Rg   9.1 A, potential   -72.09
  4700 / 200000 elapsed  1 system 0.81 temp  41.6 hbonds, Rg   8.9 A, potential   -96.37
  4700 / 200000 elapsed  0 system 0.80 temp  39.0 hbonds, Rg   9.0 A, potential   -92.80
  4700 / 200000 elapsed  3 system 0.84 temp  41.5 hbonds, Rg   8.9 A, potential   -87.65
  4700 / 200000 elapsed  5 system 0.86 temp  43.5 hbonds, Rg   9.0 A, potential   -79.13
  4700 / 200000 elapsed  2 system 0.83 temp  43.9 hbonds, Rg   9.0 A, potential  -112.75
  4700 / 200000 elapsed  6 system 0.88 temp  43.5 hbonds, Rg   9.0 A, potential   -94.51
  4700 / 200000 elapsed  9 system 0.92 temp  41.3 hbonds, Rg   9.1 A, potential   -78.67
  4700 / 200000 elapsed 12 system 0.96 temp  41.8 hbonds, Rg   9.1 A, potential   -76.67
  4700 / 200000 elapsed 14 system 0.99 temp  38.6 hbonds, Rg   9.1 A, potential   -76.86
  4700 / 200000 elapsed 15 system 1.00 temp  38.5 hbonds, Rg   8.9 A, potential   -47.34
  4700 / 200000 elapsed 11 system 0.94 temp  38.7 hbonds, Rg   9.1 A, potential   -43.37
  4700 / 200000 elapsed  8 system 0.90 temp  39.9 hbonds, Rg   9.2 A, potential   -84.16
  4700 / 200000 elapsed 10 system 0.93 temp  44.5 hbonds, Rg   9.0 A, potential   -67.41
  4700 / 200000 elapsed 13 system 0.97 temp  40.9 hbonds, Rg   9.0 A, potential   -82.46
  4800 / 200000 elapsed  5 system 0.86 temp  41.2 hbonds, Rg   8.8 A, potential   -75.36
  4800 / 200000 elapsed  2 system 0.83 temp  45.5 hbonds, Rg   9.0 A, potential  -118.71
  4800 / 200000 elapsed  0 system 0.80 temp  42.5 hbonds, Rg   8.9 A, potential  -110.82
  4800 / 200000 elapsed  4 system 0.85 temp  36.8 hbonds, Rg   8.9 A, potential   -51.33
  4800 / 200000 elapsed  6 system 0.88 temp  36.7 hbonds, Rg   9.2 A, potential   -83.97
  4800 / 200000 elapsed  1 system 0.81 temp  45.3 hbonds, Rg   8.9 A, potential   -90.42
  4800 / 200000 elapsed  7 system 0.89 temp  40.8 hbonds, Rg   9.0 A, potential   -79.03
  4800 / 200000 elapsed  3 system 0.84 temp  43.3 hbonds, Rg   9.1 A, potential   -96.72
  4800 / 200000 elapsed  8 system 0.90 temp  35.4 hbonds, Rg   9.1 A, potential   -76.94
  4800 / 200000 elapsed 13 system 0.97 temp  39.8 hbonds, Rg   9.1 A, potential   -42.77
  4800 / 200000 elapsed 10 system 0.93 temp  36.3 hbonds, Rg   8.9 A, potential   -48.37
  4800 / 200000 elapsed 12 system 0.96 temp  42.2 hbonds, Rg   9.6 A, potential   -63.65
  4800 / 200000 elapsed  9 system 0.92 temp  40.0 hbonds, Rg   9.0 A, potential   -68.05
  4800 / 200000 elapsed 14 system 0.99 temp  42.0 hbonds, Rg   9.0 A, potential   -75.86
  4800 / 200000 elapsed 15 system 1.00 temp  36.4 hbonds, Rg   8.9 A, potential   -63.78
  4800 / 200000 elapsed 11 system 0.94 temp  43.9 hbonds, Rg   9.2 A, potential   -70.88
  4900 / 200000 elapsed  6 system 0.88 temp  42.4 hbonds, Rg   9.2 A, potential   -82.31
  4900 / 200000 elapsed  3 system 0.84 temp  43.3 hbonds, Rg   9.1 A, potential  -105.24
  4900 / 200000 elapsed  5 system 0.86 temp  36.3 hbonds, Rg   9.0 A, potential   -79.83
  4900 / 200000 elapsed  1 system 0.81 temp  42.0 hbonds, Rg   9.0 A, potential  -115.15
  4900 / 200000 elapsed  7 system 0.89 temp  40.3 hbonds, Rg   9.3 A, potential   -58.16
  4900 / 200000 elapsed  0 system 0.80 temp  41.9 hbonds, Rg   9.0 A, potential   -81.13
  4900 / 200000 elapsed  4 system 0.85 temp  42.9 hbonds, Rg   9.2 A, potential   -92.43
  4900 / 200000 elapsed  2 system 0.83 temp  42.4 hbonds, Rg   9.1 A, potential  -100.26
  4900 / 200000 elapsed 11 system 0.94 temp  36.4 hbonds, Rg   9.1 A, potential   -72.17
  4900 / 200000 elapsed 13 system 0.97 temp  38.7 hbonds, Rg   9.3 A, potential   -65.72
  4900 / 200000 elapsed  9 system 0.92 temp  39.1 hbonds, Rg   9.0 A, potential   -85.85
  4900 / 200000 elapsed 15 system 1.00 temp  40.0 hbonds, Rg   9.2 A, potential   -26.62
  4900 / 200000 elapsed 14 system 0.99 temp  37.7 hbonds, Rg   9.0 A, potential   -54.74
  4900 / 200000 elapsed 12 system 0.96 temp  39.7 hbonds, Rg   9.0 A, potential   -88.02
  4900 / 200000 elapsed  8 system 0.90 temp  36.8 hbonds, Rg   9.2 A, potential   -70.70
  4900 / 200000 elapsed 10 system 0.93 temp  32.3 hbonds, Rg   9.2 A, potential   -27.44
  5000 / 200000 elapsed  7 system 0.89 temp  39.7 hbonds, Rg   9.1 A, potential   -90.93
  5000 / 200000 elapsed  1 system 0.81 temp  39.5 hbonds, Rg   9.1 A, potential   -94.77
  5000 / 200000 elapsed  6 system 0.88 temp  44.8 hbonds, Rg   9.3 A, potential   -68.29
  5000 / 200000 elapsed  0 system 0.80 temp  44.3 hbonds, Rg   9.0 A, potential   -77.74
  5000 / 200000 elapsed  5 system 0.86 temp  35.7 hbonds, Rg   9.4 A, potential   -69.65
  5000 / 200000 elapsed  3 system 0.84 temp  44.5 hbonds, Rg   8.8 A, potential   -98.36
  5000 / 200000 elapsed  2 system 0.83 temp  42.4 hbonds, Rg   9.1 A, potential   -84.90
  5000 / 200000 elapsed  4 system 0.85 temp  40.7 hbonds, Rg   9.2 A, potential   -92.82
  5000 / 200000 elapsed  9 system 0.92 temp  40.7 hbonds, Rg   8.9 A, potential   -47.42
  5000 / 200000 elapsed 11 system 0.94 temp  39.2 hbonds, Rg   9.1 A, potential   -62.02
  5000 / 200000 elapsed 13 system 0.97 temp  31.6 hbonds, Rg   9.2 A, potential   -54.04
  5000 / 200000 elapsed 14 system 0.99 temp  40.7 hbonds, Rg   9.2 A, potential   -61.72
  5000 / 200000 elapsed  8 system 0.90 temp  38.9 hbonds, Rg   9.3 A, potential   -81.29
  5000 / 200000 elapsed 15 system 1.00 temp  38.5 hbonds, Rg   9.0 A, potential   -40.39
  5000 / 200000 elapsed 10 system 0.93 temp  35.6 hbonds, Rg   9.0 A, potential   -58.84
  5000 / 200000 elapsed 12 system 0.96 temp  39.7 hbonds, Rg   9.1 A, potential   -73.53
  5100 / 200000 elapsed  3 system 0.84 temp  43.3 hbonds, Rg   9.0 A, potential  -103.12
  5100 / 200000 elapsed  0 system 0.80 temp  35.0 hbonds, Rg   9.0 A, potential   -78.51
  5100 / 200000 elapsed  2 system 0.83 temp  42.1 hbonds, Rg   9.1 A, potential  -106.99
  5100 / 200000 elapsed  6 system 0.88 temp  39.6 hbonds, Rg   9.0 A, potential   -93.13
  5100 / 200000 elapsed  4 system 0.85 temp  42.4 hbonds, Rg   9.2 A, potential   -91.09
  5100 / 200000 elapsed  1 system 0.81 temp  41.1 hbonds, Rg   9.1 A, potential   -81.51
  5100 / 200000 elapsed  7 system 0.89 temp  42.2 hbonds, Rg   9.0 A, potential   -60.03
  5100 / 200000 elapsed  5 system 0.86 temp  43.1 hbonds, Rg   9.2 A, potential   -92.06
  5100 / 200000 elapsed 11 system 0.94 temp  34.6 hbonds, Rg   9.0 A, potential   -52.22
  5100 / 200000 elapsed 10 system 0.93 temp  33.0 hbonds, Rg   9.3 A, potential   -49.01
  5100 / 200000 elapsed 14 system 0.99 temp  32.6 hbonds, Rg   9.1 A, potential   -32.86
  5100 / 200000 elapsed  8 system 0.90 temp  40.7 hbonds, Rg   8.8 A, potential   -83.01
  5100 / 200000 elapsed 12 system 0.96 temp  40.0 hbonds, Rg   9.2 A, potential   -40.75
  5100 / 200000 elapsed 15 system 1.00 temp  29.8 hbonds, Rg  10.1 A, potential   -18.93
  5100 / 200000 elapsed  9 system 0.92 temp  44.7 hbonds, Rg   8.9 A, potential   -91.17
  5100 / 200000 elapsed 13 system 0.97 temp  38.8 hbonds, Rg   9.2 A, potential   -22.71
  5200 / 200000 elapsed  3 system 0.84 temp  42.2 hbonds, Rg   8.9 A, potential  -105.75
  5200 / 200000 elapsed  5 system 0.86 temp  43.4 hbonds, Rg   9.0 A, potential   -90.26
  5200 / 200000 elapsed  2 system 0.83 temp  41.6 hbonds, Rg   8.9 A, potential   -99.23
  5200 / 200000 elapsed  7 system 0.89 temp  41.9 hbonds, Rg   8.9 A, potential   -68.57
  5200 / 200000 elapsed  4 system 0.85 temp  39.8 hbonds, Rg   9.0 A, potential   -87.19
  5200 / 200000 elapsed  0 system 0.80 temp  44.6 hbonds, Rg   9.1 A, potential  -120.70
  5200 / 200000 elapsed  1 system 0.81 temp  42.3 hbonds, Rg   9.1 A, potential   -84.37
  5200 / 200000 elapsed  6 system 0.88 temp  42.8 hbonds, Rg   9.2 A, potential   -81.82
  5200 / 200000 elapsed 13 system 0.97 temp  36.6 hbonds, Rg   9.4 A, potential   -38.45
  5200 / 200000 elapsed 11 system 0.94 temp  42.7 hbonds, Rg   9.1 A, potential   -81.51
  5200 / 200000 elapsed 10 system 0.93 temp  33.4 hbonds, Rg   9.5 A, potential   -47.11
  5200 / 200000 elapsed  8 system 0.90 temp  39.8 hbonds, Rg   8.9 A, potential   -79.48
  5200 / 200000 elapsed 12 system 0.96 temp  37.6 hbonds, Rg   9.0 A, potential   -58.39
  5200 / 200000 elapsed 15 system 1.00 temp  34.2 hbonds, Rg   9.7 A, potential   -32.47
  5200 / 200000 elapsed  9 system 0.92 temp  43.8 hbonds, Rg   8.9 A, potential   -76.59
  5200 / 200000 elapsed 14 system 0.99 temp  41.8 hbonds, Rg   9.0 A, potential   -84.45
  5300 / 200000 elapsed  3 system 0.84 temp  43.6 hbonds, Rg   9.1 A, potential   -84.94
  5300 / 200000 elapsed  5 system 0.86 temp  42.0 hbonds, Rg   9.2 A, potential   -88.83
  5300 / 200000 elapsed  2 system 0.83 temp  40.6 hbonds, Rg   9.2 A, potential  -106.26
  5300 / 200000 elapsed  1 system 0.81 temp  42.8 hbonds, Rg   9.2 A, potential  -102.13
  5300 / 200000 elapsed  0 system 0.80 temp  43.6 hbonds, Rg   9.1 A, potential   -94.16
  5300 / 200000 elapsed  7 system 0.89 temp  39.0 hbonds, Rg   9.2 A, potential   -85.33
  5300 / 200000 elapsed  6 system 0.88 temp  45.7 hbonds, Rg   9.1 A, potential   -71.38
  5300 / 200000 elapsed  4 system 0.85 temp  39.3 hbonds, Rg   9.0 A, potential   -74.55
  5300 / 200000 elapsed 10 system 0.93 temp  37.5 hbonds, Rg   9.4 A, potential   -73.88
  5300 / 200000 elapsed 11 system 0.94 temp  36.2 hbonds, Rg   9.2 A, potential   -55.69
  5300 / 200000 elapsed 14 system 0.99 temp  41.7 hbonds, Rg   9.0 A, potential   -66.82
  5300 / 200000 elapsed  9 system 0.92 temp  40.7 hbonds, Rg   9.2 A, potential   -69.83
  5300 / 200000 elapsed  8 system 0.90 temp  35.6 hbonds, Rg   9.0 A, potential   -68.02
  5300 / 200000 elapsed 13 system 0.97 temp  43.9 hbonds, Rg   9.2 A, potential   -63.07
  5300 / 200000 elapsed 15 system 1.00 temp  40.7 hbonds, Rg   9.2 A, potential   -64.83
  5300 / 200000 elapsed 12 system 0.96 temp  42.8 hbonds, Rg   9.1 A, potential   -42.10
  5400 / 200000 elapsed  6 system 0.88 temp  38.0 hbonds, Rg   8.9 A, potential   -54.20
  5400 / 200000 elapsed  3 system 0.84 temp  44.2 hbonds, Rg   9.1 A, potential   -90.46
  5400 / 200000 elapsed  2 system 0.83 temp  36.3 hbonds, Rg   9.1 A, potential   -69.92
  5400 / 200000 elapsed  1 system 0.81 temp  44.2 hbonds, Rg   9.0 A, potential   -84.03
  5400 / 200000 elapsed  7 system 0.89 temp  41.1 hbonds, Rg   8.9 A, potential   -74.10
  5400 / 200000 elapsed  0 system 0.80 temp  41.2 hbonds, Rg   8.9 A, potential   -85.61
  5400 / 200000 elapsed  5 system 0.86 temp  43.4 hbonds, Rg   9.0 A, potential   -89.58
  5400 / 200000 elapsed  4 system 0.85 temp  43.1 hbonds, Rg   8.9 A, potential  -123.91
  5400 / 200000 elapsed 14 system 0.99 temp  37.7 hbonds, Rg   9.2 A, potential   -50.25
  5400 / 200000 elapsed  9 system 0.92 temp  39.1 hbonds, Rg   9.2 A, potential   -78.81
  5400 / 200000 elapsed 11 system 0.94 temp  38.4 hbonds, Rg   9.2 A, potential   -58.29
  5400 / 200000 elapsed 15 system 1.00 temp  43.3 hbonds, Rg   9.3 A, potential   -54.21
  5400 / 200000 elapsed  8 system 0.90 temp  42.8 hbonds, Rg   9.1 A, potential   -86.29
  5400 / 200000 elapsed 10 system 0.93 temp  38.1 hbonds, Rg   9.2 A, potential   -47.04
  5400 / 200000 elapsed 13 system 0.97 temp  41.3 hbonds, Rg   9.1 A, potential   -75.32
  5400 / 200000 elapsed 12 system 0.96 temp  39.8 hbonds, Rg   9.0 A, potential   -63.46
  5500 / 200000 elapsed  4 system 0.85 temp  41.4 hbonds, Rg   9.0 A, potential  -103.99
  5500 / 200000 elapsed  5 system 0.86 temp  37.1 hbonds, Rg   9.2 A, potential   -67.36
  5500 / 200000 elapsed  3 system 0.84 temp  45.3 hbonds, Rg   9.2 A, potential  -101.74
  5500 / 200000 elapsed  2 system 0.83 temp  43.0 hbonds, Rg   8.9 A, potential  -122.26
  5500 / 200000 elapsed  7 system 0.89 temp  42.8 hbonds, Rg   9.2 A, potential   -93.02
  5500 / 200000 elapsed  1 system 0.81 temp  42.3 hbonds, Rg   9.0 A, potential  -111.88
  5500 / 200000 elapsed  6 system 0.88 temp  40.4 hbonds, Rg   8.9 A, potential   -69.25
  5500 / 200000 elapsed  0 system 0.80 temp  44.4 hbonds, Rg   8.9 A, potential  -113.04
  5500 / 200000 elapsed 13 system 0.97 temp  42.3 hbonds, Rg   9.0 A, potential   -92.69
  5500 / 200000 elapsed 10 system 0.93 temp  36.1 hbonds, Rg   9.1 A, potential   -53.15
  5500 / 200000 elapsed  8 system 0.90 temp  39.8 hbonds, Rg   9.1 A, potential   -67.79
  5500 / 200000 elapsed 12 system 0.96 temp  41.4 hbonds, Rg   9.1 A, potential   -80.69
  5500 / 200000 elapsed  9 system 0.92 temp  41.3 hbonds, Rg   9.1 A, potential   -84.28
  5500 / 200000 elapsed 15 system 1.00 temp  34.4 hbonds, Rg   9.4 A, potential   -41.34
  5500 / 200000 elapsed 14 system 0.99 temp  38.2 hbonds, Rg   9.4 A, potential   -63.22
  5500 / 200000 elapsed 11 system 0.94 temp  37.3 hbonds, Rg   9.1 A, potential   -51.58
  5600 / 200000 elapsed  6 system 0.88 temp  38.5 hbonds, Rg   9.0 A, potential   -60.39
  5600 / 200000 elapsed  4 system 0.85 temp  40.2 hbonds, Rg   8.8 A, potential   -91.85
  5600 / 200000 elapsed  7 system 0.89 temp  35.1 hbonds, Rg   9.4 A, potential   -58.69
  5600 / 200000 elapsed  3 system 0.84 temp  40.2 hbonds, Rg   9.1 A, potential   -73.96
  5600 / 200000 elapsed  0 system 0.80 temp  43.4 hbonds, Rg   9.0 A, potential  -118.04
  5600 / 200000 elapsed  5 system 0.86 temp  42.9 hbonds, Rg   9.0 A, potential   -78.90
  5600 / 200000 elapsed  1 system 0.81 temp  38.2 hbonds, Rg   9.1 A, potential   -92.83
  5600 / 200000 elapsed  2 system 0.83 temp  43.5 hbonds, Rg   9.1 A, potential  -114.62
  5600 / 200000 elapsed 14 system 0.99 temp  43.2 hbonds, Rg   9.1 A, potential   -73.60
  5600 / 200000 elapsed 12 system 0.96 temp  44.2 hbonds, Rg   8.9 A, potential   -84.31
  5600 / 200000 elapsed 15 system 1.00 temp  31.5 hbonds, Rg   9.5 A, potential   -29.71
  5600 / 200000 elapsed  9 system 0.92 temp  39.4 hbonds, Rg   9.1 A, potential   -52.17
  5600 / 200000 elapsed 13 system 0.97 temp  38.2 hbonds, Rg   9.1 A, potential   -64.09
  5600 / 200000 elapsed 11 system 0.94 temp  38.2 hbonds, Rg   9.1 A, potential   -42.52
  5600 / 200000 elapsed  8 system 0.90 temp  41.8 hbonds, Rg   9.0 A, potential   -79.20
  5600 / 200000 elapsed 10 system 0.93 temp  36.2 hbonds, Rg   9.3 A, potential   -58.44
  5700 / 200000 elapsed  7 system 0.89 temp  38.4 hbonds, Rg   9.0 A, potential   -48.96
  5700 / 200000 elapsed  2 system 0.83 temp  41.5 hbonds, Rg   9.1 A, potential  -116.88
  5700 / 200000 elapsed  0 system 0.80 temp  39.9 hbonds, Rg   9.0 A, potential  -113.05
  5700 / 200000 elapsed  6 system 0.88 temp  39.5 hbonds, Rg   9.0 A, potential  -101.58
  5700 / 200000 elapsed  5 system 0.86 temp  37.3 hbonds, Rg   9.2 A, potential   -66.81
  5700 / 200000 elapsed  4 system 0.85 temp  41.4 hbonds, Rg   9.1 A, potential  -101.38
  5700 / 200000 elapsed  3 system 0.84 temp  38.5 hbonds, Rg   8.9 A, potential  -114.42
  5700 / 200000 elapsed  1 system 0.81 temp  44.4 hbonds, Rg   9.0 A, potential  -110.19
  5700 / 200000 elapsed 15 system 1.00 temp  32.7 hbonds, Rg   9.1 A, potential   -40.88
  5700 / 200000 elapsed 12 system 0.96 temp  42.8 hbonds, Rg   9.1 A, potential   -87.10
  5700 / 200000 elapsed  9 system 0.92 temp  41.5 hbonds, Rg   9.1 A, potential   -95.29
  5700 / 200000 elapsed 14 system 0.99 temp  41.1 hbonds, Rg   9.0 A, potential   -82.57
  5700 / 200000 elapsed 13 system 0.97 temp  38.3 hbonds, Rg   9.1 A, potential   -89.65
  5700 / 200000 elapsed  8 system 0.90 temp  38.4 hbonds, Rg   9.1 A, potential   -67.97
  5700 / 200000 elapsed 10 system 0.93 temp  41.2 hbonds, Rg   9.0 A, potential   -70.39
  5700 / 200000 elapsed 11 system 0.94 temp  41.2 hbonds, Rg   9.1 A, potential   -50.88
  5800 / 200000 elapsed  4 system 0.85 temp  36.0 hbonds, Rg   8.9 A, potential   -92.39
  5800 / 200000 elapsed  7 system 0.89 temp  40.2 hbonds, Rg   8.9 A, potential   -97.95
  5800 / 200000 elapsed  3 system 0.84 temp  38.3 hbonds, Rg   9.0 A, potential   -81.00
  5800 / 200000 elapsed  2 system 0.83 temp  43.9 hbonds, Rg   9.0 A, potential  -119.60
  5800 / 200000 elapsed  0 system 0.80 temp  38.0 hbonds, Rg   9.1 A, potential   -81.63
  5800 / 200000 elapsed  6 system 0.88 temp  45.1 hbonds, Rg   9.1 A, potential   -90.23
  5800 / 200000 elapsed  1 system 0.81 temp  44.9 hbonds, Rg   9.3 A, potential  -114.44
  5800 / 200000 elapsed  5 system 0.86 temp  41.6 hbonds, Rg   9.1 A, potential   -94.08
  5800 / 200000 elapsed 12 system 0.96 temp  40.3 hbonds, Rg   9.1 A, potential   -87.73
  5800 / 200000 elapsed 15 system 1.00 temp  42.3 hbonds, Rg   9.1 A, potential   -47.71
  5800 / 200000 elapsed 11 system 0.94 temp  40.0 hbonds, Rg   9.0 A, potential  -102.20
  5800 / 200000 elapsed  8 system 0.90 temp  37.6 hbonds, Rg   9.2 A, potential   -63.95
  5800 / 200000 elapsed 10 system 0.93 temp  43.2 hbonds, Rg   9.0 A, potential   -72.75
  5800 / 200000 elapsed  9 system 0.92 temp  41.6 hbonds, Rg   9.2 A, potential   -85.27
  5800 / 200000 elapsed 13 system 0.97 temp  32.3 hbonds, Rg   9.2 A, potential   -26.68
  5800 / 200000 elapsed 14 system 0.99 temp  39.6 hbonds, Rg   9.1 A, potential   -48.62
