invocation: /home/rob/github/upside2-md/obj/upside --duration 1000 --frame-interval 1 --temperature 0.8 --seed 83794 --disable-recentering --record-momentum .//outputs/prod/chig.run.up
random seed: 83794
.//outputs/prod/chig.run.up
n_atom 30


0 0.80

Initial potential energy: 6.05
   0 / 1000 elapsed  0 system 0.80 temp   2.5 hbonds, Rg   4.5 A, potential     6.05
   1 / 1000 elapsed  0 system 0.80 temp   6.1 hbonds, Rg   4.5 A, potential    -9.30
   2 / 1000 elapsed  0 system 0.80 temp   5.5 hbonds, Rg   4.6 A, potential    -9.49
   3 / 1000 elapsed  0 system 0.80 temp   4.9 hbonds, Rg   4.7 A, potential    -6.97
   4 / 1000 elapsed  0 system 0.80 temp   5.0 hbonds, Rg   4.5 A, potential   -12.15
   5 / 1000 elapsed  0 system 0.80 temp   5.4 hbonds, Rg   4.5 A, potential    -7.30
   6 / 1000 elapsed  0 system 0.80 temp   5.9 hbonds, Rg   4.6 A, potential   -16.97
   7 / 1000 elapsed  0 system 0.80 temp   5.9 hbonds, Rg   4.6 A, potential   -12.43
   8 / 1000 elapsed  0 system 0.80 temp   4.9 hbonds, Rg   4.5 A, potential    -3.52
   9 / 1000 elapsed  0 system 0.80 temp   5.6 hbonds, Rg   4.4 A, potential    -1.28
  10 / 1000 elapsed  0 system 0.80 temp   4.5 hbonds, Rg   4.5 A, potential    -8.51
  11 / 1000 elapsed  0 system 0.80 temp   5.4 hbonds, Rg   4.9 A, potential     0.06
  12 / 1000 elapsed  0 system 0.80 temp   4.4 hbonds, Rg   4.9 A, potential    -6.05
  13 / 1000 elapsed  0 system 0.80 temp   5.3 hbonds, Rg   4.7 A, potential    -0.18
  14 / 1000 elapsed  0 system 0.80 temp   3.3 hbonds, Rg   4.9 A, potential     7.11
  15 / 1000 elapsed  0 system 0.80 temp   3.9 hbonds, Rg   4.8 A, potential     4.91
  16 / 1000 elapsed  0 system 0.80 temp   5.4 hbonds, Rg   4.8 A, potential    -0.35
  17 / 1000 elapsed  0 system 0.80 temp   4.7 hbonds, Rg   4.7 A, potential     1.56
  18 / 1000 elapsed  0 system 0.80 temp   4.7 hbonds, Rg   4.8 A, potential     4.02
  19 / 1000 elapsed  0 system 0.80 temp   5.5 hbonds, Rg   4.7 A, potential     7.03
  20 / 1000 elapsed  0 system 0.80 temp   5.6 hbonds, Rg   4.9 A, potential    -2.39
  21 / 1000 elapsed  0 system 0.80 temp   5.1 hbonds, Rg   4.7 A, potential     5.60
  22 / 1000 elapsed  0 system 0.80 temp   5.2 hbonds, Rg   4.6 A, potential    17.52
  23 / 1000 elapsed  0 system 0.80 temp   3.6 hbonds, Rg   4.9 A, potential    13.71
  24 / 1000 elapsed  0 system 0.80 temp   5.6 hbonds, Rg   4.7 A, potential    10.44
  25 / 1000 elapsed  0 system 0.80 temp   6.0 hbonds, Rg   4.5 A, potential     3.06
  26 / 1000 elapsed  0 system 0.80 temp   5.4 hbonds, Rg   4.6 A, potential    10.66
  27 / 1000 elapsed  0 system 0.80 temp   4.2 hbonds, Rg   4.6 A, potential    23.36
  28 / 1000 elapsed  0 system 0.80 temp   4.2 hbonds, Rg   4.6 A, potential     8.07
  29 / 1000 elapsed  0 system 0.80 temp   5.3 hbonds, Rg   4.5 A, potential    12.88
  30 / 1000 elapsed  0 system 0.80 temp   6.1 hbonds, Rg   4.5 A, potential    11.07
  31 / 1000 elapsed  0 system 0.80 temp   5.2 hbonds, Rg   4.6 A, potential     9.38
  32 / 1000 elapsed  0 system 0.80 temp   5.4 hbonds, Rg   4.6 A, potential     3.10
  33 / 1000 elapsed  0 system 0.80 temp   5.6 hbonds, Rg   4.6 A, potential    -3.75
  34 / 1000 elapsed  0 system 0.80 temp   5.0 hbonds, Rg   4.6 A, potential     7.54
  35 / 1000 elapsed  0 system 0.80 temp   5.2 hbonds, Rg   4.7 A, potential     0.29
  36 / 1000 elapsed  0 system 0.80 temp   4.6 hbonds, Rg   4.6 A, potential     6.82
  37 / 1000 elapsed  0 system 0.80 temp   4.7 hbonds, Rg   4.6 A, potential    14.17
  38 / 1000 elapsed  0 system 0.80 temp   4.9 hbonds, Rg   4.8 A, potential    12.71
  39 / 1000 elapsed  0 system 0.80 temp   5.4 hbonds, Rg   4.7 A, potential     6.08
  40 / 1000 elapsed  0 system 0.80 temp   5.6 hbonds, Rg   4.8 A, potential    -0.65
  41 / 1000 elapsed  0 system 0.80 temp   5.2 hbonds, Rg   4.8 A, potential     6.43
  42 / 1000 elapsed  0 system 0.80 temp   3.3 hbonds, Rg   4.9 A, potential    13.25
  43 / 1000 elapsed  0 system 0.80 temp   4.1 hbonds, Rg   4.8 A, potential     6.46
  44 / 1000 elapsed  0 system 0.80 temp   5.2 hbonds, Rg   4.9 A, potential     6.85
  45 / 1000 elapsed  0 system 0.80 temp   5.6 hbonds, Rg   5.2 A, potential    13.21
  46 / 1000 elapsed  0 system 0.80 temp   5.3 hbonds, Rg   5.0 A, potential    11.46
  47 / 1000 elapsed  0 system 0.80 temp   5.3 hbonds, Rg   4.8 A, potential    -0.29
  48 / 1000 elapsed  0 system 0.80 temp   2.9 hbonds, Rg   4.9 A, potential    13.90
  49 / 1000 elapsed  0 system 0.80 temp   5.6 hbonds, Rg   4.9 A, potential    -1.94
  50 / 1000 elapsed  0 system 0.80 temp   5.2 hbonds, Rg   4.8 A, potential     1.99
  51 / 1000 elapsed  0 system 0.80 temp   4.8 hbonds, Rg   4.7 A, potential     1.59
  52 / 1000 elapsed  0 system 0.80 temp   4.8 hbonds, Rg   4.8 A, potential    -2.05
  53 / 1000 elapsed  0 system 0.80 temp   5.4 hbonds, Rg   4.7 A, potential    -4.45
  54 / 1000 elapsed  0 system 0.80 temp   5.7 hbonds, Rg   4.6 A, potential     0.67
  55 / 1000 elapsed  0 system 0.80 temp   5.0 hbonds, Rg   4.7 A, potential     3.70
  56 / 1000 elapsed  0 system 0.80 temp   5.4 hbonds, Rg   4.7 A, potential    -3.29
  57 / 1000 elapsed  0 system 0.80 temp   5.1 hbonds, Rg   4.5 A, potential    -1.89
  58 / 1000 elapsed  0 system 0.80 temp   5.2 hbonds, Rg   4.6 A, potential     6.57
  59 / 1000 elapsed  0 system 0.80 temp   5.3 hbonds, Rg   4.5 A, potential     0.19
  60 / 1000 elapsed  0 system 0.80 temp   5.3 hbonds, Rg   4.6 A, potential    -6.68
  61 / 1000 elapsed  0 system 0.80 temp   5.5 hbonds, Rg   4.7 A, potential    -4.08
  62 / 1000 elapsed  0 system 0.80 temp   4.7 hbonds, Rg   4.8 A, potential     0.29
  63 / 1000 elapsed  0 system 0.80 temp   5.0 hbonds, Rg   4.8 A, potential    -1.55
  64 / 1000 elapsed  0 system 0.80 temp   4.8 hbonds, Rg   4.6 A, potential    -3.17
  65 / 1000 elapsed  0 system 0.80 temp   5.6 hbonds, Rg   4.7 A, potential    -1.86
  66 / 1000 elapsed  0 system 0.80 temp   4.2 hbonds, Rg   4.6 A, potential     2.15
  67 / 1000 elapsed  0 system 0.80 temp   5.1 hbonds, Rg   4.6 A, potential     6.97
  68 / 1000 elapsed  0 system 0.80 temp   4.7 hbonds, Rg   4.7 A, potential     2.95
  69 / 1000 elapsed  0 system 0.80 temp   4.9 hbonds, Rg   4.5 A, potential    -2.21
  70 / 1000 elapsed  0 system 0.80 temp   4.6 hbonds, Rg   4.6 A, potential    -2.04
  71 / 1000 elapsed  0 system 0.80 temp   1.8 hbonds, Rg   4.7 A, potential     0.58
  72 / 1000 elapsed  0 system 0.80 temp   5.0 hbonds, Rg   4.5 A, potential     0.54
  73 / 1000 elapsed  0 system 0.80 temp   5.2 hbonds, Rg   4.5 A, potential    -3.13
  74 / 1000 elapsed  0 system 0.80 temp   5.4 hbonds, Rg   4.6 A, potential     4.34
  75 / 1000 elapsed  0 system 0.80 temp   5.2 hbonds, Rg   4.5 A, potential    -0.21
  76 / 1000 elapsed  0 system 0.80 temp   5.6 hbonds, Rg   4.5 A, potential    -1.49
  77 / 1000 elapsed  0 system 0.80 temp   3.9 hbonds, Rg   4.5 A, potential    -2.09
  78 / 1000 elapsed  0 system 0.80 temp   4.6 hbonds, Rg   4.6 A, potential     0.51
  79 / 1000 elapsed  0 system 0.80 temp   4.9 hbonds, Rg   4.4 A, potential     4.32
  80 / 1000 elapsed  0 system 0.80 temp   4.3 hbonds, Rg   4.4 A, potential     4.47
  81 / 1000 elapsed  0 system 0.80 temp   4.7 hbonds, Rg   4.8 A, potential     9.18
  82 / 1000 elapsed  0 system 0.80 temp   4.8 hbonds, Rg   4.6 A, potential     1.98
  83 / 1000 elapsed  0 system 0.80 temp   3.8 hbonds, Rg   4.5 A, potential     3.44
  84 / 1000 elapsed  0 system 0.80 temp   5.4 hbonds, Rg   4.5 A, potential     5.56
  85 / 1000 elapsed  0 system 0.80 temp   3.5 hbonds, Rg   4.5 A, potential     4.37
  86 / 1000 elapsed  0 system 0.80 temp   4.0 hbonds, Rg   4.4 A, potential     5.44
  87 / 1000 elapsed  0 system 0.80 temp   4.6 hbonds, Rg   4.6 A, potential     3.40
  88 / 1000 elapsed  0 system 0.80 temp   5.8 hbonds, Rg   4.6 A, potential     0.99
  89 / 1000 elapsed  0 system 0.80 temp   4.2 hbonds, Rg   4.7 A, potential     3.97
  90 / 1000 elapsed  0 system 0.80 temp   3.7 hbonds, Rg   4.5 A, potential     4.41
  91 / 1000 elapsed  0 system 0.80 temp   3.6 hbonds, Rg   4.7 A, potential     5.45
  92 / 1000 elapsed  0 system 0.80 temp   2.0 hbonds, Rg   4.7 A, potential     3.35
  93 / 1000 elapsed  0 system 0.80 temp   5.5 hbonds, Rg   4.6 A, potential     3.32
  94 / 1000 elapsed  0 system 0.80 temp   4.4 hbonds, Rg   4.6 A, potential     4.06
  95 / 1000 elapsed  0 system 0.80 temp   5.2 hbonds, Rg   4.6 A, potential     7.78
  96 / 1000 elapsed  0 system 0.80 temp   5.1 hbonds, Rg   4.8 A, potential     0.76
  97 / 1000 elapsed  0 system 0.80 temp   4.6 hbonds, Rg   4.9 A, potential     7.95
  98 / 1000 elapsed  0 system 0.80 temp   5.7 hbonds, Rg   4.9 A, potential    -0.31
  99 / 1000 elapsed  0 system 0.80 temp   5.0 hbonds, Rg   4.9 A, potential    14.12
 100 / 1000 elapsed  0 system 0.80 temp   5.9 hbonds, Rg   4.8 A, potential     3.17
 101 / 1000 elapsed  0 system 0.80 temp   4.6 hbonds, Rg   4.7 A, potential    12.36
 102 / 1000 elapsed  0 system 0.80 temp   5.3 hbonds, Rg   4.7 A, potential    10.93
 103 / 1000 elapsed  0 system 0.80 temp   5.5 hbonds, Rg   4.4 A, potential    13.26
 104 / 1000 elapsed  0 system 0.80 temp   5.4 hbonds, Rg   4.4 A, potential     4.54
 105 / 1000 elapsed  0 system 0.80 temp   5.3 hbonds, Rg   4.6 A, potential    11.43
 106 / 1000 elapsed  0 system 0.80 temp   5.9 hbonds, Rg   4.6 A, potential     6.67
 107 / 1000 elapsed  0 system 0.80 temp   4.6 hbonds, Rg   4.5 A, potential     5.89
 108 / 1000 elapsed  0 system 0.80 temp   5.6 hbonds, Rg   4.7 A, potential     3.35
 109 / 1000 elapsed  0 system 0.80 temp   5.7 hbonds, Rg   4.4 A, potential     5.65
 110 / 1000 elapsed  0 system 0.80 temp   4.5 hbonds, Rg   4.5 A, potential     4.03
 111 / 1000 elapsed  0 system 0.80 temp   5.3 hbonds, Rg   4.6 A, potential     5.92
 112 / 1000 elapsed  0 system 0.80 temp   4.8 hbonds, Rg   4.5 A, potential     6.89
 113 / 1000 elapsed  0 system 0.80 temp   4.8 hbonds, Rg   4.5 A, potential     0.10
 114 / 1000 elapsed  0 system 0.80 temp   5.3 hbonds, Rg   4.5 A, potential    -1.40
 115 / 1000 elapsed  0 system 0.80 temp   5.2 hbonds, Rg   4.5 A, potential     3.55
 116 / 1000 elapsed  0 system 0.80 temp   5.1 hbonds, Rg   4.4 A, potential     2.00
 117 / 1000 elapsed  0 system 0.80 temp   4.7 hbonds, Rg   4.6 A, potential    -7.13
 118 / 1000 elapsed  0 system 0.80 temp   5.2 hbonds, Rg   4.6 A, potential     4.19
 119 / 1000 elapsed  0 system 0.80 temp   3.2 hbonds, Rg   4.6 A, potential     7.01
 120 / 1000 elapsed  0 system 0.80 temp   5.4 hbonds, Rg   4.4 A, potential     1.43
 121 / 1000 elapsed  0 system 0.80 temp   5.6 hbonds, Rg   4.6 A, potential     3.93
 122 / 1000 elapsed  0 system 0.80 temp   5.2 hbonds, Rg   4.7 A, potential    -1.70
 123 / 1000 elapsed  0 system 0.80 temp   5.7 hbonds, Rg   4.5 A, potential    -3.53
 124 / 1000 elapsed  0 system 0.80 temp   6.2 hbonds, Rg   4.6 A, potential    -0.68
 125 / 1000 elapsed  0 system 0.80 temp   5.3 hbonds, Rg   4.6 A, potential     2.46
 126 / 1000 elapsed  0 system 0.80 temp   5.7 hbonds, Rg   4.5 A, potential     4.73
 127 / 1000 elapsed  0 system 0.80 temp   5.6 hbonds, Rg   4.5 A, potential     3.35
 128 / 1000 elapsed  0 system 0.80 temp   1.9 hbonds, Rg   4.5 A, potential    16.92
 129 / 1000 elapsed  0 system 0.80 temp   3.2 hbonds, Rg   4.5 A, potential     7.74
 130 / 1000 elapsed  0 system 0.80 temp   4.1 hbonds, Rg   4.4 A, potential    -0.05
 131 / 1000 elapsed  0 system 0.80 temp   4.8 hbonds, Rg   4.7 A, potential     1.87
 132 / 1000 elapsed  0 system 0.80 temp   4.3 hbonds, Rg   4.7 A, potential     5.99
 133 / 1000 elapsed  0 system 0.80 temp   5.6 hbonds, Rg   4.7 A, potential    -5.04
 134 / 1000 elapsed  0 system 0.80 temp   5.5 hbonds, Rg   4.5 A, potential    -4.01
 135 / 1000 elapsed  0 system 0.80 temp   3.2 hbonds, Rg   4.5 A, potential     7.14
 136 / 1000 elapsed  0 system 0.80 temp   4.7 hbonds, Rg   4.4 A, potential    -0.79
 137 / 1000 elapsed  0 system 0.80 temp   5.7 hbonds, Rg   4.4 A, potential    -2.06
 138 / 1000 elapsed  0 system 0.80 temp   5.5 hbonds, Rg   4.6 A, potential    -7.69
 139 / 1000 elapsed  0 system 0.80 temp   5.6 hbonds, Rg   4.7 A, potential     0.02
 140 / 1000 elapsed  0 system 0.80 temp   5.8 hbonds, Rg   4.6 A, potential     6.45
 141 / 1000 elapsed  0 system 0.80 temp   5.0 hbonds, Rg   4.5 A, potential     1.84
 142 / 1000 elapsed  0 system 0.80 temp   5.2 hbonds, Rg   4.7 A, potential     5.34
 143 / 1000 elapsed  0 system 0.80 temp   5.3 hbonds, Rg   4.5 A, potential     0.81
 144 / 1000 elapsed  0 system 0.80 temp   4.8 hbonds, Rg   4.6 A, potential     6.61
 145 / 1000 elapsed  0 system 0.80 temp   5.7 hbonds, Rg   4.6 A, potential     2.54
 146 / 1000 elapsed  0 system 0.80 temp   5.1 hbonds, Rg   4.5 A, potential     0.94
 147 / 1000 elapsed  0 system 0.80 temp   4.8 hbonds, Rg   4.6 A, potential     9.91
 148 / 1000 elapsed  0 system 0.80 temp   4.7 hbonds, Rg   4.6 A, potential     8.57
 149 / 1000 elapsed  0 system 0.80 temp   4.0 hbonds, Rg   4.5 A, potential    11.49
 150 / 1000 elapsed  0 system 0.80 temp   5.9 hbonds, Rg   4.5 A, potential    16.01
 151 / 1000 elapsed  0 system 0.80 temp   4.9 hbonds, Rg   4.5 A, potential     9.50
 152 / 1000 elapsed  0 system 0.80 temp   3.7 hbonds, Rg   4.5 A, potential     8.98
 153 / 1000 elapsed  0 system 0.80 temp   2.9 hbonds, Rg   4.6 A, potential    13.08
 154 / 1000 elapsed  0 system 0.80 temp   4.4 hbonds, Rg   4.7 A, potential     5.87
 155 / 1000 elapsed  0 system 0.80 temp   4.8 hbonds, Rg   4.7 A, potential    11.62
 156 / 1000 elapsed  0 system 0.80 temp   5.2 hbonds, Rg   4.9 A, potential    -2.74
 157 / 1000 elapsed  0 system 0.80 temp   5.3 hbonds, Rg   4.8 A, potential     5.96
 158 / 1000 elapsed  0 system 0.80 temp   5.6 hbonds, Rg   4.7 A, potential     1.50
 159 / 1000 elapsed  0 system 0.80 temp   5.1 hbonds, Rg   4.8 A, potential     2.10
 160 / 1000 elapsed  0 system 0.80 temp   4.2 hbonds, Rg   4.5 A, potential     3.48
 161 / 1000 elapsed  0 system 0.80 temp   6.2 hbonds, Rg   4.6 A, potential    -1.21
 162 / 1000 elapsed  0 system 0.80 temp   5.4 hbonds, Rg   4.6 A, potential     2.25
 163 / 1000 elapsed  0 system 0.80 temp   5.3 hbonds, Rg   4.7 A, potential    -4.58
 164 / 1000 elapsed  0 system 0.80 temp   5.7 hbonds, Rg   4.7 A, potential     3.22
 165 / 1000 elapsed  0 system 0.80 temp   5.8 hbonds, Rg   4.6 A, potential    -8.26
 166 / 1000 elapsed  0 system 0.80 temp   5.6 hbonds, Rg   4.5 A, potential    -9.76
 167 / 1000 elapsed  0 system 0.80 temp   5.1 hbonds, Rg   4.5 A, potential    -0.75
 168 / 1000 elapsed  0 system 0.80 temp   3.8 hbonds, Rg   4.7 A, potential     0.21
 169 / 1000 elapsed  0 system 0.80 temp   4.4 hbonds, Rg   4.5 A, potential    -0.93
 170 / 1000 elapsed  0 system 0.80 temp   5.6 hbonds, Rg   4.6 A, potential    -0.95
 171 / 1000 elapsed  0 system 0.80 temp   5.4 hbonds, Rg   4.7 A, potential    -6.25
 172 / 1000 elapsed  0 system 0.80 temp   5.4 hbonds, Rg   4.8 A, potential    -1.22
 173 / 1000 elapsed  0 system 0.80 temp   5.2 hbonds, Rg   4.5 A, potential    -5.31
 174 / 1000 elapsed  0 system 0.80 temp   4.0 hbonds, Rg   4.7 A, potential    -0.63
 175 / 1000 elapsed  0 system 0.80 temp   5.8 hbonds, Rg   4.4 A, potential    -2.75
 176 / 1000 elapsed  0 system 0.80 temp   5.3 hbonds, Rg   4.6 A, potential    -2.83
 177 / 1000 elapsed  0 system 0.80 temp   6.1 hbonds, Rg   4.5 A, potential    -8.14
 178 / 1000 elapsed  0 system 0.80 temp   6.1 hbonds, Rg   4.4 A, potential    -4.73
 179 / 1000 elapsed  0 system 0.80 temp   5.1 hbonds, Rg   4.4 A, potential    -1.66
 180 / 1000 elapsed  0 system 0.80 temp   5.3 hbonds, Rg   4.5 A, potential    -0.61
 181 / 1000 elapsed  0 system 0.80 temp   5.0 hbonds, Rg   4.5 A, potential    -0.37
 182 / 1000 elapsed  0 system 0.80 temp   5.1 hbonds, Rg   4.6 A, potential     0.82
 183 / 1000 elapsed  0 system 0.80 temp   3.8 hbonds, Rg   4.5 A, potential    -0.01
 184 / 1000 elapsed  0 system 0.80 temp   5.3 hbonds, Rg   4.6 A, potential     2.67
 185 / 1000 elapsed  0 system 0.80 temp   5.5 hbonds, Rg   4.5 A, potential     6.41
 186 / 1000 elapsed  0 system 0.80 temp   4.9 hbonds, Rg   4.7 A, potential    -4.34
 187 / 1000 elapsed  0 system 0.80 temp   4.7 hbonds, Rg   4.6 A, potential     0.67
 188 / 1000 elapsed  0 system 0.80 temp   4.1 hbonds, Rg   4.6 A, potential     7.92
 189 / 1000 elapsed  0 system 0.80 temp   4.7 hbonds, Rg   4.5 A, potential    14.18
 190 / 1000 elapsed  0 system 0.80 temp   6.0 hbonds, Rg   4.5 A, potential     2.72
 191 / 1000 elapsed  0 system 0.80 temp   5.3 hbonds, Rg   4.6 A, potential     1.83
 192 / 1000 elapsed  0 system 0.80 temp   4.4 hbonds, Rg   4.4 A, potential     0.33
 193 / 1000 elapsed  0 system 0.80 temp   5.4 hbonds, Rg   4.5 A, potential     6.07
 194 / 1000 elapsed  0 system 0.80 temp   5.2 hbonds, Rg   4.7 A, potential     0.82
 195 / 1000 elapsed  0 system 0.80 temp   5.2 hbonds, Rg   4.7 A, potential     5.32
 196 / 1000 elapsed  0 system 0.80 temp   3.8 hbonds, Rg   4.7 A, potential     8.04
 197 / 1000 elapsed  0 system 0.80 temp   5.2 hbonds, Rg   4.6 A, potential    10.56
 198 / 1000 elapsed  0 system 0.80 temp   5.1 hbonds, Rg   4.8 A, potential     9.23
 199 / 1000 elapsed  0 system 0.80 temp   5.3 hbonds, Rg   4.7 A, potential     8.46
 200 / 1000 elapsed  0 system 0.80 temp   4.9 hbonds, Rg   4.8 A, potential     8.40
 201 / 1000 elapsed  0 system 0.80 temp   5.1 hbonds, Rg   4.7 A, potential     6.44
 202 / 1000 elapsed  0 system 0.80 temp   5.5 hbonds, Rg   4.6 A, potential    -3.03
 203 / 1000 elapsed  0 system 0.80 temp   5.2 hbonds, Rg   4.6 A, potential    -0.47
 204 / 1000 elapsed  0 system 0.80 temp   5.4 hbonds, Rg   4.6 A, potential     0.78
 205 / 1000 elapsed  0 system 0.80 temp   4.8 hbonds, Rg   4.7 A, potential     2.41
 206 / 1000 elapsed  0 system 0.80 temp   4.2 hbonds, Rg   4.7 A, potential     6.82
 207 / 1000 elapsed  0 system 0.80 temp   4.4 hbonds, Rg   4.7 A, potential    -2.79
 208 / 1000 elapsed  0 system 0.80 temp   5.2 hbonds, Rg   4.7 A, potential     6.57
 209 / 1000 elapsed  0 system 0.80 temp   4.3 hbonds, Rg   4.6 A, potential     4.73
 210 / 1000 elapsed  0 system 0.80 temp   6.2 hbonds, Rg   4.5 A, potential    -2.17
 211 / 1000 elapsed  0 system 0.80 temp   6.0 hbonds, Rg   4.5 A, potential     0.80
 212 / 1000 elapsed  0 system 0.80 temp   5.5 hbonds, Rg   4.4 A, potential    -3.97
 213 / 1000 elapsed  0 system 0.80 temp   4.9 hbonds, Rg   4.6 A, potential    -1.94
 214 / 1000 elapsed  0 system 0.80 temp   4.8 hbonds, Rg   4.7 A, potential    -0.47
 215 / 1000 elapsed  0 system 0.80 temp   4.0 hbonds, Rg   4.6 A, potential     0.28
 216 / 1000 elapsed  0 system 0.80 temp   3.9 hbonds, Rg   4.6 A, potential    -0.99
 217 / 1000 elapsed  0 system 0.80 temp   4.6 hbonds, Rg   4.6 A, potential     5.84
 218 / 1000 elapsed  0 system 0.80 temp   4.6 hbonds, Rg   4.5 A, potential     6.75
 219 / 1000 elapsed  0 system 0.80 temp   4.6 hbonds, Rg   4.7 A, potential    10.97
 220 / 1000 elapsed  0 system 0.80 temp   4.0 hbonds, Rg   4.8 A, potential     2.26
 221 / 1000 elapsed  0 system 0.80 temp   4.2 hbonds, Rg   4.8 A, potential     1.03
 222 / 1000 elapsed  0 system 0.80 temp   5.1 hbonds, Rg   4.9 A, potential     4.95
 223 / 1000 elapsed  0 system 0.80 temp   6.3 hbonds, Rg   4.7 A, potential     5.94
 224 / 1000 elapsed  0 system 0.80 temp   5.6 hbonds, Rg   4.8 A, potential     2.37
 225 / 1000 elapsed  0 system 0.80 temp   5.2 hbonds, Rg   4.7 A, potential    -2.05
 226 / 1000 elapsed  0 system 0.80 temp   5.9 hbonds, Rg   4.5 A, potential    -3.15
 227 / 1000 elapsed  0 system 0.80 temp   5.7 hbonds, Rg   4.6 A, potential     6.52
 228 / 1000 elapsed  0 system 0.80 temp   6.0 hbonds, Rg   4.7 A, potential    10.77
 229 / 1000 elapsed  0 system 0.80 temp   5.8 hbonds, Rg   4.6 A, potential    -1.50
 230 / 1000 elapsed  0 system 0.80 temp   5.1 hbonds, Rg   4.5 A, potential     1.05
 231 / 1000 elapsed  0 system 0.80 temp   4.8 hbonds, Rg   4.6 A, potential    -0.45
 232 / 1000 elapsed  0 system 0.80 temp   5.2 hbonds, Rg   4.5 A, potential     2.02
 233 / 1000 elapsed  0 system 0.80 temp   4.7 hbonds, Rg   4.6 A, potential    -1.19
 234 / 1000 elapsed  0 system 0.80 temp   5.7 hbonds, Rg   4.5 A, potential    -7.79
 235 / 1000 elapsed  0 system 0.80 temp   3.8 hbonds, Rg   4.5 A, potential     0.87
 236 / 1000 elapsed  0 system 0.80 temp   5.3 hbonds, Rg   4.6 A, potential     7.20
 237 / 1000 elapsed  0 system 0.80 temp   4.2 hbonds, Rg   4.5 A, potential    -3.67
 238 / 1000 elapsed  0 system 0.80 temp   5.0 hbonds, Rg   4.5 A, potential     1.19
 239 / 1000 elapsed  0 system 0.80 temp   5.5 hbonds, Rg   4.5 A, potential    -5.45
 240 / 1000 elapsed  0 system 0.80 temp   4.3 hbonds, Rg   4.5 A, potential     2.57
 241 / 1000 elapsed  0 system 0.80 temp   4.9 hbonds, Rg   4.5 A, potential    -3.09
 242 / 1000 elapsed  0 system 0.80 temp   5.6 hbonds, Rg   4.5 A, potential    -7.01
 243 / 1000 elapsed  0 system 0.80 temp   5.7 hbonds, Rg   4.6 A, potential     5.86
 244 / 1000 elapsed  0 system 0.80 temp   4.6 hbonds, Rg   4.6 A, potential    -5.17
 245 / 1000 elapsed  0 system 0.80 temp   4.3 hbonds, Rg   4.7 A, potential    -2.28
 246 / 1000 elapsed  0 system 0.80 temp   5.5 hbonds, Rg   5.0 A, potential     7.41
 247 / 1000 elapsed  0 system 0.80 temp   5.1 hbonds, Rg   5.0 A, potential     7.07
 248 / 1000 elapsed  0 system 0.80 temp   4.2 hbonds, Rg   4.7 A, potential    -0.64
 249 / 1000 elapsed  0 system 0.80 temp   5.7 hbonds, Rg   4.7 A, potential    -2.57
 250 / 1000 elapsed  0 system 0.80 temp   5.5 hbonds, Rg   4.8 A, potential    -0.05
 251 / 1000 elapsed  0 system 0.80 temp   5.5 hbonds, Rg   4.7 A, potential     5.39
 252 / 1000 elapsed  0 system 0.80 temp   4.1 hbonds, Rg   4.7 A, potential     1.49
 253 / 1000 elapsed  0 system 0.80 temp   4.8 hbonds, Rg   4.8 A, potential     1.48
 254 / 1000 elapsed  0 system 0.80 temp   5.6 hbonds, Rg   4.7 A, potential    -6.39
 255 / 1000 elapsed  0 system 0.80 temp   5.1 hbonds, Rg   4.7 A, potential    -3.64
 256 / 1000 elapsed  0 system 0.80 temp   4.6 hbonds, Rg   4.7 A, potential     4.99
 257 / 1000 elapsed  0 system 0.80 temp   5.7 hbonds, Rg   4.6 A, potential     1.40
 258 / 1000 elapsed  0 system 0.80 temp   5.4 hbonds, Rg   4.5 A, potential     0.63
 259 / 1000 elapsed  0 system 0.80 temp   5.5 hbonds, Rg   4.5 A, potential     0.74
 260 / 1000 elapsed  0 system 0.80 temp   4.6 hbonds, Rg   4.5 A, potential     5.26
 261 / 1000 elapsed  0 system 0.80 temp   5.1 hbonds, Rg   4.3 A, potential    -4.36
 262 / 1000 elapsed  0 system 0.80 temp   6.3 hbonds, Rg   4.4 A, potential    -1.11
 263 / 1000 elapsed  0 system 0.80 temp   5.2 hbonds, Rg   4.5 A, potential    -0.76
 264 / 1000 elapsed  0 system 0.80 temp   5.0 hbonds, Rg   4.6 A, potential   -11.43
 265 / 1000 elapsed  0 system 0.80 temp   5.5 hbonds, Rg   4.5 A, potential    -6.30
 266 / 1000 elapsed  0 system 0.80 temp   5.2 hbonds, Rg   4.4 A, potential    -5.97
 267 / 1000 elapsed  0 system 0.80 temp   5.4 hbonds, Rg   4.5 A, potential    -5.44
 268 / 1000 elapsed  0 system 0.80 temp   5.8 hbonds, Rg   4.6 A, potential    -1.29
 269 / 1000 elapsed  0 system 0.80 temp   5.4 hbonds, Rg   4.6 A, potential    -3.86
 270 / 1000 elapsed  0 system 0.80 temp   4.7 hbonds, Rg   4.6 A, potential    -5.46
 271 / 1000 elapsed  0 system 0.80 temp   5.2 hbonds, Rg   4.5 A, potential    -2.04
 272 / 1000 elapsed  0 system 0.80 temp   5.1 hbonds, Rg   4.5 A, potential    -2.10
 273 / 1000 elapsed  0 system 0.80 temp   5.7 hbonds, Rg   4.5 A, potential    -2.48
 274 / 1000 elapsed  0 system 0.80 temp   4.2 hbonds, Rg   4.5 A, potential     3.19
 275 / 1000 elapsed  0 system 0.80 temp   4.3 hbonds, Rg   4.6 A, potential    -1.51
 276 / 1000 elapsed  0 system 0.80 temp   4.7 hbonds, Rg   4.5 A, potential     3.57
 277 / 1000 elapsed  0 system 0.80 temp   4.9 hbonds, Rg   4.4 A, potential    -6.37
 278 / 1000 elapsed  0 system 0.80 temp   4.8 hbonds, Rg   4.6 A, potential    -2.12
 279 / 1000 elapsed  0 system 0.80 temp   4.7 hbonds, Rg   4.6 A, potential    -7.23
 280 / 1000 elapsed  0 system 0.80 temp   5.1 hbonds, Rg   4.5 A, potential    -3.22
 281 / 1000 elapsed  0 system 0.80 temp   5.3 hbonds, Rg   4.7 A, potential    -0.46
 282 / 1000 elapsed  0 system 0.80 temp   5.3 hbonds, Rg   4.7 A, potential    -3.18
 283 / 1000 elapsed  0 system 0.80 temp   5.0 hbonds, Rg   4.6 A, potential    -4.30
 284 / 1000 elapsed  0 system 0.80 temp   5.1 hbonds, Rg   4.6 A, potential    -9.47
 285 / 1000 elapsed  0 system 0.80 temp   4.4 hbonds, Rg   4.7 A, potential    -0.24
 286 / 1000 elapsed  0 system 0.80 temp   5.0 hbonds, Rg   4.7 A, potential    -8.64
 287 / 1000 elapsed  0 system 0.80 temp   5.3 hbonds, Rg   4.9 A, potential     5.78
 288 / 1000 elapsed  0 system 0.80 temp   5.1 hbonds, Rg   4.7 A, potential    -2.24
 289 / 1000 elapsed  0 system 0.80 temp   5.0 hbonds, Rg   4.5 A, potential     7.43
 290 / 1000 elapsed  0 system 0.80 temp   4.5 hbonds, Rg   4.8 A, potential     8.21
 291 / 1000 elapsed  0 system 0.80 temp   5.3 hbonds, Rg   4.8 A, potential     5.84
 292 / 1000 elapsed  0 system 0.80 temp   5.3 hbonds, Rg   4.5 A, potential     1.09
 293 / 1000 elapsed  0 system 0.80 temp   4.9 hbonds, Rg   4.7 A, potential     6.91
 294 / 1000 elapsed  0 system 0.80 temp   6.2 hbonds, Rg   4.5 A, potential     0.68
 295 / 1000 elapsed  0 system 0.80 temp   5.6 hbonds, Rg   4.7 A, potential     5.62
 296 / 1000 elapsed  0 system 0.80 temp   5.6 hbonds, Rg   4.7 A, potential     6.99
 297 / 1000 elapsed  0 system 0.80 temp   4.8 hbonds, Rg   4.7 A, potential     1.52
 298 / 1000 elapsed  0 system 0.80 temp   5.4 hbonds, Rg   4.7 A, potential     4.31
 299 / 1000 elapsed  0 system 0.80 temp   3.7 hbonds, Rg   4.9 A, potential     6.75
 300 / 1000 elapsed  0 system 0.80 temp   5.2 hbonds, Rg   4.8 A, potential     1.59
 301 / 1000 elapsed  0 system 0.80 temp   4.3 hbonds, Rg   4.8 A, potential     3.70
 302 / 1000 elapsed  0 system 0.80 temp   3.9 hbonds, Rg   4.9 A, potential     8.32
 303 / 1000 elapsed  0 system 0.80 temp   5.3 hbonds, Rg   4.9 A, potential     8.62
 304 / 1000 elapsed  0 system 0.80 temp   4.4 hbonds, Rg   4.9 A, potential     6.62
 305 / 1000 elapsed  0 system 0.80 temp   3.9 hbonds, Rg   4.8 A, potential     0.04
 306 / 1000 elapsed  0 system 0.80 temp   5.6 hbonds, Rg   4.8 A, potential     4.54
 307 / 1000 elapsed  0 system 0.80 temp   4.1 hbonds, Rg   4.8 A, potential    -1.47
 308 / 1000 elapsed  0 system 0.80 temp   4.9 hbonds, Rg   4.7 A, potential    -4.73
 309 / 1000 elapsed  0 system 0.80 temp   5.0 hbonds, Rg   4.9 A, potential    -2.86
 310 / 1000 elapsed  0 system 0.80 temp   3.5 hbonds, Rg   5.0 A, potential     4.39
 311 / 1000 elapsed  0 system 0.80 temp   5.4 hbonds, Rg   4.9 A, potential     3.84
 312 / 1000 elapsed  0 system 0.80 temp   5.7 hbonds, Rg   4.8 A, potential     0.66
 313 / 1000 elapsed  0 system 0.80 temp   4.8 hbonds, Rg   5.0 A, potential    11.08
 314 / 1000 elapsed  0 system 0.80 temp   5.6 hbonds, Rg   4.9 A, potential     4.32
 315 / 1000 elapsed  0 system 0.80 temp   5.0 hbonds, Rg   4.7 A, potential     3.61
 316 / 1000 elapsed  0 system 0.80 temp   5.3 hbonds, Rg   4.8 A, potential     2.08
 317 / 1000 elapsed  0 system 0.80 temp   5.0 hbonds, Rg   4.9 A, potential     1.40
 318 / 1000 elapsed  0 system 0.80 temp   5.2 hbonds, Rg   5.0 A, potential    -4.42
 319 / 1000 elapsed  0 system 0.80 temp   6.3 hbonds, Rg   4.8 A, potential     5.85
 320 / 1000 elapsed  0 system 0.80 temp   6.0 hbonds, Rg   4.9 A, potential    -0.57
 321 / 1000 elapsed  0 system 0.80 temp   4.7 hbonds, Rg   4.9 A, potential     9.96
 322 / 1000 elapsed  0 system 0.80 temp   4.9 hbonds, Rg   4.9 A, potential     5.85
 323 / 1000 elapsed  0 system 0.80 temp   5.4 hbonds, Rg   4.9 A, potential     8.83
 324 / 1000 elapsed  0 system 0.80 temp   5.3 hbonds, Rg   5.0 A, potential     6.08
 325 / 1000 elapsed  0 system 0.80 temp   5.5 hbonds, Rg   4.9 A, potential    10.79
 326 / 1000 elapsed  0 system 0.80 temp   5.3 hbonds, Rg   4.9 A, potential    10.90
 327 / 1000 elapsed  0 system 0.80 temp   4.7 hbonds, Rg   4.9 A, potential     6.69
 328 / 1000 elapsed  0 system 0.80 temp   5.7 hbonds, Rg   4.9 A, potential     4.42
 329 / 1000 elapsed  0 system 0.80 temp   5.2 hbonds, Rg   4.8 A, potential     1.02
 330 / 1000 elapsed  0 system 0.80 temp   5.4 hbonds, Rg   4.8 A, potential     3.44
 331 / 1000 elapsed  0 system 0.80 temp   5.1 hbonds, Rg   4.8 A, potential    -0.36
 332 / 1000 elapsed  0 system 0.80 temp   4.9 hbonds, Rg   4.9 A, potential    -2.98
 333 / 1000 elapsed  0 system 0.80 temp   4.3 hbonds, Rg   4.9 A, potential    -1.77
 334 / 1000 elapsed  0 system 0.80 temp   4.7 hbonds, Rg   4.8 A, potential    -0.46
 335 / 1000 elapsed  0 system 0.80 temp   4.4 hbonds, Rg   4.9 A, potential    -0.99
 336 / 1000 elapsed  0 system 0.80 temp   3.1 hbonds, Rg   4.7 A, potential     5.90
 337 / 1000 elapsed  0 system 0.80 temp   3.6 hbonds, Rg   4.8 A, potential    13.29
 338 / 1000 elapsed  0 system 0.80 temp   3.8 hbonds, Rg   4.9 A, potential    16.35
 339 / 1000 elapsed  0 system 0.80 temp   3.2 hbonds, Rg   4.8 A, potential    15.70
 340 / 1000 elapsed  0 system 0.80 temp   3.9 hbonds, Rg   5.0 A, potential     7.42
 341 / 1000 elapsed  0 system 0.80 temp   1.2 hbonds, Rg   5.0 A, potential    19.10
 342 / 1000 elapsed  0 system 0.80 temp   2.9 hbonds, Rg   5.0 A, potential    12.83
 343 / 1000 elapsed  0 system 0.80 temp   3.6 hbonds, Rg   4.9 A, potential    13.44
 344 / 1000 elapsed  0 system 0.80 temp   3.4 hbonds, Rg   5.0 A, potential    13.71
 345 / 1000 elapsed  0 system 0.80 temp   3.7 hbonds, Rg   5.1 A, potential    12.40
 346 / 1000 elapsed  0 system 0.80 temp   3.3 hbonds, Rg   5.1 A, potential    10.92
 347 / 1000 elapsed  0 system 0.80 temp   3.7 hbonds, Rg   5.1 A, potential    20.52
 348 / 1000 elapsed  0 system 0.80 temp   3.4 hbonds, Rg   5.0 A, potential    12.70
 349 / 1000 elapsed  0 system 0.80 temp   3.6 hbonds, Rg   5.1 A, potential    15.79
 350 / 1000 elapsed  0 system 0.80 temp   2.9 hbonds, Rg   5.1 A, potential    10.32
 351 / 1000 elapsed  0 system 0.80 temp   3.7 hbonds, Rg   4.8 A, potential    16.39
 352 / 1000 elapsed  0 system 0.80 temp   5.2 hbonds, Rg   4.7 A, potential     7.97
 353 / 1000 elapsed  0 system 0.80 temp   5.3 hbonds, Rg   4.9 A, potential    16.29
 354 / 1000 elapsed  0 system 0.80 temp   5.1 hbonds, Rg   4.7 A, potential     6.85
 355 / 1000 elapsed  0 system 0.80 temp   3.7 hbonds, Rg   4.6 A, potential     6.55
 356 / 1000 elapsed  0 system 0.80 temp   3.7 hbonds, Rg   4.6 A, potential    11.08
 357 / 1000 elapsed  0 system 0.80 temp   4.9 hbonds, Rg   4.5 A, potential     7.43
 358 / 1000 elapsed  0 system 0.80 temp   4.5 hbonds, Rg   4.5 A, potential    11.01
 359 / 1000 elapsed  0 system 0.80 temp   5.2 hbonds, Rg   4.5 A, potential     4.00
 360 / 1000 elapsed  0 system 0.80 temp   6.5 hbonds, Rg   4.8 A, potential     9.08
 361 / 1000 elapsed  0 system 0.80 temp   5.1 hbonds, Rg   4.5 A, potential    -0.03
 362 / 1000 elapsed  0 system 0.80 temp   5.1 hbonds, Rg   4.5 A, potential     3.17
 363 / 1000 elapsed  0 system 0.80 temp   4.9 hbonds, Rg   4.7 A, potential     9.17
 364 / 1000 elapsed  0 system 0.80 temp   4.5 hbonds, Rg   4.5 A, potential    -1.73
 365 / 1000 elapsed  0 system 0.80 temp   5.5 hbonds, Rg   4.6 A, potential    -5.07
 366 / 1000 elapsed  0 system 0.80 temp   4.8 hbonds, Rg   4.6 A, potential    -4.39
 367 / 1000 elapsed  0 system 0.80 temp   3.8 hbonds, Rg   4.5 A, potential    -4.73
 368 / 1000 elapsed  0 system 0.80 temp   4.8 hbonds, Rg   4.5 A, potential    -3.64
 369 / 1000 elapsed  0 system 0.80 temp   5.3 hbonds, Rg   4.6 A, potential    -5.66
 370 / 1000 elapsed  0 system 0.80 temp   5.4 hbonds, Rg   4.7 A, potential     2.65
 371 / 1000 elapsed  0 system 0.80 temp   5.7 hbonds, Rg   4.4 A, potential    -2.11
 372 / 1000 elapsed  0 system 0.80 temp   5.2 hbonds, Rg   4.4 A, potential    -4.74
 373 / 1000 elapsed  0 system 0.80 temp   5.4 hbonds, Rg   4.7 A, potential     1.38
 374 / 1000 elapsed  0 system 0.80 temp   5.7 hbonds, Rg   4.5 A, potential     3.97
 375 / 1000 elapsed  0 system 0.80 temp   5.5 hbonds, Rg   4.5 A, potential    -1.72
 376 / 1000 elapsed  0 system 0.80 temp   5.6 hbonds, Rg   4.7 A, potential     4.47
 377 / 1000 elapsed  0 system 0.80 temp   4.2 hbonds, Rg   4.5 A, potential     7.11
 378 / 1000 elapsed  0 system 0.80 temp   5.7 hbonds, Rg   4.6 A, potential     5.27
 379 / 1000 elapsed  0 system 0.80 temp   5.3 hbonds, Rg   4.4 A, potential    -0.83
 380 / 1000 elapsed  0 system 0.80 temp   5.7 hbonds, Rg   4.5 A, potential     9.45
 381 / 1000 elapsed  0 system 0.80 temp   5.8 hbonds, Rg   4.6 A, potential     0.27
 382 / 1000 elapsed  0 system 0.80 temp   5.2 hbonds, Rg   4.6 A, potential     0.76
 383 / 1000 elapsed  0 system 0.80 temp   5.3 hbonds, Rg   4.7 A, potential    -3.04
 384 / 1000 elapsed  0 system 0.80 temp   4.7 hbonds, Rg   4.9 A, potential     3.07
 385 / 1000 elapsed  0 system 0.80 temp   5.4 hbonds, Rg   4.8 A, potential    17.36
 386 / 1000 elapsed  0 system 0.80 temp   5.6 hbonds, Rg   4.7 A, potential    11.17
 387 / 1000 elapsed  0 system 0.80 temp   5.5 hbonds, Rg   4.8 A, potential     6.76
 388 / 1000 elapsed  0 system 0.80 temp   4.4 hbonds, Rg   4.7 A, potential     7.11
 389 / 1000 elapsed  0 system 0.80 temp   5.6 hbonds, Rg   4.6 A, potential    10.98
 390 / 1000 elapsed  0 system 0.80 temp   5.1 hbonds, Rg   4.8 A, potential     3.54
 391 / 1000 elapsed  0 system 0.80 temp   4.7 hbonds, Rg   4.7 A, potential     6.47
 392 / 1000 elapsed  0 system 0.80 temp   4.2 hbonds, Rg   4.6 A, potential     9.38
 393 / 1000 elapsed  0 system 0.80 temp   2.8 hbonds, Rg   4.8 A, potential    11.90
 394 / 1000 elapsed  0 system 0.80 temp   5.2 hbonds, Rg   4.8 A, potential    14.85
 395 / 1000 elapsed  0 system 0.80 temp   2.2 hbonds, Rg   5.0 A, potential    30.48
 396 / 1000 elapsed  0 system 0.80 temp   4.6 hbonds, Rg   5.0 A, potential    10.94
 397 / 1000 elapsed  0 system 0.80 temp   4.0 hbonds, Rg   4.7 A, potential    19.55
 398 / 1000 elapsed  0 system 0.80 temp   5.4 hbonds, Rg   4.8 A, potential     6.19
 399 / 1000 elapsed  0 system 0.80 temp   4.2 hbonds, Rg   4.9 A, potential     3.01
 400 / 1000 elapsed  0 system 0.80 temp   4.8 hbonds, Rg   5.0 A, potential     2.39
 401 / 1000 elapsed  0 system 0.80 temp   4.8 hbonds, Rg   4.9 A, potential     4.20
 402 / 1000 elapsed  0 system 0.80 temp   6.5 hbonds, Rg   4.9 A, potential     7.16
 403 / 1000 elapsed  0 system 0.80 temp   4.8 hbonds, Rg   4.9 A, potential     3.12
 404 / 1000 elapsed  0 system 0.80 temp   5.4 hbonds, Rg   4.8 A, potential    -1.55
 405 / 1000 elapsed  0 system 0.80 temp   4.8 hbonds, Rg   4.7 A, potential    -1.40
 406 / 1000 elapsed  0 system 0.80 temp   5.9 hbonds, Rg   4.8 A, potential    -0.16
 407 / 1000 elapsed  0 system 0.80 temp   5.5 hbonds, Rg   4.9 A, potential    10.44
 408 / 1000 elapsed  0 system 0.80 temp   5.2 hbonds, Rg   4.9 A, potential     9.16
 409 / 1000 elapsed  0 system 0.80 temp   5.1 hbonds, Rg   4.8 A, potential    11.75
 410 / 1000 elapsed  0 system 0.80 temp   4.3 hbonds, Rg   4.6 A, potential     3.10
 411 / 1000 elapsed  0 system 0.80 temp   3.7 hbonds, Rg   4.7 A, potential    -0.76
 412 / 1000 elapsed  0 system 0.80 temp   2.0 hbonds, Rg   4.9 A, potential     1.65
 413 / 1000 elapsed  0 system 0.80 temp   2.2 hbonds, Rg   4.8 A, potential     8.87
 414 / 1000 elapsed  0 system 0.80 temp   1.3 hbonds, Rg   4.9 A, potential     9.75
 415 / 1000 elapsed  0 system 0.80 temp   3.5 hbonds, Rg   4.7 A, potential    -2.04
 416 / 1000 elapsed  0 system 0.80 temp   4.2 hbonds, Rg   4.8 A, potential     4.23
 417 / 1000 elapsed  0 system 0.80 temp   4.7 hbonds, Rg   4.7 A, potential     0.74
 418 / 1000 elapsed  0 system 0.80 temp   5.3 hbonds, Rg   4.8 A, potential     1.65
 419 / 1000 elapsed  0 system 0.80 temp   5.3 hbonds, Rg   5.0 A, potential    -1.85
 420 / 1000 elapsed  0 system 0.80 temp   4.9 hbonds, Rg   4.9 A, potential    10.40
 421 / 1000 elapsed  0 system 0.80 temp   4.0 hbonds, Rg   4.9 A, potential     1.93
 422 / 1000 elapsed  0 system 0.80 temp   4.4 hbonds, Rg   4.9 A, potential     4.60
 423 / 1000 elapsed  0 system 0.80 temp   5.0 hbonds, Rg   5.1 A, potential     7.13
 424 / 1000 elapsed  0 system 0.80 temp   5.4 hbonds, Rg   5.1 A, potential    -0.10
 425 / 1000 elapsed  0 system 0.80 temp   6.1 hbonds, Rg   4.8 A, potential    -1.02
 426 / 1000 elapsed  0 system 0.80 temp   5.8 hbonds, Rg   4.9 A, potential    -1.65
 427 / 1000 elapsed  0 system 0.80 temp   5.8 hbonds, Rg   4.8 A, potential    -9.33
 428 / 1000 elapsed  0 system 0.80 temp   5.2 hbonds, Rg   4.9 A, potential    -1.44
 429 / 1000 elapsed  0 system 0.80 temp   5.9 hbonds, Rg   4.9 A, potential     4.52
 430 / 1000 elapsed  0 system 0.80 temp   5.1 hbonds, Rg   4.7 A, potential     5.14
 431 / 1000 elapsed  0 system 0.80 temp   5.3 hbonds, Rg   4.9 A, potential     7.92
 432 / 1000 elapsed  0 system 0.80 temp   3.3 hbonds, Rg   5.0 A, potential    15.35
 433 / 1000 elapsed  0 system 0.80 temp   5.0 hbonds, Rg   4.7 A, potential     2.91
 434 / 1000 elapsed  0 system 0.80 temp   5.7 hbonds, Rg   4.7 A, potential    -0.88
 435 / 1000 elapsed  0 system 0.80 temp   5.7 hbonds, Rg   4.6 A, potential    -1.98
 436 / 1000 elapsed  0 system 0.80 temp   4.5 hbonds, Rg   4.5 A, potential    11.44
 437 / 1000 elapsed  0 system 0.80 temp   4.8 hbonds, Rg   4.5 A, potential    -0.64
 438 / 1000 elapsed  0 system 0.80 temp   5.7 hbonds, Rg   4.6 A, potential    13.32
 439 / 1000 elapsed  0 system 0.80 temp   4.0 hbonds, Rg   4.6 A, potential     0.92
 440 / 1000 elapsed  0 system 0.80 temp   4.7 hbonds, Rg   4.7 A, potential    14.68
 441 / 1000 elapsed  0 system 0.80 temp   5.6 hbonds, Rg   4.6 A, potential     8.51
 442 / 1000 elapsed  0 system 0.80 temp   5.3 hbonds, Rg   4.5 A, potential    14.67
 443 / 1000 elapsed  0 system 0.80 temp   4.5 hbonds, Rg   4.7 A, potential    14.98
 444 / 1000 elapsed  0 system 0.80 temp   3.9 hbonds, Rg   4.5 A, potential    12.60
 445 / 1000 elapsed  0 system 0.80 temp   4.4 hbonds, Rg   4.3 A, potential    13.49
 446 / 1000 elapsed  0 system 0.80 temp   4.3 hbonds, Rg   4.5 A, potential    10.51
 447 / 1000 elapsed  0 system 0.80 temp   4.7 hbonds, Rg   4.7 A, potential    10.27
 448 / 1000 elapsed  0 system 0.80 temp   5.1 hbonds, Rg   4.4 A, potential     8.77
 449 / 1000 elapsed  0 system 0.80 temp   4.5 hbonds, Rg   4.5 A, potential     1.61
 450 / 1000 elapsed  0 system 0.80 temp   5.7 hbonds, Rg   4.7 A, potential    13.36
 451 / 1000 elapsed  0 system 0.80 temp   5.5 hbonds, Rg   4.5 A, potential    14.37
 452 / 1000 elapsed  0 system 0.80 temp   5.9 hbonds, Rg   4.3 A, potential     8.26
 453 / 1000 elapsed  0 system 0.80 temp   6.1 hbonds, Rg   4.6 A, potential     8.91
 454 / 1000 elapsed  0 system 0.80 temp   5.5 hbonds, Rg   4.6 A, potential    -0.06
 455 / 1000 elapsed  0 system 0.80 temp   4.7 hbonds, Rg   4.7 A, potential     6.40
 456 / 1000 elapsed  0 system 0.80 temp   5.9 hbonds, Rg   4.6 A, potential     3.89
 457 / 1000 elapsed  0 system 0.80 temp   4.1 hbonds, Rg   4.6 A, potential     9.95
 458 / 1000 elapsed  0 system 0.80 temp   4.6 hbonds, Rg   4.6 A, potential     5.27
 459 / 1000 elapsed  0 system 0.80 temp   5.2 hbonds, Rg   4.7 A, potential    -1.92
 460 / 1000 elapsed  0 system 0.80 temp   5.6 hbonds, Rg   4.7 A, potential    -0.50
 461 / 1000 elapsed  0 system 0.80 temp   5.8 hbonds, Rg   4.7 A, potential     4.55
 462 / 1000 elapsed  0 system 0.80 temp   4.8 hbonds, Rg   4.8 A, potential    12.39
 463 / 1000 elapsed  0 system 0.80 temp   5.6 hbonds, Rg   4.7 A, potential     6.26
 464 / 1000 elapsed  0 system 0.80 temp   4.6 hbonds, Rg   4.5 A, potential     2.48
 465 / 1000 elapsed  0 system 0.80 temp   5.2 hbonds, Rg   4.6 A, potential     3.86
 466 / 1000 elapsed  0 system 0.80 temp   4.3 hbonds, Rg   4.5 A, potential    -4.36
 467 / 1000 elapsed  0 system 0.80 temp   5.3 hbonds, Rg   4.7 A, potential     8.71
 468 / 1000 elapsed  0 system 0.80 temp   5.2 hbonds, Rg   4.5 A, potential     0.62
 469 / 1000 elapsed  0 system 0.80 temp   5.1 hbonds, Rg   4.5 A, potential    17.37
 470 / 1000 elapsed  0 system 0.80 temp   4.9 hbonds, Rg   4.6 A, potential     4.37
 471 / 1000 elapsed  0 system 0.80 temp   5.1 hbonds, Rg   4.4 A, potential     4.45
 472 / 1000 elapsed  0 system 0.80 temp   6.1 hbonds, Rg   4.5 A, potential     5.25
 473 / 1000 elapsed  0 system 0.80 temp   4.3 hbonds, Rg   4.7 A, potential     4.45
 474 / 1000 elapsed  0 system 0.80 temp   5.7 hbonds, Rg   4.6 A, potential     3.35
 475 / 1000 elapsed  0 system 0.80 temp   5.0 hbonds, Rg   4.7 A, potential     3.36
 476 / 1000 elapsed  0 system 0.80 temp   6.1 hbonds, Rg   4.8 A, potential     0.17
 477 / 1000 elapsed  0 system 0.80 temp   5.2 hbonds, Rg   4.8 A, potential    -7.38
 478 / 1000 elapsed  0 system 0.80 temp   5.4 hbonds, Rg   4.6 A, potential    -4.40
 479 / 1000 elapsed  0 system 0.80 temp   5.6 hbonds, Rg   4.7 A, potential     6.77
 480 / 1000 elapsed  0 system 0.80 temp   4.1 hbonds, Rg   4.6 A, potential    -0.01
 481 / 1000 elapsed  0 system 0.80 temp   5.2 hbonds, Rg   4.5 A, potential    -5.89
 482 / 1000 elapsed  0 system 0.80 temp   5.8 hbonds, Rg   4.5 A, potential    -0.70
 483 / 1000 elapsed  0 system 0.80 temp   5.9 hbonds, Rg   4.5 A, potential     1.05
 484 / 1000 elapsed  0 system 0.80 temp   5.0 hbonds, Rg   4.5 A, potential    -1.14
 485 / 1000 elapsed  0 system 0.80 temp   5.5 hbonds, Rg   4.5 A, potential    -2.78
 486 / 1000 elapsed  0 system 0.80 temp   5.7 hbonds, Rg   4.8 A, potential     2.11
 487 / 1000 elapsed  0 system 0.80 temp   5.3 hbonds, Rg   4.7 A, potential    -3.07
 488 / 1000 elapsed  0 system 0.80 temp   4.4 hbonds, Rg   4.7 A, potential    -6.12
 489 / 1000 elapsed  0 system 0.80 temp   5.9 hbonds, Rg   4.8 A, potential    -1.05
 490 / 1000 elapsed  0 system 0.80 temp   5.8 hbonds, Rg   4.5 A, potential   -10.77
 491 / 1000 elapsed  0 system 0.80 temp   5.2 hbonds, Rg   4.4 A, potential     7.50
 492 / 1000 elapsed  0 system 0.80 temp   4.7 hbonds, Rg   4.5 A, potential     3.31
 493 / 1000 elapsed  0 system 0.80 temp   5.0 hbonds, Rg   4.5 A, potential    -8.05
 494 / 1000 elapsed  0 system 0.80 temp   5.4 hbonds, Rg   4.5 A, potential    -5.86
 495 / 1000 elapsed  0 system 0.80 temp   5.1 hbonds, Rg   4.6 A, potential    -4.86
 496 / 1000 elapsed  0 system 0.80 temp   5.5 hbonds, Rg   4.6 A, potential    -7.30
 497 / 1000 elapsed  0 system 0.80 temp   4.8 hbonds, Rg   4.7 A, potential    -4.24
 498 / 1000 elapsed  0 system 0.80 temp   5.5 hbonds, Rg   4.5 A, potential     1.39
 499 / 1000 elapsed  0 system 0.80 temp   3.3 hbonds, Rg   4.5 A, potential     7.17
 499 / 1000 elapsed  0 system 0.80 temp   5.0 hbonds, Rg   4.6 A, potential     0.76
 500 / 1000 elapsed  0 system 0.80 temp   5.3 hbonds, Rg   4.6 A, potential     7.16
 501 / 1000 elapsed  0 system 0.80 temp   4.4 hbonds, Rg   4.4 A, potential     0.83
 502 / 1000 elapsed  0 system 0.80 temp   4.5 hbonds, Rg   4.5 A, potential     8.66
 503 / 1000 elapsed  0 system 0.80 temp   5.0 hbonds, Rg   4.6 A, potential     1.75
 504 / 1000 elapsed  0 system 0.80 temp   5.1 hbonds, Rg   4.6 A, potential     4.99
 505 / 1000 elapsed  0 system 0.80 temp   5.0 hbonds, Rg   4.7 A, potential     4.34
 506 / 1000 elapsed  0 system 0.80 temp   4.8 hbonds, Rg   4.7 A, potential     2.20
 507 / 1000 elapsed  0 system 0.80 temp   5.2 hbonds, Rg   4.6 A, potential     7.63
 508 / 1000 elapsed  0 system 0.80 temp   4.8 hbonds, Rg   4.6 A, potential     7.66
 509 / 1000 elapsed  0 system 0.80 temp   4.4 hbonds, Rg   4.8 A, potential     5.52
 510 / 1000 elapsed  0 system 0.80 temp   5.9 hbonds, Rg   4.5 A, potential     8.91
 511 / 1000 elapsed  0 system 0.80 temp   5.4 hbonds, Rg   4.4 A, potential     2.31
 512 / 1000 elapsed  0 system 0.80 temp   5.2 hbonds, Rg   4.3 A, potential     3.57
 513 / 1000 elapsed  0 system 0.80 temp   5.3 hbonds, Rg   4.3 A, potential     7.72
 514 / 1000 elapsed  0 system 0.80 temp   5.4 hbonds, Rg   4.4 A, potential     0.00
 515 / 1000 elapsed  0 system 0.80 temp   5.5 hbonds, Rg   4.5 A, potential     3.67
 516 / 1000 elapsed  0 system 0.80 temp   5.4 hbonds, Rg   4.6 A, potential     5.43
 517 / 1000 elapsed  0 system 0.80 temp   4.9 hbonds, Rg   4.6 A, potential    -0.78
 518 / 1000 elapsed  0 system 0.80 temp   4.7 hbonds, Rg   4.6 A, potential    -7.49
 519 / 1000 elapsed  0 system 0.80 temp   5.8 hbonds, Rg   4.7 A, potential     2.36
 520 / 1000 elapsed  0 system 0.80 temp   5.1 hbonds, Rg   4.7 A, potential     7.31
 521 / 1000 elapsed  0 system 0.80 temp   5.0 hbonds, Rg   4.6 A, potential    -0.53
 522 / 1000 elapsed  0 system 0.80 temp   5.6 hbonds, Rg   4.6 A, potential    -0.99
 523 / 1000 elapsed  0 system 0.80 temp   6.1 hbonds, Rg   4.7 A, potential    -7.30
 524 / 1000 elapsed  0 system 0.80 temp   5.5 hbonds, Rg   4.7 A, potential     3.44
 525 / 1000 elapsed  0 system 0.80 temp   5.2 hbonds, Rg   4.6 A, potential     7.84
 526 / 1000 elapsed  0 system 0.80 temp   5.0 hbonds, Rg   4.5 A, potential     1.55
 527 / 1000 elapsed  0 system 0.80 temp   5.0 hbonds, Rg   4.5 A, potential     2.02
 528 / 1000 elapsed  0 system 0.80 temp   5.3 hbonds, Rg   4.4 A, potential    -7.98
 529 / 1000 elapsed  0 system 0.80 temp   5.6 hbonds, Rg   4.6 A, potential     4.48
 530 / 1000 elapsed  0 system 0.80 temp   5.5 hbonds, Rg   4.5 A, potential     2.04
 531 / 1000 elapsed  0 system 0.80 temp   4.1 hbonds, Rg   4.6 A, potential    -0.31
 532 / 1000 elapsed  0 system 0.80 temp   5.0 hbonds, Rg   4.7 A, potential     6.74
 533 / 1000 elapsed  0 system 0.80 temp   4.6 hbonds, Rg   4.8 A, potential     0.58
 534 / 1000 elapsed  0 system 0.80 temp   5.6 hbonds, Rg   4.8 A, potential     3.64
 535 / 1000 elapsed  0 system 0.80 temp   4.9 hbonds, Rg   4.9 A, potential     3.88
 536 / 1000 elapsed  0 system 0.80 temp   3.7 hbonds, Rg   5.0 A, potential     1.68
 537 / 1000 elapsed  0 system 0.80 temp   4.5 hbonds, Rg   4.6 A, potential    -0.76
 538 / 1000 elapsed  0 system 0.80 temp   4.9 hbonds, Rg   4.6 A, potential    -1.09
 539 / 1000 elapsed  0 system 0.80 temp   4.3 hbonds, Rg   4.7 A, potential     0.54
 540 / 1000 elapsed  0 system 0.80 temp   5.1 hbonds, Rg   4.6 A, potential     6.81
 541 / 1000 elapsed  0 system 0.80 temp   3.2 hbonds, Rg   4.5 A, potential     2.98
 542 / 1000 elapsed  0 system 0.80 temp   6.0 hbonds, Rg   4.4 A, potential     2.40
 543 / 1000 elapsed  0 system 0.80 temp   5.0 hbonds, Rg   4.6 A, potential     5.89
 544 / 1000 elapsed  0 system 0.80 temp   5.5 hbonds, Rg   4.7 A, potential     3.78
 545 / 1000 elapsed  0 system 0.80 temp   5.3 hbonds, Rg   4.7 A, potential     8.48
 546 / 1000 elapsed  0 system 0.80 temp   4.5 hbonds, Rg   4.8 A, potential     0.24
 547 / 1000 elapsed  0 system 0.80 temp   5.0 hbonds, Rg   4.9 A, potential    -6.01
 548 / 1000 elapsed  0 system 0.80 temp   5.3 hbonds, Rg   4.9 A, potential    -0.78
 549 / 1000 elapsed  0 system 0.80 temp   5.4 hbonds, Rg   4.7 A, potential     3.22
 550 / 1000 elapsed  0 system 0.80 temp   5.7 hbonds, Rg   4.8 A, potential    -4.91
 551 / 1000 elapsed  0 system 0.80 temp   5.5 hbonds, Rg   4.8 A, potential     1.66
 552 / 1000 elapsed  0 system 0.80 temp   5.3 hbonds, Rg   4.9 A, potential     1.83
 553 / 1000 elapsed  0 system 0.80 temp   5.6 hbonds, Rg   4.8 A, potential     2.21
 554 / 1000 elapsed  0 system 0.80 temp   4.6 hbonds, Rg   4.7 A, potential     3.04
 555 / 1000 elapsed  0 system 0.80 temp   5.4 hbonds, Rg   4.7 A, potential     1.60
 556 / 1000 elapsed  0 system 0.80 temp   5.9 hbonds, Rg   4.8 A, potential    -0.47
 557 / 1000 elapsed  0 system 0.80 temp   5.1 hbonds, Rg   4.8 A, potential    -5.04
 558 / 1000 elapsed  0 system 0.80 temp   5.4 hbonds, Rg   4.8 A, potential     3.50
 559 / 1000 elapsed  0 system 0.80 temp   5.5 hbonds, Rg   4.8 A, potential    -4.78
 560 / 1000 elapsed  0 system 0.80 temp   5.4 hbonds, Rg   4.6 A, potential     5.29
 561 / 1000 elapsed  0 system 0.80 temp   4.9 hbonds, Rg   4.6 A, potential     4.18
 562 / 1000 elapsed  0 system 0.80 temp   4.9 hbonds, Rg   4.6 A, potential    -0.32
 563 / 1000 elapsed  0 system 0.80 temp   4.4 hbonds, Rg   4.6 A, potential    -0.69
 564 / 1000 elapsed  0 system 0.80 temp   5.4 hbonds, Rg   4.7 A, potential    -0.70
 565 / 1000 elapsed  0 system 0.80 temp   3.5 hbonds, Rg   4.6 A, potential     1.81
 566 / 1000 elapsed  0 system 0.80 temp   6.1 hbonds, Rg   4.5 A, potential    -5.31
 567 / 1000 elapsed  0 system 0.80 temp   5.1 hbonds, Rg   4.6 A, potential     6.56
 568 / 1000 elapsed  0 system 0.80 temp   3.9 hbonds, Rg   4.8 A, potential     4.42
 569 / 1000 elapsed  0 system 0.80 temp   3.4 hbonds, Rg   4.6 A, potential     2.78
 570 / 1000 elapsed  0 system 0.80 temp   3.5 hbonds, Rg   4.5 A, potential     8.33
 571 / 1000 elapsed  0 system 0.80 temp   4.6 hbonds, Rg   4.6 A, potential     3.44
 572 / 1000 elapsed  0 system 0.80 temp   3.7 hbonds, Rg   4.5 A, potential    12.45
 573 / 1000 elapsed  0 system 0.80 temp   3.8 hbonds, Rg   4.5 A, potential    12.51
 574 / 1000 elapsed  0 system 0.80 temp   3.3 hbonds, Rg   4.6 A, potential     4.70
 575 / 1000 elapsed  0 system 0.80 temp   3.9 hbonds, Rg   4.5 A, potential     9.28
 576 / 1000 elapsed  0 system 0.80 temp   3.5 hbonds, Rg   4.4 A, potential    11.09
 577 / 1000 elapsed  0 system 0.80 temp   3.9 hbonds, Rg   4.6 A, potential    12.42
 578 / 1000 elapsed  0 system 0.80 temp   2.9 hbonds, Rg   5.0 A, potential    22.24
 579 / 1000 elapsed  0 system 0.80 temp   3.9 hbonds, Rg   4.8 A, potential    21.92
 580 / 1000 elapsed  0 system 0.80 temp   4.0 hbonds, Rg   4.7 A, potential    20.87
 581 / 1000 elapsed  0 system 0.80 temp   3.3 hbonds, Rg   4.8 A, potential    21.55
 582 / 1000 elapsed  0 system 0.80 temp   1.9 hbonds, Rg   4.8 A, potential    12.46
 583 / 1000 elapsed  0 system 0.80 temp   1.9 hbonds, Rg   4.8 A, potential    18.51
 584 / 1000 elapsed  0 system 0.80 temp   3.8 hbonds, Rg   4.7 A, potential    15.33
 585 / 1000 elapsed  0 system 0.80 temp   4.0 hbonds, Rg   4.8 A, potential    12.72
 586 / 1000 elapsed  0 system 0.80 temp   4.2 hbonds, Rg   4.9 A, potential     8.08
 587 / 1000 elapsed  0 system 0.80 temp   3.5 hbonds, Rg   4.8 A, potential    14.42
 588 / 1000 elapsed  0 system 0.80 temp   3.0 hbonds, Rg   4.9 A, potential    12.32
 589 / 1000 elapsed  0 system 0.80 temp   3.1 hbonds, Rg   4.9 A, potential    17.33
 590 / 1000 elapsed  0 system 0.80 temp   4.7 hbonds, Rg   4.9 A, potential     0.12
 591 / 1000 elapsed  0 system 0.80 temp   4.8 hbonds, Rg   4.7 A, potential     4.80
 592 / 1000 elapsed  0 system 0.80 temp   5.0 hbonds, Rg   4.8 A, potential     3.26
 593 / 1000 elapsed  0 system 0.80 temp   5.5 hbonds, Rg   4.9 A, potential     4.18
 594 / 1000 elapsed  0 system 0.80 temp   5.0 hbonds, Rg   4.9 A, potential     0.14
 595 / 1000 elapsed  0 system 0.80 temp   4.7 hbonds, Rg   4.8 A, potential     4.90
 596 / 1000 elapsed  0 system 0.80 temp   5.3 hbonds, Rg   5.0 A, potential    10.51
 597 / 1000 elapsed  0 system 0.80 temp   5.4 hbonds, Rg   5.0 A, potential    11.99
 598 / 1000 elapsed  0 system 0.80 temp   5.9 hbonds, Rg   4.8 A, potential     1.25
 599 / 1000 elapsed  0 system 0.80 temp   4.8 hbonds, Rg   4.8 A, potential     4.35
 600 / 1000 elapsed  0 system 0.80 temp   4.9 hbonds, Rg   5.0 A, potential     8.00
 601 / 1000 elapsed  0 system 0.80 temp   5.7 hbonds, Rg   4.9 A, potential     4.13
 602 / 1000 elapsed  0 system 0.80 temp   5.5 hbonds, Rg   4.9 A, potential     3.15
 603 / 1000 elapsed  0 system 0.80 temp   5.6 hbonds, Rg   4.9 A, potential    -2.51
 604 / 1000 elapsed  0 system 0.80 temp   5.2 hbonds, Rg   4.9 A, potential     4.79
 605 / 1000 elapsed  0 system 0.80 temp   4.7 hbonds, Rg   4.8 A, potential     6.70
 606 / 1000 elapsed  0 system 0.80 temp   5.2 hbonds, Rg   4.9 A, potential     0.42
 607 / 1000 elapsed  0 system 0.80 temp   5.0 hbonds, Rg   4.9 A, potential     5.10
 608 / 1000 elapsed  0 system 0.80 temp   5.3 hbonds, Rg   5.0 A, potential    -0.87
 609 / 1000 elapsed  0 system 0.80 temp   5.2 hbonds, Rg   4.9 A, potential     8.50
 610 / 1000 elapsed  0 system 0.80 temp   4.6 hbonds, Rg   4.9 A, potential     5.06
 611 / 1000 elapsed  0 system 0.80 temp   4.8 hbonds, Rg   4.8 A, potential    -1.25
 612 / 1000 elapsed  0 system 0.80 temp   4.4 hbonds, Rg   4.8 A, potential    10.50
 613 / 1000 elapsed  0 system 0.80 temp   3.5 hbonds, Rg   4.9 A, potential    12.05
 614 / 1000 elapsed  0 system 0.80 temp   5.4 hbonds, Rg   4.7 A, potential     0.76
 615 / 1000 elapsed  0 system 0.80 temp   5.2 hbonds, Rg   4.7 A, potential    -1.26
 616 / 1000 elapsed  0 system 0.80 temp   5.7 hbonds, Rg   5.0 A, potential     4.58
 617 / 1000 elapsed  0 system 0.80 temp   5.1 hbonds, Rg   5.0 A, potential     2.16
 618 / 1000 elapsed  0 system 0.80 temp   5.4 hbonds, Rg   4.9 A, potential    10.76
 619 / 1000 elapsed  0 system 0.80 temp   5.1 hbonds, Rg   4.8 A, potential     2.35
 620 / 1000 elapsed  0 system 0.80 temp   4.7 hbonds, Rg   4.9 A, potential     6.06
 621 / 1000 elapsed  0 system 0.80 temp   5.4 hbonds, Rg   4.8 A, potential    -0.42
 622 / 1000 elapsed  0 system 0.80 temp   5.0 hbonds, Rg   4.7 A, potential     4.93
 623 / 1000 elapsed  0 system 0.80 temp   5.2 hbonds, Rg   4.7 A, potential    -5.55
 624 / 1000 elapsed  0 system 0.80 temp   5.8 hbonds, Rg   4.8 A, potential     5.85
 625 / 1000 elapsed  0 system 0.80 temp   6.0 hbonds, Rg   4.9 A, potential     3.81
 626 / 1000 elapsed  0 system 0.80 temp   4.5 hbonds, Rg   5.0 A, potential     4.42
 627 / 1000 elapsed  0 system 0.80 temp   5.8 hbonds, Rg   4.9 A, potential    -2.72
 628 / 1000 elapsed  0 system 0.80 temp   5.3 hbonds, Rg   4.9 A, potential     4.35
 629 / 1000 elapsed  0 system 0.80 temp   5.7 hbonds, Rg   4.8 A, potential    -1.99
 630 / 1000 elapsed  0 system 0.80 temp   4.6 hbonds, Rg   4.7 A, potential    10.87
 631 / 1000 elapsed  0 system 0.80 temp   5.6 hbonds, Rg   4.9 A, potential     3.23
 632 / 1000 elapsed  0 system 0.80 temp   4.4 hbonds, Rg   4.9 A, potential    13.39
 633 / 1000 elapsed  0 system 0.80 temp   6.2 hbonds, Rg   4.8 A, potential     3.21
 634 / 1000 elapsed  0 system 0.80 temp   4.0 hbonds, Rg   4.8 A, potential     8.48
 635 / 1000 elapsed  0 system 0.80 temp   5.0 hbonds, Rg   4.9 A, potential     4.27
 636 / 1000 elapsed  0 system 0.80 temp   5.7 hbonds, Rg   4.9 A, potential    -4.52
 637 / 1000 elapsed  0 system 0.80 temp   5.1 hbonds, Rg   5.0 A, potential     0.25
 638 / 1000 elapsed  0 system 0.80 temp   4.8 hbonds, Rg   4.9 A, potential     2.78
 639 / 1000 elapsed  0 system 0.80 temp   5.3 hbonds, Rg   5.0 A, potential    -1.31
 640 / 1000 elapsed  0 system 0.80 temp   3.4 hbonds, Rg   5.0 A, potential     4.82
 641 / 1000 elapsed  0 system 0.80 temp   3.5 hbonds, Rg   4.9 A, potential     8.15
 642 / 1000 elapsed  0 system 0.80 temp   4.9 hbonds, Rg   4.8 A, potential     2.19
 643 / 1000 elapsed  0 system 0.80 temp   5.6 hbonds, Rg   5.0 A, potential     1.05
 644 / 1000 elapsed  0 system 0.80 temp   3.5 hbonds, Rg   4.9 A, potential     0.09
 645 / 1000 elapsed  0 system 0.80 temp   4.8 hbonds, Rg   4.9 A, potential     2.05
 646 / 1000 elapsed  0 system 0.80 temp   5.3 hbonds, Rg   5.0 A, potential     1.02
 647 / 1000 elapsed  0 system 0.80 temp   5.7 hbonds, Rg   4.9 A, potential     0.66
 648 / 1000 elapsed  0 system 0.80 temp   5.7 hbonds, Rg   5.0 A, potential     2.24
 649 / 1000 elapsed  0 system 0.80 temp   4.8 hbonds, Rg   4.9 A, potential     4.40
 650 / 1000 elapsed  0 system 0.80 temp   4.4 hbonds, Rg   5.0 A, potential     8.03
 651 / 1000 elapsed  0 system 0.80 temp   6.2 hbonds, Rg   4.8 A, potential     2.18
 652 / 1000 elapsed  0 system 0.80 temp   2.9 hbonds, Rg   4.9 A, potential     4.97
 653 / 1000 elapsed  0 system 0.80 temp   5.7 hbonds, Rg   4.7 A, potential    -2.50
 654 / 1000 elapsed  0 system 0.80 temp   4.4 hbonds, Rg   4.6 A, potential    -2.88
 655 / 1000 elapsed  0 system 0.80 temp   5.2 hbonds, Rg   4.7 A, potential    -1.27
 656 / 1000 elapsed  0 system 0.80 temp   5.3 hbonds, Rg   4.7 A, potential    -2.67
 657 / 1000 elapsed  0 system 0.80 temp   4.7 hbonds, Rg   4.8 A, potential     4.59
 658 / 1000 elapsed  0 system 0.80 temp   4.3 hbonds, Rg   4.7 A, potential     1.83
 659 / 1000 elapsed  0 system 0.80 temp   5.5 hbonds, Rg   4.8 A, potential     5.52
 660 / 1000 elapsed  0 system 0.80 temp   5.7 hbonds, Rg   4.7 A, potential     6.64
 661 / 1000 elapsed  0 system 0.80 temp   4.5 hbonds, Rg   4.6 A, potential    -0.01
 662 / 1000 elapsed  0 system 0.80 temp   4.0 hbonds, Rg   4.9 A, potential     6.46
 663 / 1000 elapsed  0 system 0.80 temp   4.9 hbonds, Rg   4.9 A, potential     2.55
 664 / 1000 elapsed  0 system 0.80 temp   5.5 hbonds, Rg   4.6 A, potential    12.47
 665 / 1000 elapsed  0 system 0.80 temp   3.5 hbonds, Rg   4.7 A, potential     9.64
 666 / 1000 elapsed  0 system 0.80 temp   5.2 hbonds, Rg   4.8 A, potential    10.81
 667 / 1000 elapsed  0 system 0.80 temp   4.7 hbonds, Rg   4.7 A, potential    -3.19
 668 / 1000 elapsed  0 system 0.80 temp   5.5 hbonds, Rg   4.4 A, potential    -3.20
 669 / 1000 elapsed  0 system 0.80 temp   5.4 hbonds, Rg   4.4 A, potential     4.67
 670 / 1000 elapsed  0 system 0.80 temp   5.7 hbonds, Rg   4.5 A, potential     4.14
 671 / 1000 elapsed  0 system 0.80 temp   5.2 hbonds, Rg   4.5 A, potential    -5.32
 672 / 1000 elapsed  0 system 0.80 temp   4.5 hbonds, Rg   4.6 A, potential    -1.84
 673 / 1000 elapsed  0 system 0.80 temp   4.0 hbonds, Rg   4.9 A, potential     4.00
 674 / 1000 elapsed  0 system 0.80 temp   3.8 hbonds, Rg   4.8 A, potential     9.57
 675 / 1000 elapsed  0 system 0.80 temp   5.3 hbonds, Rg   4.8 A, potential     5.17
 676 / 1000 elapsed  0 system 0.80 temp   5.3 hbonds, Rg   4.7 A, potential     5.81
 677 / 1000 elapsed  0 system 0.80 temp   3.6 hbonds, Rg   4.9 A, potential     5.72
 678 / 1000 elapsed  0 system 0.80 temp   5.1 hbonds, Rg   4.8 A, potential     5.10
 679 / 1000 elapsed  0 system 0.80 temp   4.6 hbonds, Rg   4.7 A, potential     5.91
 680 / 1000 elapsed  0 system 0.80 temp   3.4 hbonds, Rg   4.6 A, potential    10.75
 681 / 1000 elapsed  0 system 0.80 temp   5.3 hbonds, Rg   4.7 A, potential    21.77
 682 / 1000 elapsed  0 system 0.80 temp   2.9 hbonds, Rg   4.6 A, potential     8.74
 683 / 1000 elapsed  0 system 0.80 temp   3.5 hbonds, Rg   4.6 A, potential    13.13
 684 / 1000 elapsed  0 system 0.80 temp   2.1 hbonds, Rg   4.7 A, potential    20.54
 685 / 1000 elapsed  0 system 0.80 temp   3.5 hbonds, Rg   4.6 A, potential    19.34
 686 / 1000 elapsed  0 system 0.80 temp   4.1 hbonds, Rg   4.5 A, potential     8.39
 687 / 1000 elapsed  0 system 0.80 temp   3.7 hbonds, Rg   4.6 A, potential    18.48
 688 / 1000 elapsed  0 system 0.80 temp   3.1 hbonds, Rg   4.6 A, potential    16.67
 689 / 1000 elapsed  0 system 0.80 temp   3.5 hbonds, Rg   4.7 A, potential    12.95
 690 / 1000 elapsed  0 system 0.80 temp   3.7 hbonds, Rg   4.6 A, potential    11.48
 691 / 1000 elapsed  0 system 0.80 temp   5.0 hbonds, Rg   4.4 A, potential     9.01
 692 / 1000 elapsed  0 system 0.80 temp   3.5 hbonds, Rg   4.6 A, potential    22.88
 693 / 1000 elapsed  0 system 0.80 temp   6.1 hbonds, Rg   4.4 A, potential    10.33
 694 / 1000 elapsed  0 system 0.80 temp   3.6 hbonds, Rg   4.6 A, potential    15.98
 695 / 1000 elapsed  0 system 0.80 temp   5.7 hbonds, Rg   4.7 A, potential     3.37
 696 / 1000 elapsed  0 system 0.80 temp   5.2 hbonds, Rg   4.4 A, potential     2.57
 697 / 1000 elapsed  0 system 0.80 temp   4.8 hbonds, Rg   4.6 A, potential     3.17
 698 / 1000 elapsed  0 system 0.80 temp   4.5 hbonds, Rg   4.7 A, potential    14.65
 699 / 1000 elapsed  0 system 0.80 temp   4.6 hbonds, Rg   4.6 A, potential    14.94
 700 / 1000 elapsed  0 system 0.80 temp   5.7 hbonds, Rg   4.6 A, potential    12.70
 701 / 1000 elapsed  0 system 0.80 temp   6.4 hbonds, Rg   4.7 A, potential    -3.61
 702 / 1000 elapsed  0 system 0.80 temp   5.7 hbonds, Rg   4.5 A, potential     4.66
 703 / 1000 elapsed  0 system 0.80 temp   4.6 hbonds, Rg   4.6 A, potential     7.05
 704 / 1000 elapsed  0 system 0.80 temp   6.1 hbonds, Rg   4.5 A, potential     7.60
 705 / 1000 elapsed  0 system 0.80 temp   4.6 hbonds, Rg   4.6 A, potential     9.61
 706 / 1000 elapsed  0 system 0.80 temp   5.7 hbonds, Rg   4.5 A, potential     2.16
 707 / 1000 elapsed  0 system 0.80 temp   5.1 hbonds, Rg   4.6 A, potential    -0.68
 708 / 1000 elapsed  0 system 0.80 temp   2.9 hbonds, Rg   4.5 A, potential     3.56
 709 / 1000 elapsed  0 system 0.80 temp   5.5 hbonds, Rg   4.5 A, potential    -0.27
 710 / 1000 elapsed  0 system 0.80 temp   5.4 hbonds, Rg   4.6 A, potential    -3.28
 711 / 1000 elapsed  0 system 0.80 temp   5.6 hbonds, Rg   4.4 A, potential     3.90
 712 / 1000 elapsed  0 system 0.80 temp   5.3 hbonds, Rg   4.5 A, potential     2.59
 713 / 1000 elapsed  0 system 0.80 temp   4.6 hbonds, Rg   4.5 A, potential    -1.76
 714 / 1000 elapsed  0 system 0.80 temp   5.1 hbonds, Rg   4.5 A, potential    -2.19
 715 / 1000 elapsed  0 system 0.80 temp   5.1 hbonds, Rg   4.6 A, potential    -2.07
 716 / 1000 elapsed  0 system 0.80 temp   5.1 hbonds, Rg   4.5 A, potential    -7.08
 717 / 1000 elapsed  0 system 0.80 temp   5.5 hbonds, Rg   4.5 A, potential    -7.32
 718 / 1000 elapsed  0 system 0.80 temp   5.6 hbonds, Rg   4.4 A, potential    -4.16
 719 / 1000 elapsed  0 system 0.80 temp   5.3 hbonds, Rg   4.4 A, potential    -4.92
 720 / 1000 elapsed  0 system 0.80 temp   4.8 hbonds, Rg   4.5 A, potential    -3.75
 721 / 1000 elapsed  0 system 0.80 temp   5.5 hbonds, Rg   4.5 A, potential    -1.71
 722 / 1000 elapsed  0 system 0.80 temp   6.1 hbonds, Rg   4.5 A, potential    -2.42
 723 / 1000 elapsed  0 system 0.80 temp   4.5 hbonds, Rg   4.4 A, potential     1.09
 724 / 1000 elapsed  0 system 0.80 temp   4.2 hbonds, Rg   4.5 A, potential     6.61
 725 / 1000 elapsed  0 system 0.80 temp   6.4 hbonds, Rg   4.6 A, potential     3.61
 726 / 1000 elapsed  0 system 0.80 temp   5.6 hbonds, Rg   4.4 A, potential     0.59
 727 / 1000 elapsed  0 system 0.80 temp   5.7 hbonds, Rg   4.5 A, potential     7.33
 728 / 1000 elapsed  0 system 0.80 temp   4.8 hbonds, Rg   4.6 A, potential     3.89
 729 / 1000 elapsed  0 system 0.80 temp   4.6 hbonds, Rg   4.5 A, potential     1.38
 730 / 1000 elapsed  0 system 0.80 temp   5.0 hbonds, Rg   4.6 A, potential     2.09
 731 / 1000 elapsed  0 system 0.80 temp   5.4 hbonds, Rg   4.6 A, potential     6.51
 732 / 1000 elapsed  0 system 0.80 temp   5.4 hbonds, Rg   4.5 A, potential     0.02
 733 / 1000 elapsed  0 system 0.80 temp   5.0 hbonds, Rg   4.6 A, potential     2.71
 734 / 1000 elapsed  0 system 0.80 temp   3.9 hbonds, Rg   4.5 A, potential     7.45
 735 / 1000 elapsed  0 system 0.80 temp   5.5 hbonds, Rg   4.7 A, potential     5.31
 736 / 1000 elapsed  0 system 0.80 temp   4.4 hbonds, Rg   4.4 A, potential    -3.03
 737 / 1000 elapsed  0 system 0.80 temp   4.9 hbonds, Rg   4.3 A, potential    -3.31
 738 / 1000 elapsed  0 system 0.80 temp   5.1 hbonds, Rg   4.5 A, potential   -12.88
 739 / 1000 elapsed  0 system 0.80 temp   4.1 hbonds, Rg   4.5 A, potential    -5.26
 740 / 1000 elapsed  0 system 0.80 temp   4.4 hbonds, Rg   4.5 A, potential   -11.09
 741 / 1000 elapsed  0 system 0.80 temp   5.7 hbonds, Rg   4.5 A, potential    -6.70
 742 / 1000 elapsed  0 system 0.80 temp   5.5 hbonds, Rg   4.5 A, potential    -6.02
 743 / 1000 elapsed  0 system 0.80 temp   5.6 hbonds, Rg   4.5 A, potential    -3.66
 744 / 1000 elapsed  0 system 0.80 temp   5.2 hbonds, Rg   4.5 A, potential    -6.79
 745 / 1000 elapsed  0 system 0.80 temp   5.2 hbonds, Rg   4.5 A, potential     2.54
 746 / 1000 elapsed  0 system 0.80 temp   5.2 hbonds, Rg   4.6 A, potential    -5.31
 747 / 1000 elapsed  0 system 0.80 temp   5.7 hbonds, Rg   4.5 A, potential    -0.50
 748 / 1000 elapsed  0 system 0.80 temp   5.4 hbonds, Rg   4.6 A, potential    -7.48
 749 / 1000 elapsed  0 system 0.80 temp   5.1 hbonds, Rg   4.6 A, potential    -4.98
 750 / 1000 elapsed  0 system 0.80 temp   3.7 hbonds, Rg   4.7 A, potential     2.12
 751 / 1000 elapsed  0 system 0.80 temp   3.8 hbonds, Rg   4.8 A, potential     2.49
 752 / 1000 elapsed  0 system 0.80 temp   2.5 hbonds, Rg   4.6 A, potential     6.49
 753 / 1000 elapsed  0 system 0.80 temp   4.0 hbonds, Rg   4.9 A, potential     5.84
 754 / 1000 elapsed  0 system 0.80 temp   5.1 hbonds, Rg   4.9 A, potential     9.34
 755 / 1000 elapsed  0 system 0.80 temp   4.8 hbonds, Rg   5.0 A, potential    11.78
 756 / 1000 elapsed  0 system 0.80 temp   4.7 hbonds, Rg   4.8 A, potential    13.18
 757 / 1000 elapsed  0 system 0.80 temp   4.9 hbonds, Rg   4.6 A, potential     9.54
 758 / 1000 elapsed  0 system 0.80 temp   5.6 hbonds, Rg   4.8 A, potential     9.44
 759 / 1000 elapsed  0 system 0.80 temp   5.2 hbonds, Rg   4.7 A, potential     1.08
 760 / 1000 elapsed  0 system 0.80 temp   5.3 hbonds, Rg   4.4 A, potential     2.51
 761 / 1000 elapsed  0 system 0.80 temp   5.4 hbonds, Rg   4.6 A, potential    10.52
 762 / 1000 elapsed  0 system 0.80 temp   5.0 hbonds, Rg   4.6 A, potential     5.54
 763 / 1000 elapsed  0 system 0.80 temp   5.4 hbonds, Rg   4.5 A, potential     4.80
 764 / 1000 elapsed  0 system 0.80 temp   5.2 hbonds, Rg   4.7 A, potential     5.22
 765 / 1000 elapsed  0 system 0.80 temp   5.2 hbonds, Rg   4.5 A, potential     8.55
 766 / 1000 elapsed  0 system 0.80 temp   5.0 hbonds, Rg   4.7 A, potential     9.10
 767 / 1000 elapsed  0 system 0.80 temp   3.5 hbonds, Rg   4.6 A, potential     3.76
 768 / 1000 elapsed  0 system 0.80 temp   4.0 hbonds, Rg   4.5 A, potential     9.16
 769 / 1000 elapsed  0 system 0.80 temp   4.6 hbonds, Rg   4.4 A, potential     6.78
 770 / 1000 elapsed  0 system 0.80 temp   5.2 hbonds, Rg   4.5 A, potential     4.94
 771 / 1000 elapsed  0 system 0.80 temp   5.6 hbonds, Rg   4.6 A, potential     6.67
 772 / 1000 elapsed  0 system 0.80 temp   5.7 hbonds, Rg   4.6 A, potential     4.55
 773 / 1000 elapsed  0 system 0.80 temp   5.7 hbonds, Rg   4.9 A, potential    -4.08
 774 / 1000 elapsed  0 system 0.80 temp   5.6 hbonds, Rg   4.9 A, potential     2.37
 775 / 1000 elapsed  0 system 0.80 temp   4.7 hbonds, Rg   4.6 A, potential     1.81
 776 / 1000 elapsed  0 system 0.80 temp   3.6 hbonds, Rg   4.6 A, potential     7.99
 777 / 1000 elapsed  0 system 0.80 temp   3.8 hbonds, Rg   4.7 A, potential     8.42
 778 / 1000 elapsed  0 system 0.80 temp   4.8 hbonds, Rg   4.8 A, potential    12.15
 779 / 1000 elapsed  0 system 0.80 temp   5.0 hbonds, Rg   4.7 A, potential     4.69
 780 / 1000 elapsed  0 system 0.80 temp   5.7 hbonds, Rg   4.8 A, potential    10.02
 781 / 1000 elapsed  0 system 0.80 temp   5.1 hbonds, Rg   4.7 A, potential     8.06
 782 / 1000 elapsed  0 system 0.80 temp   4.9 hbonds, Rg   4.6 A, potential     7.39
 783 / 1000 elapsed  0 system 0.80 temp   5.7 hbonds, Rg   4.6 A, potential     4.48
 784 / 1000 elapsed  0 system 0.80 temp   3.4 hbonds, Rg   4.3 A, potential    10.90
 785 / 1000 elapsed  0 system 0.80 temp   3.5 hbonds, Rg   4.4 A, potential     7.58
 786 / 1000 elapsed  0 system 0.80 temp   3.9 hbonds, Rg   4.5 A, potential    14.13
 787 / 1000 elapsed  0 system 0.80 temp   3.2 hbonds, Rg   4.5 A, potential    17.49
 788 / 1000 elapsed  0 system 0.80 temp   5.3 hbonds, Rg   4.6 A, potential     9.93
 789 / 1000 elapsed  0 system 0.80 temp   5.7 hbonds, Rg   4.5 A, potential     5.90
 790 / 1000 elapsed  0 system 0.80 temp   4.6 hbonds, Rg   4.6 A, potential    10.83
 791 / 1000 elapsed  0 system 0.80 temp   5.1 hbonds, Rg   4.5 A, potential     4.58
 792 / 1000 elapsed  0 system 0.80 temp   5.2 hbonds, Rg   4.6 A, potential     4.00
 793 / 1000 elapsed  0 system 0.80 temp   5.3 hbonds, Rg   4.9 A, potential     6.99
 794 / 1000 elapsed  0 system 0.80 temp   5.3 hbonds, Rg   4.8 A, potential     4.36
 795 / 1000 elapsed  0 system 0.80 temp   5.3 hbonds, Rg   4.7 A, potential     7.65
 796 / 1000 elapsed  0 system 0.80 temp   6.6 hbonds, Rg   4.6 A, potential     3.73
 797 / 1000 elapsed  0 system 0.80 temp   5.2 hbonds, Rg   4.6 A, potential    -8.18
 798 / 1000 elapsed  0 system 0.80 temp   4.6 hbonds, Rg   4.6 A, potential    -4.47
 799 / 1000 elapsed  0 system 0.80 temp   3.8 hbonds, Rg   4.5 A, potential     0.52
 800 / 1000 elapsed  0 system 0.80 temp   4.4 hbonds, Rg   4.6 A, potential    -5.69
 801 / 1000 elapsed  0 system 0.80 temp   5.9 hbonds, Rg   4.5 A, potential    -6.24
 802 / 1000 elapsed  0 system 0.80 temp   5.0 hbonds, Rg   4.6 A, potential     6.85
 803 / 1000 elapsed  0 system 0.80 temp   5.6 hbonds, Rg   4.5 A, potential     6.08
 804 / 1000 elapsed  0 system 0.80 temp   4.5 hbonds, Rg   4.5 A, potential    -0.14
 805 / 1000 elapsed  0 system 0.80 temp   5.5 hbonds, Rg   4.5 A, potential    11.87
 806 / 1000 elapsed  0 system 0.80 temp   4.5 hbonds, Rg   4.6 A, potential    12.90
 807 / 1000 elapsed  0 system 0.80 temp   5.2 hbonds, Rg   4.5 A, potential     9.40
 808 / 1000 elapsed  0 system 0.80 temp   3.3 hbonds, Rg   4.4 A, potential    12.01
 809 / 1000 elapsed  0 system 0.80 temp   5.3 hbonds, Rg   4.7 A, potential     6.51
 810 / 1000 elapsed  0 system 0.80 temp   5.4 hbonds, Rg   4.6 A, potential     1.90
 811 / 1000 elapsed  0 system 0.80 temp   6.0 hbonds, Rg   4.5 A, potential     8.41
 812 / 1000 elapsed  0 system 0.80 temp   5.1 hbonds, Rg   4.5 A, potential     2.39
 813 / 1000 elapsed  0 system 0.80 temp   4.7 hbonds, Rg   4.7 A, potential     8.43
 814 / 1000 elapsed  0 system 0.80 temp   5.3 hbonds, Rg   4.7 A, potential     8.61
 815 / 1000 elapsed  0 system 0.80 temp   5.7 hbonds, Rg   4.6 A, potential     6.24
 816 / 1000 elapsed  0 system 0.80 temp   2.9 hbonds, Rg   4.6 A, potential     1.49
 817 / 1000 elapsed  0 system 0.80 temp   5.3 hbonds, Rg   4.4 A, potential     6.87
 818 / 1000 elapsed  0 system 0.80 temp   5.9 hbonds, Rg   4.5 A, potential    -3.89
 819 / 1000 elapsed  0 system 0.80 temp   5.5 hbonds, Rg   4.3 A, potential     9.49
 820 / 1000 elapsed  0 system 0.80 temp   4.2 hbonds, Rg   4.5 A, potential    10.88
 821 / 1000 elapsed  0 system 0.80 temp   5.0 hbonds, Rg   4.5 A, potential    10.63
 822 / 1000 elapsed  0 system 0.80 temp   5.0 hbonds, Rg   4.6 A, potential     3.58
 823 / 1000 elapsed  0 system 0.80 temp   5.7 hbonds, Rg   4.6 A, potential    10.53
 824 / 1000 elapsed  0 system 0.80 temp   2.5 hbonds, Rg   4.5 A, potential    -0.88
 825 / 1000 elapsed  0 system 0.80 temp   5.3 hbonds, Rg   4.7 A, potential     0.72
 826 / 1000 elapsed  0 system 0.80 temp   5.1 hbonds, Rg   4.6 A, potential     2.41
 827 / 1000 elapsed  0 system 0.80 temp   5.1 hbonds, Rg   4.5 A, potential    -3.78
 828 / 1000 elapsed  0 system 0.80 temp   4.5 hbonds, Rg   4.5 A, potential    -1.42
 829 / 1000 elapsed  0 system 0.80 temp   3.2 hbonds, Rg   4.6 A, potential     3.07
 830 / 1000 elapsed  0 system 0.80 temp   3.5 hbonds, Rg   4.7 A, potential     7.73
 831 / 1000 elapsed  0 system 0.80 temp   5.4 hbonds, Rg   4.7 A, potential     5.05
 832 / 1000 elapsed  0 system 0.80 temp   5.7 hbonds, Rg   4.7 A, potential     5.71
 833 / 1000 elapsed  0 system 0.80 temp   5.2 hbonds, Rg   4.8 A, potential     0.42
 834 / 1000 elapsed  0 system 0.80 temp   4.9 hbonds, Rg   4.7 A, potential    -3.56
 835 / 1000 elapsed  0 system 0.80 temp   5.6 hbonds, Rg   4.5 A, potential    -6.87
 836 / 1000 elapsed  0 system 0.80 temp   4.8 hbonds, Rg   4.5 A, potential     2.50
 837 / 1000 elapsed  0 system 0.80 temp   4.9 hbonds, Rg   4.5 A, potential     3.17
 838 / 1000 elapsed  0 system 0.80 temp   5.5 hbonds, Rg   4.7 A, potential    -5.68
 839 / 1000 elapsed  0 system 0.80 temp   5.1 hbonds, Rg   4.5 A, potential    -2.70
 840 / 1000 elapsed  0 system 0.80 temp   5.0 hbonds, Rg   4.4 A, potential     2.76
 841 / 1000 elapsed  0 system 0.80 temp   5.5 hbonds, Rg   4.6 A, potential     1.79
 842 / 1000 elapsed  0 system 0.80 temp   5.3 hbonds, Rg   4.6 A, potential     2.77
 843 / 1000 elapsed  0 system 0.80 temp   5.6 hbonds, Rg   4.6 A, potential    -2.98
 844 / 1000 elapsed  0 system 0.80 temp   4.6 hbonds, Rg   4.4 A, potential    -5.08
 845 / 1000 elapsed  0 system 0.80 temp   4.6 hbonds, Rg   4.6 A, potential     2.11
 846 / 1000 elapsed  0 system 0.80 temp   4.4 hbonds, Rg   4.5 A, potential    -1.82
 847 / 1000 elapsed  0 system 0.80 temp   4.8 hbonds, Rg   4.5 A, potential    -6.05
 848 / 1000 elapsed  0 system 0.80 temp   5.5 hbonds, Rg   4.5 A, potential    -4.64
 849 / 1000 elapsed  0 system 0.80 temp   5.6 hbonds, Rg   4.5 A, potential    -4.70
 850 / 1000 elapsed  0 system 0.80 temp   5.4 hbonds, Rg   4.6 A, potential    -2.56
 851 / 1000 elapsed  0 system 0.80 temp   5.3 hbonds, Rg   4.6 A, potential    -3.20
 852 / 1000 elapsed  0 system 0.80 temp   5.4 hbonds, Rg   4.4 A, potential     8.69
 853 / 1000 elapsed  0 system 0.80 temp   4.9 hbonds, Rg   4.5 A, potential     1.95
 854 / 1000 elapsed  0 system 0.80 temp   3.5 hbonds, Rg   4.7 A, potential     4.15
 855 / 1000 elapsed  0 system 0.80 temp   5.2 hbonds, Rg   4.8 A, potential    22.40
 856 / 1000 elapsed  0 system 0.80 temp   4.9 hbonds, Rg   4.5 A, potential     3.79
 857 / 1000 elapsed  0 system 0.80 temp   5.4 hbonds, Rg   4.5 A, potential     3.72
 858 / 1000 elapsed  0 system 0.80 temp   5.8 hbonds, Rg   4.7 A, potential     4.60
 859 / 1000 elapsed  0 system 0.80 temp   5.3 hbonds, Rg   4.6 A, potential     5.01
 860 / 1000 elapsed  0 system 0.80 temp   5.8 hbonds, Rg   4.7 A, potential     5.26
 861 / 1000 elapsed  0 system 0.80 temp   4.5 hbonds, Rg   4.8 A, potential     1.30
 862 / 1000 elapsed  0 system 0.80 temp   5.5 hbonds, Rg   4.6 A, potential     5.89
 863 / 1000 elapsed  0 system 0.80 temp   4.6 hbonds, Rg   4.6 A, potential     6.35
 864 / 1000 elapsed  0 system 0.80 temp   3.8 hbonds, Rg   4.6 A, potential     0.47
 865 / 1000 elapsed  0 system 0.80 temp   5.2 hbonds, Rg   4.6 A, potential    -0.41
 866 / 1000 elapsed  0 system 0.80 temp   6.0 hbonds, Rg   4.6 A, potential     7.17
 867 / 1000 elapsed  0 system 0.80 temp   5.5 hbonds, Rg   4.5 A, potential    -1.72
 868 / 1000 elapsed  0 system 0.80 temp   5.2 hbonds, Rg   4.6 A, potential     8.54
 869 / 1000 elapsed  0 system 0.80 temp   5.0 hbonds, Rg   4.7 A, potential    15.38
 870 / 1000 elapsed  0 system 0.80 temp   5.3 hbonds, Rg   4.6 A, potential    20.46
 871 / 1000 elapsed  0 system 0.80 temp   5.9 hbonds, Rg   4.6 A, potential    12.71
 872 / 1000 elapsed  0 system 0.80 temp   6.3 hbonds, Rg   4.7 A, potential     2.99
 873 / 1000 elapsed  0 system 0.80 temp   5.8 hbonds, Rg   4.9 A, potential     4.24
 874 / 1000 elapsed  0 system 0.80 temp   5.1 hbonds, Rg   5.0 A, potential     8.90
 875 / 1000 elapsed  0 system 0.80 temp   4.9 hbonds, Rg   4.8 A, potential    10.40
 876 / 1000 elapsed  0 system 0.80 temp   5.6 hbonds, Rg   4.9 A, potential     9.31
 877 / 1000 elapsed  0 system 0.80 temp   3.6 hbonds, Rg   4.9 A, potential    12.16
 878 / 1000 elapsed  0 system 0.80 temp   3.4 hbonds, Rg   5.0 A, potential    12.18
 879 / 1000 elapsed  0 system 0.80 temp   3.4 hbonds, Rg   5.0 A, potential    14.34
 880 / 1000 elapsed  0 system 0.80 temp   3.9 hbonds, Rg   4.9 A, potential    14.95
 881 / 1000 elapsed  0 system 0.80 temp   3.0 hbonds, Rg   4.9 A, potential    12.19
 882 / 1000 elapsed  0 system 0.80 temp   3.5 hbonds, Rg   5.0 A, potential    13.34
 883 / 1000 elapsed  0 system 0.80 temp   3.5 hbonds, Rg   5.0 A, potential     5.12
 884 / 1000 elapsed  0 system 0.80 temp   2.8 hbonds, Rg   5.0 A, potential     1.25
 885 / 1000 elapsed  0 system 0.80 temp   3.3 hbonds, Rg   4.9 A, potential     7.26
 886 / 1000 elapsed  0 system 0.80 temp   0.5 hbonds, Rg   4.9 A, potential    17.24
 887 / 1000 elapsed  0 system 0.80 temp   1.8 hbonds, Rg   4.9 A, potential    21.84
 888 / 1000 elapsed  0 system 0.80 temp   1.2 hbonds, Rg   4.9 A, potential    18.50
 889 / 1000 elapsed  0 system 0.80 temp   1.7 hbonds, Rg   4.8 A, potential    25.64
 890 / 1000 elapsed  0 system 0.80 temp   2.2 hbonds, Rg   4.6 A, potential    20.48
 891 / 1000 elapsed  0 system 0.80 temp   1.9 hbonds, Rg   4.7 A, potential    27.04
 892 / 1000 elapsed  0 system 0.80 temp   2.7 hbonds, Rg   4.7 A, potential    17.91
 893 / 1000 elapsed  0 system 0.80 temp   1.9 hbonds, Rg   4.8 A, potential    18.92
 894 / 1000 elapsed  0 system 0.80 temp   0.6 hbonds, Rg   4.9 A, potential    25.57
 895 / 1000 elapsed  0 system 0.80 temp   0.0 hbonds, Rg   4.7 A, potential    19.25
 896 / 1000 elapsed  0 system 0.80 temp   0.0 hbonds, Rg   4.8 A, potential    16.53
 897 / 1000 elapsed  0 system 0.80 temp   0.0 hbonds, Rg   4.9 A, potential    24.88
 898 / 1000 elapsed  0 system 0.80 temp   0.0 hbonds, Rg   5.0 A, potential    18.92
 899 / 1000 elapsed  0 system 0.80 temp   1.4 hbonds, Rg   4.8 A, potential    11.64
 900 / 1000 elapsed  0 system 0.80 temp   3.9 hbonds, Rg   4.9 A, potential     7.18
 901 / 1000 elapsed  0 system 0.80 temp   3.2 hbonds, Rg   4.6 A, potential    17.27
 902 / 1000 elapsed  0 system 0.80 temp   3.5 hbonds, Rg   4.6 A, potential    14.57
 903 / 1000 elapsed  0 system 0.80 temp   3.2 hbonds, Rg   4.7 A, potential    24.11
 904 / 1000 elapsed  0 system 0.80 temp   3.3 hbonds, Rg   4.7 A, potential    18.19
 905 / 1000 elapsed  0 system 0.80 temp   2.9 hbonds, Rg   4.6 A, potential    17.49
 906 / 1000 elapsed  0 system 0.80 temp   2.6 hbonds, Rg   4.7 A, potential     9.52
 907 / 1000 elapsed  0 system 0.80 temp   5.2 hbonds, Rg   4.6 A, potential    12.54
 908 / 1000 elapsed  0 system 0.80 temp   6.6 hbonds, Rg   4.5 A, potential     8.14
 909 / 1000 elapsed  0 system 0.80 temp   5.2 hbonds, Rg   4.5 A, potential     2.23
 910 / 1000 elapsed  0 system 0.80 temp   5.0 hbonds, Rg   4.5 A, potential    -0.70
 911 / 1000 elapsed  0 system 0.80 temp   4.4 hbonds, Rg   4.5 A, potential     2.85
 912 / 1000 elapsed  0 system 0.80 temp   4.0 hbonds, Rg   4.5 A, potential     3.56
 913 / 1000 elapsed  0 system 0.80 temp   5.7 hbonds, Rg   4.5 A, potential    -2.09
 914 / 1000 elapsed  0 system 0.80 temp   4.2 hbonds, Rg   4.3 A, potential    -2.99
 915 / 1000 elapsed  0 system 0.80 temp   5.8 hbonds, Rg   4.4 A, potential    -8.23
 916 / 1000 elapsed  0 system 0.80 temp   5.6 hbonds, Rg   4.5 A, potential    -1.61
 917 / 1000 elapsed  0 system 0.80 temp   5.3 hbonds, Rg   4.5 A, potential     4.56
 918 / 1000 elapsed  0 system 0.80 temp   5.6 hbonds, Rg   4.7 A, potential    -2.48
 919 / 1000 elapsed  0 system 0.80 temp   3.7 hbonds, Rg   4.7 A, potential     2.89
 920 / 1000 elapsed  0 system 0.80 temp   5.5 hbonds, Rg   4.6 A, potential    -3.26
 921 / 1000 elapsed  0 system 0.80 temp   5.7 hbonds, Rg   4.6 A, potential     5.31
 922 / 1000 elapsed  0 system 0.80 temp   5.8 hbonds, Rg   4.6 A, potential     9.41
 923 / 1000 elapsed  0 system 0.80 temp   5.2 hbonds, Rg   4.5 A, potential     0.61
 924 / 1000 elapsed  0 system 0.80 temp   5.6 hbonds, Rg   4.6 A, potential    -3.98
 925 / 1000 elapsed  0 system 0.80 temp   4.7 hbonds, Rg   4.4 A, potential    -5.28
 926 / 1000 elapsed  0 system 0.80 temp   3.9 hbonds, Rg   4.5 A, potential     1.64
 927 / 1000 elapsed  0 system 0.80 temp   5.6 hbonds, Rg   4.4 A, potential    -3.99
 928 / 1000 elapsed  0 system 0.80 temp   5.7 hbonds, Rg   4.5 A, potential    -3.15
 929 / 1000 elapsed  0 system 0.80 temp   4.4 hbonds, Rg   4.7 A, potential     4.84
 930 / 1000 elapsed  0 system 0.80 temp   4.7 hbonds, Rg   4.5 A, potential    -4.00
 931 / 1000 elapsed  0 system 0.80 temp   5.6 hbonds, Rg   4.7 A, potential     0.56
 932 / 1000 elapsed  0 system 0.80 temp   3.6 hbonds, Rg   4.9 A, potential     6.98
 933 / 1000 elapsed  0 system 0.80 temp   5.1 hbonds, Rg   4.7 A, potential     2.48
 934 / 1000 elapsed  0 system 0.80 temp   4.4 hbonds, Rg   4.9 A, potential     4.16
 935 / 1000 elapsed  0 system 0.80 temp   5.1 hbonds, Rg   4.8 A, potential     1.75
 936 / 1000 elapsed  0 system 0.80 temp   5.5 hbonds, Rg   4.7 A, potential    -2.08
 937 / 1000 elapsed  0 system 0.80 temp   5.5 hbonds, Rg   4.6 A, potential    -1.26
 938 / 1000 elapsed  0 system 0.80 temp   5.3 hbonds, Rg   4.5 A, potential     6.50
 939 / 1000 elapsed  0 system 0.80 temp   4.5 hbonds, Rg   4.5 A, potential    -3.43
 940 / 1000 elapsed  0 system 0.80 temp   5.0 hbonds, Rg   4.5 A, potential    -4.20
 941 / 1000 elapsed  0 system 0.80 temp   5.3 hbonds, Rg   4.6 A, potential    -1.89
 942 / 1000 elapsed  0 system 0.80 temp   4.7 hbonds, Rg   4.6 A, potential    12.48
 943 / 1000 elapsed  0 system 0.80 temp   3.6 hbonds, Rg   4.5 A, potential     4.36
 944 / 1000 elapsed  0 system 0.80 temp   4.8 hbonds, Rg   4.6 A, potential    -0.24
 945 / 1000 elapsed  0 system 0.80 temp   4.3 hbonds, Rg   4.5 A, potential     5.92
 946 / 1000 elapsed  0 system 0.80 temp   4.9 hbonds, Rg   4.6 A, potential     4.89
 947 / 1000 elapsed  0 system 0.80 temp   4.8 hbonds, Rg   4.6 A, potential    -1.68
 948 / 1000 elapsed  0 system 0.80 temp   5.7 hbonds, Rg   4.7 A, potential     5.73
 949 / 1000 elapsed  0 system 0.80 temp   5.6 hbonds, Rg   4.8 A, potential     5.42
 950 / 1000 elapsed  0 system 0.80 temp   5.5 hbonds, Rg   4.7 A, potential     2.20
 951 / 1000 elapsed  0 system 0.80 temp   4.3 hbonds, Rg   4.8 A, potential    10.39
 952 / 1000 elapsed  0 system 0.80 temp   2.9 hbonds, Rg   4.7 A, potential    12.99
 953 / 1000 elapsed  0 system 0.80 temp   5.8 hbonds, Rg   4.5 A, potential     2.72
 954 / 1000 elapsed  0 system 0.80 temp   5.0 hbonds, Rg   4.5 A, potential    -2.12
 955 / 1000 elapsed  0 system 0.80 temp   6.6 hbonds, Rg   4.5 A, potential     7.56
 956 / 1000 elapsed  0 system 0.80 temp   3.0 hbonds, Rg   4.7 A, potential    -2.29
 957 / 1000 elapsed  0 system 0.80 temp   3.9 hbonds, Rg   4.6 A, potential     7.24
 958 / 1000 elapsed  0 system 0.80 temp   4.7 hbonds, Rg   4.8 A, potential     9.18
 959 / 1000 elapsed  0 system 0.80 temp   5.7 hbonds, Rg   4.6 A, potential     8.40
 960 / 1000 elapsed  0 system 0.80 temp   5.0 hbonds, Rg   4.7 A, potential    11.61
 961 / 1000 elapsed  0 system 0.80 temp   5.5 hbonds, Rg   4.6 A, potential     7.21
 962 / 1000 elapsed  0 system 0.80 temp   5.0 hbonds, Rg   4.6 A, potential     5.31
 963 / 1000 elapsed  0 system 0.80 temp   6.0 hbonds, Rg   4.6 A, potential     0.40
 964 / 1000 elapsed  0 system 0.80 temp   4.8 hbonds, Rg   4.5 A, potential     2.37
 965 / 1000 elapsed  0 system 0.80 temp   5.4 hbonds, Rg   4.7 A, potential     0.43
 966 / 1000 elapsed  0 system 0.80 temp   5.7 hbonds, Rg   4.5 A, potential     2.60
 967 / 1000 elapsed  0 system 0.80 temp   4.3 hbonds, Rg   4.6 A, potential     2.12
 968 / 1000 elapsed  0 system 0.80 temp   5.9 hbonds, Rg   4.7 A, potential    -8.13
 969 / 1000 elapsed  0 system 0.80 temp   5.7 hbonds, Rg   4.5 A, potential    -2.86
 970 / 1000 elapsed  0 system 0.80 temp   5.4 hbonds, Rg   4.6 A, potential    -0.06
 971 / 1000 elapsed  0 system 0.80 temp   5.5 hbonds, Rg   4.6 A, potential    -1.67
 972 / 1000 elapsed  0 system 0.80 temp   5.7 hbonds, Rg   4.5 A, potential    -2.97
 973 / 1000 elapsed  0 system 0.80 temp   4.8 hbonds, Rg   4.6 A, potential     1.00
 974 / 1000 elapsed  0 system 0.80 temp   5.6 hbonds, Rg   4.5 A, potential     3.31
 975 / 1000 elapsed  0 system 0.80 temp   4.7 hbonds, Rg   4.5 A, potential    -1.12
 976 / 1000 elapsed  0 system 0.80 temp   5.6 hbonds, Rg   4.5 A, potential    -3.70
 977 / 1000 elapsed  0 system 0.80 temp   3.3 hbonds, Rg   4.5 A, potential    -0.31
 978 / 1000 elapsed  0 system 0.80 temp   3.8 hbonds, Rg   4.7 A, potential     2.97
 979 / 1000 elapsed  0 system 0.80 temp   4.2 hbonds, Rg   4.5 A, potential     7.65
 980 / 1000 elapsed  0 system 0.80 temp   5.6 hbonds, Rg   4.6 A, potential     5.66
 981 / 1000 elapsed  0 system 0.80 temp   5.4 hbonds, Rg   4.6 A, potential    -0.34
 982 / 1000 elapsed  0 system 0.80 temp   5.5 hbonds, Rg   4.5 A, potential    -3.00
 983 / 1000 elapsed  0 system 0.80 temp   4.2 hbonds, Rg   4.5 A, potential     9.90
 984 / 1000 elapsed  0 system 0.80 temp   5.1 hbonds, Rg   4.7 A, potential     2.12
 985 / 1000 elapsed  0 system 0.80 temp   4.9 hbonds, Rg   4.6 A, potential     0.32
 986 / 1000 elapsed  0 system 0.80 temp   5.3 hbonds, Rg   4.6 A, potential     6.68
 987 / 1000 elapsed  0 system 0.80 temp   6.1 hbonds, Rg   4.8 A, potential    13.48
 988 / 1000 elapsed  0 system 0.80 temp   5.6 hbonds, Rg   4.7 A, potential     3.41
 989 / 1000 elapsed  0 system 0.80 temp   5.2 hbonds, Rg   4.9 A, potential    12.95
 990 / 1000 elapsed  0 system 0.80 temp   5.5 hbonds, Rg   5.1 A, potential     7.24
 991 / 1000 elapsed  0 system 0.80 temp   3.8 hbonds, Rg   5.0 A, potential    10.15
 992 / 1000 elapsed  0 system 0.80 temp   3.7 hbonds, Rg   4.9 A, potential     4.57
 993 / 1000 elapsed  0 system 0.80 temp   4.9 hbonds, Rg   4.8 A, potential     5.52
 994 / 1000 elapsed  0 system 0.80 temp   3.2 hbonds, Rg   4.7 A, potential    15.38
 995 / 1000 elapsed  0 system 0.80 temp   3.3 hbonds, Rg   4.7 A, potential     5.16
 996 / 1000 elapsed  0 system 0.80 temp   3.6 hbonds, Rg   4.9 A, potential     7.16
 997 / 1000 elapsed  0 system 0.80 temp   3.7 hbonds, Rg   4.9 A, potential     8.17
 998 / 1000 elapsed  0 system 0.80 temp   5.1 hbonds, Rg   4.8 A, potential     4.28
 999 / 1000 elapsed  0 system 0.80 temp   4.6 hbonds, Rg   4.7 A, potential     5.55


finished in 5.2 seconds (46.63 us/systems/step, 6.9e+05 simulation_time_unit/hour)

avg_kinetic_energy/1.5kT  1.028
Initial structure gen...
python /home/rob/github/upside2-md/py/PDB_to_initial_structure.py ./pdb/chig.pdb .//inputs/chig --record-chain-breaks --disable-recentering 
Configuring...
Configuring...
Config commandline options:
/home/rob/github/upside2-md/py/upside_config.py --fasta=.//inputs/chig.fasta --output=.//inputs/chig.up --initial-structure=.//inputs/chig.initial.npy --rama-library=/home/rob/github/upside2-md/parameters/common/rama.dat --rama-sheet-mixing-energy=/home/rob/github/upside2-md/parameters/ff_2.1/sheet --hbond-energy=/home/rob/github/upside2-md/parameters/ff_2.1/hbond.h5 --reference-state-rama=/home/rob/github/upside2-md/parameters/common/rama_reference.pkl --rotamer-placement=/home/rob/github/upside2-md/parameters/ff_2.1/sidechain.h5 --dynamic-rotamer-1body --rotamer-interaction=/home/rob/github/upside2-md/parameters/ff_2.1/sidechain.h5 --environment-potential=/home/rob/github/upside2-md/parameters/ff_2.1/environment.h5 --bb-environment-potential=/home/rob/github/upside2-md/parameters/ff_2.1/bb_env.dat --chain-break-from-file=.//inputs/chig.chain_breaks

n_chains: 1

hbond, 8 donors, 9 acceptors in sequence


Advanced Config commandline options:
/home/rob/github/upside2-md/py/advanced_config.py --config=.//inputs/chig.up

Running...
"/home/rob/github/upside2-md/obj/upside" --duration 1000 --frame-interval 1 --temperature 0.8 --seed 83794 --disable-recentering --record-momentum  .//outputs/prod/chig.run.up
