cwd=/home/nithin/data2/nithin/codex_work/resilient_interface/Upside_Desktop/example/04.HDX
command=python 0.run.py
started=2026-05-15T14:35:42-07:00
@> 679 atoms and 1 coordinate set(s) were parsed in 0.01s.
/home/nithin/data2/nithin/codex_work/resilient_interface/Upside_Desktop/py/upside_config.py:2403: VisibleDeprecationWarning: dtype(): align should be passed as Python or NumPy boolean but got `align=0`. Did you mean to pass a tuple to create a subarray type? (Deprecated NumPy 2.4)
  ref_state_cor =  np.log(cPickle.load(open(args.reference_state_rama, 'rb'), encoding='latin1'))
invocation: /home/nithin/data2/nithin/codex_work/resilient_interface/Upside_Desktop/obj/upside --duration 200000 --frame-interval 100 --temperature 0.7999999999999999,0.8126398282133228,0.8253787285866472,0.838216701119973,0.8511537458133004,0.8641898626666292,0.8773250516799596,0.8905593128532916,0.9038926461866249,0.9173250516799597,0.930856529333296,0.9444870791466338,0.9582167011199731,0.9720453952533139,0.9859731615466563,1.0 --seed 1 --replica-interval 10 --swap-set 0-1,2-3,4-5,6-7,8-9,10-11,12-13,14-15 --swap-set 1-2,3-4,5-6,7-8,9-10,11-12,13-14 .//outputs/REMD/EHEE_rd2_0005.run.0.up .//outputs/REMD/EHEE_rd2_0005.run.1.up .//outputs/REMD/EHEE_rd2_0005.run.2.up .//outputs/REMD/EHEE_rd2_0005.run.3.up .//outputs/REMD/EHEE_rd2_0005.run.4.up .//outputs/REMD/EHEE_rd2_0005.run.5.up .//outputs/REMD/EHEE_rd2_0005.run.6.up .//outputs/REMD/EHEE_rd2_0005.run.7.up .//outputs/REMD/EHEE_rd2_0005.run.8.up .//outputs/REMD/EHEE_rd2_0005.run.9.up .//outputs/REMD/EHEE_rd2_0005.run.10.up .//outputs/REMD/EHEE_rd2_0005.run.11.up .//outputs/REMD/EHEE_rd2_0005.run.12.up .//outputs/REMD/EHEE_rd2_0005.run.13.up .//outputs/REMD/EHEE_rd2_0005.run.14.up .//outputs/REMD/EHEE_rd2_0005.run.15.up
random seed: 1
.//outputs/REMD/EHEE_rd2_0005.run.0.up
n_atom 120

.//outputs/REMD/EHEE_rd2_0005.run.1.up
n_atom 120

.//outputs/REMD/EHEE_rd2_0005.run.2.up
n_atom 120

.//outputs/REMD/EHEE_rd2_0005.run.3.up
n_atom 120

.//outputs/REMD/EHEE_rd2_0005.run.4.up
n_atom 120

.//outputs/REMD/EHEE_rd2_0005.run.5.up
n_atom 120

.//outputs/REMD/EHEE_rd2_0005.run.6.up
n_atom 120

.//outputs/REMD/EHEE_rd2_0005.run.7.up
n_atom 120

.//outputs/REMD/EHEE_rd2_0005.run.8.up
n_atom 120

.//outputs/REMD/EHEE_rd2_0005.run.9.up
n_atom 120

.//outputs/REMD/EHEE_rd2_0005.run.10.up
n_atom 120

.//outputs/REMD/EHEE_rd2_0005.run.11.up
n_atom 120

.//outputs/REMD/EHEE_rd2_0005.run.12.up
n_atom 120

.//outputs/REMD/EHEE_rd2_0005.run.13.up
n_atom 120

.//outputs/REMD/EHEE_rd2_0005.run.14.up
n_atom 120

.//outputs/REMD/EHEE_rd2_0005.run.15.up
n_atom 120

initializing replica exchange

0 0.80
1 0.81
2 0.83
3 0.84
4 0.85
5 0.86
6 0.88
7 0.89
8 0.90
9 0.92
10 0.93
11 0.94
12 0.96
13 0.97
14 0.99
15 1.00

Initial potential energy: -115.96 -115.96 -115.96 -115.96 -115.96 -115.96 -115.96 -115.96 -115.96 -115.96 -115.96 -115.96 -115.96 -115.96 -115.96 -115.96
     0 / 200000 elapsed  0 system 0.80 temp  38.8 hbonds, Rg   8.9 A, potential  -115.96
     0 / 200000 elapsed  3 system 0.84 temp  38.8 hbonds, Rg   8.9 A, potential  -115.96
     0 / 200000 elapsed  6 system 0.88 temp  38.8 hbonds, Rg   8.9 A, potential  -115.96
     0 / 200000 elapsed  4 system 0.85 temp  38.8 hbonds, Rg   8.9 A, potential  -115.96
     0 / 200000 elapsed  2 system 0.83 temp  38.8 hbonds, Rg   8.9 A, potential  -115.96
     0 / 200000 elapsed  9 system 0.92 temp  38.8 hbonds, Rg   8.9 A, potential  -115.96
     0 / 200000 elapsed  8 system 0.90 temp  38.8 hbonds, Rg   8.9 A, potential  -115.96
     0 / 200000 elapsed  7 system 0.89 temp  38.8 hbonds, Rg   8.9 A, potential  -115.96
     0 / 200000 elapsed 11 system 0.94 temp  38.8 hbonds, Rg   8.9 A, potential  -115.96
     0 / 200000 elapsed  1 system 0.81 temp  38.8 hbonds, Rg   8.9 A, potential  -115.96
     0 / 200000 elapsed  5 system 0.86 temp  38.8 hbonds, Rg   8.9 A, potential  -115.96
     0 / 200000 elapsed 10 system 0.93 temp  38.8 hbonds, Rg   8.9 A, potential  -115.96
     0 / 200000 elapsed 14 system 0.99 temp  38.8 hbonds, Rg   8.9 A, potential  -115.96
     0 / 200000 elapsed 15 system 1.00 temp  38.8 hbonds, Rg   8.9 A, potential  -115.96
     0 / 200000 elapsed 12 system 0.96 temp  38.8 hbonds, Rg   8.9 A, potential  -115.96
     0 / 200000 elapsed 13 system 0.97 temp  38.8 hbonds, Rg   8.9 A, potential  -115.96
   100 / 200000 elapsed 10 system 0.93 temp  43.7 hbonds, Rg   9.1 A, potential   -78.39
   100 / 200000 elapsed  9 system 0.92 temp  44.5 hbonds, Rg   9.1 A, potential   -86.74
   100 / 200000 elapsed  8 system 0.90 temp  42.2 hbonds, Rg   9.0 A, potential   -82.04
   100 / 200000 elapsed  2 system 0.83 temp  40.4 hbonds, Rg   9.1 A, potential   -75.14
   100 / 200000 elapsed  1 system 0.81 temp  44.0 hbonds, Rg   9.0 A, potential  -115.28
   100 / 200000 elapsed  3 system 0.84 temp  43.2 hbonds, Rg   9.1 A, potential   -91.89
   100 / 200000 elapsed 11 system 0.94 temp  38.6 hbonds, Rg   8.9 A, potential   -47.25
   100 / 200000 elapsed  4 system 0.85 temp  44.7 hbonds, Rg   9.0 A, potential   -69.61
   100 / 200000 elapsed  7 system 0.89 temp  44.7 hbonds, Rg   9.1 A, potential   -90.34
   100 / 200000 elapsed  5 system 0.86 temp  43.4 hbonds, Rg   8.9 A, potential   -52.39
   100 / 200000 elapsed  0 system 0.80 temp  41.6 hbonds, Rg   9.0 A, potential   -90.80
   100 / 200000 elapsed  6 system 0.88 temp  46.4 hbonds, Rg   9.0 A, potential   -72.86
   100 / 200000 elapsed 12 system 0.96 temp  42.9 hbonds, Rg   9.1 A, potential   -86.59
   100 / 200000 elapsed 15 system 1.00 temp  41.2 hbonds, Rg   9.1 A, potential   -31.81
   100 / 200000 elapsed 13 system 0.97 temp  41.8 hbonds, Rg   8.9 A, potential   -81.41
   100 / 200000 elapsed 14 system 0.99 temp  41.4 hbonds, Rg   9.1 A, potential   -46.64
   200 / 200000 elapsed  7 system 0.89 temp  42.0 hbonds, Rg   9.3 A, potential   -62.95
   200 / 200000 elapsed 11 system 0.94 temp  35.1 hbonds, Rg   9.0 A, potential   -48.64
   200 / 200000 elapsed  4 system 0.85 temp  44.5 hbonds, Rg   9.1 A, potential   -86.81
   200 / 200000 elapsed  3 system 0.84 temp  42.4 hbonds, Rg   9.1 A, potential   -95.05
   200 / 200000 elapsed  9 system 0.92 temp  43.3 hbonds, Rg   9.0 A, potential   -75.94
   200 / 200000 elapsed  0 system 0.80 temp  42.0 hbonds, Rg   8.9 A, potential  -109.85
   200 / 200000 elapsed  8 system 0.90 temp  43.2 hbonds, Rg   9.0 A, potential   -94.89
   200 / 200000 elapsed  5 system 0.86 temp  43.2 hbonds, Rg   9.1 A, potential   -77.48
   200 / 200000 elapsed  6 system 0.88 temp  42.2 hbonds, Rg   9.0 A, potential   -75.99
   200 / 200000 elapsed  1 system 0.81 temp  40.9 hbonds, Rg   8.9 A, potential   -75.87
   200 / 200000 elapsed 10 system 0.93 temp  42.2 hbonds, Rg   9.0 A, potential   -67.55
   200 / 200000 elapsed  2 system 0.83 temp  41.9 hbonds, Rg   9.1 A, potential  -109.01
   200 / 200000 elapsed 14 system 0.99 temp  46.3 hbonds, Rg   8.9 A, potential   -89.56
   200 / 200000 elapsed 13 system 0.97 temp  39.2 hbonds, Rg   9.0 A, potential   -37.74
   200 / 200000 elapsed 12 system 0.96 temp  41.5 hbonds, Rg   9.1 A, potential   -37.19
   200 / 200000 elapsed 15 system 1.00 temp  36.8 hbonds, Rg   9.0 A, potential   -53.27
   300 / 200000 elapsed  1 system 0.81 temp  43.4 hbonds, Rg   9.1 A, potential   -84.97
   300 / 200000 elapsed  8 system 0.90 temp  38.6 hbonds, Rg   9.0 A, potential   -58.46
   300 / 200000 elapsed 11 system 0.94 temp  42.8 hbonds, Rg   9.2 A, potential   -77.54
   300 / 200000 elapsed 10 system 0.93 temp  39.9 hbonds, Rg   9.1 A, potential   -70.47
   300 / 200000 elapsed  9 system 0.92 temp  43.0 hbonds, Rg   9.1 A, potential   -74.37
   300 / 200000 elapsed  4 system 0.85 temp  46.5 hbonds, Rg   9.1 A, potential  -104.42
   300 / 200000 elapsed  5 system 0.86 temp  44.5 hbonds, Rg   8.8 A, potential   -67.89
   300 / 200000 elapsed  0 system 0.80 temp  43.7 hbonds, Rg   8.9 A, potential  -113.00
   300 / 200000 elapsed  6 system 0.88 temp  42.7 hbonds, Rg   8.9 A, potential   -69.20
   300 / 200000 elapsed  7 system 0.89 temp  41.2 hbonds, Rg   8.8 A, potential   -84.09
   300 / 200000 elapsed  2 system 0.83 temp  43.3 hbonds, Rg   8.9 A, potential   -94.17
   300 / 200000 elapsed  3 system 0.84 temp  43.5 hbonds, Rg   9.0 A, potential   -99.10
   300 / 200000 elapsed 12 system 0.96 temp  30.9 hbonds, Rg   8.9 A, potential   -12.27
   300 / 200000 elapsed 13 system 0.97 temp  31.5 hbonds, Rg   9.2 A, potential   -33.90
   300 / 200000 elapsed 15 system 1.00 temp  34.7 hbonds, Rg   9.4 A, potential   -56.27
   300 / 200000 elapsed 14 system 0.99 temp  42.4 hbonds, Rg   8.9 A, potential   -49.16
   400 / 200000 elapsed  9 system 0.92 temp  41.2 hbonds, Rg   9.0 A, potential   -62.97
   400 / 200000 elapsed 10 system 0.93 temp  44.1 hbonds, Rg   9.1 A, potential   -72.33
   400 / 200000 elapsed  7 system 0.89 temp  44.1 hbonds, Rg   9.0 A, potential   -72.40
   400 / 200000 elapsed  4 system 0.85 temp  45.0 hbonds, Rg   9.1 A, potential   -89.10
   400 / 200000 elapsed  5 system 0.86 temp  43.0 hbonds, Rg   9.0 A, potential   -72.12
   400 / 200000 elapsed  2 system 0.83 temp  42.0 hbonds, Rg   8.9 A, potential   -99.90
   400 / 200000 elapsed  0 system 0.80 temp  41.0 hbonds, Rg   9.0 A, potential   -97.17
   400 / 200000 elapsed 11 system 0.94 temp  42.9 hbonds, Rg   9.0 A, potential   -58.73
   400 / 200000 elapsed  6 system 0.88 temp  41.0 hbonds, Rg   8.9 A, potential   -81.27
   400 / 200000 elapsed  3 system 0.84 temp  41.8 hbonds, Rg   9.0 A, potential   -89.90
   400 / 200000 elapsed  8 system 0.90 temp  41.8 hbonds, Rg   9.1 A, potential   -51.46
   400 / 200000 elapsed  1 system 0.81 temp  44.5 hbonds, Rg   9.0 A, potential  -113.54
   400 / 200000 elapsed 14 system 0.99 temp  40.6 hbonds, Rg   9.1 A, potential   -36.41
   400 / 200000 elapsed 12 system 0.96 temp  36.2 hbonds, Rg   9.1 A, potential   -50.04
   400 / 200000 elapsed 15 system 1.00 temp  41.1 hbonds, Rg   9.1 A, potential   -63.02
   400 / 200000 elapsed 13 system 0.97 temp  38.1 hbonds, Rg   9.0 A, potential   -53.13
