invocation: /home/rob/github/upside2-md/obj/upside --duration 1000 --frame-interval 50 --temperature 0.8 --seed 1 --integrator mv --inner-step 2 .//outputs/mts_test/1dfn.run.up
random seed: 1

Using the multi-step integrator
slow motion
  time step: 0.018
  potential terms:
    backbone_pairs
    hbond_energy
    rotamer
    sigmoid_coupling_environment
    bb_sigmoid_coupling_environment

fast motion
  time step: 0.009
  potential terms:
    Spring_angle
    Spring_bond
    Spring_omega
    rama_map_pot
    rama_map_pot_ref

.//outputs/mts_test/1dfn.run.up
n_atom 180


0 0.80

Initial potential energy: -2.70
   0 / 1000 elapsed  0 system 0.80 temp  38.9 hbonds, Rg  10.7 A, potential    -2.70
  50 / 1000 elapsed  0 system 0.80 temp  43.5 hbonds, Rg  11.0 A, potential   -38.58
 100 / 1000 elapsed  0 system 0.80 temp  46.0 hbonds, Rg  10.9 A, potential   -74.13
 150 / 1000 elapsed  0 system 0.80 temp  43.0 hbonds, Rg  10.9 A, potential   -66.90
 200 / 1000 elapsed  0 system 0.80 temp  43.9 hbonds, Rg  11.1 A, potential   -55.18
 250 / 1000 elapsed  0 system 0.80 temp  42.3 hbonds, Rg  12.0 A, potential   -42.95
 300 / 1000 elapsed  0 system 0.80 temp  43.2 hbonds, Rg  11.2 A, potential   -61.48
 350 / 1000 elapsed  0 system 0.80 temp  43.5 hbonds, Rg  11.4 A, potential   -45.98
 400 / 1000 elapsed  0 system 0.80 temp  40.7 hbonds, Rg  11.4 A, potential   -39.61
 450 / 1000 elapsed  0 system 0.80 temp  45.9 hbonds, Rg  11.1 A, potential   -61.03
 500 / 1000 elapsed  0 system 0.80 temp  43.4 hbonds, Rg  11.0 A, potential   -87.88
 550 / 1000 elapsed  0 system 0.80 temp  46.5 hbonds, Rg  10.5 A, potential  -113.25
 600 / 1000 elapsed  0 system 0.80 temp  48.4 hbonds, Rg  10.5 A, potential   -32.56
 650 / 1000 elapsed  0 system 0.80 temp  42.4 hbonds, Rg  10.8 A, potential   -54.20
 700 / 1000 elapsed  0 system 0.80 temp  42.4 hbonds, Rg  10.6 A, potential   -86.01
 750 / 1000 elapsed  0 system 0.80 temp  41.2 hbonds, Rg  10.6 A, potential   -65.37
 800 / 1000 elapsed  0 system 0.80 temp  45.9 hbonds, Rg  10.2 A, potential   -67.70
 850 / 1000 elapsed  0 system 0.80 temp  44.3 hbonds, Rg  10.5 A, potential   -78.18
 900 / 1000 elapsed  0 system 0.80 temp  47.5 hbonds, Rg  10.3 A, potential   -60.39
 950 / 1000 elapsed  0 system 0.80 temp  46.5 hbonds, Rg  10.4 A, potential   -64.49


finished in 28.0 seconds (251.63 us/systems/step, 1.3e+05 simulation_time_unit/hour)

avg_kinetic_energy/1.5kT  1.045
Initial structure gen...
python /home/rob/github/upside2-md/py/PDB_to_initial_structure.py ./pdb/1dfn.pdb .//inputs/1dfn --record-chain-breaks 
Configuring...
Config commandline options:
/home/rob/github/upside2-md/py/upside_config.py --fasta=.//inputs/1dfn.fasta --output=.//inputs/1dfn.up --initial-structure=.//inputs/1dfn.initial.npy --rama-library=/home/rob/github/upside2-md/parameters/common/rama.dat --rama-sheet-mixing-energy=/home/rob/github/upside2-md/parameters/ff_2.1/sheet --hbond-energy=/home/rob/github/upside2-md/parameters/ff_2.1/hbond.h5 --reference-state-rama=/home/rob/github/upside2-md/parameters/common/rama_reference.pkl --rotamer-placement=/home/rob/github/upside2-md/parameters/ff_2.1/sidechain.h5 --dynamic-rotamer-1body --rotamer-interaction=/home/rob/github/upside2-md/parameters/ff_2.1/sidechain.h5 --environment-potential=/home/rob/github/upside2-md/parameters/ff_2.1/environment.h5 --bb-environment-potential=/home/rob/github/upside2-md/parameters/ff_2.1/bb_env.dat --chain-break-from-file=.//inputs/1dfn.chain_breaks
chain_first_residue: [30]
chain_counts: [1 1]

n_chains: 2

hbond_exclude_residues
[29 30]

hbond, 55 donors, 57 acceptors in sequence
Checking infer_H_O


Editing rama_coord (4 rows)

jump atom_range:
[[  0  90]
 [ 90 180]]
sigma_trans:
[5. 5.]
sigma_rot:
[0.5235988 0.5235988]



Running...
