Initial structure gen...
@> 138 atoms and 1 coordinate set(s) were parsed in 0.00s.

chain :
    found 10 usable residues




Configuring...
Config commandline options:
/home/nithin/data2/nithin/codex_work/resilient_interface/Upside_Desktop/py/upside_config.py --fasta=.//inputs/chig.fasta --output=.//inputs/chig.up --rama-library=/home/nithin/data2/nithin/codex_work/resilient_interface/Upside_Desktop/parameters//common//rama.dat --rama-sheet-mixing-energy=/home/nithin/data2/nithin/codex_work/resilient_interface/Upside_Desktop/parameters//ff_2.1/sheet --hbond-energy=/home/nithin/data2/nithin/codex_work/resilient_interface/Upside_Desktop/parameters//ff_2.1/hbond.h5 --reference-state-rama=/home/nithin/data2/nithin/codex_work/resilient_interface/Upside_Desktop/parameters//common//rama_reference.pkl --rotamer-placement=/home/nithin/data2/nithin/codex_work/resilient_interface/Upside_Desktop/parameters//ff_2.1/sidechain.h5 --rotamer-interaction=/home/nithin/data2/nithin/codex_work/resilient_interface/Upside_Desktop/parameters//ff_2.1/sidechain.h5 --dynamic-rotamer-1body --environment-potential=/home/nithin/data2/nithin/codex_work/resilient_interface/Upside_Desktop/parameters//ff_2.1/environment.h5 --bb-environment-potential=/home/nithin/data2/nithin/codex_work/resilient_interface/Upside_Desktop/parameters//ff_2.1/bb_env.dat --chain-break-from-file=.//inputs/chig.chain_breaks
/home/nithin/data2/nithin/codex_work/resilient_interface/Upside_Desktop/py/upside_config.py:2403: VisibleDeprecationWarning: dtype(): align should be passed as Python or NumPy boolean but got `align=0`. Did you mean to pass a tuple to create a subarray type? (Deprecated NumPy 2.4)
  ref_state_cor =  np.log(cPickle.load(open(args.reference_state_rama, 'rb'), encoding='latin1'))

n_chains: 1

hbond, 8 donors, 9 acceptors in sequence

Running...
invocation: /home/nithin/data2/nithin/codex_work/resilient_interface/Upside_Desktop/obj/upside --frame-interval 50 --temperature 0.8 --duration 1000 --seed 1 .//outputs/simple_test/chig.run.up
random seed: 1
.//outputs/simple_test/chig.run.up
n_atom 30


0 0.80

Initial potential energy: 87.53
   0 / 1000 elapsed  0 system 0.80 temp   0.0 hbonds, Rg   5.8 A, potential    86.53
  50 / 1000 elapsed  0 system 0.80 temp   1.0 hbonds, Rg   6.2 A, potential    28.94
 100 / 1000 elapsed  0 system 0.80 temp   0.0 hbonds, Rg   6.7 A, potential    22.37
 150 / 1000 elapsed  0 system 0.80 temp   0.0 hbonds, Rg   7.2 A, potential    20.49
 200 / 1000 elapsed  0 system 0.80 temp   1.7 hbonds, Rg   6.8 A, potential    19.42
 250 / 1000 elapsed  0 system 0.80 temp   0.0 hbonds, Rg   7.0 A, potential    24.48
 300 / 1000 elapsed  0 system 0.80 temp   0.2 hbonds, Rg   7.0 A, potential    23.67
 350 / 1000 elapsed  0 system 0.80 temp   0.0 hbonds, Rg   6.7 A, potential    22.41
 400 / 1000 elapsed  0 system 0.80 temp   5.0 hbonds, Rg   5.4 A, potential    17.55
 450 / 1000 elapsed  0 system 0.80 temp   2.9 hbonds, Rg   6.5 A, potential     7.76
 500 / 1000 elapsed  0 system 0.80 temp   3.9 hbonds, Rg   5.7 A, potential    11.47
 550 / 1000 elapsed  0 system 0.80 temp   1.7 hbonds, Rg   5.9 A, potential    25.94
 600 / 1000 elapsed  0 system 0.80 temp   0.0 hbonds, Rg   6.1 A, potential    24.12
 650 / 1000 elapsed  0 system 0.80 temp   2.0 hbonds, Rg   6.2 A, potential     9.85
 700 / 1000 elapsed  0 system 0.80 temp   3.1 hbonds, Rg   6.5 A, potential    14.20
 750 / 1000 elapsed  0 system 0.80 temp   0.1 hbonds, Rg   5.5 A, potential    26.84
 800 / 1000 elapsed  0 system 0.80 temp   1.8 hbonds, Rg   6.0 A, potential    14.79
 850 / 1000 elapsed  0 system 0.80 temp   5.5 hbonds, Rg   6.0 A, potential     6.86
 900 / 1000 elapsed  0 system 0.80 temp   4.0 hbonds, Rg   5.5 A, potential    11.56
 950 / 1000 elapsed  0 system 0.80 temp   3.8 hbonds, Rg   5.2 A, potential     1.65


finished in 3.1 seconds (28.12 us/systems/step, 1.2e+06 simulation_time_unit/hour)

avg_kinetic_energy/1.5kT  1.009
