Initial structure gen...
@> 138 atoms and 1 coordinate set(s) were parsed in 0.00s.

chain :
    found 10 usable residues




Configuring...
Config commandline options:
/home/nithin/data2/nithin/codex_work/resilient_interface/Upside_Desktop/py/upside_config.py --fasta=.//inputs/chig.fasta --output=.//inputs/chig.up --rama-library=/home/nithin/data2/nithin/codex_work/resilient_interface/Upside_Desktop/parameters//common//rama.dat --rama-sheet-mixing-energy=/home/nithin/data2/nithin/codex_work/resilient_interface/Upside_Desktop/parameters//ff_2.1/sheet --hbond-energy=/home/nithin/data2/nithin/codex_work/resilient_interface/Upside_Desktop/parameters//ff_2.1/hbond.h5 --reference-state-rama=/home/nithin/data2/nithin/codex_work/resilient_interface/Upside_Desktop/parameters//common//rama_reference.pkl --rotamer-placement=/home/nithin/data2/nithin/codex_work/resilient_interface/Upside_Desktop/parameters//ff_2.1/sidechain.h5 --rotamer-interaction=/home/nithin/data2/nithin/codex_work/resilient_interface/Upside_Desktop/parameters//ff_2.1/sidechain.h5 --dynamic-rotamer-1body --environment-potential=/home/nithin/data2/nithin/codex_work/resilient_interface/Upside_Desktop/parameters//ff_2.1/environment.h5 --bb-environment-potential=/home/nithin/data2/nithin/codex_work/resilient_interface/Upside_Desktop/parameters//ff_2.1/bb_env.dat --chain-break-from-file=.//inputs/chig.chain_breaks
/home/nithin/data2/nithin/codex_work/resilient_interface/Upside_Desktop/py/upside_config.py:2403: VisibleDeprecationWarning: dtype(): align should be passed as Python or NumPy boolean but got `align=0`. Did you mean to pass a tuple to create a subarray type? (Deprecated NumPy 2.4)
  ref_state_cor =  np.log(cPickle.load(open(args.reference_state_rama, 'rb'), encoding='latin1'))

n_chains: 1

hbond, 8 donors, 9 acceptors in sequence

Advanced Config commandline options:
/home/nithin/data2/nithin/codex_work/resilient_interface/Upside_Desktop/py/advanced_config.py --config=.//inputs/chig.up --restraint-group=0-9 --restraint-spring-constant=2.0

Restraint groups (uppercase letters are restrained residues)

Restraint spring constant: 2.0
group_0:  GYDPETGTWG
0 [0 1 2 3 4 5 6 7 8 9]
Running...
invocation: /home/nithin/data2/nithin/codex_work/resilient_interface/Upside_Desktop/obj/upside --frame-interval 50 --temperature 0.8 --duration 1000 --seed 1 .//outputs/simple_test/chig.run.up
random seed: 1
.//outputs/simple_test/chig.run.up
n_atom 30


0 0.80

Initial potential energy: 99.07
   0 / 1000 elapsed  0 system 0.80 temp   0.0 hbonds, Rg   5.1 A, potential    98.72
  50 / 1000 elapsed  0 system 0.80 temp   0.0 hbonds, Rg   5.1 A, potential    61.79
 100 / 1000 elapsed  0 system 0.80 temp   0.0 hbonds, Rg   5.1 A, potential    52.45
 150 / 1000 elapsed  0 system 0.80 temp   0.0 hbonds, Rg   5.3 A, potential    49.99
 200 / 1000 elapsed  0 system 0.80 temp   1.1 hbonds, Rg   5.1 A, potential    48.61
 250 / 1000 elapsed  0 system 0.80 temp   1.1 hbonds, Rg   5.3 A, potential    45.43
 300 / 1000 elapsed  0 system 0.80 temp   1.7 hbonds, Rg   5.2 A, potential    41.03
 350 / 1000 elapsed  0 system 0.80 temp   1.7 hbonds, Rg   5.2 A, potential    39.47
 400 / 1000 elapsed  0 system 0.80 temp   1.6 hbonds, Rg   5.1 A, potential    49.77
 450 / 1000 elapsed  0 system 0.80 temp   1.4 hbonds, Rg   5.3 A, potential    55.77
 500 / 1000 elapsed  0 system 0.80 temp   1.9 hbonds, Rg   5.2 A, potential    46.83
 550 / 1000 elapsed  0 system 0.80 temp   0.1 hbonds, Rg   5.3 A, potential    41.73
 600 / 1000 elapsed  0 system 0.80 temp   1.6 hbonds, Rg   5.2 A, potential    45.63
 650 / 1000 elapsed  0 system 0.80 temp   1.7 hbonds, Rg   5.1 A, potential    34.50
 700 / 1000 elapsed  0 system 0.80 temp   1.9 hbonds, Rg   5.3 A, potential    42.92
 750 / 1000 elapsed  0 system 0.80 temp   1.9 hbonds, Rg   5.1 A, potential    37.33
 800 / 1000 elapsed  0 system 0.80 temp   0.9 hbonds, Rg   5.2 A, potential    38.48
 850 / 1000 elapsed  0 system 0.80 temp   1.5 hbonds, Rg   5.1 A, potential    28.69
 900 / 1000 elapsed  0 system 0.80 temp   1.9 hbonds, Rg   5.1 A, potential    38.16
 950 / 1000 elapsed  0 system 0.80 temp   1.9 hbonds, Rg   5.1 A, potential    29.37


finished in 5.2 seconds (46.71 us/systems/step, 6.9e+05 simulation_time_unit/hour)

avg_kinetic_energy/1.5kT  1.046
