@> 660 atoms and 1 coordinate set(s) were parsed in 0.01s.
/home/nithin/data2/nithin/codex_work/resilient_interface/Upside_Desktop/py/upside_config.py:2403: VisibleDeprecationWarning: dtype(): align should be passed as Python or NumPy boolean but got `align=0`. Did you mean to pass a tuple to create a subarray type? (Deprecated NumPy 2.4)
  ref_state_cor =  np.log(cPickle.load(open(args.reference_state_rama, 'rb'), encoding='latin1'))
invocation: /home/nithin/data2/nithin/codex_work/resilient_interface/Upside_Desktop/obj/upside --duration 1000 --frame-interval 50 --temperature 0.8 --seed 1 --disable-recentering .//outputs/simple_test/1UBQ.run.up
random seed: 1
.//outputs/simple_test/1UBQ.run.up
n_atom 228


0 0.80

Initial potential energy: 4537.60
   0 / 1000 elapsed  0 system 0.80 temp  58.2 hbonds, Rg  11.4 A, potential  4537.60
  50 / 1000 elapsed  0 system 0.80 temp  35.2 hbonds, Rg  16.3 A, potential    42.44
 100 / 1000 elapsed  0 system 0.80 temp  35.7 hbonds, Rg  16.3 A, potential    32.81
 150 / 1000 elapsed  0 system 0.80 temp  36.4 hbonds, Rg  16.4 A, potential   -17.19
 200 / 1000 elapsed  0 system 0.80 temp  32.7 hbonds, Rg  15.8 A, potential    -9.63
 250 / 1000 elapsed  0 system 0.80 temp  33.7 hbonds, Rg  16.0 A, potential    24.36
 300 / 1000 elapsed  0 system 0.80 temp  36.5 hbonds, Rg  15.8 A, potential   -16.03
 350 / 1000 elapsed  0 system 0.80 temp  39.6 hbonds, Rg  14.9 A, potential   -20.01
 400 / 1000 elapsed  0 system 0.80 temp  36.5 hbonds, Rg  16.4 A, potential   -13.86
 450 / 1000 elapsed  0 system 0.80 temp  31.9 hbonds, Rg  16.0 A, potential   -18.82
 500 / 1000 elapsed  0 system 0.80 temp  35.2 hbonds, Rg  15.3 A, potential   -38.70
 550 / 1000 elapsed  0 system 0.80 temp  35.6 hbonds, Rg  16.0 A, potential   -17.67
 600 / 1000 elapsed  0 system 0.80 temp  39.7 hbonds, Rg  15.9 A, potential   -26.03
 650 / 1000 elapsed  0 system 0.80 temp  40.4 hbonds, Rg  16.2 A, potential   -40.91
 700 / 1000 elapsed  0 system 0.80 temp  41.1 hbonds, Rg  15.5 A, potential   -20.38
 750 / 1000 elapsed  0 system 0.80 temp  43.9 hbonds, Rg  15.6 A, potential   -49.25
 800 / 1000 elapsed  0 system 0.80 temp  47.1 hbonds, Rg  15.3 A, potential   -47.75
 850 / 1000 elapsed  0 system 0.80 temp  47.8 hbonds, Rg  15.3 A, potential   -45.03
 900 / 1000 elapsed  0 system 0.80 temp  43.6 hbonds, Rg  15.5 A, potential   -35.78
 950 / 1000 elapsed  0 system 0.80 temp  47.3 hbonds, Rg  15.3 A, potential   -53.92


finished in 60.9 seconds (548.07 us/systems/step, 5.9e+04 simulation_time_unit/hour)

avg_kinetic_energy/1.5kT  0.994
Initial structure gen...
python /home/nithin/data2/nithin/codex_work/resilient_interface/Upside_Desktop/py/PDB_to_initial_structure.py ./pdb/1UBQ.pdb .//inputs/1UBQ --record-chain-breaks --disable-recentering 
Configuring...
Config commandline options:
/home/nithin/data2/nithin/codex_work/resilient_interface/Upside_Desktop/py/upside_config.py --fasta=.//inputs/1UBQ.fasta --output=.//inputs/1UBQ.up --initial-structure=.//inputs/1UBQ.initial.npy --rama-library=/home/nithin/data2/nithin/codex_work/resilient_interface/Upside_Desktop/parameters/common/rama.dat --rama-sheet-mixing-energy=/home/nithin/data2/nithin/codex_work/resilient_interface/Upside_Desktop/parameters/ff_2.1/sheet --hbond-energy=/home/nithin/data2/nithin/codex_work/resilient_interface/Upside_Desktop/parameters/ff_2.1/hbond.h5 --reference-state-rama=/home/nithin/data2/nithin/codex_work/resilient_interface/Upside_Desktop/parameters/common/rama_reference.pkl --rotamer-placement=/home/nithin/data2/nithin/codex_work/resilient_interface/Upside_Desktop/parameters/ff_2.1/sidechain.h5 --dynamic-rotamer-1body --rotamer-interaction=/home/nithin/data2/nithin/codex_work/resilient_interface/Upside_Desktop/parameters/ff_2.1/sidechain.h5 --environment-potential=/home/nithin/data2/nithin/codex_work/resilient_interface/Upside_Desktop/parameters/ff_2.1/environment.h5 --bb-environment-potential=/home/nithin/data2/nithin/codex_work/resilient_interface/Upside_Desktop/parameters/ff_2.1/bb_env.dat --chain-break-from-file=.//inputs/1UBQ.chain_breaks

n_chains: 1

hbond, 72 donors, 75 acceptors in sequence


Advanced Config commandline options:
/home/nithin/data2/nithin/codex_work/resilient_interface/Upside_Desktop/py/advanced_config.py --config=.//inputs/1UBQ.up --fixed-wall=wall-const-xyz.dat

Running...
