@> 1752 atoms and 1 coordinate set(s) were parsed in 0.01s.
/home/nithin/data2/nithin/codex_work/resilient_interface/Upside_Desktop/py/upside_config.py:2403: VisibleDeprecationWarning: dtype(): align should be passed as Python or NumPy boolean but got `align=0`. Did you mean to pass a tuple to create a subarray type? (Deprecated NumPy 2.4)
  ref_state_cor =  np.log(cPickle.load(open(args.reference_state_rama, 'rb'), encoding='latin1'))
invocation: /home/nithin/data2/nithin/codex_work/resilient_interface/Upside_Desktop/obj/upside --duration 5000 --frame-interval 50 --temperature 0.7999999999999999,0.7999999999999999,0.7999999999999999,0.7999999999999999,0.7999999999999999,0.7999999999999999,0.7999999999999999,0.7999999999999999 --seed 1 --disable-z-recentering .//outputs/memb_test/1qhj.run.0.up .//outputs/memb_test/1qhj.run.1.up .//outputs/memb_test/1qhj.run.2.up .//outputs/memb_test/1qhj.run.3.up .//outputs/memb_test/1qhj.run.4.up .//outputs/memb_test/1qhj.run.5.up .//outputs/memb_test/1qhj.run.6.up .//outputs/memb_test/1qhj.run.7.up
random seed: 1
.//outputs/memb_test/1qhj.run.0.up
n_atom 684

.//outputs/memb_test/1qhj.run.1.up
n_atom 684

.//outputs/memb_test/1qhj.run.2.up
n_atom 684

.//outputs/memb_test/1qhj.run.3.up
n_atom 684

.//outputs/memb_test/1qhj.run.4.up
n_atom 684

.//outputs/memb_test/1qhj.run.5.up
n_atom 684

.//outputs/memb_test/1qhj.run.6.up
n_atom 684

.//outputs/memb_test/1qhj.run.7.up
n_atom 684


0 0.80
1 0.80
2 0.80
3 0.80
4 0.80
5 0.80
6 0.80
7 0.80

Initial potential energy: -546.14 -546.14 -546.14 -546.14 -546.14 -546.14 -546.14 -546.14
   0 / 5000 elapsed  5 system 0.80 temp 241.7 hbonds, Rg  17.8 A, potential  -546.14
   0 / 5000 elapsed  0 system 0.80 temp 241.7 hbonds, Rg  17.8 A, potential  -546.14
   0 / 5000 elapsed  6 system 0.80 temp 241.7 hbonds, Rg  17.8 A, potential  -546.14
   0 / 5000 elapsed  2 system 0.80 temp 241.7 hbonds, Rg  17.8 A, potential  -546.14
   0 / 5000 elapsed  4 system 0.80 temp 241.7 hbonds, Rg  17.8 A, potential  -546.14
   0 / 5000 elapsed  1 system 0.80 temp 241.7 hbonds, Rg  17.8 A, potential  -546.14
   0 / 5000 elapsed  3 system 0.80 temp 241.7 hbonds, Rg  17.8 A, potential  -546.14
   0 / 5000 elapsed  7 system 0.80 temp 241.7 hbonds, Rg  17.8 A, potential  -546.14
  50 / 5000 elapsed  0 system 0.80 temp 302.7 hbonds, Rg  18.0 A, potential  -538.06
  50 / 5000 elapsed  2 system 0.80 temp 299.5 hbonds, Rg  17.9 A, potential  -582.04
  50 / 5000 elapsed  4 system 0.80 temp 303.4 hbonds, Rg  17.6 A, potential  -591.78
  50 / 5000 elapsed  5 system 0.80 temp 301.8 hbonds, Rg  17.8 A, potential  -569.21
  50 / 5000 elapsed  3 system 0.80 temp 302.0 hbonds, Rg  17.7 A, potential  -535.42
  50 / 5000 elapsed  6 system 0.80 temp 292.3 hbonds, Rg  17.7 A, potential  -494.84
  50 / 5000 elapsed  1 system 0.80 temp 304.4 hbonds, Rg  17.8 A, potential  -564.50
  50 / 5000 elapsed  7 system 0.80 temp 299.3 hbonds, Rg  17.8 A, potential  -575.70
 100 / 5000 elapsed  0 system 0.80 temp 296.1 hbonds, Rg  17.8 A, potential  -580.84
 100 / 5000 elapsed  2 system 0.80 temp 301.9 hbonds, Rg  17.8 A, potential  -576.65
 100 / 5000 elapsed  5 system 0.80 temp 299.2 hbonds, Rg  17.8 A, potential  -545.12
 100 / 5000 elapsed  1 system 0.80 temp 302.8 hbonds, Rg  17.9 A, potential  -543.80
 100 / 5000 elapsed  4 system 0.80 temp 305.5 hbonds, Rg  17.9 A, potential  -585.27
 100 / 5000 elapsed  3 system 0.80 temp 305.0 hbonds, Rg  18.0 A, potential  -577.13
 100 / 5000 elapsed  6 system 0.80 temp 305.4 hbonds, Rg  17.8 A, potential  -570.84
 100 / 5000 elapsed  7 system 0.80 temp 308.8 hbonds, Rg  17.8 A, potential  -616.62
 150 / 5000 elapsed  0 system 0.80 temp 299.2 hbonds, Rg  18.1 A, potential  -600.42
 150 / 5000 elapsed  2 system 0.80 temp 301.1 hbonds, Rg  17.9 A, potential  -592.12
 150 / 5000 elapsed  3 system 0.80 temp 306.4 hbonds, Rg  17.9 A, potential  -586.19
 150 / 5000 elapsed  4 system 0.80 temp 300.0 hbonds, Rg  17.9 A, potential  -559.01
 150 / 5000 elapsed  1 system 0.80 temp 306.8 hbonds, Rg  17.9 A, potential  -600.60
 150 / 5000 elapsed  5 system 0.80 temp 293.0 hbonds, Rg  18.0 A, potential  -541.49
 150 / 5000 elapsed  6 system 0.80 temp 306.5 hbonds, Rg  17.9 A, potential  -577.38
 150 / 5000 elapsed  7 system 0.80 temp 293.3 hbonds, Rg  17.8 A, potential  -571.12
 200 / 5000 elapsed  0 system 0.80 temp 306.3 hbonds, Rg  18.0 A, potential  -597.77
 200 / 5000 elapsed  3 system 0.80 temp 294.1 hbonds, Rg  17.9 A, potential  -540.90
 200 / 5000 elapsed  1 system 0.80 temp 299.3 hbonds, Rg  18.1 A, potential  -540.67
 200 / 5000 elapsed  5 system 0.80 temp 298.9 hbonds, Rg  18.2 A, potential  -619.77
 200 / 5000 elapsed  4 system 0.80 temp 310.0 hbonds, Rg  17.9 A, potential  -606.25
 200 / 5000 elapsed  2 system 0.80 temp 303.1 hbonds, Rg  17.8 A, potential  -579.51
 200 / 5000 elapsed  6 system 0.80 temp 304.9 hbonds, Rg  17.9 A, potential  -607.49
 200 / 5000 elapsed  7 system 0.80 temp 305.3 hbonds, Rg  17.6 A, potential  -592.07
 250 / 5000 elapsed  0 system 0.80 temp 302.0 hbonds, Rg  18.0 A, potential  -539.79
 250 / 5000 elapsed  3 system 0.80 temp 299.4 hbonds, Rg  18.0 A, potential  -592.64
 250 / 5000 elapsed  5 system 0.80 temp 304.8 hbonds, Rg  18.2 A, potential  -531.17
 250 / 5000 elapsed  1 system 0.80 temp 297.3 hbonds, Rg  18.2 A, potential  -540.87
 250 / 5000 elapsed  4 system 0.80 temp 304.4 hbonds, Rg  17.8 A, potential  -647.97
 250 / 5000 elapsed  6 system 0.80 temp 294.5 hbonds, Rg  18.1 A, potential  -581.09
 250 / 5000 elapsed  2 system 0.80 temp 301.0 hbonds, Rg  17.8 A, potential  -541.83
 250 / 5000 elapsed  7 system 0.80 temp 301.2 hbonds, Rg  17.7 A, potential  -632.11
 300 / 5000 elapsed  0 system 0.80 temp 298.8 hbonds, Rg  18.2 A, potential  -567.69
 300 / 5000 elapsed  3 system 0.80 temp 299.4 hbonds, Rg  18.0 A, potential  -587.31
 300 / 5000 elapsed  5 system 0.80 temp 302.6 hbonds, Rg  18.4 A, potential  -533.23
 300 / 5000 elapsed  4 system 0.80 temp 300.8 hbonds, Rg  17.8 A, potential  -616.40
 300 / 5000 elapsed  1 system 0.80 temp 295.8 hbonds, Rg  18.1 A, potential  -597.57
 300 / 5000 elapsed  6 system 0.80 temp 305.0 hbonds, Rg  18.0 A, potential  -576.45
 300 / 5000 elapsed  2 system 0.80 temp 297.4 hbonds, Rg  17.5 A, potential  -576.68
 300 / 5000 elapsed  7 system 0.80 temp 301.6 hbonds, Rg  17.6 A, potential  -652.28
 350 / 5000 elapsed  0 system 0.80 temp 298.1 hbonds, Rg  18.1 A, potential  -593.88
 350 / 5000 elapsed  3 system 0.80 temp 296.2 hbonds, Rg  17.9 A, potential  -610.08
 350 / 5000 elapsed  5 system 0.80 temp 300.7 hbonds, Rg  18.3 A, potential  -600.25
 350 / 5000 elapsed  1 system 0.80 temp 302.1 hbonds, Rg  18.1 A, potential  -558.21
 350 / 5000 elapsed  6 system 0.80 temp 308.5 hbonds, Rg  18.1 A, potential  -607.66
 350 / 5000 elapsed  4 system 0.80 temp 305.2 hbonds, Rg  17.8 A, potential  -566.85
 350 / 5000 elapsed  2 system 0.80 temp 302.7 hbonds, Rg  18.0 A, potential  -578.89
 350 / 5000 elapsed  7 system 0.80 temp 296.0 hbonds, Rg  17.8 A, potential  -583.99
 400 / 5000 elapsed  0 system 0.80 temp 302.1 hbonds, Rg  18.0 A, potential  -589.51
 400 / 5000 elapsed  3 system 0.80 temp 300.5 hbonds, Rg  18.0 A, potential  -539.41
 400 / 5000 elapsed  6 system 0.80 temp 303.6 hbonds, Rg  18.2 A, potential  -579.11
 400 / 5000 elapsed  5 system 0.80 temp 303.3 hbonds, Rg  18.0 A, potential  -623.66
 400 / 5000 elapsed  1 system 0.80 temp 300.7 hbonds, Rg  18.1 A, potential  -554.99
 400 / 5000 elapsed  4 system 0.80 temp 296.7 hbonds, Rg  18.1 A, potential  -541.67
 400 / 5000 elapsed  2 system 0.80 temp 299.0 hbonds, Rg  17.8 A, potential  -569.78
 400 / 5000 elapsed  7 system 0.80 temp 307.4 hbonds, Rg  17.8 A, potential  -610.93
 450 / 5000 elapsed  0 system 0.80 temp 300.2 hbonds, Rg  18.2 A, potential  -580.27
 450 / 5000 elapsed  3 system 0.80 temp 298.0 hbonds, Rg  18.1 A, potential  -620.60
 450 / 5000 elapsed  6 system 0.80 temp 299.7 hbonds, Rg  18.3 A, potential  -581.15
 450 / 5000 elapsed  5 system 0.80 temp 312.0 hbonds, Rg  18.2 A, potential  -625.26
 450 / 5000 elapsed  1 system 0.80 temp 301.1 hbonds, Rg  18.1 A, potential  -556.07
 450 / 5000 elapsed  4 system 0.80 temp 302.3 hbonds, Rg  17.9 A, potential  -554.65
 450 / 5000 elapsed  2 system 0.80 temp 295.7 hbonds, Rg  17.9 A, potential  -554.13
 450 / 5000 elapsed  7 system 0.80 temp 300.9 hbonds, Rg  17.8 A, potential  -581.29
 500 / 5000 elapsed  0 system 0.80 temp 309.3 hbonds, Rg  18.0 A, potential  -607.87
 500 / 5000 elapsed  3 system 0.80 temp 300.3 hbonds, Rg  18.0 A, potential  -577.94
 500 / 5000 elapsed  6 system 0.80 temp 305.0 hbonds, Rg  18.3 A, potential  -532.65
 500 / 5000 elapsed  5 system 0.80 temp 304.1 hbonds, Rg  18.2 A, potential  -647.56
 500 / 5000 elapsed  1 system 0.80 temp 298.8 hbonds, Rg  18.2 A, potential  -549.92
 500 / 5000 elapsed  2 system 0.80 temp 294.3 hbonds, Rg  18.1 A, potential  -595.61
 500 / 5000 elapsed  4 system 0.80 temp 298.5 hbonds, Rg  17.8 A, potential  -581.36
 500 / 5000 elapsed  7 system 0.80 temp 296.8 hbonds, Rg  17.6 A, potential  -626.08
 550 / 5000 elapsed  0 system 0.80 temp 306.1 hbonds, Rg  18.1 A, potential  -610.78
 550 / 5000 elapsed  6 system 0.80 temp 306.6 hbonds, Rg  18.4 A, potential  -547.29
 550 / 5000 elapsed  3 system 0.80 temp 303.4 hbonds, Rg  17.9 A, potential  -606.35
 550 / 5000 elapsed  5 system 0.80 temp 298.6 hbonds, Rg  18.4 A, potential  -598.61
 550 / 5000 elapsed  1 system 0.80 temp 302.7 hbonds, Rg  18.3 A, potential  -575.66
 550 / 5000 elapsed  2 system 0.80 temp 304.1 hbonds, Rg  18.1 A, potential  -584.25
 550 / 5000 elapsed  4 system 0.80 temp 293.6 hbonds, Rg  17.8 A, potential  -623.75
 550 / 5000 elapsed  7 system 0.80 temp 299.6 hbonds, Rg  17.5 A, potential  -628.72
 600 / 5000 elapsed  0 system 0.80 temp 294.4 hbonds, Rg  18.4 A, potential  -592.50
 600 / 5000 elapsed  6 system 0.80 temp 298.3 hbonds, Rg  18.3 A, potential  -604.56
 600 / 5000 elapsed  5 system 0.80 temp 300.2 hbonds, Rg  18.1 A, potential  -577.88
 600 / 5000 elapsed  3 system 0.80 temp 306.5 hbonds, Rg  18.1 A, potential  -640.13
 600 / 5000 elapsed  2 system 0.80 temp 296.4 hbonds, Rg  18.1 A, potential  -571.36
 600 / 5000 elapsed  1 system 0.80 temp 295.3 hbonds, Rg  18.4 A, potential  -530.41
 600 / 5000 elapsed  4 system 0.80 temp 298.0 hbonds, Rg  18.0 A, potential  -570.39
 600 / 5000 elapsed  7 system 0.80 temp 309.9 hbonds, Rg  17.6 A, potential  -670.38
 650 / 5000 elapsed  0 system 0.80 temp 293.1 hbonds, Rg  18.1 A, potential  -571.07
 650 / 5000 elapsed  6 system 0.80 temp 303.7 hbonds, Rg  18.2 A, potential  -639.17
 650 / 5000 elapsed  5 system 0.80 temp 306.4 hbonds, Rg  18.2 A, potential  -586.67
 650 / 5000 elapsed  3 system 0.80 temp 305.2 hbonds, Rg  18.1 A, potential  -593.43
 650 / 5000 elapsed  2 system 0.80 temp 296.9 hbonds, Rg  18.2 A, potential  -583.20
 650 / 5000 elapsed  1 system 0.80 temp 298.8 hbonds, Rg  18.3 A, potential  -569.49
 650 / 5000 elapsed  4 system 0.80 temp 302.4 hbonds, Rg  18.0 A, potential  -659.26
 650 / 5000 elapsed  7 system 0.80 temp 298.0 hbonds, Rg  17.7 A, potential  -601.93
 700 / 5000 elapsed  0 system 0.80 temp 293.0 hbonds, Rg  18.1 A, potential  -520.62
 700 / 5000 elapsed  6 system 0.80 temp 297.0 hbonds, Rg  18.3 A, potential  -526.77
 700 / 5000 elapsed  5 system 0.80 temp 307.8 hbonds, Rg  18.0 A, potential  -591.39
 700 / 5000 elapsed  3 system 0.80 temp 296.4 hbonds, Rg  18.1 A, potential  -557.66
 700 / 5000 elapsed  1 system 0.80 temp 301.8 hbonds, Rg  18.3 A, potential  -599.88
 700 / 5000 elapsed  2 system 0.80 temp 299.8 hbonds, Rg  18.1 A, potential  -613.77
 700 / 5000 elapsed  4 system 0.80 temp 297.2 hbonds, Rg  17.9 A, potential  -582.59
 700 / 5000 elapsed  7 system 0.80 temp 300.5 hbonds, Rg  17.7 A, potential  -609.14
 750 / 5000 elapsed  0 system 0.80 temp 295.6 hbonds, Rg  18.1 A, potential  -588.00
 750 / 5000 elapsed  6 system 0.80 temp 293.2 hbonds, Rg  18.3 A, potential  -531.09
 750 / 5000 elapsed  3 system 0.80 temp 300.7 hbonds, Rg  18.2 A, potential  -576.79
 750 / 5000 elapsed  5 system 0.80 temp 313.7 hbonds, Rg  18.0 A, potential  -678.33
 750 / 5000 elapsed  2 system 0.80 temp 296.0 hbonds, Rg  18.1 A, potential  -589.18
 750 / 5000 elapsed  1 system 0.80 temp 298.2 hbonds, Rg  18.1 A, potential  -531.35
 750 / 5000 elapsed  4 system 0.80 temp 295.4 hbonds, Rg  18.0 A, potential  -602.20
 750 / 5000 elapsed  7 system 0.80 temp 306.2 hbonds, Rg  17.6 A, potential  -605.09
 800 / 5000 elapsed  0 system 0.80 temp 303.3 hbonds, Rg  18.5 A, potential  -629.38
 800 / 5000 elapsed  6 system 0.80 temp 298.8 hbonds, Rg  18.1 A, potential  -613.81
 800 / 5000 elapsed  3 system 0.80 temp 301.6 hbonds, Rg  18.3 A, potential  -596.76
 800 / 5000 elapsed  5 system 0.80 temp 306.9 hbonds, Rg  18.3 A, potential  -596.77
 800 / 5000 elapsed  2 system 0.80 temp 290.9 hbonds, Rg  18.3 A, potential  -492.11
 800 / 5000 elapsed  1 system 0.80 temp 296.3 hbonds, Rg  18.3 A, potential  -605.42
 800 / 5000 elapsed  4 system 0.80 temp 305.1 hbonds, Rg  17.8 A, potential  -640.45
 800 / 5000 elapsed  7 system 0.80 temp 297.0 hbonds, Rg  17.7 A, potential  -590.23
 850 / 5000 elapsed  0 system 0.80 temp 294.4 hbonds, Rg  18.3 A, potential  -550.51
 850 / 5000 elapsed  6 system 0.80 temp 299.9 hbonds, Rg  18.0 A, potential  -539.12
 850 / 5000 elapsed  3 system 0.80 temp 303.6 hbonds, Rg  18.1 A, potential  -603.25
 850 / 5000 elapsed  5 system 0.80 temp 303.5 hbonds, Rg  18.2 A, potential  -603.10
 850 / 5000 elapsed  2 system 0.80 temp 298.2 hbonds, Rg  18.4 A, potential  -551.69
 850 / 5000 elapsed  1 system 0.80 temp 305.5 hbonds, Rg  18.2 A, potential  -585.18
 850 / 5000 elapsed  4 system 0.80 temp 300.1 hbonds, Rg  18.1 A, potential  -572.48
 850 / 5000 elapsed  7 system 0.80 temp 303.1 hbonds, Rg  17.7 A, potential  -628.78
 900 / 5000 elapsed  0 system 0.80 temp 302.2 hbonds, Rg  18.3 A, potential  -521.29
 900 / 5000 elapsed  6 system 0.80 temp 296.5 hbonds, Rg  18.2 A, potential  -547.45
 900 / 5000 elapsed  3 system 0.80 temp 310.1 hbonds, Rg  18.4 A, potential  -589.41
 900 / 5000 elapsed  5 system 0.80 temp 298.5 hbonds, Rg  18.2 A, potential  -563.41
 900 / 5000 elapsed  2 system 0.80 temp 296.2 hbonds, Rg  18.3 A, potential  -522.87
 900 / 5000 elapsed  1 system 0.80 temp 291.9 hbonds, Rg  18.0 A, potential  -579.66
 900 / 5000 elapsed  4 system 0.80 temp 299.4 hbonds, Rg  18.0 A, potential  -648.51
 900 / 5000 elapsed  7 system 0.80 temp 302.8 hbonds, Rg  17.7 A, potential  -605.06
 950 / 5000 elapsed  0 system 0.80 temp 298.4 hbonds, Rg  18.0 A, potential  -578.12
 950 / 5000 elapsed  6 system 0.80 temp 300.3 hbonds, Rg  18.3 A, potential  -552.88
 950 / 5000 elapsed  3 system 0.80 temp 307.4 hbonds, Rg  18.3 A, potential  -613.81
 950 / 5000 elapsed  2 system 0.80 temp 299.6 hbonds, Rg  18.3 A, potential  -556.90
 950 / 5000 elapsed  5 system 0.80 temp 310.8 hbonds, Rg  18.0 A, potential  -662.48
 950 / 5000 elapsed  1 system 0.80 temp 303.6 hbonds, Rg  18.1 A, potential  -664.65
 950 / 5000 elapsed  4 system 0.80 temp 298.7 hbonds, Rg  17.8 A, potential  -609.83
 950 / 5000 elapsed  7 system 0.80 temp 304.1 hbonds, Rg  17.8 A, potential  -608.22
1000 / 5000 elapsed  0 system 0.80 temp 302.1 hbonds, Rg  18.1 A, potential  -587.72
1000 / 5000 elapsed  6 system 0.80 temp 299.1 hbonds, Rg  18.2 A, potential  -599.36
1000 / 5000 elapsed  2 system 0.80 temp 292.7 hbonds, Rg  18.6 A, potential  -521.97
1000 / 5000 elapsed  3 system 0.80 temp 306.0 hbonds, Rg  18.6 A, potential  -608.35
1000 / 5000 elapsed  5 system 0.80 temp 303.7 hbonds, Rg  18.2 A, potential  -560.38
1000 / 5000 elapsed  1 system 0.80 temp 293.8 hbonds, Rg  18.2 A, potential  -607.35
1000 / 5000 elapsed  4 system 0.80 temp 302.6 hbonds, Rg  17.9 A, potential  -666.19
1000 / 5000 elapsed  7 system 0.80 temp 310.0 hbonds, Rg  17.7 A, potential  -656.50
1050 / 5000 elapsed  0 system 0.80 temp 298.4 hbonds, Rg  17.9 A, potential  -586.33
1050 / 5000 elapsed  2 system 0.80 temp 295.1 hbonds, Rg  18.3 A, potential  -555.99
1050 / 5000 elapsed  6 system 0.80 temp 298.3 hbonds, Rg  18.2 A, potential  -613.25
1050 / 5000 elapsed  3 system 0.80 temp 305.0 hbonds, Rg  18.3 A, potential  -601.26
1050 / 5000 elapsed  5 system 0.80 temp 307.9 hbonds, Rg  17.8 A, potential  -670.42
1050 / 5000 elapsed  1 system 0.80 temp 296.9 hbonds, Rg  18.1 A, potential  -579.04
1050 / 5000 elapsed  4 system 0.80 temp 295.6 hbonds, Rg  18.1 A, potential  -548.70
1100 / 5000 elapsed  0 system 0.80 temp 296.5 hbonds, Rg  18.2 A, potential  -564.29
1050 / 5000 elapsed  7 system 0.80 temp 303.4 hbonds, Rg  17.8 A, potential  -578.21
1100 / 5000 elapsed  2 system 0.80 temp 296.5 hbonds, Rg  18.2 A, potential  -532.88
1100 / 5000 elapsed  6 system 0.80 temp 301.7 hbonds, Rg  18.2 A, potential  -615.18
1100 / 5000 elapsed  3 system 0.80 temp 304.1 hbonds, Rg  18.3 A, potential  -583.63
1100 / 5000 elapsed  5 system 0.80 temp 300.7 hbonds, Rg  18.1 A, potential  -603.21
1100 / 5000 elapsed  1 system 0.80 temp 295.5 hbonds, Rg  17.9 A, potential  -575.73
1100 / 5000 elapsed  4 system 0.80 temp 299.8 hbonds, Rg  17.7 A, potential  -669.94
1150 / 5000 elapsed  0 system 0.80 temp 294.1 hbonds, Rg  18.2 A, potential  -575.81
1100 / 5000 elapsed  7 system 0.80 temp 300.3 hbonds, Rg  18.1 A, potential  -602.54
1150 / 5000 elapsed  2 system 0.80 temp 300.7 hbonds, Rg  18.1 A, potential  -603.27
1150 / 5000 elapsed  3 system 0.80 temp 307.6 hbonds, Rg  18.1 A, potential  -627.25
1150 / 5000 elapsed  6 system 0.80 temp 293.7 hbonds, Rg  18.3 A, potential  -636.67
1150 / 5000 elapsed  5 system 0.80 temp 309.2 hbonds, Rg  18.1 A, potential  -642.71
1150 / 5000 elapsed  1 system 0.80 temp 291.0 hbonds, Rg  18.0 A, potential  -574.31
1150 / 5000 elapsed  4 system 0.80 temp 305.0 hbonds, Rg  17.8 A, potential  -572.71
1200 / 5000 elapsed  0 system 0.80 temp 300.1 hbonds, Rg  18.2 A, potential  -614.69
1150 / 5000 elapsed  7 system 0.80 temp 292.2 hbonds, Rg  17.8 A, potential  -578.72
1200 / 5000 elapsed  2 system 0.80 temp 305.2 hbonds, Rg  18.5 A, potential  -571.05
1200 / 5000 elapsed  3 system 0.80 temp 308.7 hbonds, Rg  18.1 A, potential  -605.67
1200 / 5000 elapsed  6 system 0.80 temp 303.5 hbonds, Rg  18.2 A, potential  -545.99
1200 / 5000 elapsed  5 system 0.80 temp 312.1 hbonds, Rg  18.2 A, potential  -629.08
1200 / 5000 elapsed  1 system 0.80 temp 296.0 hbonds, Rg  17.9 A, potential  -554.59
1200 / 5000 elapsed  4 system 0.80 temp 304.5 hbonds, Rg  17.8 A, potential  -599.86
1250 / 5000 elapsed  0 system 0.80 temp 289.3 hbonds, Rg  18.2 A, potential  -544.12
1200 / 5000 elapsed  7 system 0.80 temp 304.9 hbonds, Rg  17.8 A, potential  -570.70
1250 / 5000 elapsed  2 system 0.80 temp 310.0 hbonds, Rg  18.4 A, potential  -632.75
1250 / 5000 elapsed  3 system 0.80 temp 302.7 hbonds, Rg  18.1 A, potential  -584.78
1250 / 5000 elapsed  6 system 0.80 temp 303.4 hbonds, Rg  18.2 A, potential  -603.30
1250 / 5000 elapsed  5 system 0.80 temp 315.1 hbonds, Rg  18.3 A, potential  -572.38
1250 / 5000 elapsed  1 system 0.80 temp 299.9 hbonds, Rg  17.8 A, potential  -627.40
1250 / 5000 elapsed  4 system 0.80 temp 295.5 hbonds, Rg  18.0 A, potential  -640.26
1300 / 5000 elapsed  0 system 0.80 temp 302.5 hbonds, Rg  17.9 A, potential  -636.58
1250 / 5000 elapsed  7 system 0.80 temp 312.3 hbonds, Rg  17.8 A, potential  -649.24
1300 / 5000 elapsed  2 system 0.80 temp 311.3 hbonds, Rg  18.2 A, potential  -582.49
1300 / 5000 elapsed  6 system 0.80 temp 297.5 hbonds, Rg  18.3 A, potential  -625.55
1300 / 5000 elapsed  3 system 0.80 temp 306.3 hbonds, Rg  18.6 A, potential  -613.19
1300 / 5000 elapsed  5 system 0.80 temp 314.4 hbonds, Rg  18.3 A, potential  -644.79
1300 / 5000 elapsed  1 system 0.80 temp 309.0 hbonds, Rg  17.9 A, potential  -656.13
1300 / 5000 elapsed  4 system 0.80 temp 295.0 hbonds, Rg  17.8 A, potential  -558.35
1350 / 5000 elapsed  0 system 0.80 temp 294.7 hbonds, Rg  18.2 A, potential  -575.49
1300 / 5000 elapsed  7 system 0.80 temp 300.5 hbonds, Rg  17.9 A, potential  -570.35
1350 / 5000 elapsed  2 system 0.80 temp 303.9 hbonds, Rg  18.3 A, potential  -578.21
1350 / 5000 elapsed  3 system 0.80 temp 306.4 hbonds, Rg  18.6 A, potential  -623.09
1350 / 5000 elapsed  6 system 0.80 temp 302.0 hbonds, Rg  18.3 A, potential  -557.33
1350 / 5000 elapsed  5 system 0.80 temp 308.2 hbonds, Rg  18.3 A, potential  -596.19
1350 / 5000 elapsed  1 system 0.80 temp 300.4 hbonds, Rg  17.8 A, potential  -571.14
1400 / 5000 elapsed  0 system 0.80 temp 292.3 hbonds, Rg  18.2 A, potential  -524.51
1350 / 5000 elapsed  4 system 0.80 temp 301.1 hbonds, Rg  17.8 A, potential  -628.01
1350 / 5000 elapsed  7 system 0.80 temp 307.3 hbonds, Rg  17.9 A, potential  -630.93
1400 / 5000 elapsed  2 system 0.80 temp 294.2 hbonds, Rg  18.4 A, potential  -593.63
1400 / 5000 elapsed  3 system 0.80 temp 299.1 hbonds, Rg  18.5 A, potential  -592.52
1400 / 5000 elapsed  6 system 0.80 temp 302.5 hbonds, Rg  18.2 A, potential  -593.04
1400 / 5000 elapsed  5 system 0.80 temp 305.6 hbonds, Rg  18.4 A, potential  -608.92
1400 / 5000 elapsed  1 system 0.80 temp 295.5 hbonds, Rg  17.9 A, potential  -655.83
1450 / 5000 elapsed  0 system 0.80 temp 297.8 hbonds, Rg  18.0 A, potential  -601.59
1400 / 5000 elapsed  7 system 0.80 temp 301.1 hbonds, Rg  18.0 A, potential  -606.74
1400 / 5000 elapsed  4 system 0.80 temp 303.9 hbonds, Rg  17.8 A, potential  -543.05
1450 / 5000 elapsed  2 system 0.80 temp 302.1 hbonds, Rg  18.4 A, potential  -559.46
1450 / 5000 elapsed  3 system 0.80 temp 303.1 hbonds, Rg  18.6 A, potential  -554.56
1450 / 5000 elapsed  6 system 0.80 temp 300.3 hbonds, Rg  18.4 A, potential  -614.53
1450 / 5000 elapsed  5 system 0.80 temp 307.0 hbonds, Rg  18.2 A, potential  -613.00
1450 / 5000 elapsed  1 system 0.80 temp 294.4 hbonds, Rg  18.0 A, potential  -595.87
1500 / 5000 elapsed  0 system 0.80 temp 302.8 hbonds, Rg  17.9 A, potential  -629.33
1500 / 5000 elapsed  2 system 0.80 temp 297.8 hbonds, Rg  18.4 A, potential  -572.72
1450 / 5000 elapsed  7 system 0.80 temp 308.3 hbonds, Rg  17.9 A, potential  -651.06
1450 / 5000 elapsed  4 system 0.80 temp 295.2 hbonds, Rg  17.8 A, potential  -628.00
1500 / 5000 elapsed  3 system 0.80 temp 305.8 hbonds, Rg  18.3 A, potential  -603.67
1500 / 5000 elapsed  6 system 0.80 temp 302.2 hbonds, Rg  18.3 A, potential  -590.36
1500 / 5000 elapsed  5 system 0.80 temp 304.6 hbonds, Rg  18.3 A, potential  -610.79
1500 / 5000 elapsed  1 system 0.80 temp 290.7 hbonds, Rg  17.9 A, potential  -574.02
1550 / 5000 elapsed  0 system 0.80 temp 310.0 hbonds, Rg  17.9 A, potential  -563.38
1550 / 5000 elapsed  2 system 0.80 temp 295.7 hbonds, Rg  18.4 A, potential  -509.35
1500 / 5000 elapsed  7 system 0.80 temp 305.2 hbonds, Rg  17.9 A, potential  -624.39
1550 / 5000 elapsed  3 system 0.80 temp 302.8 hbonds, Rg  18.3 A, potential  -616.47
1500 / 5000 elapsed  4 system 0.80 temp 299.3 hbonds, Rg  17.9 A, potential  -595.15
1550 / 5000 elapsed  6 system 0.80 temp 308.3 hbonds, Rg  18.2 A, potential  -578.08
1550 / 5000 elapsed  5 system 0.80 temp 308.2 hbonds, Rg  18.1 A, potential  -586.49
1550 / 5000 elapsed  1 system 0.80 temp 301.7 hbonds, Rg  18.1 A, potential  -588.12
1600 / 5000 elapsed  0 system 0.80 temp 309.9 hbonds, Rg  18.0 A, potential  -539.27
1600 / 5000 elapsed  2 system 0.80 temp 293.1 hbonds, Rg  18.4 A, potential  -590.64
1550 / 5000 elapsed  7 system 0.80 temp 298.1 hbonds, Rg  17.8 A, potential  -586.29
1600 / 5000 elapsed  3 system 0.80 temp 303.9 hbonds, Rg  18.3 A, potential  -567.09
1550 / 5000 elapsed  4 system 0.80 temp 298.1 hbonds, Rg  18.0 A, potential  -648.46
1600 / 5000 elapsed  6 system 0.80 temp 301.3 hbonds, Rg  18.2 A, potential  -566.41
1600 / 5000 elapsed  5 system 0.80 temp 301.4 hbonds, Rg  18.2 A, potential  -631.58
1600 / 5000 elapsed  1 system 0.80 temp 298.7 hbonds, Rg  18.1 A, potential  -591.57
1650 / 5000 elapsed  0 system 0.80 temp 308.7 hbonds, Rg  18.0 A, potential  -638.44
1650 / 5000 elapsed  2 system 0.80 temp 299.3 hbonds, Rg  18.5 A, potential  -596.54
1650 / 5000 elapsed  3 system 0.80 temp 298.3 hbonds, Rg  18.3 A, potential  -629.42
1600 / 5000 elapsed  7 system 0.80 temp 297.7 hbonds, Rg  17.8 A, potential  -568.59
1600 / 5000 elapsed  4 system 0.80 temp 299.5 hbonds, Rg  18.0 A, potential  -571.30
1650 / 5000 elapsed  5 system 0.80 temp 299.6 hbonds, Rg  18.3 A, potential  -626.55
1650 / 5000 elapsed  6 system 0.80 temp 304.0 hbonds, Rg  18.2 A, potential  -587.75
1650 / 5000 elapsed  1 system 0.80 temp 299.4 hbonds, Rg  18.0 A, potential  -625.10
1700 / 5000 elapsed  2 system 0.80 temp 291.3 hbonds, Rg  18.4 A, potential  -553.23
1700 / 5000 elapsed  0 system 0.80 temp 304.4 hbonds, Rg  18.1 A, potential  -621.43
1700 / 5000 elapsed  3 system 0.80 temp 297.8 hbonds, Rg  18.4 A, potential  -626.05
1650 / 5000 elapsed  7 system 0.80 temp 292.7 hbonds, Rg  18.0 A, potential  -608.40
1650 / 5000 elapsed  4 system 0.80 temp 296.2 hbonds, Rg  18.3 A, potential  -586.58
1700 / 5000 elapsed  6 system 0.80 temp 298.5 hbonds, Rg  18.3 A, potential  -588.77
1700 / 5000 elapsed  5 system 0.80 temp 303.0 hbonds, Rg  18.1 A, potential  -607.93
1700 / 5000 elapsed  1 system 0.80 temp 293.8 hbonds, Rg  17.8 A, potential  -570.44
1750 / 5000 elapsed  2 system 0.80 temp 302.4 hbonds, Rg  18.2 A, potential  -547.35
1750 / 5000 elapsed  0 system 0.80 temp 300.8 hbonds, Rg  18.0 A, potential  -581.51
1750 / 5000 elapsed  3 system 0.80 temp 295.1 hbonds, Rg  18.3 A, potential  -587.69
1700 / 5000 elapsed  7 system 0.80 temp 300.4 hbonds, Rg  18.1 A, potential  -602.32
1700 / 5000 elapsed  4 system 0.80 temp 295.4 hbonds, Rg  18.0 A, potential  -556.34
1750 / 5000 elapsed  6 system 0.80 temp 293.9 hbonds, Rg  18.0 A, potential  -636.51
1750 / 5000 elapsed  5 system 0.80 temp 311.0 hbonds, Rg  18.0 A, potential  -658.85
1750 / 5000 elapsed  1 system 0.80 temp 301.0 hbonds, Rg  17.8 A, potential  -632.89
1800 / 5000 elapsed  2 system 0.80 temp 294.4 hbonds, Rg  18.4 A, potential  -601.10
1800 / 5000 elapsed  0 system 0.80 temp 301.0 hbonds, Rg  17.9 A, potential  -603.51
1800 / 5000 elapsed  3 system 0.80 temp 296.4 hbonds, Rg  18.1 A, potential  -571.41
1750 / 5000 elapsed  7 system 0.80 temp 302.3 hbonds, Rg  18.1 A, potential  -669.60
1750 / 5000 elapsed  4 system 0.80 temp 307.4 hbonds, Rg  18.0 A, potential  -592.46
1800 / 5000 elapsed  5 system 0.80 temp 303.7 hbonds, Rg  18.0 A, potential  -618.47
1800 / 5000 elapsed  6 system 0.80 temp 294.9 hbonds, Rg  18.1 A, potential  -615.42
1800 / 5000 elapsed  1 system 0.80 temp 296.1 hbonds, Rg  17.6 A, potential  -604.25
1850 / 5000 elapsed  2 system 0.80 temp 294.8 hbonds, Rg  18.5 A, potential  -551.43
1850 / 5000 elapsed  0 system 0.80 temp 306.2 hbonds, Rg  18.1 A, potential  -570.44
1850 / 5000 elapsed  3 system 0.80 temp 303.1 hbonds, Rg  18.1 A, potential  -605.63
1800 / 5000 elapsed  7 system 0.80 temp 306.1 hbonds, Rg  18.0 A, potential  -608.22
1850 / 5000 elapsed  5 system 0.80 temp 309.1 hbonds, Rg  18.0 A, potential  -610.56
1800 / 5000 elapsed  4 system 0.80 temp 301.5 hbonds, Rg  17.9 A, potential  -591.01
1850 / 5000 elapsed  6 system 0.80 temp 297.9 hbonds, Rg  18.1 A, potential  -596.70
1850 / 5000 elapsed  1 system 0.80 temp 303.0 hbonds, Rg  17.9 A, potential  -617.64
1900 / 5000 elapsed  2 system 0.80 temp 288.9 hbonds, Rg  18.3 A, potential  -513.00
1900 / 5000 elapsed  0 system 0.80 temp 308.5 hbonds, Rg  18.0 A, potential  -633.23
1900 / 5000 elapsed  3 system 0.80 temp 304.9 hbonds, Rg  18.2 A, potential  -645.75
1850 / 5000 elapsed  7 system 0.80 temp 303.0 hbonds, Rg  17.9 A, potential  -597.62
1900 / 5000 elapsed  5 system 0.80 temp 315.6 hbonds, Rg  17.8 A, potential  -629.72
1900 / 5000 elapsed  6 system 0.80 temp 307.5 hbonds, Rg  18.0 A, potential  -672.98
1850 / 5000 elapsed  4 system 0.80 temp 306.2 hbonds, Rg  17.8 A, potential  -611.21
1900 / 5000 elapsed  1 system 0.80 temp 302.2 hbonds, Rg  17.9 A, potential  -613.06
1950 / 5000 elapsed  2 system 0.80 temp 298.4 hbonds, Rg  18.4 A, potential  -582.83
1950 / 5000 elapsed  3 system 0.80 temp 303.8 hbonds, Rg  18.5 A, potential  -548.04
1950 / 5000 elapsed  0 system 0.80 temp 307.1 hbonds, Rg  18.1 A, potential  -549.75
1900 / 5000 elapsed  7 system 0.80 temp 304.8 hbonds, Rg  18.0 A, potential  -644.76
1950 / 5000 elapsed  5 system 0.80 temp 313.5 hbonds, Rg  18.0 A, potential  -636.37
1950 / 5000 elapsed  6 system 0.80 temp 297.4 hbonds, Rg  18.0 A, potential  -630.39
1900 / 5000 elapsed  4 system 0.80 temp 299.4 hbonds, Rg  17.9 A, potential  -592.56
1950 / 5000 elapsed  1 system 0.80 temp 298.5 hbonds, Rg  18.0 A, potential  -593.90
2000 / 5000 elapsed  2 system 0.80 temp 295.7 hbonds, Rg  18.4 A, potential  -527.66
2000 / 5000 elapsed  3 system 0.80 temp 293.0 hbonds, Rg  18.2 A, potential  -570.88
2000 / 5000 elapsed  0 system 0.80 temp 300.7 hbonds, Rg  17.9 A, potential  -643.01
1950 / 5000 elapsed  7 system 0.80 temp 311.8 hbonds, Rg  18.2 A, potential  -627.86
2000 / 5000 elapsed  5 system 0.80 temp 308.3 hbonds, Rg  18.0 A, potential  -626.04
2000 / 5000 elapsed  6 system 0.80 temp 296.5 hbonds, Rg  18.0 A, potential  -606.89
1950 / 5000 elapsed  4 system 0.80 temp 306.0 hbonds, Rg  17.8 A, potential  -584.06
2000 / 5000 elapsed  1 system 0.80 temp 295.1 hbonds, Rg  18.0 A, potential  -580.50
2050 / 5000 elapsed  2 system 0.80 temp 296.6 hbonds, Rg  18.5 A, potential  -553.24
2050 / 5000 elapsed  3 system 0.80 temp 293.4 hbonds, Rg  18.4 A, potential  -530.19
2050 / 5000 elapsed  0 system 0.80 temp 305.5 hbonds, Rg  18.2 A, potential  -542.66
2000 / 5000 elapsed  7 system 0.80 temp 302.7 hbonds, Rg  18.0 A, potential  -593.36
2050 / 5000 elapsed  5 system 0.80 temp 305.2 hbonds, Rg  17.9 A, potential  -561.37
2000 / 5000 elapsed  4 system 0.80 temp 304.6 hbonds, Rg  17.9 A, potential  -533.99
2050 / 5000 elapsed  6 system 0.80 temp 302.1 hbonds, Rg  17.9 A, potential  -621.31
2050 / 5000 elapsed  1 system 0.80 temp 307.7 hbonds, Rg  18.0 A, potential  -612.44
2100 / 5000 elapsed  2 system 0.80 temp 299.5 hbonds, Rg  18.5 A, potential  -593.15
2100 / 5000 elapsed  3 system 0.80 temp 295.7 hbonds, Rg  18.4 A, potential  -622.09
2100 / 5000 elapsed  0 system 0.80 temp 302.5 hbonds, Rg  18.0 A, potential  -608.76
2050 / 5000 elapsed  7 system 0.80 temp 303.3 hbonds, Rg  18.0 A, potential  -584.48
2100 / 5000 elapsed  5 system 0.80 temp 311.7 hbonds, Rg  18.0 A, potential  -629.82
2050 / 5000 elapsed  4 system 0.80 temp 299.7 hbonds, Rg  18.1 A, potential  -619.76
2100 / 5000 elapsed  6 system 0.80 temp 294.5 hbonds, Rg  18.1 A, potential  -560.45
2100 / 5000 elapsed  1 system 0.80 temp 300.3 hbonds, Rg  17.9 A, potential  -577.88
2150 / 5000 elapsed  2 system 0.80 temp 299.4 hbonds, Rg  18.6 A, potential  -605.87
2150 / 5000 elapsed  3 system 0.80 temp 292.8 hbonds, Rg  18.3 A, potential  -605.27
2150 / 5000 elapsed  0 system 0.80 temp 298.5 hbonds, Rg  18.0 A, potential  -580.82
2100 / 5000 elapsed  7 system 0.80 temp 303.5 hbonds, Rg  18.0 A, potential  -633.68
2150 / 5000 elapsed  5 system 0.80 temp 308.4 hbonds, Rg  17.9 A, potential  -593.42
2100 / 5000 elapsed  4 system 0.80 temp 304.5 hbonds, Rg  17.9 A, potential  -583.29
2150 / 5000 elapsed  6 system 0.80 temp 301.9 hbonds, Rg  18.1 A, potential  -569.27
2150 / 5000 elapsed  1 system 0.80 temp 295.0 hbonds, Rg  17.8 A, potential  -611.09
2200 / 5000 elapsed  2 system 0.80 temp 293.1 hbonds, Rg  18.5 A, potential  -584.80
2200 / 5000 elapsed  3 system 0.80 temp 299.1 hbonds, Rg  18.3 A, potential  -604.87
2200 / 5000 elapsed  0 system 0.80 temp 305.0 hbonds, Rg  17.8 A, potential  -616.94
2150 / 5000 elapsed  7 system 0.80 temp 294.3 hbonds, Rg  17.9 A, potential  -636.96
2200 / 5000 elapsed  5 system 0.80 temp 311.9 hbonds, Rg  18.1 A, potential  -640.17
2150 / 5000 elapsed  4 system 0.80 temp 299.4 hbonds, Rg  17.9 A, potential  -561.36
2200 / 5000 elapsed  6 system 0.80 temp 298.0 hbonds, Rg  17.9 A, potential  -653.16
2200 / 5000 elapsed  1 system 0.80 temp 302.1 hbonds, Rg  17.7 A, potential  -598.77
2250 / 5000 elapsed  2 system 0.80 temp 296.3 hbonds, Rg  18.5 A, potential  -563.21
2250 / 5000 elapsed  3 system 0.80 temp 299.6 hbonds, Rg  18.3 A, potential  -566.40
2250 / 5000 elapsed  0 system 0.80 temp 300.3 hbonds, Rg  18.1 A, potential  -573.95
2200 / 5000 elapsed  7 system 0.80 temp 307.3 hbonds, Rg  17.9 A, potential  -607.04
2250 / 5000 elapsed  5 system 0.80 temp 306.1 hbonds, Rg  18.1 A, potential  -634.32
2200 / 5000 elapsed  4 system 0.80 temp 300.2 hbonds, Rg  17.9 A, potential  -554.52
2250 / 5000 elapsed  6 system 0.80 temp 302.8 hbonds, Rg  17.7 A, potential  -606.68
2250 / 5000 elapsed  1 system 0.80 temp 296.8 hbonds, Rg  17.7 A, potential  -680.24
2300 / 5000 elapsed  2 system 0.80 temp 297.2 hbonds, Rg  18.5 A, potential  -594.11
2300 / 5000 elapsed  3 system 0.80 temp 297.2 hbonds, Rg  18.2 A, potential  -617.76
2300 / 5000 elapsed  0 system 0.80 temp 307.3 hbonds, Rg  18.0 A, potential  -589.28
2250 / 5000 elapsed  7 system 0.80 temp 298.9 hbonds, Rg  17.9 A, potential  -579.58
2300 / 5000 elapsed  5 system 0.80 temp 303.9 hbonds, Rg  18.1 A, potential  -603.22
2250 / 5000 elapsed  4 system 0.80 temp 298.7 hbonds, Rg  17.9 A, potential  -624.10
2300 / 5000 elapsed  6 system 0.80 temp 300.6 hbonds, Rg  17.8 A, potential  -598.36
2300 / 5000 elapsed  1 system 0.80 temp 292.6 hbonds, Rg  17.7 A, potential  -625.73
2350 / 5000 elapsed  2 system 0.80 temp 291.3 hbonds, Rg  18.6 A, potential  -608.76
2350 / 5000 elapsed  3 system 0.80 temp 297.8 hbonds, Rg  18.2 A, potential  -616.20
2350 / 5000 elapsed  0 system 0.80 temp 305.0 hbonds, Rg  18.0 A, potential  -587.89
2300 / 5000 elapsed  7 system 0.80 temp 306.5 hbonds, Rg  18.0 A, potential  -578.91
2350 / 5000 elapsed  5 system 0.80 temp 303.5 hbonds, Rg  18.3 A, potential  -550.64
2300 / 5000 elapsed  4 system 0.80 temp 292.1 hbonds, Rg  17.9 A, potential  -554.87
2350 / 5000 elapsed  6 system 0.80 temp 301.4 hbonds, Rg  18.0 A, potential  -619.47
2400 / 5000 elapsed  2 system 0.80 temp 297.5 hbonds, Rg  18.5 A, potential  -549.37
2350 / 5000 elapsed  1 system 0.80 temp 304.0 hbonds, Rg  17.6 A, potential  -663.14
2400 / 5000 elapsed  3 system 0.80 temp 292.7 hbonds, Rg  18.4 A, potential  -569.49
2400 / 5000 elapsed  0 system 0.80 temp 298.4 hbonds, Rg  18.1 A, potential  -600.87
2350 / 5000 elapsed  7 system 0.80 temp 305.4 hbonds, Rg  17.9 A, potential  -622.72
2400 / 5000 elapsed  5 system 0.80 temp 303.1 hbonds, Rg  18.1 A, potential  -602.17
2350 / 5000 elapsed  4 system 0.80 temp 299.0 hbonds, Rg  17.9 A, potential  -532.00
2400 / 5000 elapsed  6 system 0.80 temp 303.9 hbonds, Rg  17.7 A, potential  -606.48
2450 / 5000 elapsed  2 system 0.80 temp 292.4 hbonds, Rg  18.2 A, potential  -551.51
2400 / 5000 elapsed  1 system 0.80 temp 300.5 hbonds, Rg  17.8 A, potential  -680.93
2450 / 5000 elapsed  3 system 0.80 temp 297.3 hbonds, Rg  18.4 A, potential  -590.77
2450 / 5000 elapsed  0 system 0.80 temp 301.4 hbonds, Rg  18.0 A, potential  -565.97
2400 / 5000 elapsed  7 system 0.80 temp 304.4 hbonds, Rg  17.9 A, potential  -653.48
2450 / 5000 elapsed  5 system 0.80 temp 286.9 hbonds, Rg  18.3 A, potential  -600.71
2400 / 5000 elapsed  4 system 0.80 temp 297.4 hbonds, Rg  18.1 A, potential  -549.85
2450 / 5000 elapsed  6 system 0.80 temp 296.6 hbonds, Rg  17.8 A, potential  -610.58
2500 / 5000 elapsed  2 system 0.80 temp 292.4 hbonds, Rg  18.4 A, potential  -542.76
2450 / 5000 elapsed  1 system 0.80 temp 297.1 hbonds, Rg  18.1 A, potential  -549.19
2500 / 5000 elapsed  3 system 0.80 temp 302.1 hbonds, Rg  18.1 A, potential  -568.66
2500 / 5000 elapsed  0 system 0.80 temp 311.5 hbonds, Rg  18.1 A, potential  -646.87
2450 / 5000 elapsed  7 system 0.80 temp 296.6 hbonds, Rg  17.9 A, potential  -624.10
2500 / 5000 elapsed  5 system 0.80 temp 295.0 hbonds, Rg  18.1 A, potential  -645.22
2450 / 5000 elapsed  4 system 0.80 temp 301.6 hbonds, Rg  17.8 A, potential  -623.09
2500 / 5000 elapsed  6 system 0.80 temp 304.9 hbonds, Rg  17.9 A, potential  -579.46
2550 / 5000 elapsed  2 system 0.80 temp 298.9 hbonds, Rg  18.2 A, potential  -597.36
2500 / 5000 elapsed  1 system 0.80 temp 298.9 hbonds, Rg  18.1 A, potential  -575.84
2550 / 5000 elapsed  3 system 0.80 temp 296.4 hbonds, Rg  18.3 A, potential  -604.69
2550 / 5000 elapsed  0 system 0.80 temp 304.9 hbonds, Rg  18.0 A, potential  -673.23
2500 / 5000 elapsed  7 system 0.80 temp 293.3 hbonds, Rg  17.8 A, potential  -636.78
2550 / 5000 elapsed  5 system 0.80 temp 301.1 hbonds, Rg  18.2 A, potential  -596.14
2500 / 5000 elapsed  4 system 0.80 temp 302.3 hbonds, Rg  17.7 A, potential  -595.11
2600 / 5000 elapsed  2 system 0.80 temp 299.3 hbonds, Rg  18.1 A, potential  -610.57
2550 / 5000 elapsed  6 system 0.80 temp 304.3 hbonds, Rg  17.7 A, potential  -606.02
2550 / 5000 elapsed  1 system 0.80 temp 297.8 hbonds, Rg  18.0 A, potential  -626.60
2600 / 5000 elapsed  3 system 0.80 temp 301.2 hbonds, Rg  18.3 A, potential  -610.59
2600 / 5000 elapsed  0 system 0.80 temp 303.3 hbonds, Rg  18.2 A, potential  -680.36
2550 / 5000 elapsed  7 system 0.80 temp 294.9 hbonds, Rg  18.0 A, potential  -567.27
2600 / 5000 elapsed  5 system 0.80 temp 293.8 hbonds, Rg  18.1 A, potential  -620.43
2550 / 5000 elapsed  4 system 0.80 temp 294.2 hbonds, Rg  17.9 A, potential  -580.96
2650 / 5000 elapsed  2 system 0.80 temp 299.1 hbonds, Rg  18.1 A, potential  -606.43
2600 / 5000 elapsed  6 system 0.80 temp 294.5 hbonds, Rg  18.0 A, potential  -590.45
2600 / 5000 elapsed  1 system 0.80 temp 295.4 hbonds, Rg  18.0 A, potential  -630.72
2650 / 5000 elapsed  3 system 0.80 temp 298.1 hbonds, Rg  18.3 A, potential  -544.98
2650 / 5000 elapsed  0 system 0.80 temp 309.0 hbonds, Rg  18.0 A, potential  -563.69
2600 / 5000 elapsed  7 system 0.80 temp 306.6 hbonds, Rg  18.0 A, potential  -612.73
2650 / 5000 elapsed  5 system 0.80 temp 301.7 hbonds, Rg  18.3 A, potential  -661.83
2600 / 5000 elapsed  4 system 0.80 temp 307.3 hbonds, Rg  17.8 A, potential  -628.89
2700 / 5000 elapsed  2 system 0.80 temp 305.7 hbonds, Rg  18.2 A, potential  -644.69
2650 / 5000 elapsed  6 system 0.80 temp 306.7 hbonds, Rg  17.7 A, potential  -611.67
2650 / 5000 elapsed  1 system 0.80 temp 303.8 hbonds, Rg  17.8 A, potential  -618.34
2700 / 5000 elapsed  3 system 0.80 temp 300.6 hbonds, Rg  18.4 A, potential  -578.83
2700 / 5000 elapsed  0 system 0.80 temp 308.0 hbonds, Rg  18.0 A, potential  -588.02
2650 / 5000 elapsed  7 system 0.80 temp 297.0 hbonds, Rg  17.9 A, potential  -552.89
2700 / 5000 elapsed  5 system 0.80 temp 300.8 hbonds, Rg  18.1 A, potential  -621.41
2750 / 5000 elapsed  2 system 0.80 temp 297.6 hbonds, Rg  18.3 A, potential  -593.70
2650 / 5000 elapsed  4 system 0.80 temp 296.7 hbonds, Rg  17.9 A, potential  -609.46
2700 / 5000 elapsed  6 system 0.80 temp 300.3 hbonds, Rg  17.7 A, potential  -607.86
2700 / 5000 elapsed  1 system 0.80 temp 297.8 hbonds, Rg  17.9 A, potential  -618.73
2750 / 5000 elapsed  3 system 0.80 temp 300.0 hbonds, Rg  18.3 A, potential  -620.01
2750 / 5000 elapsed  0 system 0.80 temp 313.1 hbonds, Rg  18.1 A, potential  -619.67
2700 / 5000 elapsed  7 system 0.80 temp 303.7 hbonds, Rg  18.0 A, potential  -566.90
2750 / 5000 elapsed  5 system 0.80 temp 302.6 hbonds, Rg  18.2 A, potential  -639.93
2800 / 5000 elapsed  2 system 0.80 temp 297.9 hbonds, Rg  18.3 A, potential  -630.03
2700 / 5000 elapsed  4 system 0.80 temp 306.0 hbonds, Rg  18.0 A, potential  -620.44
2750 / 5000 elapsed  1 system 0.80 temp 296.2 hbonds, Rg  17.7 A, potential  -617.87
2750 / 5000 elapsed  6 system 0.80 temp 295.5 hbonds, Rg  17.8 A, potential  -604.50
2800 / 5000 elapsed  3 system 0.80 temp 301.7 hbonds, Rg  18.2 A, potential  -630.44
2800 / 5000 elapsed  0 system 0.80 temp 293.5 hbonds, Rg  18.0 A, potential  -619.44
2800 / 5000 elapsed  5 system 0.80 temp 306.7 hbonds, Rg  18.2 A, potential  -636.42
2750 / 5000 elapsed  7 system 0.80 temp 304.4 hbonds, Rg  18.0 A, potential  -568.43
2850 / 5000 elapsed  2 system 0.80 temp 298.4 hbonds, Rg  18.2 A, potential  -583.56
2750 / 5000 elapsed  4 system 0.80 temp 312.3 hbonds, Rg  17.8 A, potential  -586.53
2800 / 5000 elapsed  1 system 0.80 temp 305.4 hbonds, Rg  17.6 A, potential  -624.19
2800 / 5000 elapsed  6 system 0.80 temp 296.8 hbonds, Rg  17.9 A, potential  -575.52
2850 / 5000 elapsed  3 system 0.80 temp 300.0 hbonds, Rg  18.0 A, potential  -627.87
2850 / 5000 elapsed  0 system 0.80 temp 305.3 hbonds, Rg  18.0 A, potential  -600.99
2850 / 5000 elapsed  5 system 0.80 temp 298.9 hbonds, Rg  18.1 A, potential  -622.18
2800 / 5000 elapsed  7 system 0.80 temp 299.8 hbonds, Rg  18.0 A, potential  -553.94
2900 / 5000 elapsed  2 system 0.80 temp 295.8 hbonds, Rg  18.3 A, potential  -558.42
2800 / 5000 elapsed  4 system 0.80 temp 305.3 hbonds, Rg  18.0 A, potential  -521.42
2850 / 5000 elapsed  1 system 0.80 temp 291.7 hbonds, Rg  17.7 A, potential  -568.61
2850 / 5000 elapsed  6 system 0.80 temp 294.9 hbonds, Rg  17.9 A, potential  -600.93
2900 / 5000 elapsed  3 system 0.80 temp 294.6 hbonds, Rg  18.5 A, potential  -580.81
2900 / 5000 elapsed  0 system 0.80 temp 309.2 hbonds, Rg  18.1 A, potential  -672.95
2900 / 5000 elapsed  5 system 0.80 temp 295.8 hbonds, Rg  18.2 A, potential  -630.74
2850 / 5000 elapsed  7 system 0.80 temp 308.9 hbonds, Rg  17.9 A, potential  -569.96
2950 / 5000 elapsed  2 system 0.80 temp 301.1 hbonds, Rg  18.4 A, potential  -538.95
2850 / 5000 elapsed  4 system 0.80 temp 293.0 hbonds, Rg  17.9 A, potential  -575.34
2950 / 5000 elapsed  3 system 0.80 temp 304.1 hbonds, Rg  18.3 A, potential  -595.33
2900 / 5000 elapsed  1 system 0.80 temp 305.8 hbonds, Rg  17.6 A, potential  -633.94
2900 / 5000 elapsed  6 system 0.80 temp 298.7 hbonds, Rg  17.9 A, potential  -642.04
2950 / 5000 elapsed  0 system 0.80 temp 300.7 hbonds, Rg  18.1 A, potential  -569.24
2900 / 5000 elapsed  7 system 0.80 temp 291.3 hbonds, Rg  17.9 A, potential  -571.44
2950 / 5000 elapsed  5 system 0.80 temp 302.2 hbonds, Rg  18.2 A, potential  -595.64
3000 / 5000 elapsed  2 system 0.80 temp 297.4 hbonds, Rg  18.3 A, potential  -572.44
2900 / 5000 elapsed  4 system 0.80 temp 300.8 hbonds, Rg  17.9 A, potential  -625.45
3000 / 5000 elapsed  3 system 0.80 temp 297.0 hbonds, Rg  18.1 A, potential  -625.20
2950 / 5000 elapsed  1 system 0.80 temp 297.8 hbonds, Rg  17.7 A, potential  -638.85
2950 / 5000 elapsed  6 system 0.80 temp 302.3 hbonds, Rg  17.9 A, potential  -594.18
3000 / 5000 elapsed  0 system 0.80 temp 303.9 hbonds, Rg  18.0 A, potential  -618.34
3050 / 5000 elapsed  2 system 0.80 temp 298.9 hbonds, Rg  18.5 A, potential  -543.35
2950 / 5000 elapsed  7 system 0.80 temp 311.0 hbonds, Rg  18.1 A, potential  -659.52
3000 / 5000 elapsed  5 system 0.80 temp 297.5 hbonds, Rg  18.1 A, potential  -594.41
2950 / 5000 elapsed  4 system 0.80 temp 302.2 hbonds, Rg  17.8 A, potential  -606.92
3050 / 5000 elapsed  3 system 0.80 temp 300.1 hbonds, Rg  18.4 A, potential  -590.53
3000 / 5000 elapsed  1 system 0.80 temp 299.3 hbonds, Rg  17.7 A, potential  -617.06
3000 / 5000 elapsed  6 system 0.80 temp 303.4 hbonds, Rg  17.9 A, potential  -596.26
3050 / 5000 elapsed  0 system 0.80 temp 306.2 hbonds, Rg  17.9 A, potential  -651.71
3100 / 5000 elapsed  2 system 0.80 temp 293.8 hbonds, Rg  18.4 A, potential  -574.97
3000 / 5000 elapsed  7 system 0.80 temp 308.5 hbonds, Rg  17.8 A, potential  -606.81
3050 / 5000 elapsed  5 system 0.80 temp 299.3 hbonds, Rg  18.0 A, potential  -618.24
3100 / 5000 elapsed  3 system 0.80 temp 300.6 hbonds, Rg  18.6 A, potential  -594.21
3000 / 5000 elapsed  4 system 0.80 temp 308.3 hbonds, Rg  18.0 A, potential  -630.00
3050 / 5000 elapsed  1 system 0.80 temp 298.9 hbonds, Rg  17.7 A, potential  -610.79
3050 / 5000 elapsed  6 system 0.80 temp 299.1 hbonds, Rg  18.1 A, potential  -583.52
3100 / 5000 elapsed  0 system 0.80 temp 305.0 hbonds, Rg  18.0 A, potential  -626.01
3150 / 5000 elapsed  2 system 0.80 temp 299.6 hbonds, Rg  18.5 A, potential  -594.88
3050 / 5000 elapsed  7 system 0.80 temp 294.2 hbonds, Rg  18.1 A, potential  -594.80
3100 / 5000 elapsed  5 system 0.80 temp 309.5 hbonds, Rg  18.1 A, potential  -660.79
3150 / 5000 elapsed  3 system 0.80 temp 304.8 hbonds, Rg  18.2 A, potential  -585.45
3050 / 5000 elapsed  4 system 0.80 temp 300.1 hbonds, Rg  18.0 A, potential  -589.53
3100 / 5000 elapsed  1 system 0.80 temp 295.5 hbonds, Rg  17.7 A, potential  -629.99
3100 / 5000 elapsed  6 system 0.80 temp 302.3 hbonds, Rg  18.0 A, potential  -596.96
3200 / 5000 elapsed  2 system 0.80 temp 301.1 hbonds, Rg  18.3 A, potential  -620.87
3150 / 5000 elapsed  0 system 0.80 temp 305.4 hbonds, Rg  17.9 A, potential  -606.65
3100 / 5000 elapsed  7 system 0.80 temp 298.2 hbonds, Rg  18.0 A, potential  -595.97
3150 / 5000 elapsed  5 system 0.80 temp 300.1 hbonds, Rg  18.1 A, potential  -594.13
3200 / 5000 elapsed  3 system 0.80 temp 303.6 hbonds, Rg  18.2 A, potential  -574.27
3150 / 5000 elapsed  1 system 0.80 temp 305.3 hbonds, Rg  17.7 A, potential  -619.70
3100 / 5000 elapsed  4 system 0.80 temp 307.0 hbonds, Rg  17.9 A, potential  -622.99
3150 / 5000 elapsed  6 system 0.80 temp 298.0 hbonds, Rg  17.9 A, potential  -574.71
3250 / 5000 elapsed  2 system 0.80 temp 291.4 hbonds, Rg  18.4 A, potential  -589.40
3200 / 5000 elapsed  0 system 0.80 temp 313.8 hbonds, Rg  18.0 A, potential  -663.63
3200 / 5000 elapsed  5 system 0.80 temp 296.2 hbonds, Rg  18.2 A, potential  -596.09
3150 / 5000 elapsed  7 system 0.80 temp 297.9 hbonds, Rg  17.9 A, potential  -567.75
3250 / 5000 elapsed  3 system 0.80 temp 298.4 hbonds, Rg  18.2 A, potential  -607.19
3200 / 5000 elapsed  1 system 0.80 temp 306.0 hbonds, Rg  17.9 A, potential  -636.51
3150 / 5000 elapsed  4 system 0.80 temp 309.0 hbonds, Rg  18.0 A, potential  -593.66
3200 / 5000 elapsed  6 system 0.80 temp 294.9 hbonds, Rg  18.1 A, potential  -589.33
3300 / 5000 elapsed  2 system 0.80 temp 304.4 hbonds, Rg  18.2 A, potential  -593.37
3250 / 5000 elapsed  0 system 0.80 temp 310.8 hbonds, Rg  18.1 A, potential  -596.66
3250 / 5000 elapsed  5 system 0.80 temp 300.9 hbonds, Rg  18.3 A, potential  -617.69
3200 / 5000 elapsed  7 system 0.80 temp 307.7 hbonds, Rg  18.0 A, potential  -619.23
3300 / 5000 elapsed  3 system 0.80 temp 297.3 hbonds, Rg  18.2 A, potential  -593.50
3250 / 5000 elapsed  1 system 0.80 temp 298.1 hbonds, Rg  17.6 A, potential  -576.20
3200 / 5000 elapsed  4 system 0.80 temp 298.7 hbonds, Rg  17.8 A, potential  -579.23
3250 / 5000 elapsed  6 system 0.80 temp 298.0 hbonds, Rg  18.1 A, potential  -544.80
3350 / 5000 elapsed  2 system 0.80 temp 294.5 hbonds, Rg  18.3 A, potential  -583.63
3300 / 5000 elapsed  0 system 0.80 temp 313.0 hbonds, Rg  18.1 A, potential  -604.51
3300 / 5000 elapsed  5 system 0.80 temp 305.5 hbonds, Rg  18.1 A, potential  -611.94
3250 / 5000 elapsed  7 system 0.80 temp 299.9 hbonds, Rg  17.9 A, potential  -575.28
3350 / 5000 elapsed  3 system 0.80 temp 303.9 hbonds, Rg  18.2 A, potential  -607.86
3300 / 5000 elapsed  1 system 0.80 temp 303.6 hbonds, Rg  17.6 A, potential  -617.13
3250 / 5000 elapsed  4 system 0.80 temp 305.8 hbonds, Rg  17.9 A, potential  -624.49
3300 / 5000 elapsed  6 system 0.80 temp 297.8 hbonds, Rg  18.0 A, potential  -616.03
3400 / 5000 elapsed  2 system 0.80 temp 294.4 hbonds, Rg  18.2 A, potential  -566.11
3350 / 5000 elapsed  0 system 0.80 temp 304.6 hbonds, Rg  18.3 A, potential  -649.38
3350 / 5000 elapsed  5 system 0.80 temp 298.9 hbonds, Rg  18.1 A, potential  -623.41
3300 / 5000 elapsed  7 system 0.80 temp 306.8 hbonds, Rg  18.1 A, potential  -603.29
3400 / 5000 elapsed  3 system 0.80 temp 296.1 hbonds, Rg  18.3 A, potential  -579.90
3350 / 5000 elapsed  1 system 0.80 temp 300.8 hbonds, Rg  17.6 A, potential  -645.51
3300 / 5000 elapsed  4 system 0.80 temp 301.8 hbonds, Rg  17.9 A, potential  -632.49
3350 / 5000 elapsed  6 system 0.80 temp 292.7 hbonds, Rg  18.0 A, potential  -585.74
3450 / 5000 elapsed  2 system 0.80 temp 302.7 hbonds, Rg  18.0 A, potential  -632.60
3400 / 5000 elapsed  0 system 0.80 temp 302.6 hbonds, Rg  18.3 A, potential  -586.74
3400 / 5000 elapsed  5 system 0.80 temp 291.8 hbonds, Rg  18.2 A, potential  -593.14
3350 / 5000 elapsed  7 system 0.80 temp 297.1 hbonds, Rg  18.2 A, potential  -595.18
3450 / 5000 elapsed  3 system 0.80 temp 293.2 hbonds, Rg  18.3 A, potential  -640.20
3400 / 5000 elapsed  1 system 0.80 temp 304.1 hbonds, Rg  17.8 A, potential  -635.81
3350 / 5000 elapsed  4 system 0.80 temp 302.1 hbonds, Rg  17.8 A, potential  -594.31
3400 / 5000 elapsed  6 system 0.80 temp 297.1 hbonds, Rg  17.9 A, potential  -568.34
3500 / 5000 elapsed  2 system 0.80 temp 297.1 hbonds, Rg  18.2 A, potential  -569.93
3450 / 5000 elapsed  0 system 0.80 temp 307.0 hbonds, Rg  18.1 A, potential  -592.33
3450 / 5000 elapsed  5 system 0.80 temp 298.2 hbonds, Rg  18.2 A, potential  -628.67
3400 / 5000 elapsed  7 system 0.80 temp 297.6 hbonds, Rg  18.2 A, potential  -580.80
3500 / 5000 elapsed  3 system 0.80 temp 295.6 hbonds, Rg  18.4 A, potential  -543.66
3450 / 5000 elapsed  1 system 0.80 temp 298.7 hbonds, Rg  17.8 A, potential  -647.05
3400 / 5000 elapsed  4 system 0.80 temp 303.4 hbonds, Rg  17.7 A, potential  -593.61
3450 / 5000 elapsed  6 system 0.80 temp 290.5 hbonds, Rg  17.8 A, potential  -568.26
3550 / 5000 elapsed  2 system 0.80 temp 305.1 hbonds, Rg  18.2 A, potential  -601.71
3500 / 5000 elapsed  0 system 0.80 temp 321.1 hbonds, Rg  18.1 A, potential  -663.39
3500 / 5000 elapsed  5 system 0.80 temp 305.1 hbonds, Rg  17.9 A, potential  -620.96
3450 / 5000 elapsed  7 system 0.80 temp 301.5 hbonds, Rg  17.9 A, potential  -558.21
3550 / 5000 elapsed  3 system 0.80 temp 303.6 hbonds, Rg  18.3 A, potential  -570.49
3500 / 5000 elapsed  1 system 0.80 temp 306.0 hbonds, Rg  17.7 A, potential  -580.11
3450 / 5000 elapsed  4 system 0.80 temp 296.0 hbonds, Rg  17.9 A, potential  -614.19
3500 / 5000 elapsed  6 system 0.80 temp 301.5 hbonds, Rg  17.8 A, potential  -656.30
3600 / 5000 elapsed  2 system 0.80 temp 301.1 hbonds, Rg  18.0 A, potential  -614.02
3550 / 5000 elapsed  0 system 0.80 temp 304.5 hbonds, Rg  18.3 A, potential  -635.75
3550 / 5000 elapsed  5 system 0.80 temp 293.8 hbonds, Rg  18.3 A, potential  -585.91
3500 / 5000 elapsed  7 system 0.80 temp 302.5 hbonds, Rg  18.0 A, potential  -624.88
3600 / 5000 elapsed  3 system 0.80 temp 306.6 hbonds, Rg  18.1 A, potential  -623.33
3550 / 5000 elapsed  1 system 0.80 temp 303.1 hbonds, Rg  17.5 A, potential  -591.42
3500 / 5000 elapsed  4 system 0.80 temp 307.2 hbonds, Rg  17.9 A, potential  -610.73
3550 / 5000 elapsed  6 system 0.80 temp 294.7 hbonds, Rg  17.8 A, potential  -563.24
3650 / 5000 elapsed  2 system 0.80 temp 305.4 hbonds, Rg  18.2 A, potential  -553.80
3600 / 5000 elapsed  0 system 0.80 temp 308.6 hbonds, Rg  18.1 A, potential  -650.76
3600 / 5000 elapsed  5 system 0.80 temp 295.4 hbonds, Rg  18.1 A, potential  -624.01
3550 / 5000 elapsed  7 system 0.80 temp 298.9 hbonds, Rg  18.0 A, potential  -609.51
3650 / 5000 elapsed  3 system 0.80 temp 310.2 hbonds, Rg  18.2 A, potential  -651.03
3600 / 5000 elapsed  1 system 0.80 temp 301.9 hbonds, Rg  17.4 A, potential  -615.07
3550 / 5000 elapsed  4 system 0.80 temp 305.0 hbonds, Rg  17.8 A, potential  -593.72
3700 / 5000 elapsed  2 system 0.80 temp 306.2 hbonds, Rg  18.1 A, potential  -642.56
3600 / 5000 elapsed  6 system 0.80 temp 296.3 hbonds, Rg  17.7 A, potential  -544.06
3650 / 5000 elapsed  0 system 0.80 temp 298.3 hbonds, Rg  18.1 A, potential  -594.20
3650 / 5000 elapsed  5 system 0.80 temp 297.7 hbonds, Rg  18.3 A, potential  -595.61
3600 / 5000 elapsed  7 system 0.80 temp 302.2 hbonds, Rg  18.0 A, potential  -639.03
3700 / 5000 elapsed  3 system 0.80 temp 311.7 hbonds, Rg  18.1 A, potential  -665.47
3650 / 5000 elapsed  1 system 0.80 temp 303.9 hbonds, Rg  17.4 A, potential  -603.60
3600 / 5000 elapsed  4 system 0.80 temp 302.6 hbonds, Rg  18.1 A, potential  -611.56
3750 / 5000 elapsed  2 system 0.80 temp 297.0 hbonds, Rg  18.4 A, potential  -573.04
3650 / 5000 elapsed  6 system 0.80 temp 300.3 hbonds, Rg  17.7 A, potential  -575.05
3700 / 5000 elapsed  0 system 0.80 temp 303.9 hbonds, Rg  17.9 A, potential  -636.86
3700 / 5000 elapsed  5 system 0.80 temp 298.5 hbonds, Rg  18.4 A, potential  -605.31
3650 / 5000 elapsed  7 system 0.80 temp 300.4 hbonds, Rg  17.8 A, potential  -618.62
3750 / 5000 elapsed  3 system 0.80 temp 308.6 hbonds, Rg  18.0 A, potential  -584.51
3700 / 5000 elapsed  1 system 0.80 temp 303.0 hbonds, Rg  17.5 A, potential  -648.46
3650 / 5000 elapsed  4 system 0.80 temp 303.3 hbonds, Rg  17.9 A, potential  -595.21
3800 / 5000 elapsed  2 system 0.80 temp 305.7 hbonds, Rg  18.1 A, potential  -622.20
3700 / 5000 elapsed  6 system 0.80 temp 296.4 hbonds, Rg  17.6 A, potential  -640.82
3750 / 5000 elapsed  5 system 0.80 temp 304.9 hbonds, Rg  18.5 A, potential  -609.13
3750 / 5000 elapsed  0 system 0.80 temp 309.9 hbonds, Rg  18.1 A, potential  -633.71
3700 / 5000 elapsed  7 system 0.80 temp 303.1 hbonds, Rg  18.2 A, potential  -633.08
3800 / 5000 elapsed  3 system 0.80 temp 297.7 hbonds, Rg  18.1 A, potential  -617.16
3750 / 5000 elapsed  1 system 0.80 temp 307.0 hbonds, Rg  17.7 A, potential  -627.85
3700 / 5000 elapsed  4 system 0.80 temp 312.7 hbonds, Rg  17.8 A, potential  -606.38
3850 / 5000 elapsed  2 system 0.80 temp 305.7 hbonds, Rg  18.2 A, potential  -643.29
3750 / 5000 elapsed  6 system 0.80 temp 293.7 hbonds, Rg  17.7 A, potential  -613.18
3800 / 5000 elapsed  5 system 0.80 temp 294.9 hbonds, Rg  18.1 A, potential  -576.41
3800 / 5000 elapsed  0 system 0.80 temp 308.4 hbonds, Rg  18.0 A, potential  -608.44
3750 / 5000 elapsed  7 system 0.80 temp 295.0 hbonds, Rg  18.1 A, potential  -500.50
3850 / 5000 elapsed  3 system 0.80 temp 309.9 hbonds, Rg  18.0 A, potential  -649.24
3800 / 5000 elapsed  1 system 0.80 temp 302.2 hbonds, Rg  17.5 A, potential  -627.66
3750 / 5000 elapsed  4 system 0.80 temp 307.8 hbonds, Rg  18.0 A, potential  -616.91
3900 / 5000 elapsed  2 system 0.80 temp 301.3 hbonds, Rg  18.2 A, potential  -580.47
3800 / 5000 elapsed  6 system 0.80 temp 297.9 hbonds, Rg  17.6 A, potential  -628.20
3850 / 5000 elapsed  5 system 0.80 temp 297.2 hbonds, Rg  18.3 A, potential  -643.34
3850 / 5000 elapsed  0 system 0.80 temp 302.3 hbonds, Rg  18.2 A, potential  -604.01
3800 / 5000 elapsed  7 system 0.80 temp 305.4 hbonds, Rg  18.3 A, potential  -559.15
3900 / 5000 elapsed  3 system 0.80 temp 304.7 hbonds, Rg  17.9 A, potential  -573.59
3850 / 5000 elapsed  1 system 0.80 temp 300.2 hbonds, Rg  17.6 A, potential  -556.53
3800 / 5000 elapsed  4 system 0.80 temp 302.8 hbonds, Rg  17.9 A, potential  -585.80
3950 / 5000 elapsed  2 system 0.80 temp 305.6 hbonds, Rg  18.3 A, potential  -638.99
3850 / 5000 elapsed  6 system 0.80 temp 285.9 hbonds, Rg  17.6 A, potential  -558.08
3900 / 5000 elapsed  5 system 0.80 temp 296.4 hbonds, Rg  18.2 A, potential  -594.35
3900 / 5000 elapsed  0 system 0.80 temp 309.6 hbonds, Rg  18.1 A, potential  -576.89
3850 / 5000 elapsed  7 system 0.80 temp 301.4 hbonds, Rg  18.3 A, potential  -649.20
3950 / 5000 elapsed  3 system 0.80 temp 306.5 hbonds, Rg  18.1 A, potential  -588.07
3900 / 5000 elapsed  1 system 0.80 temp 293.2 hbonds, Rg  17.8 A, potential  -570.78
4000 / 5000 elapsed  2 system 0.80 temp 300.2 hbonds, Rg  18.3 A, potential  -582.20
3850 / 5000 elapsed  4 system 0.80 temp 303.0 hbonds, Rg  18.2 A, potential  -577.81
3900 / 5000 elapsed  6 system 0.80 temp 294.0 hbonds, Rg  17.9 A, potential  -551.49
3950 / 5000 elapsed  5 system 0.80 temp 301.0 hbonds, Rg  18.0 A, potential  -642.12
3950 / 5000 elapsed  0 system 0.80 temp 311.8 hbonds, Rg  18.0 A, potential  -655.22
3900 / 5000 elapsed  7 system 0.80 temp 304.5 hbonds, Rg  18.4 A, potential  -584.77
4000 / 5000 elapsed  3 system 0.80 temp 309.8 hbonds, Rg  18.2 A, potential  -560.06
3950 / 5000 elapsed  1 system 0.80 temp 301.4 hbonds, Rg  17.9 A, potential  -605.95
4050 / 5000 elapsed  2 system 0.80 temp 307.2 hbonds, Rg  18.3 A, potential  -605.19
3900 / 5000 elapsed  4 system 0.80 temp 300.9 hbonds, Rg  18.5 A, potential  -547.48
3950 / 5000 elapsed  6 system 0.80 temp 295.3 hbonds, Rg  17.9 A, potential  -551.31
4000 / 5000 elapsed  5 system 0.80 temp 301.6 hbonds, Rg  18.2 A, potential  -588.81
4000 / 5000 elapsed  0 system 0.80 temp 311.7 hbonds, Rg  18.1 A, potential  -587.20
3950 / 5000 elapsed  7 system 0.80 temp 300.5 hbonds, Rg  18.2 A, potential  -600.52
4050 / 5000 elapsed  3 system 0.80 temp 302.4 hbonds, Rg  18.1 A, potential  -579.52
4000 / 5000 elapsed  1 system 0.80 temp 297.3 hbonds, Rg  17.6 A, potential  -635.90
4100 / 5000 elapsed  2 system 0.80 temp 300.1 hbonds, Rg  18.2 A, potential  -582.75
3950 / 5000 elapsed  4 system 0.80 temp 304.4 hbonds, Rg  18.2 A, potential  -620.21
4000 / 5000 elapsed  6 system 0.80 temp 301.5 hbonds, Rg  17.8 A, potential  -632.60
4050 / 5000 elapsed  5 system 0.80 temp 306.2 hbonds, Rg  18.3 A, potential  -661.99
4050 / 5000 elapsed  0 system 0.80 temp 305.3 hbonds, Rg  18.4 A, potential  -625.17
4000 / 5000 elapsed  7 system 0.80 temp 303.8 hbonds, Rg  18.3 A, potential  -612.37
4100 / 5000 elapsed  3 system 0.80 temp 308.5 hbonds, Rg  18.3 A, potential  -612.92
4050 / 5000 elapsed  1 system 0.80 temp 299.9 hbonds, Rg  17.7 A, potential  -589.30
4150 / 5000 elapsed  2 system 0.80 temp 301.8 hbonds, Rg  18.1 A, potential  -574.96
4000 / 5000 elapsed  4 system 0.80 temp 306.2 hbonds, Rg  18.2 A, potential  -616.24
4100 / 5000 elapsed  5 system 0.80 temp 298.6 hbonds, Rg  18.4 A, potential  -597.49
4050 / 5000 elapsed  6 system 0.80 temp 300.1 hbonds, Rg  18.0 A, potential  -596.24
4100 / 5000 elapsed  0 system 0.80 temp 304.6 hbonds, Rg  18.0 A, potential  -568.95
4050 / 5000 elapsed  7 system 0.80 temp 296.5 hbonds, Rg  18.4 A, potential  -604.98
4150 / 5000 elapsed  3 system 0.80 temp 309.6 hbonds, Rg  18.2 A, potential  -620.01
4100 / 5000 elapsed  1 system 0.80 temp 299.5 hbonds, Rg  17.8 A, potential  -559.06
4200 / 5000 elapsed  2 system 0.80 temp 308.5 hbonds, Rg  18.0 A, potential  -629.53
4050 / 5000 elapsed  4 system 0.80 temp 295.4 hbonds, Rg  18.3 A, potential  -604.55
4150 / 5000 elapsed  5 system 0.80 temp 301.9 hbonds, Rg  18.4 A, potential  -630.06
4100 / 5000 elapsed  6 system 0.80 temp 297.5 hbonds, Rg  18.2 A, potential  -533.58
4150 / 5000 elapsed  0 system 0.80 temp 301.6 hbonds, Rg  18.1 A, potential  -629.53
4100 / 5000 elapsed  7 system 0.80 temp 296.6 hbonds, Rg  18.5 A, potential  -602.25
4200 / 5000 elapsed  3 system 0.80 temp 306.6 hbonds, Rg  18.1 A, potential  -619.85
4150 / 5000 elapsed  1 system 0.80 temp 299.5 hbonds, Rg  17.5 A, potential  -652.93
4250 / 5000 elapsed  2 system 0.80 temp 298.6 hbonds, Rg  18.0 A, potential  -566.82
4100 / 5000 elapsed  4 system 0.80 temp 301.6 hbonds, Rg  18.2 A, potential  -619.95
4200 / 5000 elapsed  5 system 0.80 temp 298.5 hbonds, Rg  18.2 A, potential  -676.28
4150 / 5000 elapsed  7 system 0.80 temp 298.4 hbonds, Rg  18.4 A, potential  -601.32
4200 / 5000 elapsed  0 system 0.80 temp 304.6 hbonds, Rg  18.2 A, potential  -614.14
4150 / 5000 elapsed  6 system 0.80 temp 305.3 hbonds, Rg  18.0 A, potential  -585.19
4250 / 5000 elapsed  3 system 0.80 temp 306.6 hbonds, Rg  18.1 A, potential  -654.76
4200 / 5000 elapsed  1 system 0.80 temp 309.7 hbonds, Rg  17.6 A, potential  -642.91
4300 / 5000 elapsed  2 system 0.80 temp 310.0 hbonds, Rg  18.2 A, potential  -607.65
4150 / 5000 elapsed  4 system 0.80 temp 301.6 hbonds, Rg  18.2 A, potential  -615.49
4250 / 5000 elapsed  5 system 0.80 temp 302.0 hbonds, Rg  18.0 A, potential  -686.77
4200 / 5000 elapsed  7 system 0.80 temp 301.0 hbonds, Rg  18.4 A, potential  -617.44
4250 / 5000 elapsed  0 system 0.80 temp 305.4 hbonds, Rg  18.1 A, potential  -602.47
4200 / 5000 elapsed  6 system 0.80 temp 295.6 hbonds, Rg  17.9 A, potential  -599.30
4300 / 5000 elapsed  3 system 0.80 temp 308.7 hbonds, Rg  18.3 A, potential  -593.14
4250 / 5000 elapsed  1 system 0.80 temp 305.6 hbonds, Rg  17.6 A, potential  -668.66
4200 / 5000 elapsed  4 system 0.80 temp 298.8 hbonds, Rg  18.3 A, potential  -594.96
4350 / 5000 elapsed  2 system 0.80 temp 304.4 hbonds, Rg  18.0 A, potential  -643.34
4300 / 5000 elapsed  5 system 0.80 temp 297.3 hbonds, Rg  18.1 A, potential  -639.09
4250 / 5000 elapsed  7 system 0.80 temp 310.7 hbonds, Rg  18.4 A, potential  -618.84
4300 / 5000 elapsed  0 system 0.80 temp 306.6 hbonds, Rg  18.3 A, potential  -620.84
4250 / 5000 elapsed  6 system 0.80 temp 297.2 hbonds, Rg  18.1 A, potential  -589.67
4350 / 5000 elapsed  3 system 0.80 temp 303.3 hbonds, Rg  18.2 A, potential  -588.19
4300 / 5000 elapsed  1 system 0.80 temp 300.6 hbonds, Rg  17.5 A, potential  -654.67
4250 / 5000 elapsed  4 system 0.80 temp 306.9 hbonds, Rg  18.1 A, potential  -620.41
4400 / 5000 elapsed  2 system 0.80 temp 306.9 hbonds, Rg  18.0 A, potential  -612.34
4300 / 5000 elapsed  7 system 0.80 temp 306.9 hbonds, Rg  18.5 A, potential  -574.55
4350 / 5000 elapsed  5 system 0.80 temp 298.8 hbonds, Rg  18.1 A, potential  -600.98
4350 / 5000 elapsed  0 system 0.80 temp 301.1 hbonds, Rg  18.0 A, potential  -626.49
4300 / 5000 elapsed  6 system 0.80 temp 301.7 hbonds, Rg  18.1 A, potential  -629.57
4400 / 5000 elapsed  3 system 0.80 temp 308.6 hbonds, Rg  18.2 A, potential  -574.64
4350 / 5000 elapsed  1 system 0.80 temp 299.7 hbonds, Rg  17.6 A, potential  -602.77
4300 / 5000 elapsed  4 system 0.80 temp 305.9 hbonds, Rg  18.2 A, potential  -569.32
4450 / 5000 elapsed  2 system 0.80 temp 306.6 hbonds, Rg  17.9 A, potential  -600.77
4350 / 5000 elapsed  7 system 0.80 temp 301.2 hbonds, Rg  18.3 A, potential  -590.14
4400 / 5000 elapsed  5 system 0.80 temp 303.7 hbonds, Rg  18.0 A, potential  -618.37
4400 / 5000 elapsed  0 system 0.80 temp 303.2 hbonds, Rg  18.5 A, potential  -548.13
4350 / 5000 elapsed  6 system 0.80 temp 299.1 hbonds, Rg  18.0 A, potential  -588.94
4450 / 5000 elapsed  3 system 0.80 temp 309.7 hbonds, Rg  18.2 A, potential  -607.39
4350 / 5000 elapsed  4 system 0.80 temp 298.9 hbonds, Rg  18.2 A, potential  -606.91
4400 / 5000 elapsed  1 system 0.80 temp 302.8 hbonds, Rg  17.5 A, potential  -618.74
4500 / 5000 elapsed  2 system 0.80 temp 300.1 hbonds, Rg  18.3 A, potential  -591.66
4400 / 5000 elapsed  7 system 0.80 temp 305.1 hbonds, Rg  18.7 A, potential  -633.70
4450 / 5000 elapsed  0 system 0.80 temp 307.4 hbonds, Rg  18.3 A, potential  -594.62
4450 / 5000 elapsed  5 system 0.80 temp 298.3 hbonds, Rg  18.2 A, potential  -639.63
4400 / 5000 elapsed  6 system 0.80 temp 293.4 hbonds, Rg  18.0 A, potential  -558.85
4500 / 5000 elapsed  3 system 0.80 temp 304.9 hbonds, Rg  18.1 A, potential  -611.08
4400 / 5000 elapsed  4 system 0.80 temp 304.3 hbonds, Rg  18.2 A, potential  -617.36
4450 / 5000 elapsed  1 system 0.80 temp 297.0 hbonds, Rg  17.5 A, potential  -589.04
4550 / 5000 elapsed  2 system 0.80 temp 296.2 hbonds, Rg  18.2 A, potential  -623.59
4450 / 5000 elapsed  7 system 0.80 temp 301.2 hbonds, Rg  18.8 A, potential  -547.04
4500 / 5000 elapsed  0 system 0.80 temp 302.7 hbonds, Rg  18.1 A, potential  -571.48
4500 / 5000 elapsed  5 system 0.80 temp 301.5 hbonds, Rg  18.0 A, potential  -662.86
4450 / 5000 elapsed  6 system 0.80 temp 299.0 hbonds, Rg  18.0 A, potential  -577.92
4550 / 5000 elapsed  3 system 0.80 temp 307.9 hbonds, Rg  18.1 A, potential  -589.47
4450 / 5000 elapsed  4 system 0.80 temp 300.6 hbonds, Rg  18.4 A, potential  -624.25
4600 / 5000 elapsed  2 system 0.80 temp 298.7 hbonds, Rg  18.5 A, potential  -548.40
4500 / 5000 elapsed  1 system 0.80 temp 293.6 hbonds, Rg  17.6 A, potential  -588.91
4500 / 5000 elapsed  7 system 0.80 temp 304.6 hbonds, Rg  18.3 A, potential  -570.65
4550 / 5000 elapsed  0 system 0.80 temp 308.1 hbonds, Rg  18.1 A, potential  -647.34
4550 / 5000 elapsed  5 system 0.80 temp 300.1 hbonds, Rg  18.1 A, potential  -590.04
4500 / 5000 elapsed  6 system 0.80 temp 298.6 hbonds, Rg  17.9 A, potential  -596.47
4600 / 5000 elapsed  3 system 0.80 temp 315.7 hbonds, Rg  18.4 A, potential  -651.49
4500 / 5000 elapsed  4 system 0.80 temp 297.0 hbonds, Rg  18.4 A, potential  -574.03
4650 / 5000 elapsed  2 system 0.80 temp 302.4 hbonds, Rg  18.2 A, potential  -607.35
4550 / 5000 elapsed  1 system 0.80 temp 301.3 hbonds, Rg  17.6 A, potential  -641.80
4550 / 5000 elapsed  7 system 0.80 temp 298.8 hbonds, Rg  18.6 A, potential  -627.75
4600 / 5000 elapsed  0 system 0.80 temp 299.3 hbonds, Rg  18.2 A, potential  -636.38
4600 / 5000 elapsed  5 system 0.80 temp 302.0 hbonds, Rg  18.0 A, potential  -588.91
4550 / 5000 elapsed  6 system 0.80 temp 299.0 hbonds, Rg  17.9 A, potential  -634.54
4650 / 5000 elapsed  3 system 0.80 temp 307.7 hbonds, Rg  18.3 A, potential  -660.11
4550 / 5000 elapsed  4 system 0.80 temp 300.4 hbonds, Rg  18.1 A, potential  -618.63
4700 / 5000 elapsed  2 system 0.80 temp 307.6 hbonds, Rg  18.1 A, potential  -574.46
4600 / 5000 elapsed  1 system 0.80 temp 297.1 hbonds, Rg  17.5 A, potential  -596.30
4600 / 5000 elapsed  7 system 0.80 temp 306.3 hbonds, Rg  18.4 A, potential  -597.24
4650 / 5000 elapsed  0 system 0.80 temp 304.8 hbonds, Rg  18.2 A, potential  -674.20
4650 / 5000 elapsed  5 system 0.80 temp 306.0 hbonds, Rg  18.0 A, potential  -592.97
4600 / 5000 elapsed  6 system 0.80 temp 298.2 hbonds, Rg  18.0 A, potential  -588.90
4700 / 5000 elapsed  3 system 0.80 temp 315.2 hbonds, Rg  18.3 A, potential  -611.49
4600 / 5000 elapsed  4 system 0.80 temp 300.0 hbonds, Rg  18.4 A, potential  -620.08
4750 / 5000 elapsed  2 system 0.80 temp 294.9 hbonds, Rg  18.2 A, potential  -581.82
4650 / 5000 elapsed  1 system 0.80 temp 299.5 hbonds, Rg  17.6 A, potential  -623.92
4650 / 5000 elapsed  7 system 0.80 temp 302.0 hbonds, Rg  18.5 A, potential  -640.59
4700 / 5000 elapsed  0 system 0.80 temp 307.3 hbonds, Rg  18.2 A, potential  -625.09
4700 / 5000 elapsed  5 system 0.80 temp 306.5 hbonds, Rg  17.9 A, potential  -592.98
4650 / 5000 elapsed  6 system 0.80 temp 298.0 hbonds, Rg  17.9 A, potential  -566.95
4750 / 5000 elapsed  3 system 0.80 temp 301.2 hbonds, Rg  18.3 A, potential  -561.98
4650 / 5000 elapsed  4 system 0.80 temp 301.8 hbonds, Rg  18.2 A, potential  -617.76
4800 / 5000 elapsed  2 system 0.80 temp 307.4 hbonds, Rg  18.5 A, potential  -675.84
4700 / 5000 elapsed  1 system 0.80 temp 291.6 hbonds, Rg  17.7 A, potential  -588.66
4700 / 5000 elapsed  7 system 0.80 temp 294.7 hbonds, Rg  18.5 A, potential  -587.76
4750 / 5000 elapsed  0 system 0.80 temp 306.5 hbonds, Rg  18.2 A, potential  -596.09
4750 / 5000 elapsed  5 system 0.80 temp 295.6 hbonds, Rg  18.1 A, potential  -624.06
4700 / 5000 elapsed  6 system 0.80 temp 295.7 hbonds, Rg  18.0 A, potential  -591.65
4800 / 5000 elapsed  3 system 0.80 temp 304.6 hbonds, Rg  18.1 A, potential  -570.10
4700 / 5000 elapsed  4 system 0.80 temp 307.5 hbonds, Rg  18.1 A, potential  -597.88
4850 / 5000 elapsed  2 system 0.80 temp 300.1 hbonds, Rg  18.4 A, potential  -615.01
4750 / 5000 elapsed  1 system 0.80 temp 295.4 hbonds, Rg  17.7 A, potential  -608.28
4750 / 5000 elapsed  7 system 0.80 temp 302.6 hbonds, Rg  18.6 A, potential  -642.64
4800 / 5000 elapsed  0 system 0.80 temp 303.6 hbonds, Rg  18.2 A, potential  -610.16
4800 / 5000 elapsed  5 system 0.80 temp 295.4 hbonds, Rg  18.2 A, potential  -543.58
4750 / 5000 elapsed  6 system 0.80 temp 297.8 hbonds, Rg  18.0 A, potential  -625.34
4850 / 5000 elapsed  3 system 0.80 temp 304.0 hbonds, Rg  18.3 A, potential  -639.12
4750 / 5000 elapsed  4 system 0.80 temp 306.3 hbonds, Rg  18.1 A, potential  -605.33
4900 / 5000 elapsed  2 system 0.80 temp 289.1 hbonds, Rg  18.4 A, potential  -553.05
4800 / 5000 elapsed  1 system 0.80 temp 297.3 hbonds, Rg  17.7 A, potential  -595.98
4800 / 5000 elapsed  7 system 0.80 temp 299.0 hbonds, Rg  18.5 A, potential  -589.72
4850 / 5000 elapsed  0 system 0.80 temp 302.1 hbonds, Rg  18.4 A, potential  -570.56
4850 / 5000 elapsed  5 system 0.80 temp 307.0 hbonds, Rg  18.3 A, potential  -620.88
4800 / 5000 elapsed  6 system 0.80 temp 293.5 hbonds, Rg  18.0 A, potential  -627.96
4900 / 5000 elapsed  3 system 0.80 temp 307.9 hbonds, Rg  18.1 A, potential  -620.58
4800 / 5000 elapsed  4 system 0.80 temp 303.5 hbonds, Rg  18.2 A, potential  -599.88
4950 / 5000 elapsed  2 system 0.80 temp 297.3 hbonds, Rg  18.4 A, potential  -614.88
4850 / 5000 elapsed  1 system 0.80 temp 301.0 hbonds, Rg  17.7 A, potential  -628.57
4850 / 5000 elapsed  7 system 0.80 temp 300.2 hbonds, Rg  18.6 A, potential  -590.91
4900 / 5000 elapsed  0 system 0.80 temp 310.0 hbonds, Rg  18.3 A, potential  -590.53
4900 / 5000 elapsed  5 system 0.80 temp 297.0 hbonds, Rg  18.1 A, potential  -617.12
4850 / 5000 elapsed  6 system 0.80 temp 306.6 hbonds, Rg  18.0 A, potential  -657.83
4950 / 5000 elapsed  3 system 0.80 temp 301.9 hbonds, Rg  18.0 A, potential  -611.36
4850 / 5000 elapsed  4 system 0.80 temp 306.8 hbonds, Rg  18.0 A, potential  -611.60
4900 / 5000 elapsed  7 system 0.80 temp 294.3 hbonds, Rg  18.6 A, potential  -610.61
4900 / 5000 elapsed  1 system 0.80 temp 298.0 hbonds, Rg  17.7 A, potential  -595.95
4950 / 5000 elapsed  0 system 0.80 temp 312.2 hbonds, Rg  17.9 A, potential  -630.99
4950 / 5000 elapsed  5 system 0.80 temp 293.9 hbonds, Rg  18.2 A, potential  -594.57
4900 / 5000 elapsed  6 system 0.80 temp 298.0 hbonds, Rg  18.0 A, potential  -582.66
4900 / 5000 elapsed  4 system 0.80 temp 301.1 hbonds, Rg  18.1 A, potential  -597.34
4950 / 5000 elapsed  7 system 0.80 temp 294.0 hbonds, Rg  18.4 A, potential  -602.43
4950 / 5000 elapsed  1 system 0.80 temp 296.3 hbonds, Rg  17.8 A, potential  -589.96
4950 / 5000 elapsed  6 system 0.80 temp 307.6 hbonds, Rg  17.9 A, potential  -616.23
4950 / 5000 elapsed  4 system 0.80 temp 305.3 hbonds, Rg  18.1 A, potential  -582.07


finished in 7626.8 seconds (1716.04 us/systems/step, 2.4e+03 simulation_time_unit/hour)

avg_kinetic_energy/1.5kT  1.001  1.010  1.003  0.998  1.007  1.004  1.019  1.010
Warning: no previous trajectory file .//outputs/memb_test/1qhj.run.0.up!
set "continue_sim = False" and start a new simulation
Initial structure gen...
python /home/nithin/data2/nithin/codex_work/resilient_interface/Upside_Desktop/py/PDB_to_initial_structure.py ./pdb/1qhj.pdb .//inputs/1qhj --record-chain-breaks --disable-recentering 
Configuring...
Config commandline options:
/home/nithin/data2/nithin/codex_work/resilient_interface/Upside_Desktop/py/upside_config.py --fasta=.//inputs/1qhj.fasta --output=.//inputs/1qhj.up --initial-structure=.//inputs/1qhj.initial.npy --rama-library=/home/nithin/data2/nithin/codex_work/resilient_interface/Upside_Desktop/parameters/common/rama.dat --rama-sheet-mixing-energy=/home/nithin/data2/nithin/codex_work/resilient_interface/Upside_Desktop/parameters/ff_2.1/sheet --hbond-energy=/home/nithin/data2/nithin/codex_work/resilient_interface/Upside_Desktop/parameters/ff_2.1/hbond.h5 --reference-state-rama=/home/nithin/data2/nithin/codex_work/resilient_interface/Upside_Desktop/parameters/common/rama_reference.pkl --rotamer-placement=/home/nithin/data2/nithin/codex_work/resilient_interface/Upside_Desktop/parameters/ff_2.1/sidechain.h5 --dynamic-rotamer-1body --rotamer-interaction=/home/nithin/data2/nithin/codex_work/resilient_interface/Upside_Desktop/parameters/ff_2.1/sidechain.h5 --environment-potential=/home/nithin/data2/nithin/codex_work/resilient_interface/Upside_Desktop/parameters/ff_2.1/environment.h5 --bb-environment-potential=/home/nithin/data2/nithin/codex_work/resilient_interface/Upside_Desktop/parameters/ff_2.1/bb_env.dat --chain-break-from-file=.//inputs/1qhj.chain_breaks --membrane-potential=/home/nithin/data2/nithin/codex_work/resilient_interface/Upside_Desktop/parameters/ff_2.1/membrane.h5 --membrane-thickness=31.800000

n_chains: 1

hbond, 218 donors, 227 acceptors in sequence
0 1000.0 1.0


Running...
"/home/nithin/data2/nithin/codex_work/resilient_interface/Upside_Desktop/obj/upside" --duration 5000 --frame-interval 50 --temperature 0.7999999999999999,0.7999999999999999,0.7999999999999999,0.7999999999999999,0.7999999999999999,0.7999999999999999,0.7999999999999999,0.7999999999999999 --seed 1 --disable-z-recentering  .//outputs/memb_test/1qhj.run.0.up .//outputs/memb_test/1qhj.run.1.up .//outputs/memb_test/1qhj.run.2.up .//outputs/memb_test/1qhj.run.3.up .//outputs/memb_test/1qhj.run.4.up .//outputs/memb_test/1qhj.run.5.up .//outputs/memb_test/1qhj.run.6.up .//outputs/memb_test/1qhj.run.7.up
