@> 847 atoms and 1 coordinate set(s) were parsed in 0.01s.
/home/nithin/data2/nithin/codex_work/resilient_interface/Upside_Desktop/py/upside_config.py:2403: VisibleDeprecationWarning: dtype(): align should be passed as Python or NumPy boolean but got `align=0`. Did you mean to pass a tuple to create a subarray type? (Deprecated NumPy 2.4)
  ref_state_cor =  np.log(cPickle.load(open(args.reference_state_rama, 'rb'), encoding='latin1'))
invocation: /home/nithin/data2/nithin/codex_work/resilient_interface/Upside_Desktop/obj/upside --duration 10000 --frame-interval 50 --temperature 0.8 --seed 1 .//outputs/trans_cis/2qke_mon.run.up
random seed: 1
.//outputs/trans_cis/2qke_mon.run.up
n_atom 324


0 0.80

Initial potential energy: 59.10
    0 / 10000 elapsed  0 system 0.80 temp  65.8 hbonds, Rg  13.5 A, potential    59.10
   50 / 10000 elapsed  0 system 0.80 temp  83.1 hbonds, Rg  14.0 A, potential   -66.67
  100 / 10000 elapsed  0 system 0.80 temp  89.4 hbonds, Rg  14.5 A, potential   -98.84
  150 / 10000 elapsed  0 system 0.80 temp  87.6 hbonds, Rg  13.7 A, potential   -88.24
  200 / 10000 elapsed  0 system 0.80 temp  90.5 hbonds, Rg  14.0 A, potential  -112.05
  250 / 10000 elapsed  0 system 0.80 temp  89.2 hbonds, Rg  13.8 A, potential  -140.94
  300 / 10000 elapsed  0 system 0.80 temp  88.8 hbonds, Rg  13.7 A, potential  -107.92
  350 / 10000 elapsed  0 system 0.80 temp  94.1 hbonds, Rg  13.9 A, potential  -104.01
  400 / 10000 elapsed  0 system 0.80 temp  96.4 hbonds, Rg  14.0 A, potential  -151.16
  450 / 10000 elapsed  0 system 0.80 temp  90.0 hbonds, Rg  14.1 A, potential  -109.92
  500 / 10000 elapsed  0 system 0.80 temp  92.1 hbonds, Rg  14.0 A, potential  -131.12
  550 / 10000 elapsed  0 system 0.80 temp  90.2 hbonds, Rg  13.9 A, potential   -98.57
  600 / 10000 elapsed  0 system 0.80 temp  98.2 hbonds, Rg  13.7 A, potential  -166.72
  650 / 10000 elapsed  0 system 0.80 temp  93.1 hbonds, Rg  14.1 A, potential  -127.93
  700 / 10000 elapsed  0 system 0.80 temp 100.7 hbonds, Rg  14.0 A, potential  -168.75
  750 / 10000 elapsed  0 system 0.80 temp  93.5 hbonds, Rg  13.9 A, potential  -139.54
  800 / 10000 elapsed  0 system 0.80 temp  94.5 hbonds, Rg  13.8 A, potential  -121.72
  850 / 10000 elapsed  0 system 0.80 temp 101.2 hbonds, Rg  14.1 A, potential  -197.47
  900 / 10000 elapsed  0 system 0.80 temp  98.6 hbonds, Rg  13.9 A, potential  -170.52
  950 / 10000 elapsed  0 system 0.80 temp  93.4 hbonds, Rg  14.7 A, potential   -90.42
 1000 / 10000 elapsed  0 system 0.80 temp  92.2 hbonds, Rg  14.5 A, potential  -102.70
 1050 / 10000 elapsed  0 system 0.80 temp  94.4 hbonds, Rg  13.7 A, potential  -117.03
 1100 / 10000 elapsed  0 system 0.80 temp  95.5 hbonds, Rg  14.3 A, potential  -142.26
 1150 / 10000 elapsed  0 system 0.80 temp  92.9 hbonds, Rg  14.7 A, potential   -96.32
 1200 / 10000 elapsed  0 system 0.80 temp  97.8 hbonds, Rg  14.0 A, potential  -136.75
 1250 / 10000 elapsed  0 system 0.80 temp  91.9 hbonds, Rg  14.1 A, potential  -120.47
 1300 / 10000 elapsed  0 system 0.80 temp  93.3 hbonds, Rg  13.9 A, potential  -125.62
 1350 / 10000 elapsed  0 system 0.80 temp  91.3 hbonds, Rg  14.1 A, potential  -119.16
 1400 / 10000 elapsed  0 system 0.80 temp  96.2 hbonds, Rg  14.3 A, potential  -106.11
 1450 / 10000 elapsed  0 system 0.80 temp  96.0 hbonds, Rg  14.3 A, potential  -104.18
 1500 / 10000 elapsed  0 system 0.80 temp  96.0 hbonds, Rg  14.2 A, potential  -137.36
 1550 / 10000 elapsed  0 system 0.80 temp  97.9 hbonds, Rg  14.7 A, potential  -154.66
 1600 / 10000 elapsed  0 system 0.80 temp  94.4 hbonds, Rg  14.3 A, potential  -147.86
 1650 / 10000 elapsed  0 system 0.80 temp  94.3 hbonds, Rg  14.0 A, potential  -145.30
 1700 / 10000 elapsed  0 system 0.80 temp  95.1 hbonds, Rg  14.2 A, potential  -126.51
 1750 / 10000 elapsed  0 system 0.80 temp  94.9 hbonds, Rg  13.8 A, potential  -100.97
 1800 / 10000 elapsed  0 system 0.80 temp  89.1 hbonds, Rg  13.2 A, potential  -115.79
 1850 / 10000 elapsed  0 system 0.80 temp  84.8 hbonds, Rg  13.1 A, potential  -144.28
 1900 / 10000 elapsed  0 system 0.80 temp  92.6 hbonds, Rg  13.5 A, potential  -143.69
 1950 / 10000 elapsed  0 system 0.80 temp  87.5 hbonds, Rg  13.2 A, potential   -81.95
 2000 / 10000 elapsed  0 system 0.80 temp  89.4 hbonds, Rg  13.6 A, potential   -74.33
 2050 / 10000 elapsed  0 system 0.80 temp  91.7 hbonds, Rg  13.9 A, potential  -126.45
 2100 / 10000 elapsed  0 system 0.80 temp  89.4 hbonds, Rg  14.2 A, potential  -113.37
 2150 / 10000 elapsed  0 system 0.80 temp  88.8 hbonds, Rg  13.7 A, potential  -128.29
 2200 / 10000 elapsed  0 system 0.80 temp  91.4 hbonds, Rg  13.7 A, potential   -98.51
 2250 / 10000 elapsed  0 system 0.80 temp  96.5 hbonds, Rg  14.0 A, potential  -175.88
 2300 / 10000 elapsed  0 system 0.80 temp  94.4 hbonds, Rg  14.3 A, potential  -100.63
 2350 / 10000 elapsed  0 system 0.80 temp  96.0 hbonds, Rg  14.0 A, potential  -171.19
 2400 / 10000 elapsed  0 system 0.80 temp  92.3 hbonds, Rg  13.9 A, potential  -111.99
 2450 / 10000 elapsed  0 system 0.80 temp  90.7 hbonds, Rg  13.9 A, potential  -140.56
 2500 / 10000 elapsed  0 system 0.80 temp  94.6 hbonds, Rg  14.3 A, potential  -163.74
 2550 / 10000 elapsed  0 system 0.80 temp  91.5 hbonds, Rg  14.1 A, potential  -126.87
 2600 / 10000 elapsed  0 system 0.80 temp  91.6 hbonds, Rg  14.2 A, potential  -128.78
 2650 / 10000 elapsed  0 system 0.80 temp  91.2 hbonds, Rg  14.1 A, potential  -108.60
 2700 / 10000 elapsed  0 system 0.80 temp  88.5 hbonds, Rg  14.6 A, potential  -134.84
 2750 / 10000 elapsed  0 system 0.80 temp  89.8 hbonds, Rg  14.1 A, potential  -120.01
 2800 / 10000 elapsed  0 system 0.80 temp  91.0 hbonds, Rg  14.2 A, potential  -108.65
 2850 / 10000 elapsed  0 system 0.80 temp  87.9 hbonds, Rg  14.4 A, potential  -119.34
 2900 / 10000 elapsed  0 system 0.80 temp  94.1 hbonds, Rg  14.4 A, potential  -137.95
 2950 / 10000 elapsed  0 system 0.80 temp  96.5 hbonds, Rg  14.1 A, potential  -145.40
 3000 / 10000 elapsed  0 system 0.80 temp  94.9 hbonds, Rg  14.3 A, potential   -97.70
 3050 / 10000 elapsed  0 system 0.80 temp  93.4 hbonds, Rg  13.8 A, potential  -110.49
 3100 / 10000 elapsed  0 system 0.80 temp  93.9 hbonds, Rg  14.0 A, potential  -141.17
 3150 / 10000 elapsed  0 system 0.80 temp  93.9 hbonds, Rg  14.3 A, potential  -145.02
 3200 / 10000 elapsed  0 system 0.80 temp  99.2 hbonds, Rg  13.8 A, potential  -164.89
 3250 / 10000 elapsed  0 system 0.80 temp  95.5 hbonds, Rg  14.2 A, potential  -148.77
 3300 / 10000 elapsed  0 system 0.80 temp 100.1 hbonds, Rg  13.8 A, potential  -164.47
 3350 / 10000 elapsed  0 system 0.80 temp  96.5 hbonds, Rg  14.1 A, potential  -164.45
 3400 / 10000 elapsed  0 system 0.80 temp 101.1 hbonds, Rg  14.1 A, potential  -172.44
 3450 / 10000 elapsed  0 system 0.80 temp  88.2 hbonds, Rg  14.1 A, potential   -92.82
 3500 / 10000 elapsed  0 system 0.80 temp  93.6 hbonds, Rg  13.5 A, potential  -171.17
 3550 / 10000 elapsed  0 system 0.80 temp  94.7 hbonds, Rg  14.0 A, potential  -125.50
 3600 / 10000 elapsed  0 system 0.80 temp  94.5 hbonds, Rg  13.7 A, potential  -120.76
 3650 / 10000 elapsed  0 system 0.80 temp  91.1 hbonds, Rg  14.2 A, potential  -132.58
 3700 / 10000 elapsed  0 system 0.80 temp  95.7 hbonds, Rg  13.7 A, potential  -135.36
 3750 / 10000 elapsed  0 system 0.80 temp  95.9 hbonds, Rg  14.2 A, potential  -111.26
 3800 / 10000 elapsed  0 system 0.80 temp  93.9 hbonds, Rg  13.9 A, potential  -123.89
 3850 / 10000 elapsed  0 system 0.80 temp  98.3 hbonds, Rg  13.6 A, potential  -156.22
 3900 / 10000 elapsed  0 system 0.80 temp  96.3 hbonds, Rg  13.8 A, potential  -153.71
 3950 / 10000 elapsed  0 system 0.80 temp  95.8 hbonds, Rg  13.8 A, potential  -180.27
 4000 / 10000 elapsed  0 system 0.80 temp  97.0 hbonds, Rg  14.0 A, potential  -162.48
 4050 / 10000 elapsed  0 system 0.80 temp  94.5 hbonds, Rg  14.2 A, potential  -145.85
 4100 / 10000 elapsed  0 system 0.80 temp  95.7 hbonds, Rg  14.6 A, potential  -133.44
 4150 / 10000 elapsed  0 system 0.80 temp  98.9 hbonds, Rg  13.9 A, potential  -158.09
 4200 / 10000 elapsed  0 system 0.80 temp  94.4 hbonds, Rg  14.0 A, potential  -124.62
 4250 / 10000 elapsed  0 system 0.80 temp  90.8 hbonds, Rg  13.7 A, potential  -144.68
 4300 / 10000 elapsed  0 system 0.80 temp  88.4 hbonds, Rg  14.1 A, potential  -132.70
 4350 / 10000 elapsed  0 system 0.80 temp  94.2 hbonds, Rg  14.2 A, potential  -114.50
 4400 / 10000 elapsed  0 system 0.80 temp  94.9 hbonds, Rg  14.1 A, potential   -88.08
 4450 / 10000 elapsed  0 system 0.80 temp  96.1 hbonds, Rg  14.1 A, potential  -123.94
 4500 / 10000 elapsed  0 system 0.80 temp  95.7 hbonds, Rg  14.1 A, potential  -110.36
 4550 / 10000 elapsed  0 system 0.80 temp  94.7 hbonds, Rg  14.2 A, potential  -160.96
 4600 / 10000 elapsed  0 system 0.80 temp 103.2 hbonds, Rg  13.8 A, potential  -144.46
 4650 / 10000 elapsed  0 system 0.80 temp  98.1 hbonds, Rg  14.0 A, potential  -197.08
 4700 / 10000 elapsed  0 system 0.80 temp  95.0 hbonds, Rg  14.4 A, potential  -142.29
 4750 / 10000 elapsed  0 system 0.80 temp 100.6 hbonds, Rg  13.9 A, potential  -149.36
 4800 / 10000 elapsed  0 system 0.80 temp  95.0 hbonds, Rg  14.0 A, potential  -161.03
 4850 / 10000 elapsed  0 system 0.80 temp  93.3 hbonds, Rg  13.8 A, potential  -158.05
 4900 / 10000 elapsed  0 system 0.80 temp  90.8 hbonds, Rg  13.7 A, potential  -114.98
 4950 / 10000 elapsed  0 system 0.80 temp  99.1 hbonds, Rg  14.4 A, potential  -150.20
 5000 / 10000 elapsed  0 system 0.80 temp  94.7 hbonds, Rg  14.1 A, potential  -182.63
 5050 / 10000 elapsed  0 system 0.80 temp  96.9 hbonds, Rg  14.3 A, potential  -152.21
 5100 / 10000 elapsed  0 system 0.80 temp  92.9 hbonds, Rg  14.1 A, potential  -155.24
 5150 / 10000 elapsed  0 system 0.80 temp  98.7 hbonds, Rg  14.1 A, potential  -116.92
 5200 / 10000 elapsed  0 system 0.80 temp  98.6 hbonds, Rg  14.2 A, potential  -108.95
 5250 / 10000 elapsed  0 system 0.80 temp 100.9 hbonds, Rg  13.9 A, potential  -132.05
 5300 / 10000 elapsed  0 system 0.80 temp  96.2 hbonds, Rg  14.1 A, potential  -137.74
 5350 / 10000 elapsed  0 system 0.80 temp 106.4 hbonds, Rg  13.9 A, potential  -160.43
 5400 / 10000 elapsed  0 system 0.80 temp 102.5 hbonds, Rg  13.9 A, potential  -174.77
 5450 / 10000 elapsed  0 system 0.80 temp  99.3 hbonds, Rg  14.0 A, potential  -157.63
 5500 / 10000 elapsed  0 system 0.80 temp  98.5 hbonds, Rg  13.7 A, potential  -170.50
 5550 / 10000 elapsed  0 system 0.80 temp 103.1 hbonds, Rg  14.2 A, potential  -122.27
 5600 / 10000 elapsed  0 system 0.80 temp  98.7 hbonds, Rg  13.7 A, potential  -161.77
 5650 / 10000 elapsed  0 system 0.80 temp  96.4 hbonds, Rg  14.0 A, potential  -107.16
 5700 / 10000 elapsed  0 system 0.80 temp  94.5 hbonds, Rg  13.8 A, potential  -107.14
 5750 / 10000 elapsed  0 system 0.80 temp  94.4 hbonds, Rg  13.9 A, potential  -144.30
 5800 / 10000 elapsed  0 system 0.80 temp  93.9 hbonds, Rg  14.4 A, potential  -145.17
 5850 / 10000 elapsed  0 system 0.80 temp  93.5 hbonds, Rg  14.2 A, potential   -92.84
 5900 / 10000 elapsed  0 system 0.80 temp  95.6 hbonds, Rg  14.1 A, potential  -154.68
 5950 / 10000 elapsed  0 system 0.80 temp  96.7 hbonds, Rg  13.9 A, potential  -156.65
 6000 / 10000 elapsed  0 system 0.80 temp  96.5 hbonds, Rg  13.5 A, potential  -129.37
 6050 / 10000 elapsed  0 system 0.80 temp  95.7 hbonds, Rg  14.0 A, potential  -121.02
 6100 / 10000 elapsed  0 system 0.80 temp  97.4 hbonds, Rg  14.0 A, potential  -139.87
 6150 / 10000 elapsed  0 system 0.80 temp  94.5 hbonds, Rg  13.9 A, potential  -112.84
 6200 / 10000 elapsed  0 system 0.80 temp  96.0 hbonds, Rg  14.0 A, potential  -126.90
 6250 / 10000 elapsed  0 system 0.80 temp 100.1 hbonds, Rg  13.7 A, potential   -98.11
 6301 / 10000 elapsed  0 system 0.80 temp  96.8 hbonds, Rg  13.5 A, potential  -188.31
 6351 / 10000 elapsed  0 system 0.80 temp  93.2 hbonds, Rg  13.6 A, potential  -132.62
 6401 / 10000 elapsed  0 system 0.80 temp  93.8 hbonds, Rg  14.4 A, potential  -148.15
 6451 / 10000 elapsed  0 system 0.80 temp  99.5 hbonds, Rg  13.8 A, potential  -126.71
 6501 / 10000 elapsed  0 system 0.80 temp  98.6 hbonds, Rg  13.9 A, potential  -140.09
 6551 / 10000 elapsed  0 system 0.80 temp  95.8 hbonds, Rg  13.9 A, potential  -135.13
 6601 / 10000 elapsed  0 system 0.80 temp  98.3 hbonds, Rg  13.7 A, potential  -172.53
 6651 / 10000 elapsed  0 system 0.80 temp  97.9 hbonds, Rg  13.6 A, potential  -140.59
 6701 / 10000 elapsed  0 system 0.80 temp  94.6 hbonds, Rg  13.6 A, potential  -135.17
 6751 / 10000 elapsed  0 system 0.80 temp  93.0 hbonds, Rg  13.6 A, potential  -154.21
 6801 / 10000 elapsed  0 system 0.80 temp  95.7 hbonds, Rg  13.9 A, potential  -118.94
 6851 / 10000 elapsed  0 system 0.80 temp  97.3 hbonds, Rg  14.0 A, potential  -141.62
 6901 / 10000 elapsed  0 system 0.80 temp  97.0 hbonds, Rg  14.1 A, potential  -117.99
 6951 / 10000 elapsed  0 system 0.80 temp  98.1 hbonds, Rg  14.0 A, potential  -166.97
 7001 / 10000 elapsed  0 system 0.80 temp  92.3 hbonds, Rg  13.9 A, potential  -102.34
 7051 / 10000 elapsed  0 system 0.80 temp  95.6 hbonds, Rg  13.7 A, potential  -120.32
 7101 / 10000 elapsed  0 system 0.80 temp  95.1 hbonds, Rg  14.1 A, potential  -139.30
 7151 / 10000 elapsed  0 system 0.80 temp  93.2 hbonds, Rg  14.2 A, potential  -127.29
 7201 / 10000 elapsed  0 system 0.80 temp  93.5 hbonds, Rg  14.0 A, potential  -109.27
 7251 / 10000 elapsed  0 system 0.80 temp  97.2 hbonds, Rg  14.2 A, potential  -165.70
 7301 / 10000 elapsed  0 system 0.80 temp  88.4 hbonds, Rg  14.6 A, potential   -91.99
 7351 / 10000 elapsed  0 system 0.80 temp  89.9 hbonds, Rg  14.0 A, potential   -99.68
 7401 / 10000 elapsed  0 system 0.80 temp  95.0 hbonds, Rg  14.1 A, potential  -129.68
 7451 / 10000 elapsed  0 system 0.80 temp  95.8 hbonds, Rg  14.0 A, potential  -138.01
 7501 / 10000 elapsed  0 system 0.80 temp  96.0 hbonds, Rg  14.2 A, potential  -152.56
 7551 / 10000 elapsed  0 system 0.80 temp  89.6 hbonds, Rg  14.3 A, potential  -139.68
 7601 / 10000 elapsed  0 system 0.80 temp  86.8 hbonds, Rg  14.1 A, potential   -93.72
 7651 / 10000 elapsed  0 system 0.80 temp  89.0 hbonds, Rg  14.7 A, potential  -108.22
 7701 / 10000 elapsed  0 system 0.80 temp  97.3 hbonds, Rg  15.4 A, potential   -90.58
 7751 / 10000 elapsed  0 system 0.80 temp  92.1 hbonds, Rg  14.4 A, potential   -86.30
 7801 / 10000 elapsed  0 system 0.80 temp  88.0 hbonds, Rg  14.0 A, potential   -87.78
 7851 / 10000 elapsed  0 system 0.80 temp  90.0 hbonds, Rg  14.3 A, potential  -111.19
 7901 / 10000 elapsed  0 system 0.80 temp  97.4 hbonds, Rg  14.7 A, potential  -107.81
 7951 / 10000 elapsed  0 system 0.80 temp  93.7 hbonds, Rg  14.8 A, potential  -158.81
 8001 / 10000 elapsed  0 system 0.80 temp  91.8 hbonds, Rg  14.7 A, potential   -95.06
 8051 / 10000 elapsed  0 system 0.80 temp  94.3 hbonds, Rg  15.0 A, potential  -102.99
 8101 / 10000 elapsed  0 system 0.80 temp  92.6 hbonds, Rg  15.1 A, potential  -107.55
 8151 / 10000 elapsed  0 system 0.80 temp  98.2 hbonds, Rg  15.5 A, potential   -89.10
 8201 / 10000 elapsed  0 system 0.80 temp  91.9 hbonds, Rg  15.4 A, potential  -108.36
 8251 / 10000 elapsed  0 system 0.80 temp  97.4 hbonds, Rg  15.3 A, potential  -127.02
 8301 / 10000 elapsed  0 system 0.80 temp  96.1 hbonds, Rg  15.4 A, potential  -158.98
 8351 / 10000 elapsed  0 system 0.80 temp  89.6 hbonds, Rg  15.4 A, potential  -127.95
 8401 / 10000 elapsed  0 system 0.80 temp  93.0 hbonds, Rg  15.3 A, potential  -126.36
 8451 / 10000 elapsed  0 system 0.80 temp  88.2 hbonds, Rg  15.2 A, potential   -90.08
 8501 / 10000 elapsed  0 system 0.80 temp  88.7 hbonds, Rg  15.5 A, potential  -112.56
 8551 / 10000 elapsed  0 system 0.80 temp  92.0 hbonds, Rg  16.0 A, potential  -135.01
 8601 / 10000 elapsed  0 system 0.80 temp  92.8 hbonds, Rg  15.9 A, potential  -114.15
 8651 / 10000 elapsed  0 system 0.80 temp  86.7 hbonds, Rg  16.1 A, potential   -84.62
 8701 / 10000 elapsed  0 system 0.80 temp  80.4 hbonds, Rg  16.2 A, potential   -74.86
 8751 / 10000 elapsed  0 system 0.80 temp  81.8 hbonds, Rg  15.5 A, potential   -65.83
 8801 / 10000 elapsed  0 system 0.80 temp  79.0 hbonds, Rg  15.2 A, potential   -86.87
 8851 / 10000 elapsed  0 system 0.80 temp  93.8 hbonds, Rg  15.5 A, potential  -137.48
 8901 / 10000 elapsed  0 system 0.80 temp  83.4 hbonds, Rg  16.0 A, potential   -84.68
 8951 / 10000 elapsed  0 system 0.80 temp  86.7 hbonds, Rg  16.5 A, potential   -96.27
 9001 / 10000 elapsed  0 system 0.80 temp  92.7 hbonds, Rg  16.5 A, potential  -129.76
 9051 / 10000 elapsed  0 system 0.80 temp  86.4 hbonds, Rg  16.4 A, potential   -99.22
 9101 / 10000 elapsed  0 system 0.80 temp  90.8 hbonds, Rg  15.9 A, potential  -108.76
 9151 / 10000 elapsed  0 system 0.80 temp  88.8 hbonds, Rg  15.9 A, potential  -111.34
 9201 / 10000 elapsed  0 system 0.80 temp  86.6 hbonds, Rg  15.5 A, potential  -135.10
 9251 / 10000 elapsed  0 system 0.80 temp  87.3 hbonds, Rg  15.3 A, potential   -95.05
 9301 / 10000 elapsed  0 system 0.80 temp  88.5 hbonds, Rg  16.4 A, potential  -109.64
 9351 / 10000 elapsed  0 system 0.80 temp  90.9 hbonds, Rg  15.5 A, potential  -128.25
 9401 / 10000 elapsed  0 system 0.80 temp  87.0 hbonds, Rg  15.6 A, potential   -81.81
 9451 / 10000 elapsed  0 system 0.80 temp  85.0 hbonds, Rg  15.2 A, potential  -126.05
 9501 / 10000 elapsed  0 system 0.80 temp  83.6 hbonds, Rg  15.2 A, potential  -104.45
 9551 / 10000 elapsed  0 system 0.80 temp  81.2 hbonds, Rg  15.2 A, potential   -90.62
 9601 / 10000 elapsed  0 system 0.80 temp  86.4 hbonds, Rg  15.2 A, potential  -111.14
 9651 / 10000 elapsed  0 system 0.80 temp  90.0 hbonds, Rg  14.5 A, potential  -109.24
 9701 / 10000 elapsed  0 system 0.80 temp  86.0 hbonds, Rg  15.3 A, potential  -119.30
 9751 / 10000 elapsed  0 system 0.80 temp  85.1 hbonds, Rg  15.1 A, potential  -142.81
 9801 / 10000 elapsed  0 system 0.80 temp  84.2 hbonds, Rg  15.8 A, potential   -90.33
 9851 / 10000 elapsed  0 system 0.80 temp  95.6 hbonds, Rg  15.1 A, potential  -156.15
 9901 / 10000 elapsed  0 system 0.80 temp  90.6 hbonds, Rg  16.0 A, potential  -110.65
 9951 / 10000 elapsed  0 system 0.80 temp  86.6 hbonds, Rg  15.3 A, potential  -142.49


finished in 865.7 seconds (779.09 us/systems/step, 4.2e+04 simulation_time_unit/hour)

avg_kinetic_energy/1.5kT  1.009
Initial structure gen...
python /home/nithin/data2/nithin/codex_work/resilient_interface/Upside_Desktop/py/PDB_to_initial_structure.py ./pdb/2qke_mon.pdb .//inputs/2qke_mon --record-chain-breaks 
Configuring...
Config commandline options:
/home/nithin/data2/nithin/codex_work/resilient_interface/Upside_Desktop/py/upside_config.py --fasta=.//inputs/2qke_mon.fasta --output=.//inputs/2qke_mon.up --initial-structure=.//inputs/2qke_mon.initial.npy --rama-library=/home/nithin/data2/nithin/codex_work/resilient_interface/Upside_Desktop/parameters/common/rama.dat --rama-sheet-mixing-energy=/home/nithin/data2/nithin/codex_work/resilient_interface/Upside_Desktop/parameters/ff_2.1/sheet --trans-cis=trans_cis.dat --hbond-energy=/home/nithin/data2/nithin/codex_work/resilient_interface/Upside_Desktop/parameters/ff_2.1/hbond.h5 --reference-state-rama=/home/nithin/data2/nithin/codex_work/resilient_interface/Upside_Desktop/parameters/common/rama_reference.pkl --rotamer-placement=/home/nithin/data2/nithin/codex_work/resilient_interface/Upside_Desktop/parameters/ff_2.1/sidechain.h5 --dynamic-rotamer-1body --rotamer-interaction=/home/nithin/data2/nithin/codex_work/resilient_interface/Upside_Desktop/parameters/ff_2.1/sidechain.h5 --environment-potential=/home/nithin/data2/nithin/codex_work/resilient_interface/Upside_Desktop/parameters/ff_2.1/environment.h5 --bb-environment-potential=/home/nithin/data2/nithin/codex_work/resilient_interface/Upside_Desktop/parameters/ff_2.1/bb_env.dat --chain-break-from-file=.//inputs/2qke_mon.chain_breaks

n_chains: 1
residues that participate in any double wall potential in uppercase:  maplrktyvlklyvagntPnsvralktlnnilekefkgvyalkvidvlknpqlaeedkilatptlakvlpppvrriigdlsnrekvligldllyeeigdqaeddlgle

hbond, 100 donors, 107 acceptors in sequence


Running...
