@> 514 atoms and 1 coordinate set(s) were parsed in 0.00s.
/home/nithin/data2/nithin/codex_work/resilient_interface/Upside_Desktop/py/upside_config.py:2403: VisibleDeprecationWarning: dtype(): align should be passed as Python or NumPy boolean but got `align=0`. Did you mean to pass a tuple to create a subarray type? (Deprecated NumPy 2.4)
  ref_state_cor =  np.log(cPickle.load(open(args.reference_state_rama, 'rb'), encoding='latin1'))
invocation: /home/nithin/data2/nithin/codex_work/resilient_interface/Upside_Desktop/obj/upside --duration 1000 --frame-interval 50 --temperature 0.8 --seed 1 --integrator mv --inner-step 2 .//outputs/mts_test/1dfn.run.up
random seed: 1

Using the multi-step integrator
slow motion
  time step: 0.018
  potential terms:
    backbone_pairs
    hbond_energy
    rotamer
    sigmoid_coupling_environment
    bb_sigmoid_coupling_environment

fast motion
  time step: 0.009
  potential terms:
    Spring_angle
    Spring_bond
    Spring_omega
    rama_map_pot
    rama_map_pot_ref

.//outputs/mts_test/1dfn.run.up
n_atom 180


0 0.80

Initial potential energy: -2.70
   0 / 1000 elapsed  0 system 0.80 temp  38.9 hbonds, Rg  10.7 A, potential    -2.70
  50 / 1000 elapsed  0 system 0.80 temp  44.1 hbonds, Rg  10.5 A, potential   -61.61
 100 / 1000 elapsed  0 system 0.80 temp  42.3 hbonds, Rg  10.5 A, potential   -68.45
 150 / 1000 elapsed  0 system 0.80 temp  47.9 hbonds, Rg  10.5 A, potential   -72.12
 200 / 1000 elapsed  0 system 0.80 temp  46.5 hbonds, Rg  10.4 A, potential   -71.55
 250 / 1000 elapsed  0 system 0.80 temp  44.6 hbonds, Rg  10.6 A, potential   -67.84
 300 / 1000 elapsed  0 system 0.80 temp  50.4 hbonds, Rg  10.2 A, potential   -58.50
 350 / 1000 elapsed  0 system 0.80 temp  43.3 hbonds, Rg  10.7 A, potential   -67.76
 400 / 1000 elapsed  0 system 0.80 temp  43.8 hbonds, Rg  10.9 A, potential   -59.91
 450 / 1000 elapsed  0 system 0.80 temp  46.7 hbonds, Rg  10.5 A, potential   -71.97
 500 / 1000 elapsed  0 system 0.80 temp  46.7 hbonds, Rg  10.6 A, potential   -78.51
 550 / 1000 elapsed  0 system 0.80 temp  46.2 hbonds, Rg  10.5 A, potential   -53.90
 600 / 1000 elapsed  0 system 0.80 temp  45.1 hbonds, Rg  10.7 A, potential   -36.40
 650 / 1000 elapsed  0 system 0.80 temp  43.5 hbonds, Rg  10.8 A, potential   -56.22
 700 / 1000 elapsed  0 system 0.80 temp  48.1 hbonds, Rg  11.0 A, potential   -66.59
 750 / 1000 elapsed  0 system 0.80 temp  45.0 hbonds, Rg  10.6 A, potential   -66.24
 800 / 1000 elapsed  0 system 0.80 temp  40.8 hbonds, Rg  10.7 A, potential   -21.00
 850 / 1000 elapsed  0 system 0.80 temp  45.9 hbonds, Rg  10.7 A, potential   -82.10
 900 / 1000 elapsed  0 system 0.80 temp  41.3 hbonds, Rg  10.6 A, potential   -50.19
 950 / 1000 elapsed  0 system 0.80 temp  41.1 hbonds, Rg  10.6 A, potential   -73.09


finished in 29.4 seconds (264.70 us/systems/step, 1.2e+05 simulation_time_unit/hour)

avg_kinetic_energy/1.5kT  1.017
Initial structure gen...
python /home/nithin/data2/nithin/codex_work/resilient_interface/Upside_Desktop/py/PDB_to_initial_structure.py ./pdb/1dfn.pdb .//inputs/1dfn --record-chain-breaks 
Configuring...
Config commandline options:
/home/nithin/data2/nithin/codex_work/resilient_interface/Upside_Desktop/py/upside_config.py --fasta=.//inputs/1dfn.fasta --output=.//inputs/1dfn.up --initial-structure=.//inputs/1dfn.initial.npy --rama-library=/home/nithin/data2/nithin/codex_work/resilient_interface/Upside_Desktop/parameters/common/rama.dat --rama-sheet-mixing-energy=/home/nithin/data2/nithin/codex_work/resilient_interface/Upside_Desktop/parameters/ff_2.1/sheet --hbond-energy=/home/nithin/data2/nithin/codex_work/resilient_interface/Upside_Desktop/parameters/ff_2.1/hbond.h5 --reference-state-rama=/home/nithin/data2/nithin/codex_work/resilient_interface/Upside_Desktop/parameters/common/rama_reference.pkl --rotamer-placement=/home/nithin/data2/nithin/codex_work/resilient_interface/Upside_Desktop/parameters/ff_2.1/sidechain.h5 --dynamic-rotamer-1body --rotamer-interaction=/home/nithin/data2/nithin/codex_work/resilient_interface/Upside_Desktop/parameters/ff_2.1/sidechain.h5 --environment-potential=/home/nithin/data2/nithin/codex_work/resilient_interface/Upside_Desktop/parameters/ff_2.1/environment.h5 --bb-environment-potential=/home/nithin/data2/nithin/codex_work/resilient_interface/Upside_Desktop/parameters/ff_2.1/bb_env.dat --chain-break-from-file=.//inputs/1dfn.chain_breaks
chain_first_residue: [30]
chain_counts: [1 1]

n_chains: 2

hbond_exclude_residues
[29 30]

hbond, 55 donors, 57 acceptors in sequence
Checking infer_H_O


Editing rama_coord (4 rows)

jump atom_range:
[[  0  90]
 [ 90 180]]
sigma_trans:
[5. 5.]
sigma_rot:
[0.5235988 0.5235988]



Running...
