@> 138 atoms and 1 coordinate set(s) were parsed in 0.00s.
/home/nithin/data2/nithin/codex_work/resilient_interface/Upside_Desktop/py/upside_config.py:2403: VisibleDeprecationWarning: dtype(): align should be passed as Python or NumPy boolean but got `align=0`. Did you mean to pass a tuple to create a subarray type? (Deprecated NumPy 2.4)
  ref_state_cor =  np.log(cPickle.load(open(args.reference_state_rama, 'rb'), encoding='latin1'))
invocation: /home/nithin/data2/nithin/codex_work/resilient_interface/Upside_Desktop/obj/upside --duration 1000 --frame-interval 1 --temperature 0.8 --seed 51426 --disable-recentering --record-momentum .//outputs/prod/chig.run.up
random seed: 51426
.//outputs/prod/chig.run.up
n_atom 30


0 0.80

Initial potential energy: 6.05
   0 / 1000 elapsed  0 system 0.80 temp   2.5 hbonds, Rg   4.5 A, potential     6.05
   1 / 1000 elapsed  0 system 0.80 temp   5.7 hbonds, Rg   4.6 A, potential    -8.09
   2 / 1000 elapsed  0 system 0.80 temp   5.8 hbonds, Rg   4.6 A, potential   -13.01
   3 / 1000 elapsed  0 system 0.80 temp   5.8 hbonds, Rg   4.8 A, potential    -5.75
   4 / 1000 elapsed  0 system 0.80 temp   5.4 hbonds, Rg   5.0 A, potential    -1.48
   5 / 1000 elapsed  0 system 0.80 temp   5.7 hbonds, Rg   4.8 A, potential    -2.51
   6 / 1000 elapsed  0 system 0.80 temp   5.6 hbonds, Rg   4.8 A, potential    -1.71
   7 / 1000 elapsed  0 system 0.80 temp   4.7 hbonds, Rg   4.8 A, potential    -0.23
   8 / 1000 elapsed  0 system 0.80 temp   5.8 hbonds, Rg   4.8 A, potential    -5.01
   9 / 1000 elapsed  0 system 0.80 temp   4.8 hbonds, Rg   4.8 A, potential    -2.88
  10 / 1000 elapsed  0 system 0.80 temp   6.0 hbonds, Rg   4.6 A, potential     5.00
  11 / 1000 elapsed  0 system 0.80 temp   5.2 hbonds, Rg   4.7 A, potential    -7.08
  12 / 1000 elapsed  0 system 0.80 temp   5.5 hbonds, Rg   4.7 A, potential    -5.23
  13 / 1000 elapsed  0 system 0.80 temp   5.7 hbonds, Rg   4.6 A, potential     5.47
  14 / 1000 elapsed  0 system 0.80 temp   5.0 hbonds, Rg   4.7 A, potential     6.53
  15 / 1000 elapsed  0 system 0.80 temp   5.1 hbonds, Rg   4.6 A, potential    -2.97
  16 / 1000 elapsed  0 system 0.80 temp   5.8 hbonds, Rg   4.7 A, potential     3.07
  17 / 1000 elapsed  0 system 0.80 temp   4.1 hbonds, Rg   4.6 A, potential     7.09
  18 / 1000 elapsed  0 system 0.80 temp   6.1 hbonds, Rg   4.5 A, potential    -6.64
  19 / 1000 elapsed  0 system 0.80 temp   4.2 hbonds, Rg   4.5 A, potential    10.07
  20 / 1000 elapsed  0 system 0.80 temp   5.9 hbonds, Rg   4.6 A, potential     9.97
  21 / 1000 elapsed  0 system 0.80 temp   5.4 hbonds, Rg   4.3 A, potential     5.57
  22 / 1000 elapsed  0 system 0.80 temp   4.7 hbonds, Rg   4.5 A, potential     9.24
  23 / 1000 elapsed  0 system 0.80 temp   5.1 hbonds, Rg   4.5 A, potential     5.96
  24 / 1000 elapsed  0 system 0.80 temp   4.9 hbonds, Rg   4.6 A, potential     1.82
  25 / 1000 elapsed  0 system 0.80 temp   5.1 hbonds, Rg   4.7 A, potential     5.42
  26 / 1000 elapsed  0 system 0.80 temp   4.4 hbonds, Rg   4.7 A, potential    19.59
  27 / 1000 elapsed  0 system 0.80 temp   4.4 hbonds, Rg   4.5 A, potential     4.07
  28 / 1000 elapsed  0 system 0.80 temp   5.5 hbonds, Rg   4.5 A, potential     7.80
  29 / 1000 elapsed  0 system 0.80 temp   5.3 hbonds, Rg   4.7 A, potential     9.07
  30 / 1000 elapsed  0 system 0.80 temp   5.5 hbonds, Rg   4.7 A, potential     6.60
  31 / 1000 elapsed  0 system 0.80 temp   6.1 hbonds, Rg   4.6 A, potential     2.96
  32 / 1000 elapsed  0 system 0.80 temp   5.2 hbonds, Rg   4.5 A, potential     2.82
  33 / 1000 elapsed  0 system 0.80 temp   4.5 hbonds, Rg   4.5 A, potential    -6.26
  34 / 1000 elapsed  0 system 0.80 temp   5.5 hbonds, Rg   4.5 A, potential     7.21
  35 / 1000 elapsed  0 system 0.80 temp   5.5 hbonds, Rg   4.5 A, potential     5.39
  36 / 1000 elapsed  0 system 0.80 temp   4.5 hbonds, Rg   4.6 A, potential     5.38
  37 / 1000 elapsed  0 system 0.80 temp   5.6 hbonds, Rg   4.8 A, potential     2.12
  38 / 1000 elapsed  0 system 0.80 temp   4.9 hbonds, Rg   4.8 A, potential    -0.93
  39 / 1000 elapsed  0 system 0.80 temp   4.5 hbonds, Rg   5.0 A, potential     7.27
  40 / 1000 elapsed  0 system 0.80 temp   5.3 hbonds, Rg   4.9 A, potential    -2.59
  41 / 1000 elapsed  0 system 0.80 temp   5.4 hbonds, Rg   4.6 A, potential    -1.60
  42 / 1000 elapsed  0 system 0.80 temp   3.9 hbonds, Rg   4.6 A, potential     3.22
  43 / 1000 elapsed  0 system 0.80 temp   2.9 hbonds, Rg   4.7 A, potential     5.68
  44 / 1000 elapsed  0 system 0.80 temp   2.8 hbonds, Rg   4.6 A, potential     7.43
  45 / 1000 elapsed  0 system 0.80 temp   3.4 hbonds, Rg   4.7 A, potential     5.64
  46 / 1000 elapsed  0 system 0.80 temp   3.4 hbonds, Rg   4.7 A, potential    -0.89
  47 / 1000 elapsed  0 system 0.80 temp   3.6 hbonds, Rg   4.8 A, potential     3.67
  48 / 1000 elapsed  0 system 0.80 temp   3.2 hbonds, Rg   4.7 A, potential     6.06
  49 / 1000 elapsed  0 system 0.80 temp   3.6 hbonds, Rg   4.8 A, potential     3.44
  50 / 1000 elapsed  0 system 0.80 temp   3.0 hbonds, Rg   4.9 A, potential     4.82
  51 / 1000 elapsed  0 system 0.80 temp   3.6 hbonds, Rg   4.7 A, potential    -0.10
  52 / 1000 elapsed  0 system 0.80 temp   2.3 hbonds, Rg   4.7 A, potential    -4.45
  53 / 1000 elapsed  0 system 0.80 temp   3.8 hbonds, Rg   4.8 A, potential    -0.24
  54 / 1000 elapsed  0 system 0.80 temp   3.6 hbonds, Rg   4.8 A, potential     3.22
  55 / 1000 elapsed  0 system 0.80 temp   3.0 hbonds, Rg   5.0 A, potential    12.73
  56 / 1000 elapsed  0 system 0.80 temp   3.7 hbonds, Rg   4.7 A, potential    12.27
  57 / 1000 elapsed  0 system 0.80 temp   4.6 hbonds, Rg   4.8 A, potential     6.05
  58 / 1000 elapsed  0 system 0.80 temp   3.4 hbonds, Rg   4.8 A, potential    -0.47
  59 / 1000 elapsed  0 system 0.80 temp   3.7 hbonds, Rg   4.7 A, potential     3.59
  60 / 1000 elapsed  0 system 0.80 temp   3.6 hbonds, Rg   4.7 A, potential     2.85
  61 / 1000 elapsed  0 system 0.80 temp   4.7 hbonds, Rg   4.9 A, potential     8.93
  62 / 1000 elapsed  0 system 0.80 temp   5.4 hbonds, Rg   4.9 A, potential     7.34
  63 / 1000 elapsed  0 system 0.80 temp   4.4 hbonds, Rg   4.9 A, potential     8.14
  64 / 1000 elapsed  0 system 0.80 temp   4.3 hbonds, Rg   4.7 A, potential     1.18
  65 / 1000 elapsed  0 system 0.80 temp   5.2 hbonds, Rg   4.7 A, potential    11.76
  66 / 1000 elapsed  0 system 0.80 temp   5.0 hbonds, Rg   4.7 A, potential     7.99
  67 / 1000 elapsed  0 system 0.80 temp   4.6 hbonds, Rg   4.8 A, potential    10.25
  68 / 1000 elapsed  0 system 0.80 temp   3.5 hbonds, Rg   4.7 A, potential    13.12
  69 / 1000 elapsed  0 system 0.80 temp   2.7 hbonds, Rg   4.9 A, potential    13.81
  70 / 1000 elapsed  0 system 0.80 temp   5.6 hbonds, Rg   4.7 A, potential    10.95
  71 / 1000 elapsed  0 system 0.80 temp   4.0 hbonds, Rg   4.8 A, potential    13.15
  72 / 1000 elapsed  0 system 0.80 temp   4.8 hbonds, Rg   4.8 A, potential    12.79
  73 / 1000 elapsed  0 system 0.80 temp   5.0 hbonds, Rg   4.7 A, potential     2.76
  74 / 1000 elapsed  0 system 0.80 temp   5.9 hbonds, Rg   4.7 A, potential     2.10
  75 / 1000 elapsed  0 system 0.80 temp   4.3 hbonds, Rg   4.7 A, potential     2.51
  76 / 1000 elapsed  0 system 0.80 temp   6.1 hbonds, Rg   5.0 A, potential     4.81
  77 / 1000 elapsed  0 system 0.80 temp   4.9 hbonds, Rg   4.8 A, potential     2.31
  78 / 1000 elapsed  0 system 0.80 temp   5.4 hbonds, Rg   4.7 A, potential     0.98
  79 / 1000 elapsed  0 system 0.80 temp   5.3 hbonds, Rg   4.8 A, potential    -0.13
  80 / 1000 elapsed  0 system 0.80 temp   5.6 hbonds, Rg   4.7 A, potential    -0.55
  81 / 1000 elapsed  0 system 0.80 temp   6.0 hbonds, Rg   4.8 A, potential    -0.51
  82 / 1000 elapsed  0 system 0.80 temp   5.1 hbonds, Rg   4.7 A, potential    -0.99
  83 / 1000 elapsed  0 system 0.80 temp   4.9 hbonds, Rg   4.7 A, potential     0.88
  84 / 1000 elapsed  0 system 0.80 temp   5.1 hbonds, Rg   4.6 A, potential     5.24
  85 / 1000 elapsed  0 system 0.80 temp   6.0 hbonds, Rg   4.8 A, potential     8.70
  86 / 1000 elapsed  0 system 0.80 temp   5.3 hbonds, Rg   4.9 A, potential     7.76
  87 / 1000 elapsed  0 system 0.80 temp   5.3 hbonds, Rg   4.8 A, potential    -1.26
  88 / 1000 elapsed  0 system 0.80 temp   5.4 hbonds, Rg   4.6 A, potential    -3.68
  89 / 1000 elapsed  0 system 0.80 temp   4.9 hbonds, Rg   4.6 A, potential    -6.62
  90 / 1000 elapsed  0 system 0.80 temp   4.6 hbonds, Rg   4.6 A, potential     1.06
  91 / 1000 elapsed  0 system 0.80 temp   5.1 hbonds, Rg   4.4 A, potential   -12.03
  92 / 1000 elapsed  0 system 0.80 temp   5.2 hbonds, Rg   4.5 A, potential    -9.23
  93 / 1000 elapsed  0 system 0.80 temp   5.1 hbonds, Rg   4.7 A, potential    -0.12
  94 / 1000 elapsed  0 system 0.80 temp   5.1 hbonds, Rg   4.5 A, potential    -8.16
  95 / 1000 elapsed  0 system 0.80 temp   5.5 hbonds, Rg   4.6 A, potential    -2.44
  96 / 1000 elapsed  0 system 0.80 temp   5.3 hbonds, Rg   4.6 A, potential    -6.54
  97 / 1000 elapsed  0 system 0.80 temp   5.4 hbonds, Rg   4.5 A, potential     9.47
  98 / 1000 elapsed  0 system 0.80 temp   5.1 hbonds, Rg   4.5 A, potential     1.79
  99 / 1000 elapsed  0 system 0.80 temp   5.6 hbonds, Rg   4.6 A, potential     0.60
 100 / 1000 elapsed  0 system 0.80 temp   5.8 hbonds, Rg   4.7 A, potential     2.63
 101 / 1000 elapsed  0 system 0.80 temp   6.0 hbonds, Rg   4.9 A, potential     5.87
 102 / 1000 elapsed  0 system 0.80 temp   5.5 hbonds, Rg   4.6 A, potential    12.83
 103 / 1000 elapsed  0 system 0.80 temp   5.8 hbonds, Rg   4.6 A, potential    -1.42
 104 / 1000 elapsed  0 system 0.80 temp   5.1 hbonds, Rg   4.6 A, potential     7.19
 105 / 1000 elapsed  0 system 0.80 temp   5.7 hbonds, Rg   4.6 A, potential     8.10
 106 / 1000 elapsed  0 system 0.80 temp   5.7 hbonds, Rg   4.6 A, potential     6.25
 107 / 1000 elapsed  0 system 0.80 temp   5.7 hbonds, Rg   4.6 A, potential     8.86
 108 / 1000 elapsed  0 system 0.80 temp   5.6 hbonds, Rg   4.6 A, potential     7.98
 109 / 1000 elapsed  0 system 0.80 temp   6.1 hbonds, Rg   4.7 A, potential     0.46
 110 / 1000 elapsed  0 system 0.80 temp   5.4 hbonds, Rg   4.6 A, potential     1.29
 111 / 1000 elapsed  0 system 0.80 temp   5.8 hbonds, Rg   4.6 A, potential     4.59
 112 / 1000 elapsed  0 system 0.80 temp   5.1 hbonds, Rg   4.5 A, potential     4.03
 113 / 1000 elapsed  0 system 0.80 temp   5.2 hbonds, Rg   4.5 A, potential     3.46
 114 / 1000 elapsed  0 system 0.80 temp   5.1 hbonds, Rg   4.6 A, potential    -0.33
 115 / 1000 elapsed  0 system 0.80 temp   5.2 hbonds, Rg   4.7 A, potential     2.44
 116 / 1000 elapsed  0 system 0.80 temp   5.6 hbonds, Rg   4.7 A, potential     6.17
 117 / 1000 elapsed  0 system 0.80 temp   5.6 hbonds, Rg   4.6 A, potential     0.47
 118 / 1000 elapsed  0 system 0.80 temp   5.1 hbonds, Rg   4.7 A, potential     8.82
 119 / 1000 elapsed  0 system 0.80 temp   5.8 hbonds, Rg   4.5 A, potential     3.43
 120 / 1000 elapsed  0 system 0.80 temp   5.1 hbonds, Rg   4.6 A, potential    -1.56
 121 / 1000 elapsed  0 system 0.80 temp   5.2 hbonds, Rg   4.5 A, potential     5.56
 122 / 1000 elapsed  0 system 0.80 temp   5.3 hbonds, Rg   4.5 A, potential     2.99
 123 / 1000 elapsed  0 system 0.80 temp   5.3 hbonds, Rg   4.6 A, potential     8.12
 124 / 1000 elapsed  0 system 0.80 temp   5.5 hbonds, Rg   4.5 A, potential     2.25
 125 / 1000 elapsed  0 system 0.80 temp   5.4 hbonds, Rg   4.5 A, potential    -7.51
 126 / 1000 elapsed  0 system 0.80 temp   4.6 hbonds, Rg   4.5 A, potential    12.45
 127 / 1000 elapsed  0 system 0.80 temp   5.0 hbonds, Rg   4.5 A, potential     7.65
 128 / 1000 elapsed  0 system 0.80 temp   5.3 hbonds, Rg   4.5 A, potential     6.24
 129 / 1000 elapsed  0 system 0.80 temp   5.4 hbonds, Rg   4.5 A, potential    12.53
 130 / 1000 elapsed  0 system 0.80 temp   5.3 hbonds, Rg   4.6 A, potential    11.26
 131 / 1000 elapsed  0 system 0.80 temp   5.4 hbonds, Rg   4.4 A, potential    10.99
 132 / 1000 elapsed  0 system 0.80 temp   5.9 hbonds, Rg   4.6 A, potential     7.38
 133 / 1000 elapsed  0 system 0.80 temp   5.1 hbonds, Rg   4.5 A, potential     5.72
 134 / 1000 elapsed  0 system 0.80 temp   5.4 hbonds, Rg   4.6 A, potential    13.35
 135 / 1000 elapsed  0 system 0.80 temp   5.3 hbonds, Rg   4.6 A, potential    15.13
 136 / 1000 elapsed  0 system 0.80 temp   4.6 hbonds, Rg   4.8 A, potential     3.63
 137 / 1000 elapsed  0 system 0.80 temp   5.2 hbonds, Rg   4.9 A, potential    10.81
 138 / 1000 elapsed  0 system 0.80 temp   5.3 hbonds, Rg   4.8 A, potential     7.36
 139 / 1000 elapsed  0 system 0.80 temp   5.5 hbonds, Rg   4.9 A, potential    13.47
 140 / 1000 elapsed  0 system 0.80 temp   5.3 hbonds, Rg   4.7 A, potential     5.02
 141 / 1000 elapsed  0 system 0.80 temp   4.4 hbonds, Rg   4.6 A, potential     0.89
 142 / 1000 elapsed  0 system 0.80 temp   5.1 hbonds, Rg   4.6 A, potential     1.49
 143 / 1000 elapsed  0 system 0.80 temp   4.9 hbonds, Rg   4.6 A, potential    -1.36
 144 / 1000 elapsed  0 system 0.80 temp   4.4 hbonds, Rg   4.5 A, potential    11.07
 145 / 1000 elapsed  0 system 0.80 temp   5.3 hbonds, Rg   4.6 A, potential    -2.36
 146 / 1000 elapsed  0 system 0.80 temp   5.1 hbonds, Rg   4.6 A, potential    -4.32
 147 / 1000 elapsed  0 system 0.80 temp   3.1 hbonds, Rg   4.4 A, potential    -4.34
 148 / 1000 elapsed  0 system 0.80 temp   3.5 hbonds, Rg   4.6 A, potential     0.06
 149 / 1000 elapsed  0 system 0.80 temp   5.8 hbonds, Rg   4.7 A, potential     0.20
 150 / 1000 elapsed  0 system 0.80 temp   5.3 hbonds, Rg   4.7 A, potential    -0.37
 151 / 1000 elapsed  0 system 0.80 temp   5.4 hbonds, Rg   4.6 A, potential     4.01
 152 / 1000 elapsed  0 system 0.80 temp   6.2 hbonds, Rg   4.6 A, potential     3.04
 153 / 1000 elapsed  0 system 0.80 temp   4.7 hbonds, Rg   4.7 A, potential     3.08
 154 / 1000 elapsed  0 system 0.80 temp   4.7 hbonds, Rg   4.8 A, potential    10.46
 155 / 1000 elapsed  0 system 0.80 temp   4.9 hbonds, Rg   4.8 A, potential     7.86
 156 / 1000 elapsed  0 system 0.80 temp   4.5 hbonds, Rg   4.6 A, potential     3.26
 157 / 1000 elapsed  0 system 0.80 temp   4.5 hbonds, Rg   4.6 A, potential     2.02
 158 / 1000 elapsed  0 system 0.80 temp   5.4 hbonds, Rg   4.6 A, potential   -10.56
 159 / 1000 elapsed  0 system 0.80 temp   5.5 hbonds, Rg   4.6 A, potential     0.79
 160 / 1000 elapsed  0 system 0.80 temp   5.7 hbonds, Rg   4.6 A, potential    -4.53
 161 / 1000 elapsed  0 system 0.80 temp   5.8 hbonds, Rg   4.5 A, potential     3.76
 162 / 1000 elapsed  0 system 0.80 temp   5.2 hbonds, Rg   4.6 A, potential     3.87
 163 / 1000 elapsed  0 system 0.80 temp   5.1 hbonds, Rg   4.5 A, potential     5.82
 164 / 1000 elapsed  0 system 0.80 temp   5.0 hbonds, Rg   4.4 A, potential     3.78
 165 / 1000 elapsed  0 system 0.80 temp   6.1 hbonds, Rg   4.5 A, potential    10.19
 166 / 1000 elapsed  0 system 0.80 temp   5.0 hbonds, Rg   4.4 A, potential    -0.18
 167 / 1000 elapsed  0 system 0.80 temp   5.1 hbonds, Rg   4.5 A, potential     4.87
 168 / 1000 elapsed  0 system 0.80 temp   5.4 hbonds, Rg   4.6 A, potential     6.38
 169 / 1000 elapsed  0 system 0.80 temp   5.1 hbonds, Rg   4.6 A, potential     9.49
 170 / 1000 elapsed  0 system 0.80 temp   4.9 hbonds, Rg   4.6 A, potential     6.58
 171 / 1000 elapsed  0 system 0.80 temp   4.0 hbonds, Rg   4.7 A, potential    10.00
 172 / 1000 elapsed  0 system 0.80 temp   4.1 hbonds, Rg   4.7 A, potential     6.52
 173 / 1000 elapsed  0 system 0.80 temp   4.4 hbonds, Rg   4.8 A, potential     3.93
 174 / 1000 elapsed  0 system 0.80 temp   5.8 hbonds, Rg   4.6 A, potential     8.02
 175 / 1000 elapsed  0 system 0.80 temp   4.6 hbonds, Rg   4.6 A, potential     0.20
 176 / 1000 elapsed  0 system 0.80 temp   5.6 hbonds, Rg   4.6 A, potential    -1.02
 177 / 1000 elapsed  0 system 0.80 temp   5.8 hbonds, Rg   4.7 A, potential    -1.04
 178 / 1000 elapsed  0 system 0.80 temp   5.3 hbonds, Rg   4.7 A, potential     2.68
 179 / 1000 elapsed  0 system 0.80 temp   5.4 hbonds, Rg   4.7 A, potential     6.58
 180 / 1000 elapsed  0 system 0.80 temp   5.3 hbonds, Rg   4.9 A, potential     1.06
 181 / 1000 elapsed  0 system 0.80 temp   5.4 hbonds, Rg   4.9 A, potential     9.29
 182 / 1000 elapsed  0 system 0.80 temp   4.9 hbonds, Rg   4.7 A, potential     5.14
 183 / 1000 elapsed  0 system 0.80 temp   6.2 hbonds, Rg   4.8 A, potential     0.46
 184 / 1000 elapsed  0 system 0.80 temp   3.9 hbonds, Rg   4.7 A, potential    -1.81
 185 / 1000 elapsed  0 system 0.80 temp   3.4 hbonds, Rg   4.6 A, potential     1.51
 186 / 1000 elapsed  0 system 0.80 temp   5.5 hbonds, Rg   4.6 A, potential     3.13
 187 / 1000 elapsed  0 system 0.80 temp   4.3 hbonds, Rg   4.5 A, potential     0.39
 188 / 1000 elapsed  0 system 0.80 temp   5.3 hbonds, Rg   4.4 A, potential    -5.67
 189 / 1000 elapsed  0 system 0.80 temp   6.5 hbonds, Rg   4.5 A, potential    -2.18
 190 / 1000 elapsed  0 system 0.80 temp   5.2 hbonds, Rg   4.5 A, potential    -5.98
 191 / 1000 elapsed  0 system 0.80 temp   4.3 hbonds, Rg   4.6 A, potential     2.54
 192 / 1000 elapsed  0 system 0.80 temp   5.4 hbonds, Rg   4.6 A, potential   -15.97
 193 / 1000 elapsed  0 system 0.80 temp   4.6 hbonds, Rg   4.6 A, potential    -5.88
 194 / 1000 elapsed  0 system 0.80 temp   4.5 hbonds, Rg   4.5 A, potential    -6.20
 195 / 1000 elapsed  0 system 0.80 temp   4.9 hbonds, Rg   4.6 A, potential    -1.40
 196 / 1000 elapsed  0 system 0.80 temp   4.6 hbonds, Rg   4.5 A, potential    -6.87
 197 / 1000 elapsed  0 system 0.80 temp   4.8 hbonds, Rg   4.6 A, potential    -5.95
 198 / 1000 elapsed  0 system 0.80 temp   3.8 hbonds, Rg   4.6 A, potential    -0.92
 199 / 1000 elapsed  0 system 0.80 temp   5.5 hbonds, Rg   4.5 A, potential    -3.01
 200 / 1000 elapsed  0 system 0.80 temp   4.9 hbonds, Rg   4.6 A, potential     5.01
 201 / 1000 elapsed  0 system 0.80 temp   4.6 hbonds, Rg   4.6 A, potential    -0.72
 202 / 1000 elapsed  0 system 0.80 temp   5.3 hbonds, Rg   4.6 A, potential    -7.49
 203 / 1000 elapsed  0 system 0.80 temp   5.2 hbonds, Rg   4.6 A, potential    -1.82
 204 / 1000 elapsed  0 system 0.80 temp   3.6 hbonds, Rg   4.6 A, potential    -6.89
 205 / 1000 elapsed  0 system 0.80 temp   4.9 hbonds, Rg   4.5 A, potential    -3.36
 206 / 1000 elapsed  0 system 0.80 temp   5.4 hbonds, Rg   4.5 A, potential    -4.37
 207 / 1000 elapsed  0 system 0.80 temp   4.9 hbonds, Rg   4.6 A, potential    -5.39
 208 / 1000 elapsed  0 system 0.80 temp   3.8 hbonds, Rg   4.5 A, potential    -4.99
 209 / 1000 elapsed  0 system 0.80 temp   5.5 hbonds, Rg   4.5 A, potential    -4.30
 210 / 1000 elapsed  0 system 0.80 temp   4.1 hbonds, Rg   4.5 A, potential    -2.12
 211 / 1000 elapsed  0 system 0.80 temp   4.0 hbonds, Rg   4.5 A, potential    -0.53
 212 / 1000 elapsed  0 system 0.80 temp   4.7 hbonds, Rg   4.5 A, potential    -2.44
 213 / 1000 elapsed  0 system 0.80 temp   4.9 hbonds, Rg   4.5 A, potential     7.30
 214 / 1000 elapsed  0 system 0.80 temp   5.9 hbonds, Rg   4.6 A, potential    10.51
 215 / 1000 elapsed  0 system 0.80 temp   5.8 hbonds, Rg   4.7 A, potential     1.14
 216 / 1000 elapsed  0 system 0.80 temp   5.5 hbonds, Rg   4.8 A, potential     5.20
 217 / 1000 elapsed  0 system 0.80 temp   5.6 hbonds, Rg   4.7 A, potential     0.49
 218 / 1000 elapsed  0 system 0.80 temp   5.7 hbonds, Rg   4.7 A, potential     6.27
 219 / 1000 elapsed  0 system 0.80 temp   5.5 hbonds, Rg   4.8 A, potential    -4.58
 220 / 1000 elapsed  0 system 0.80 temp   4.8 hbonds, Rg   4.7 A, potential    -1.60
 221 / 1000 elapsed  0 system 0.80 temp   6.1 hbonds, Rg   4.8 A, potential     1.99
 222 / 1000 elapsed  0 system 0.80 temp   5.7 hbonds, Rg   4.6 A, potential    -1.95
 223 / 1000 elapsed  0 system 0.80 temp   5.7 hbonds, Rg   4.8 A, potential    -5.05
 224 / 1000 elapsed  0 system 0.80 temp   5.5 hbonds, Rg   4.6 A, potential     2.68
 225 / 1000 elapsed  0 system 0.80 temp   4.2 hbonds, Rg   4.7 A, potential     5.51
 226 / 1000 elapsed  0 system 0.80 temp   6.0 hbonds, Rg   4.8 A, potential     8.02
 227 / 1000 elapsed  0 system 0.80 temp   5.1 hbonds, Rg   4.8 A, potential    -0.26
 228 / 1000 elapsed  0 system 0.80 temp   5.3 hbonds, Rg   4.8 A, potential     7.25
 229 / 1000 elapsed  0 system 0.80 temp   5.8 hbonds, Rg   4.7 A, potential     2.94
 230 / 1000 elapsed  0 system 0.80 temp   5.0 hbonds, Rg   4.7 A, potential     4.57
 231 / 1000 elapsed  0 system 0.80 temp   5.2 hbonds, Rg   4.5 A, potential     0.50
 232 / 1000 elapsed  0 system 0.80 temp   5.3 hbonds, Rg   4.4 A, potential    -3.12
 233 / 1000 elapsed  0 system 0.80 temp   5.2 hbonds, Rg   4.4 A, potential     1.94
 234 / 1000 elapsed  0 system 0.80 temp   1.7 hbonds, Rg   4.6 A, potential     5.82
 235 / 1000 elapsed  0 system 0.80 temp   3.9 hbonds, Rg   4.6 A, potential     4.75
 236 / 1000 elapsed  0 system 0.80 temp   5.6 hbonds, Rg   4.4 A, potential     5.69
 237 / 1000 elapsed  0 system 0.80 temp   4.1 hbonds, Rg   4.6 A, potential    -0.59
 238 / 1000 elapsed  0 system 0.80 temp   5.1 hbonds, Rg   4.6 A, potential    -1.20
 239 / 1000 elapsed  0 system 0.80 temp   4.4 hbonds, Rg   4.5 A, potential    -3.92
 240 / 1000 elapsed  0 system 0.80 temp   5.1 hbonds, Rg   4.6 A, potential     2.14
 241 / 1000 elapsed  0 system 0.80 temp   5.6 hbonds, Rg   4.6 A, potential     1.64
 242 / 1000 elapsed  0 system 0.80 temp   4.3 hbonds, Rg   4.6 A, potential     9.93
 243 / 1000 elapsed  0 system 0.80 temp   4.7 hbonds, Rg   4.4 A, potential    -0.34
 244 / 1000 elapsed  0 system 0.80 temp   4.6 hbonds, Rg   4.5 A, potential     0.41
 245 / 1000 elapsed  0 system 0.80 temp   4.7 hbonds, Rg   4.6 A, potential     4.54
 246 / 1000 elapsed  0 system 0.80 temp   5.4 hbonds, Rg   4.5 A, potential     0.06
 247 / 1000 elapsed  0 system 0.80 temp   5.0 hbonds, Rg   4.3 A, potential    -6.71
 248 / 1000 elapsed  0 system 0.80 temp   6.0 hbonds, Rg   4.5 A, potential     1.69
 249 / 1000 elapsed  0 system 0.80 temp   3.9 hbonds, Rg   4.5 A, potential    -4.51
 250 / 1000 elapsed  0 system 0.80 temp   5.5 hbonds, Rg   4.5 A, potential    -4.80
 251 / 1000 elapsed  0 system 0.80 temp   5.1 hbonds, Rg   4.5 A, potential     1.16
 252 / 1000 elapsed  0 system 0.80 temp   5.4 hbonds, Rg   4.5 A, potential    -5.37
 253 / 1000 elapsed  0 system 0.80 temp   4.6 hbonds, Rg   4.4 A, potential    -7.09
 254 / 1000 elapsed  0 system 0.80 temp   6.4 hbonds, Rg   4.6 A, potential    -1.94
 255 / 1000 elapsed  0 system 0.80 temp   4.6 hbonds, Rg   4.6 A, potential    -5.19
 256 / 1000 elapsed  0 system 0.80 temp   4.5 hbonds, Rg   4.8 A, potential    -6.97
 257 / 1000 elapsed  0 system 0.80 temp   5.2 hbonds, Rg   4.9 A, potential    -1.00
 258 / 1000 elapsed  0 system 0.80 temp   5.3 hbonds, Rg   4.6 A, potential     1.41
 259 / 1000 elapsed  0 system 0.80 temp   4.6 hbonds, Rg   4.8 A, potential     6.13
 260 / 1000 elapsed  0 system 0.80 temp   4.7 hbonds, Rg   4.7 A, potential     3.98
 261 / 1000 elapsed  0 system 0.80 temp   5.3 hbonds, Rg   4.8 A, potential     4.51
 262 / 1000 elapsed  0 system 0.80 temp   5.3 hbonds, Rg   4.7 A, potential    -4.47
 263 / 1000 elapsed  0 system 0.80 temp   4.3 hbonds, Rg   4.6 A, potential     1.09
 264 / 1000 elapsed  0 system 0.80 temp   3.3 hbonds, Rg   4.7 A, potential    12.41
 265 / 1000 elapsed  0 system 0.80 temp   3.1 hbonds, Rg   4.6 A, potential    13.23
 266 / 1000 elapsed  0 system 0.80 temp   3.3 hbonds, Rg   4.7 A, potential     5.15
 267 / 1000 elapsed  0 system 0.80 temp   2.0 hbonds, Rg   4.8 A, potential     8.45
 268 / 1000 elapsed  0 system 0.80 temp   3.6 hbonds, Rg   4.9 A, potential     6.63
 269 / 1000 elapsed  0 system 0.80 temp   5.2 hbonds, Rg   5.0 A, potential     4.61
 270 / 1000 elapsed  0 system 0.80 temp   5.4 hbonds, Rg   4.8 A, potential     5.65
 271 / 1000 elapsed  0 system 0.80 temp   5.0 hbonds, Rg   4.7 A, potential    12.05
 272 / 1000 elapsed  0 system 0.80 temp   5.5 hbonds, Rg   4.9 A, potential     5.93
 273 / 1000 elapsed  0 system 0.80 temp   4.8 hbonds, Rg   4.9 A, potential     5.54
 274 / 1000 elapsed  0 system 0.80 temp   4.9 hbonds, Rg   4.9 A, potential    14.11
 275 / 1000 elapsed  0 system 0.80 temp   4.1 hbonds, Rg   4.8 A, potential     6.70
 276 / 1000 elapsed  0 system 0.80 temp   5.0 hbonds, Rg   4.7 A, potential     7.38
 277 / 1000 elapsed  0 system 0.80 temp   4.9 hbonds, Rg   4.8 A, potential    -0.33
 278 / 1000 elapsed  0 system 0.80 temp   4.8 hbonds, Rg   4.8 A, potential     4.46
 279 / 1000 elapsed  0 system 0.80 temp   4.7 hbonds, Rg   4.7 A, potential    -0.90
 280 / 1000 elapsed  0 system 0.80 temp   5.0 hbonds, Rg   4.7 A, potential     2.24
 281 / 1000 elapsed  0 system 0.80 temp   4.8 hbonds, Rg   4.8 A, potential    -1.08
 282 / 1000 elapsed  0 system 0.80 temp   5.5 hbonds, Rg   4.8 A, potential    -3.62
 283 / 1000 elapsed  0 system 0.80 temp   5.4 hbonds, Rg   4.9 A, potential    -5.07
 284 / 1000 elapsed  0 system 0.80 temp   4.3 hbonds, Rg   4.9 A, potential     2.58
 285 / 1000 elapsed  0 system 0.80 temp   3.0 hbonds, Rg   4.7 A, potential     4.04
 286 / 1000 elapsed  0 system 0.80 temp   5.2 hbonds, Rg   4.8 A, potential     6.66
 287 / 1000 elapsed  0 system 0.80 temp   5.0 hbonds, Rg   4.7 A, potential    -0.17
 288 / 1000 elapsed  0 system 0.80 temp   5.5 hbonds, Rg   4.7 A, potential     6.36
 289 / 1000 elapsed  0 system 0.80 temp   5.6 hbonds, Rg   4.7 A, potential     5.79
 290 / 1000 elapsed  0 system 0.80 temp   3.4 hbonds, Rg   4.7 A, potential     7.77
 291 / 1000 elapsed  0 system 0.80 temp   5.6 hbonds, Rg   4.6 A, potential     6.42
 292 / 1000 elapsed  0 system 0.80 temp   5.4 hbonds, Rg   4.6 A, potential    -3.34
 293 / 1000 elapsed  0 system 0.80 temp   5.3 hbonds, Rg   4.4 A, potential     0.25
 294 / 1000 elapsed  0 system 0.80 temp   3.7 hbonds, Rg   4.4 A, potential     7.42
 295 / 1000 elapsed  0 system 0.80 temp   4.5 hbonds, Rg   4.6 A, potential     4.37
 296 / 1000 elapsed  0 system 0.80 temp   3.8 hbonds, Rg   4.8 A, potential     1.34
 297 / 1000 elapsed  0 system 0.80 temp   5.4 hbonds, Rg   4.8 A, potential    -1.23
 298 / 1000 elapsed  0 system 0.80 temp   5.8 hbonds, Rg   4.7 A, potential     2.41
 299 / 1000 elapsed  0 system 0.80 temp   5.3 hbonds, Rg   4.6 A, potential     9.97
 300 / 1000 elapsed  0 system 0.80 temp   5.8 hbonds, Rg   4.5 A, potential     8.06
 301 / 1000 elapsed  0 system 0.80 temp   4.7 hbonds, Rg   4.4 A, potential     3.60
 302 / 1000 elapsed  0 system 0.80 temp   4.3 hbonds, Rg   4.5 A, potential     5.03
 303 / 1000 elapsed  0 system 0.80 temp   5.2 hbonds, Rg   4.6 A, potential     2.78
 304 / 1000 elapsed  0 system 0.80 temp   3.7 hbonds, Rg   4.5 A, potential     9.44
 305 / 1000 elapsed  0 system 0.80 temp   2.4 hbonds, Rg   4.6 A, potential     9.55
 306 / 1000 elapsed  0 system 0.80 temp   5.0 hbonds, Rg   4.7 A, potential    12.46
 307 / 1000 elapsed  0 system 0.80 temp   4.1 hbonds, Rg   4.8 A, potential     8.70
 308 / 1000 elapsed  0 system 0.80 temp   5.5 hbonds, Rg   4.7 A, potential     8.66
 309 / 1000 elapsed  0 system 0.80 temp   4.3 hbonds, Rg   4.5 A, potential     0.34
 310 / 1000 elapsed  0 system 0.80 temp   4.6 hbonds, Rg   4.7 A, potential     5.32
 311 / 1000 elapsed  0 system 0.80 temp   5.4 hbonds, Rg   4.7 A, potential    -0.92
 312 / 1000 elapsed  0 system 0.80 temp   4.8 hbonds, Rg   4.6 A, potential    -1.09
 313 / 1000 elapsed  0 system 0.80 temp   5.6 hbonds, Rg   4.8 A, potential     6.21
 314 / 1000 elapsed  0 system 0.80 temp   5.4 hbonds, Rg   4.6 A, potential    -1.93
 315 / 1000 elapsed  0 system 0.80 temp   5.2 hbonds, Rg   4.8 A, potential     7.18
 316 / 1000 elapsed  0 system 0.80 temp   5.3 hbonds, Rg   4.7 A, potential    -0.59
 317 / 1000 elapsed  0 system 0.80 temp   5.5 hbonds, Rg   4.8 A, potential    -0.36
 318 / 1000 elapsed  0 system 0.80 temp   4.4 hbonds, Rg   4.8 A, potential    -1.56
 319 / 1000 elapsed  0 system 0.80 temp   4.6 hbonds, Rg   4.6 A, potential     8.45
 320 / 1000 elapsed  0 system 0.80 temp   5.0 hbonds, Rg   4.8 A, potential     6.43
 321 / 1000 elapsed  0 system 0.80 temp   5.3 hbonds, Rg   4.6 A, potential    -7.94
 322 / 1000 elapsed  0 system 0.80 temp   4.8 hbonds, Rg   4.7 A, potential    -3.14
 323 / 1000 elapsed  0 system 0.80 temp   6.0 hbonds, Rg   4.6 A, potential    -1.07
 324 / 1000 elapsed  0 system 0.80 temp   5.4 hbonds, Rg   4.4 A, potential    -5.70
 325 / 1000 elapsed  0 system 0.80 temp   5.0 hbonds, Rg   4.5 A, potential    -6.59
 326 / 1000 elapsed  0 system 0.80 temp   5.8 hbonds, Rg   4.5 A, potential    -1.35
 327 / 1000 elapsed  0 system 0.80 temp   5.4 hbonds, Rg   4.6 A, potential    -5.98
 328 / 1000 elapsed  0 system 0.80 temp   4.7 hbonds, Rg   4.5 A, potential    -6.08
 329 / 1000 elapsed  0 system 0.80 temp   5.7 hbonds, Rg   4.6 A, potential    -0.14
 330 / 1000 elapsed  0 system 0.80 temp   5.0 hbonds, Rg   4.5 A, potential     2.22
 331 / 1000 elapsed  0 system 0.80 temp   5.3 hbonds, Rg   4.5 A, potential     5.48
 332 / 1000 elapsed  0 system 0.80 temp   5.6 hbonds, Rg   4.5 A, potential     8.43
 333 / 1000 elapsed  0 system 0.80 temp   4.9 hbonds, Rg   4.4 A, potential     4.76
 334 / 1000 elapsed  0 system 0.80 temp   4.2 hbonds, Rg   4.5 A, potential     6.29
 335 / 1000 elapsed  0 system 0.80 temp   4.4 hbonds, Rg   4.5 A, potential     2.85
 336 / 1000 elapsed  0 system 0.80 temp   4.2 hbonds, Rg   4.5 A, potential     0.97
 337 / 1000 elapsed  0 system 0.80 temp   5.4 hbonds, Rg   4.6 A, potential    -2.21
 338 / 1000 elapsed  0 system 0.80 temp   5.2 hbonds, Rg   4.4 A, potential    -6.43
 339 / 1000 elapsed  0 system 0.80 temp   4.0 hbonds, Rg   4.4 A, potential    -2.45
 340 / 1000 elapsed  0 system 0.80 temp   4.9 hbonds, Rg   4.5 A, potential     1.80
 341 / 1000 elapsed  0 system 0.80 temp   5.1 hbonds, Rg   4.5 A, potential    -3.64
 342 / 1000 elapsed  0 system 0.80 temp   5.7 hbonds, Rg   4.4 A, potential    -5.37
 343 / 1000 elapsed  0 system 0.80 temp   2.9 hbonds, Rg   4.6 A, potential     5.86
 344 / 1000 elapsed  0 system 0.80 temp   3.7 hbonds, Rg   4.5 A, potential    -1.50
 345 / 1000 elapsed  0 system 0.80 temp   3.3 hbonds, Rg   4.5 A, potential     3.80
 346 / 1000 elapsed  0 system 0.80 temp   4.3 hbonds, Rg   4.5 A, potential    -4.96
 347 / 1000 elapsed  0 system 0.80 temp   3.8 hbonds, Rg   4.5 A, potential     8.40
 348 / 1000 elapsed  0 system 0.80 temp   5.1 hbonds, Rg   4.6 A, potential     4.97
 349 / 1000 elapsed  0 system 0.80 temp   5.7 hbonds, Rg   4.5 A, potential     5.13
 350 / 1000 elapsed  0 system 0.80 temp   4.9 hbonds, Rg   4.4 A, potential    -4.23
 351 / 1000 elapsed  0 system 0.80 temp   6.3 hbonds, Rg   4.6 A, potential    -3.22
 352 / 1000 elapsed  0 system 0.80 temp   5.3 hbonds, Rg   4.6 A, potential     1.14
 353 / 1000 elapsed  0 system 0.80 temp   4.5 hbonds, Rg   4.5 A, potential     5.96
 354 / 1000 elapsed  0 system 0.80 temp   5.4 hbonds, Rg   4.5 A, potential    -2.00
 355 / 1000 elapsed  0 system 0.80 temp   5.1 hbonds, Rg   4.6 A, potential     3.35
 356 / 1000 elapsed  0 system 0.80 temp   3.3 hbonds, Rg   4.7 A, potential     9.55
 357 / 1000 elapsed  0 system 0.80 temp   3.4 hbonds, Rg   4.9 A, potential     5.96
 358 / 1000 elapsed  0 system 0.80 temp   5.1 hbonds, Rg   4.9 A, potential    14.73
 359 / 1000 elapsed  0 system 0.80 temp   4.9 hbonds, Rg   5.1 A, potential    13.19
 360 / 1000 elapsed  0 system 0.80 temp   4.4 hbonds, Rg   5.2 A, potential    17.23
 361 / 1000 elapsed  0 system 0.80 temp   4.5 hbonds, Rg   4.8 A, potential     5.78
 362 / 1000 elapsed  0 system 0.80 temp   5.5 hbonds, Rg   4.9 A, potential     9.08
 363 / 1000 elapsed  0 system 0.80 temp   4.4 hbonds, Rg   5.2 A, potential    17.03
 364 / 1000 elapsed  0 system 0.80 temp   5.5 hbonds, Rg   5.1 A, potential    15.41
 365 / 1000 elapsed  0 system 0.80 temp   5.1 hbonds, Rg   4.8 A, potential    11.02
 366 / 1000 elapsed  0 system 0.80 temp   4.6 hbonds, Rg   4.7 A, potential     7.42
 367 / 1000 elapsed  0 system 0.80 temp   5.1 hbonds, Rg   4.7 A, potential    10.13
 368 / 1000 elapsed  0 system 0.80 temp   2.5 hbonds, Rg   4.7 A, potential     1.58
 369 / 1000 elapsed  0 system 0.80 temp   3.3 hbonds, Rg   4.8 A, potential    18.54
 370 / 1000 elapsed  0 system 0.80 temp   5.6 hbonds, Rg   4.6 A, potential    14.72
 371 / 1000 elapsed  0 system 0.80 temp   5.0 hbonds, Rg   4.6 A, potential    10.57
 372 / 1000 elapsed  0 system 0.80 temp   4.5 hbonds, Rg   4.9 A, potential     6.65
 373 / 1000 elapsed  0 system 0.80 temp   5.1 hbonds, Rg   4.7 A, potential    -4.22
 374 / 1000 elapsed  0 system 0.80 temp   5.1 hbonds, Rg   4.7 A, potential    -6.84
 375 / 1000 elapsed  0 system 0.80 temp   5.0 hbonds, Rg   5.1 A, potential     4.67
 376 / 1000 elapsed  0 system 0.80 temp   4.6 hbonds, Rg   4.9 A, potential     3.02
 377 / 1000 elapsed  0 system 0.80 temp   5.1 hbonds, Rg   4.7 A, potential     0.13
 378 / 1000 elapsed  0 system 0.80 temp   5.0 hbonds, Rg   4.7 A, potential    10.47
 379 / 1000 elapsed  0 system 0.80 temp   5.9 hbonds, Rg   4.7 A, potential    -0.45
 380 / 1000 elapsed  0 system 0.80 temp   5.5 hbonds, Rg   4.9 A, potential     0.60
 381 / 1000 elapsed  0 system 0.80 temp   4.2 hbonds, Rg   4.7 A, potential    -0.23
 382 / 1000 elapsed  0 system 0.80 temp   2.7 hbonds, Rg   4.6 A, potential    -4.89
 383 / 1000 elapsed  0 system 0.80 temp   5.0 hbonds, Rg   4.7 A, potential     1.16
 384 / 1000 elapsed  0 system 0.80 temp   4.2 hbonds, Rg   4.9 A, potential     5.80
 385 / 1000 elapsed  0 system 0.80 temp   6.0 hbonds, Rg   4.9 A, potential     8.55
 386 / 1000 elapsed  0 system 0.80 temp   5.5 hbonds, Rg   4.9 A, potential    -2.97
 387 / 1000 elapsed  0 system 0.80 temp   5.3 hbonds, Rg   5.1 A, potential   -11.21
 388 / 1000 elapsed  0 system 0.80 temp   5.4 hbonds, Rg   5.0 A, potential    -3.24
 389 / 1000 elapsed  0 system 0.80 temp   5.1 hbonds, Rg   4.9 A, potential     1.20
 390 / 1000 elapsed  0 system 0.80 temp   4.9 hbonds, Rg   4.7 A, potential     4.57
 391 / 1000 elapsed  0 system 0.80 temp   4.8 hbonds, Rg   4.7 A, potential    -4.63
 392 / 1000 elapsed  0 system 0.80 temp   5.3 hbonds, Rg   4.8 A, potential    -7.49
 393 / 1000 elapsed  0 system 0.80 temp   5.5 hbonds, Rg   4.7 A, potential     0.18
 394 / 1000 elapsed  0 system 0.80 temp   6.0 hbonds, Rg   4.7 A, potential    -7.08
 395 / 1000 elapsed  0 system 0.80 temp   3.8 hbonds, Rg   4.9 A, potential    -1.00
 396 / 1000 elapsed  0 system 0.80 temp   5.5 hbonds, Rg   4.9 A, potential     7.83
 397 / 1000 elapsed  0 system 0.80 temp   5.7 hbonds, Rg   5.0 A, potential     2.30
 398 / 1000 elapsed  0 system 0.80 temp   5.5 hbonds, Rg   4.8 A, potential     2.25
 399 / 1000 elapsed  0 system 0.80 temp   5.2 hbonds, Rg   4.9 A, potential     4.98
 400 / 1000 elapsed  0 system 0.80 temp   4.6 hbonds, Rg   5.0 A, potential     8.80
 401 / 1000 elapsed  0 system 0.80 temp   5.1 hbonds, Rg   4.8 A, potential     8.16
 402 / 1000 elapsed  0 system 0.80 temp   4.5 hbonds, Rg   4.8 A, potential    10.47
 403 / 1000 elapsed  0 system 0.80 temp   3.9 hbonds, Rg   4.8 A, potential     3.88
 404 / 1000 elapsed  0 system 0.80 temp   4.5 hbonds, Rg   4.9 A, potential    13.61
 405 / 1000 elapsed  0 system 0.80 temp   5.7 hbonds, Rg   4.6 A, potential     7.98
 406 / 1000 elapsed  0 system 0.80 temp   4.8 hbonds, Rg   4.7 A, potential    15.69
 407 / 1000 elapsed  0 system 0.80 temp   4.8 hbonds, Rg   4.7 A, potential     3.61
 408 / 1000 elapsed  0 system 0.80 temp   2.9 hbonds, Rg   4.7 A, potential     7.78
 409 / 1000 elapsed  0 system 0.80 temp   5.7 hbonds, Rg   4.7 A, potential    21.35
 410 / 1000 elapsed  0 system 0.80 temp   5.3 hbonds, Rg   4.5 A, potential    10.46
 411 / 1000 elapsed  0 system 0.80 temp   5.3 hbonds, Rg   4.6 A, potential     4.21
 412 / 1000 elapsed  0 system 0.80 temp   4.7 hbonds, Rg   4.8 A, potential     7.75
 413 / 1000 elapsed  0 system 0.80 temp   5.3 hbonds, Rg   4.8 A, potential     8.84
 414 / 1000 elapsed  0 system 0.80 temp   6.0 hbonds, Rg   4.8 A, potential     8.42
 415 / 1000 elapsed  0 system 0.80 temp   2.9 hbonds, Rg   4.7 A, potential    13.39
 416 / 1000 elapsed  0 system 0.80 temp   5.4 hbonds, Rg   4.9 A, potential    21.90
 417 / 1000 elapsed  0 system 0.80 temp   6.1 hbonds, Rg   4.8 A, potential     7.94
 418 / 1000 elapsed  0 system 0.80 temp   5.3 hbonds, Rg   4.8 A, potential     7.52
 419 / 1000 elapsed  0 system 0.80 temp   5.0 hbonds, Rg   5.0 A, potential     3.66
 420 / 1000 elapsed  0 system 0.80 temp   4.7 hbonds, Rg   4.9 A, potential     9.32
 421 / 1000 elapsed  0 system 0.80 temp   5.4 hbonds, Rg   4.9 A, potential     1.04
 422 / 1000 elapsed  0 system 0.80 temp   4.9 hbonds, Rg   5.0 A, potential    10.68
 423 / 1000 elapsed  0 system 0.80 temp   4.2 hbonds, Rg   4.9 A, potential     4.74
 424 / 1000 elapsed  0 system 0.80 temp   5.4 hbonds, Rg   4.8 A, potential    -1.03
 425 / 1000 elapsed  0 system 0.80 temp   4.4 hbonds, Rg   4.6 A, potential    -2.23
 426 / 1000 elapsed  0 system 0.80 temp   5.3 hbonds, Rg   4.7 A, potential     0.78
 427 / 1000 elapsed  0 system 0.80 temp   5.2 hbonds, Rg   5.1 A, potential    -0.32
 428 / 1000 elapsed  0 system 0.80 temp   5.6 hbonds, Rg   4.9 A, potential     0.01
 429 / 1000 elapsed  0 system 0.80 temp   5.6 hbonds, Rg   4.8 A, potential     3.86
 430 / 1000 elapsed  0 system 0.80 temp   5.0 hbonds, Rg   5.2 A, potential     5.04
 431 / 1000 elapsed  0 system 0.80 temp   5.1 hbonds, Rg   5.0 A, potential     9.83
 432 / 1000 elapsed  0 system 0.80 temp   4.8 hbonds, Rg   4.8 A, potential    10.21
 433 / 1000 elapsed  0 system 0.80 temp   4.0 hbonds, Rg   4.8 A, potential    13.43
 434 / 1000 elapsed  0 system 0.80 temp   3.8 hbonds, Rg   4.8 A, potential     2.62
 435 / 1000 elapsed  0 system 0.80 temp   5.0 hbonds, Rg   5.1 A, potential     8.75
 436 / 1000 elapsed  0 system 0.80 temp   3.9 hbonds, Rg   5.1 A, potential     8.60
 437 / 1000 elapsed  0 system 0.80 temp   4.3 hbonds, Rg   4.8 A, potential    16.75
 438 / 1000 elapsed  0 system 0.80 temp   5.3 hbonds, Rg   4.9 A, potential     6.35
 439 / 1000 elapsed  0 system 0.80 temp   5.3 hbonds, Rg   5.0 A, potential     5.94
 440 / 1000 elapsed  0 system 0.80 temp   4.8 hbonds, Rg   5.1 A, potential    13.85
 441 / 1000 elapsed  0 system 0.80 temp   5.2 hbonds, Rg   4.9 A, potential     4.74
 442 / 1000 elapsed  0 system 0.80 temp   4.5 hbonds, Rg   4.8 A, potential     2.59
 443 / 1000 elapsed  0 system 0.80 temp   5.5 hbonds, Rg   4.9 A, potential     4.83
 444 / 1000 elapsed  0 system 0.80 temp   4.7 hbonds, Rg   4.9 A, potential     6.78
 445 / 1000 elapsed  0 system 0.80 temp   4.7 hbonds, Rg   4.8 A, potential    12.84
 446 / 1000 elapsed  0 system 0.80 temp   4.7 hbonds, Rg   5.0 A, potential     6.81
 447 / 1000 elapsed  0 system 0.80 temp   4.3 hbonds, Rg   5.0 A, potential    11.19
 448 / 1000 elapsed  0 system 0.80 temp   5.7 hbonds, Rg   4.9 A, potential     8.08
 449 / 1000 elapsed  0 system 0.80 temp   5.3 hbonds, Rg   4.9 A, potential    12.66
 450 / 1000 elapsed  0 system 0.80 temp   5.2 hbonds, Rg   4.9 A, potential     9.65
 451 / 1000 elapsed  0 system 0.80 temp   5.4 hbonds, Rg   4.7 A, potential    13.94
 452 / 1000 elapsed  0 system 0.80 temp   4.5 hbonds, Rg   4.7 A, potential     5.01
 453 / 1000 elapsed  0 system 0.80 temp   4.1 hbonds, Rg   4.8 A, potential     7.87
 454 / 1000 elapsed  0 system 0.80 temp   4.0 hbonds, Rg   4.6 A, potential     8.01
 455 / 1000 elapsed  0 system 0.80 temp   5.0 hbonds, Rg   4.6 A, potential    -2.76
 456 / 1000 elapsed  0 system 0.80 temp   2.1 hbonds, Rg   4.7 A, potential    16.42
 457 / 1000 elapsed  0 system 0.80 temp   3.8 hbonds, Rg   4.7 A, potential    10.73
 458 / 1000 elapsed  0 system 0.80 temp   3.5 hbonds, Rg   4.7 A, potential     2.97
 459 / 1000 elapsed  0 system 0.80 temp   3.8 hbonds, Rg   4.6 A, potential    10.61
 460 / 1000 elapsed  0 system 0.80 temp   3.7 hbonds, Rg   4.9 A, potential    14.64
 461 / 1000 elapsed  0 system 0.80 temp   3.6 hbonds, Rg   5.0 A, potential    11.56
 462 / 1000 elapsed  0 system 0.80 temp   2.0 hbonds, Rg   4.9 A, potential    12.14
 463 / 1000 elapsed  0 system 0.80 temp   2.0 hbonds, Rg   4.9 A, potential     9.33
 464 / 1000 elapsed  0 system 0.80 temp   1.8 hbonds, Rg   5.1 A, potential     5.50
 465 / 1000 elapsed  0 system 0.80 temp   2.3 hbonds, Rg   5.0 A, potential     6.79
 466 / 1000 elapsed  0 system 0.80 temp   3.5 hbonds, Rg   4.8 A, potential     1.02
 467 / 1000 elapsed  0 system 0.80 temp   4.1 hbonds, Rg   4.9 A, potential     4.71
 468 / 1000 elapsed  0 system 0.80 temp   3.2 hbonds, Rg   4.9 A, potential    10.06
 469 / 1000 elapsed  0 system 0.80 temp   3.1 hbonds, Rg   5.0 A, potential    10.72
 470 / 1000 elapsed  0 system 0.80 temp   1.6 hbonds, Rg   4.9 A, potential     8.71
 471 / 1000 elapsed  0 system 0.80 temp   3.5 hbonds, Rg   4.9 A, potential     9.94
 472 / 1000 elapsed  0 system 0.80 temp   3.4 hbonds, Rg   4.9 A, potential    11.17
 473 / 1000 elapsed  0 system 0.80 temp   2.2 hbonds, Rg   5.0 A, potential    20.31
 474 / 1000 elapsed  0 system 0.80 temp   2.1 hbonds, Rg   5.0 A, potential    11.42
 475 / 1000 elapsed  0 system 0.80 temp   3.9 hbonds, Rg   5.1 A, potential    11.74
 476 / 1000 elapsed  0 system 0.80 temp   3.7 hbonds, Rg   4.9 A, potential     6.10
 477 / 1000 elapsed  0 system 0.80 temp   2.7 hbonds, Rg   4.8 A, potential     6.36
 478 / 1000 elapsed  0 system 0.80 temp   3.1 hbonds, Rg   4.7 A, potential     0.20
 479 / 1000 elapsed  0 system 0.80 temp   3.1 hbonds, Rg   4.8 A, potential     9.87
 480 / 1000 elapsed  0 system 0.80 temp   3.8 hbonds, Rg   4.6 A, potential    -0.44
 481 / 1000 elapsed  0 system 0.80 temp   5.0 hbonds, Rg   4.7 A, potential     4.91
 482 / 1000 elapsed  0 system 0.80 temp   4.2 hbonds, Rg   4.6 A, potential     3.08
 483 / 1000 elapsed  0 system 0.80 temp   5.8 hbonds, Rg   4.8 A, potential    -2.61
 484 / 1000 elapsed  0 system 0.80 temp   5.3 hbonds, Rg   5.0 A, potential     2.27
 485 / 1000 elapsed  0 system 0.80 temp   4.4 hbonds, Rg   4.9 A, potential     2.57
 486 / 1000 elapsed  0 system 0.80 temp   5.5 hbonds, Rg   4.8 A, potential     0.13
 487 / 1000 elapsed  0 system 0.80 temp   5.5 hbonds, Rg   4.7 A, potential    10.70
 488 / 1000 elapsed  0 system 0.80 temp   5.1 hbonds, Rg   4.4 A, potential    -6.03
 489 / 1000 elapsed  0 system 0.80 temp   5.7 hbonds, Rg   4.5 A, potential    -2.07
 490 / 1000 elapsed  0 system 0.80 temp   5.7 hbonds, Rg   4.4 A, potential   -11.84
 491 / 1000 elapsed  0 system 0.80 temp   4.4 hbonds, Rg   4.4 A, potential    -8.68
 492 / 1000 elapsed  0 system 0.80 temp   5.5 hbonds, Rg   4.6 A, potential    -0.02
 493 / 1000 elapsed  0 system 0.80 temp   5.2 hbonds, Rg   4.6 A, potential    -3.57
 494 / 1000 elapsed  0 system 0.80 temp   5.7 hbonds, Rg   4.5 A, potential    -1.25
 495 / 1000 elapsed  0 system 0.80 temp   5.0 hbonds, Rg   4.5 A, potential    -5.09
 496 / 1000 elapsed  0 system 0.80 temp   6.0 hbonds, Rg   4.6 A, potential    -0.50
 497 / 1000 elapsed  0 system 0.80 temp   5.0 hbonds, Rg   4.5 A, potential     0.42
 498 / 1000 elapsed  0 system 0.80 temp   4.6 hbonds, Rg   4.5 A, potential    -2.49
 499 / 1000 elapsed  0 system 0.80 temp   5.4 hbonds, Rg   4.6 A, potential     0.36
 499 / 1000 elapsed  0 system 0.80 temp   6.0 hbonds, Rg   4.5 A, potential     4.58
 500 / 1000 elapsed  0 system 0.80 temp   5.3 hbonds, Rg   4.8 A, potential    -0.03
 501 / 1000 elapsed  0 system 0.80 temp   4.4 hbonds, Rg   4.8 A, potential     8.29
 502 / 1000 elapsed  0 system 0.80 temp   5.6 hbonds, Rg   4.7 A, potential    -6.61
 503 / 1000 elapsed  0 system 0.80 temp   5.3 hbonds, Rg   4.6 A, potential     5.31
 504 / 1000 elapsed  0 system 0.80 temp   6.0 hbonds, Rg   4.4 A, potential     5.73
 505 / 1000 elapsed  0 system 0.80 temp   4.8 hbonds, Rg   4.6 A, potential     3.19
 506 / 1000 elapsed  0 system 0.80 temp   5.7 hbonds, Rg   4.7 A, potential     3.65
 507 / 1000 elapsed  0 system 0.80 temp   3.9 hbonds, Rg   4.6 A, potential     6.40
 508 / 1000 elapsed  0 system 0.80 temp   5.2 hbonds, Rg   4.6 A, potential     5.73
 509 / 1000 elapsed  0 system 0.80 temp   3.4 hbonds, Rg   4.6 A, potential     4.71
 510 / 1000 elapsed  0 system 0.80 temp   5.5 hbonds, Rg   4.6 A, potential     1.48
 511 / 1000 elapsed  0 system 0.80 temp   5.5 hbonds, Rg   4.6 A, potential    15.67
 512 / 1000 elapsed  0 system 0.80 temp   3.9 hbonds, Rg   4.4 A, potential     4.84
 513 / 1000 elapsed  0 system 0.80 temp   5.2 hbonds, Rg   4.4 A, potential     4.65
 514 / 1000 elapsed  0 system 0.80 temp   5.1 hbonds, Rg   4.5 A, potential    12.32
 515 / 1000 elapsed  0 system 0.80 temp   4.5 hbonds, Rg   4.6 A, potential     5.63
 516 / 1000 elapsed  0 system 0.80 temp   4.8 hbonds, Rg   4.5 A, potential     7.96
 517 / 1000 elapsed  0 system 0.80 temp   5.2 hbonds, Rg   4.5 A, potential     7.51
 518 / 1000 elapsed  0 system 0.80 temp   5.0 hbonds, Rg   4.5 A, potential    -1.53
 519 / 1000 elapsed  0 system 0.80 temp   5.5 hbonds, Rg   4.6 A, potential     2.12
 520 / 1000 elapsed  0 system 0.80 temp   4.1 hbonds, Rg   4.7 A, potential     9.96
 521 / 1000 elapsed  0 system 0.80 temp   4.7 hbonds, Rg   4.6 A, potential    11.16
 522 / 1000 elapsed  0 system 0.80 temp   4.4 hbonds, Rg   4.7 A, potential     0.19
 523 / 1000 elapsed  0 system 0.80 temp   4.8 hbonds, Rg   4.5 A, potential     7.51
 524 / 1000 elapsed  0 system 0.80 temp   5.8 hbonds, Rg   4.5 A, potential     7.68
 525 / 1000 elapsed  0 system 0.80 temp   4.9 hbonds, Rg   4.6 A, potential    -2.52
 526 / 1000 elapsed  0 system 0.80 temp   6.1 hbonds, Rg   4.6 A, potential    -3.44
 527 / 1000 elapsed  0 system 0.80 temp   4.5 hbonds, Rg   4.6 A, potential    -1.79
 528 / 1000 elapsed  0 system 0.80 temp   4.4 hbonds, Rg   4.6 A, potential    -8.98
 529 / 1000 elapsed  0 system 0.80 temp   3.9 hbonds, Rg   4.7 A, potential    -6.61
 530 / 1000 elapsed  0 system 0.80 temp   4.9 hbonds, Rg   4.5 A, potential   -10.36
 531 / 1000 elapsed  0 system 0.80 temp   4.5 hbonds, Rg   4.5 A, potential    -6.80
 532 / 1000 elapsed  0 system 0.80 temp   5.5 hbonds, Rg   4.5 A, potential    -7.72
 533 / 1000 elapsed  0 system 0.80 temp   5.1 hbonds, Rg   4.5 A, potential    -7.38
 534 / 1000 elapsed  0 system 0.80 temp   5.1 hbonds, Rg   4.6 A, potential    -6.53
 535 / 1000 elapsed  0 system 0.80 temp   5.3 hbonds, Rg   4.5 A, potential    -3.49
 536 / 1000 elapsed  0 system 0.80 temp   4.8 hbonds, Rg   4.6 A, potential   -10.73
 537 / 1000 elapsed  0 system 0.80 temp   4.5 hbonds, Rg   4.6 A, potential   -11.21
 538 / 1000 elapsed  0 system 0.80 temp   4.1 hbonds, Rg   4.4 A, potential    -0.93
 539 / 1000 elapsed  0 system 0.80 temp   5.2 hbonds, Rg   4.5 A, potential     0.84
 540 / 1000 elapsed  0 system 0.80 temp   4.6 hbonds, Rg   4.6 A, potential     1.01
 541 / 1000 elapsed  0 system 0.80 temp   3.1 hbonds, Rg   4.6 A, potential    -1.46
 542 / 1000 elapsed  0 system 0.80 temp   6.1 hbonds, Rg   4.5 A, potential     0.67
 543 / 1000 elapsed  0 system 0.80 temp   5.0 hbonds, Rg   4.7 A, potential     1.64
 544 / 1000 elapsed  0 system 0.80 temp   4.0 hbonds, Rg   4.4 A, potential     0.20
 545 / 1000 elapsed  0 system 0.80 temp   4.0 hbonds, Rg   4.6 A, potential     3.68
 546 / 1000 elapsed  0 system 0.80 temp   5.5 hbonds, Rg   4.6 A, potential    -1.34
 547 / 1000 elapsed  0 system 0.80 temp   4.5 hbonds, Rg   4.5 A, potential    -0.70
 548 / 1000 elapsed  0 system 0.80 temp   5.3 hbonds, Rg   4.5 A, potential    -1.16
 549 / 1000 elapsed  0 system 0.80 temp   4.5 hbonds, Rg   4.4 A, potential     0.64
 550 / 1000 elapsed  0 system 0.80 temp   4.8 hbonds, Rg   4.6 A, potential    -8.92
 551 / 1000 elapsed  0 system 0.80 temp   2.7 hbonds, Rg   4.8 A, potential     3.85
 552 / 1000 elapsed  0 system 0.80 temp   4.6 hbonds, Rg   4.5 A, potential    -2.00
 553 / 1000 elapsed  0 system 0.80 temp   4.0 hbonds, Rg   4.4 A, potential     0.01
 554 / 1000 elapsed  0 system 0.80 temp   3.6 hbonds, Rg   4.5 A, potential    -1.32
 555 / 1000 elapsed  0 system 0.80 temp   2.7 hbonds, Rg   4.7 A, potential    -2.61
 556 / 1000 elapsed  0 system 0.80 temp   4.8 hbonds, Rg   4.5 A, potential    -0.32
 557 / 1000 elapsed  0 system 0.80 temp   4.0 hbonds, Rg   4.4 A, potential    -2.01
 558 / 1000 elapsed  0 system 0.80 temp   5.0 hbonds, Rg   4.5 A, potential    -4.60
 559 / 1000 elapsed  0 system 0.80 temp   2.9 hbonds, Rg   4.5 A, potential     1.12
 560 / 1000 elapsed  0 system 0.80 temp   3.0 hbonds, Rg   4.5 A, potential    -1.15
 561 / 1000 elapsed  0 system 0.80 temp   5.5 hbonds, Rg   4.5 A, potential     0.67
 562 / 1000 elapsed  0 system 0.80 temp   4.7 hbonds, Rg   4.6 A, potential    -0.93
 563 / 1000 elapsed  0 system 0.80 temp   4.0 hbonds, Rg   4.5 A, potential    -8.13
 564 / 1000 elapsed  0 system 0.80 temp   4.0 hbonds, Rg   4.7 A, potential   -10.63
 565 / 1000 elapsed  0 system 0.80 temp   5.4 hbonds, Rg   4.7 A, potential   -12.80
 566 / 1000 elapsed  0 system 0.80 temp   3.4 hbonds, Rg   4.5 A, potential    -6.93
 567 / 1000 elapsed  0 system 0.80 temp   3.2 hbonds, Rg   4.5 A, potential    -5.24
 568 / 1000 elapsed  0 system 0.80 temp   4.6 hbonds, Rg   4.5 A, potential    -5.46
 569 / 1000 elapsed  0 system 0.80 temp   3.7 hbonds, Rg   4.6 A, potential    -8.35
 570 / 1000 elapsed  0 system 0.80 temp   3.7 hbonds, Rg   4.6 A, potential    -5.54
 571 / 1000 elapsed  0 system 0.80 temp   3.8 hbonds, Rg   4.5 A, potential    -4.26
 572 / 1000 elapsed  0 system 0.80 temp   4.5 hbonds, Rg   4.6 A, potential     0.70
 573 / 1000 elapsed  0 system 0.80 temp   3.4 hbonds, Rg   4.7 A, potential     7.09
 574 / 1000 elapsed  0 system 0.80 temp   4.2 hbonds, Rg   4.6 A, potential     0.35
 575 / 1000 elapsed  0 system 0.80 temp   4.6 hbonds, Rg   4.5 A, potential     6.20
 576 / 1000 elapsed  0 system 0.80 temp   5.4 hbonds, Rg   4.6 A, potential    -4.38
 577 / 1000 elapsed  0 system 0.80 temp   4.8 hbonds, Rg   4.6 A, potential    -3.11
 578 / 1000 elapsed  0 system 0.80 temp   5.9 hbonds, Rg   4.5 A, potential    -3.82
 579 / 1000 elapsed  0 system 0.80 temp   5.5 hbonds, Rg   4.5 A, potential     2.53
 580 / 1000 elapsed  0 system 0.80 temp   5.4 hbonds, Rg   4.5 A, potential    -4.38
 581 / 1000 elapsed  0 system 0.80 temp   4.3 hbonds, Rg   4.6 A, potential     0.05
 582 / 1000 elapsed  0 system 0.80 temp   4.6 hbonds, Rg   4.5 A, potential     5.99
 583 / 1000 elapsed  0 system 0.80 temp   3.6 hbonds, Rg   4.5 A, potential     3.18
 584 / 1000 elapsed  0 system 0.80 temp   4.1 hbonds, Rg   4.6 A, potential     3.95
 585 / 1000 elapsed  0 system 0.80 temp   5.0 hbonds, Rg   4.7 A, potential     5.78
 586 / 1000 elapsed  0 system 0.80 temp   5.1 hbonds, Rg   4.5 A, potential     1.78
 587 / 1000 elapsed  0 system 0.80 temp   5.2 hbonds, Rg   4.4 A, potential    11.64
 588 / 1000 elapsed  0 system 0.80 temp   5.5 hbonds, Rg   4.6 A, potential     7.62
 589 / 1000 elapsed  0 system 0.80 temp   4.0 hbonds, Rg   4.6 A, potential     3.16
 590 / 1000 elapsed  0 system 0.80 temp   4.7 hbonds, Rg   4.5 A, potential     4.94
 591 / 1000 elapsed  0 system 0.80 temp   4.8 hbonds, Rg   4.6 A, potential     6.11
 592 / 1000 elapsed  0 system 0.80 temp   2.8 hbonds, Rg   4.6 A, potential     4.93
 593 / 1000 elapsed  0 system 0.80 temp   4.4 hbonds, Rg   4.5 A, potential   -12.17
 594 / 1000 elapsed  0 system 0.80 temp   4.2 hbonds, Rg   4.5 A, potential    -7.92
 595 / 1000 elapsed  0 system 0.80 temp   5.4 hbonds, Rg   4.7 A, potential    -4.96
 596 / 1000 elapsed  0 system 0.80 temp   3.3 hbonds, Rg   4.6 A, potential     0.34
 597 / 1000 elapsed  0 system 0.80 temp   4.5 hbonds, Rg   4.5 A, potential    -4.26
 598 / 1000 elapsed  0 system 0.80 temp   5.1 hbonds, Rg   4.6 A, potential     1.04
 599 / 1000 elapsed  0 system 0.80 temp   5.1 hbonds, Rg   4.5 A, potential    -6.54
 600 / 1000 elapsed  0 system 0.80 temp   5.1 hbonds, Rg   4.7 A, potential    15.93
 601 / 1000 elapsed  0 system 0.80 temp   5.1 hbonds, Rg   4.6 A, potential    -3.31
 602 / 1000 elapsed  0 system 0.80 temp   4.7 hbonds, Rg   4.5 A, potential    -2.05
 603 / 1000 elapsed  0 system 0.80 temp   3.9 hbonds, Rg   4.7 A, potential     7.66
 604 / 1000 elapsed  0 system 0.80 temp   3.1 hbonds, Rg   4.6 A, potential     9.91
 605 / 1000 elapsed  0 system 0.80 temp   4.3 hbonds, Rg   4.5 A, potential     8.73
 606 / 1000 elapsed  0 system 0.80 temp   4.9 hbonds, Rg   4.5 A, potential     6.88
 607 / 1000 elapsed  0 system 0.80 temp   5.1 hbonds, Rg   4.6 A, potential     3.29
 608 / 1000 elapsed  0 system 0.80 temp   3.8 hbonds, Rg   4.7 A, potential     5.20
 609 / 1000 elapsed  0 system 0.80 temp   5.3 hbonds, Rg   4.6 A, potential     1.38
 610 / 1000 elapsed  0 system 0.80 temp   3.2 hbonds, Rg   4.5 A, potential     6.45
 611 / 1000 elapsed  0 system 0.80 temp   2.9 hbonds, Rg   4.5 A, potential     7.36
 612 / 1000 elapsed  0 system 0.80 temp   3.3 hbonds, Rg   4.6 A, potential     9.25
 613 / 1000 elapsed  0 system 0.80 temp   3.0 hbonds, Rg   4.7 A, potential     0.96
 614 / 1000 elapsed  0 system 0.80 temp   3.5 hbonds, Rg   4.6 A, potential    -1.76
 615 / 1000 elapsed  0 system 0.80 temp   3.3 hbonds, Rg   4.6 A, potential     4.72
 616 / 1000 elapsed  0 system 0.80 temp   3.8 hbonds, Rg   4.8 A, potential    -0.10
 617 / 1000 elapsed  0 system 0.80 temp   1.9 hbonds, Rg   4.7 A, potential     6.03
 618 / 1000 elapsed  0 system 0.80 temp   3.3 hbonds, Rg   4.5 A, potential     1.04
 619 / 1000 elapsed  0 system 0.80 temp   2.9 hbonds, Rg   4.7 A, potential    -2.71
 620 / 1000 elapsed  0 system 0.80 temp   3.0 hbonds, Rg   4.6 A, potential    -4.24
 621 / 1000 elapsed  0 system 0.80 temp   3.2 hbonds, Rg   4.7 A, potential     2.77
 622 / 1000 elapsed  0 system 0.80 temp   3.6 hbonds, Rg   4.6 A, potential     5.50
 623 / 1000 elapsed  0 system 0.80 temp   3.6 hbonds, Rg   4.7 A, potential     6.46
 624 / 1000 elapsed  0 system 0.80 temp   3.6 hbonds, Rg   4.6 A, potential     2.51
 625 / 1000 elapsed  0 system 0.80 temp   4.7 hbonds, Rg   4.6 A, potential    -3.94
 626 / 1000 elapsed  0 system 0.80 temp   5.2 hbonds, Rg   4.6 A, potential     3.61
 627 / 1000 elapsed  0 system 0.80 temp   4.1 hbonds, Rg   4.5 A, potential    12.21
 628 / 1000 elapsed  0 system 0.80 temp   3.4 hbonds, Rg   4.6 A, potential    12.71
 629 / 1000 elapsed  0 system 0.80 temp   4.3 hbonds, Rg   4.7 A, potential     5.30
 630 / 1000 elapsed  0 system 0.80 temp   3.2 hbonds, Rg   4.6 A, potential     3.10
 631 / 1000 elapsed  0 system 0.80 temp   5.2 hbonds, Rg   4.5 A, potential     1.23
 632 / 1000 elapsed  0 system 0.80 temp   5.0 hbonds, Rg   4.6 A, potential    -4.62
 633 / 1000 elapsed  0 system 0.80 temp   3.9 hbonds, Rg   4.5 A, potential    -0.03
 634 / 1000 elapsed  0 system 0.80 temp   4.6 hbonds, Rg   4.6 A, potential    -2.92
 635 / 1000 elapsed  0 system 0.80 temp   5.1 hbonds, Rg   4.6 A, potential    -0.22
 636 / 1000 elapsed  0 system 0.80 temp   3.3 hbonds, Rg   4.6 A, potential    -1.38
 637 / 1000 elapsed  0 system 0.80 temp   3.1 hbonds, Rg   4.6 A, potential     7.83
 638 / 1000 elapsed  0 system 0.80 temp   4.5 hbonds, Rg   4.5 A, potential     3.45
 639 / 1000 elapsed  0 system 0.80 temp   5.6 hbonds, Rg   4.5 A, potential    11.49
 640 / 1000 elapsed  0 system 0.80 temp   4.1 hbonds, Rg   4.7 A, potential    -0.02
 641 / 1000 elapsed  0 system 0.80 temp   4.8 hbonds, Rg   4.5 A, potential     7.84
 642 / 1000 elapsed  0 system 0.80 temp   4.9 hbonds, Rg   4.6 A, potential    10.48
 643 / 1000 elapsed  0 system 0.80 temp   4.1 hbonds, Rg   4.6 A, potential     8.67
 644 / 1000 elapsed  0 system 0.80 temp   1.9 hbonds, Rg   4.6 A, potential     0.87
 645 / 1000 elapsed  0 system 0.80 temp   4.8 hbonds, Rg   4.7 A, potential     2.02
 646 / 1000 elapsed  0 system 0.80 temp   5.4 hbonds, Rg   4.4 A, potential    -4.01
 647 / 1000 elapsed  0 system 0.80 temp   5.3 hbonds, Rg   4.5 A, potential    -0.95
 648 / 1000 elapsed  0 system 0.80 temp   4.1 hbonds, Rg   4.7 A, potential     2.99
 649 / 1000 elapsed  0 system 0.80 temp   5.1 hbonds, Rg   4.6 A, potential    -6.13
 650 / 1000 elapsed  0 system 0.80 temp   5.5 hbonds, Rg   4.5 A, potential     1.62
 651 / 1000 elapsed  0 system 0.80 temp   5.2 hbonds, Rg   4.5 A, potential    -7.26
 652 / 1000 elapsed  0 system 0.80 temp   5.5 hbonds, Rg   4.5 A, potential    -4.73
 653 / 1000 elapsed  0 system 0.80 temp   4.0 hbonds, Rg   4.7 A, potential    -2.32
 654 / 1000 elapsed  0 system 0.80 temp   3.4 hbonds, Rg   4.5 A, potential     0.67
 655 / 1000 elapsed  0 system 0.80 temp   4.9 hbonds, Rg   4.5 A, potential    -1.96
 656 / 1000 elapsed  0 system 0.80 temp   3.7 hbonds, Rg   4.5 A, potential    -3.03
 657 / 1000 elapsed  0 system 0.80 temp   4.5 hbonds, Rg   4.6 A, potential    -9.78
 658 / 1000 elapsed  0 system 0.80 temp   4.3 hbonds, Rg   4.6 A, potential    -5.06
 659 / 1000 elapsed  0 system 0.80 temp   5.2 hbonds, Rg   4.6 A, potential    -4.07
 660 / 1000 elapsed  0 system 0.80 temp   3.7 hbonds, Rg   4.5 A, potential    -3.30
 661 / 1000 elapsed  0 system 0.80 temp   5.2 hbonds, Rg   4.6 A, potential     0.11
 662 / 1000 elapsed  0 system 0.80 temp   5.0 hbonds, Rg   4.6 A, potential    -3.35
 663 / 1000 elapsed  0 system 0.80 temp   3.4 hbonds, Rg   4.6 A, potential     0.55
 664 / 1000 elapsed  0 system 0.80 temp   4.8 hbonds, Rg   4.6 A, potential   -10.95
 665 / 1000 elapsed  0 system 0.80 temp   5.1 hbonds, Rg   4.4 A, potential    -8.78
 666 / 1000 elapsed  0 system 0.80 temp   5.8 hbonds, Rg   4.5 A, potential     3.14
 667 / 1000 elapsed  0 system 0.80 temp   5.3 hbonds, Rg   4.5 A, potential     3.53
 668 / 1000 elapsed  0 system 0.80 temp   5.5 hbonds, Rg   4.5 A, potential     0.35
 669 / 1000 elapsed  0 system 0.80 temp   5.7 hbonds, Rg   4.4 A, potential    -1.05
 670 / 1000 elapsed  0 system 0.80 temp   4.7 hbonds, Rg   4.4 A, potential     5.21
 671 / 1000 elapsed  0 system 0.80 temp   5.1 hbonds, Rg   4.6 A, potential    -2.34
 672 / 1000 elapsed  0 system 0.80 temp   5.0 hbonds, Rg   4.4 A, potential     0.17
 673 / 1000 elapsed  0 system 0.80 temp   3.6 hbonds, Rg   4.6 A, potential     6.84
 674 / 1000 elapsed  0 system 0.80 temp   4.5 hbonds, Rg   4.5 A, potential    -5.67
 675 / 1000 elapsed  0 system 0.80 temp   4.7 hbonds, Rg   4.6 A, potential     0.35
 676 / 1000 elapsed  0 system 0.80 temp   3.3 hbonds, Rg   4.5 A, potential     7.00
 677 / 1000 elapsed  0 system 0.80 temp   3.2 hbonds, Rg   4.4 A, potential    -3.47
 678 / 1000 elapsed  0 system 0.80 temp   4.8 hbonds, Rg   4.4 A, potential     4.39
 679 / 1000 elapsed  0 system 0.80 temp   4.6 hbonds, Rg   4.4 A, potential     5.78
 680 / 1000 elapsed  0 system 0.80 temp   5.7 hbonds, Rg   4.5 A, potential     7.02
 681 / 1000 elapsed  0 system 0.80 temp   3.7 hbonds, Rg   4.4 A, potential     6.03
 682 / 1000 elapsed  0 system 0.80 temp   3.5 hbonds, Rg   4.5 A, potential     4.02
 683 / 1000 elapsed  0 system 0.80 temp   5.5 hbonds, Rg   4.5 A, potential     3.62
 684 / 1000 elapsed  0 system 0.80 temp   3.8 hbonds, Rg   4.5 A, potential    -2.40
 685 / 1000 elapsed  0 system 0.80 temp   6.1 hbonds, Rg   4.6 A, potential     6.49
 686 / 1000 elapsed  0 system 0.80 temp   5.5 hbonds, Rg   4.5 A, potential    -1.09
 687 / 1000 elapsed  0 system 0.80 temp   5.4 hbonds, Rg   4.5 A, potential    -0.90
 688 / 1000 elapsed  0 system 0.80 temp   5.3 hbonds, Rg   4.5 A, potential    -8.51
 689 / 1000 elapsed  0 system 0.80 temp   4.7 hbonds, Rg   4.5 A, potential    -4.29
 690 / 1000 elapsed  0 system 0.80 temp   5.0 hbonds, Rg   4.5 A, potential    -5.59
 691 / 1000 elapsed  0 system 0.80 temp   5.3 hbonds, Rg   4.5 A, potential    -9.02
 692 / 1000 elapsed  0 system 0.80 temp   5.8 hbonds, Rg   4.6 A, potential    -6.04
 693 / 1000 elapsed  0 system 0.80 temp   5.5 hbonds, Rg   4.6 A, potential   -11.11
 694 / 1000 elapsed  0 system 0.80 temp   4.4 hbonds, Rg   4.5 A, potential    -6.73
 695 / 1000 elapsed  0 system 0.80 temp   5.6 hbonds, Rg   4.4 A, potential    -5.97
 696 / 1000 elapsed  0 system 0.80 temp   5.3 hbonds, Rg   4.5 A, potential    -1.86
 697 / 1000 elapsed  0 system 0.80 temp   5.1 hbonds, Rg   4.7 A, potential    -0.87
 698 / 1000 elapsed  0 system 0.80 temp   4.9 hbonds, Rg   4.3 A, potential    -8.72
 699 / 1000 elapsed  0 system 0.80 temp   5.4 hbonds, Rg   4.4 A, potential     2.44
 700 / 1000 elapsed  0 system 0.80 temp   5.4 hbonds, Rg   4.4 A, potential    -4.85
 701 / 1000 elapsed  0 system 0.80 temp   4.7 hbonds, Rg   4.6 A, potential     0.72
 702 / 1000 elapsed  0 system 0.80 temp   5.3 hbonds, Rg   4.7 A, potential    -2.36
 703 / 1000 elapsed  0 system 0.80 temp   5.6 hbonds, Rg   4.6 A, potential     1.95
 704 / 1000 elapsed  0 system 0.80 temp   3.8 hbonds, Rg   4.7 A, potential     3.18
 705 / 1000 elapsed  0 system 0.80 temp   4.7 hbonds, Rg   4.7 A, potential     3.28
 706 / 1000 elapsed  0 system 0.80 temp   4.6 hbonds, Rg   4.7 A, potential     1.97
 707 / 1000 elapsed  0 system 0.80 temp   4.2 hbonds, Rg   4.3 A, potential     2.75
 708 / 1000 elapsed  0 system 0.80 temp   3.4 hbonds, Rg   4.6 A, potential    18.68
 709 / 1000 elapsed  0 system 0.80 temp   3.9 hbonds, Rg   4.5 A, potential     7.19
 710 / 1000 elapsed  0 system 0.80 temp   3.7 hbonds, Rg   4.6 A, potential     2.99
 711 / 1000 elapsed  0 system 0.80 temp   4.6 hbonds, Rg   4.7 A, potential     5.51
 712 / 1000 elapsed  0 system 0.80 temp   4.0 hbonds, Rg   4.6 A, potential     4.64
 713 / 1000 elapsed  0 system 0.80 temp   4.5 hbonds, Rg   4.7 A, potential     2.50
 714 / 1000 elapsed  0 system 0.80 temp   4.7 hbonds, Rg   4.7 A, potential     4.31
 715 / 1000 elapsed  0 system 0.80 temp   5.5 hbonds, Rg   4.7 A, potential     5.72
 716 / 1000 elapsed  0 system 0.80 temp   5.2 hbonds, Rg   4.8 A, potential     0.43
 717 / 1000 elapsed  0 system 0.80 temp   5.0 hbonds, Rg   4.7 A, potential    12.97
 718 / 1000 elapsed  0 system 0.80 temp   5.1 hbonds, Rg   4.8 A, potential    11.09
 719 / 1000 elapsed  0 system 0.80 temp   4.9 hbonds, Rg   4.7 A, potential     9.95
 720 / 1000 elapsed  0 system 0.80 temp   4.6 hbonds, Rg   4.7 A, potential    12.39
 721 / 1000 elapsed  0 system 0.80 temp   2.7 hbonds, Rg   4.7 A, potential    14.53
 722 / 1000 elapsed  0 system 0.80 temp   3.7 hbonds, Rg   4.5 A, potential     5.40
 723 / 1000 elapsed  0 system 0.80 temp   4.6 hbonds, Rg   4.6 A, potential     7.26
 724 / 1000 elapsed  0 system 0.80 temp   5.5 hbonds, Rg   4.7 A, potential     4.88
 725 / 1000 elapsed  0 system 0.80 temp   5.2 hbonds, Rg   4.6 A, potential    10.92
 726 / 1000 elapsed  0 system 0.80 temp   5.6 hbonds, Rg   4.7 A, potential     5.11
 727 / 1000 elapsed  0 system 0.80 temp   5.8 hbonds, Rg   4.6 A, potential     6.17
 728 / 1000 elapsed  0 system 0.80 temp   4.3 hbonds, Rg   4.5 A, potential    13.83
 729 / 1000 elapsed  0 system 0.80 temp   4.0 hbonds, Rg   4.7 A, potential     7.00
 730 / 1000 elapsed  0 system 0.80 temp   4.6 hbonds, Rg   4.9 A, potential     9.71
 731 / 1000 elapsed  0 system 0.80 temp   4.3 hbonds, Rg   4.7 A, potential     2.30
 732 / 1000 elapsed  0 system 0.80 temp   5.9 hbonds, Rg   4.6 A, potential     3.38
 733 / 1000 elapsed  0 system 0.80 temp   5.3 hbonds, Rg   4.4 A, potential    -2.67
 734 / 1000 elapsed  0 system 0.80 temp   4.7 hbonds, Rg   4.7 A, potential    12.49
 735 / 1000 elapsed  0 system 0.80 temp   5.5 hbonds, Rg   4.6 A, potential     5.06
 736 / 1000 elapsed  0 system 0.80 temp   4.8 hbonds, Rg   4.5 A, potential    -0.65
 737 / 1000 elapsed  0 system 0.80 temp   3.7 hbonds, Rg   4.6 A, potential     1.54
 738 / 1000 elapsed  0 system 0.80 temp   5.4 hbonds, Rg   4.4 A, potential    -1.46
 739 / 1000 elapsed  0 system 0.80 temp   5.1 hbonds, Rg   4.6 A, potential     0.97
 740 / 1000 elapsed  0 system 0.80 temp   5.3 hbonds, Rg   4.5 A, potential    -5.04
 741 / 1000 elapsed  0 system 0.80 temp   4.6 hbonds, Rg   4.6 A, potential   -12.96
 742 / 1000 elapsed  0 system 0.80 temp   6.1 hbonds, Rg   4.5 A, potential    -1.85
 743 / 1000 elapsed  0 system 0.80 temp   5.2 hbonds, Rg   4.3 A, potential    -6.01
 744 / 1000 elapsed  0 system 0.80 temp   3.8 hbonds, Rg   4.6 A, potential    -3.58
 745 / 1000 elapsed  0 system 0.80 temp   4.9 hbonds, Rg   4.5 A, potential    -3.30
 746 / 1000 elapsed  0 system 0.80 temp   5.2 hbonds, Rg   4.5 A, potential     0.60
 747 / 1000 elapsed  0 system 0.80 temp   5.8 hbonds, Rg   4.7 A, potential     5.21
 748 / 1000 elapsed  0 system 0.80 temp   4.6 hbonds, Rg   4.9 A, potential     8.77
 749 / 1000 elapsed  0 system 0.80 temp   5.6 hbonds, Rg   4.8 A, potential     7.57
 750 / 1000 elapsed  0 system 0.80 temp   4.5 hbonds, Rg   4.9 A, potential     4.91
 751 / 1000 elapsed  0 system 0.80 temp   5.4 hbonds, Rg   4.6 A, potential     3.29
 752 / 1000 elapsed  0 system 0.80 temp   5.4 hbonds, Rg   4.6 A, potential     5.95
 753 / 1000 elapsed  0 system 0.80 temp   5.1 hbonds, Rg   4.5 A, potential     0.06
 754 / 1000 elapsed  0 system 0.80 temp   5.1 hbonds, Rg   4.7 A, potential     3.47
 755 / 1000 elapsed  0 system 0.80 temp   5.9 hbonds, Rg   4.6 A, potential    -7.43
 756 / 1000 elapsed  0 system 0.80 temp   4.9 hbonds, Rg   4.4 A, potential     1.31
 757 / 1000 elapsed  0 system 0.80 temp   5.4 hbonds, Rg   4.4 A, potential     2.81
 758 / 1000 elapsed  0 system 0.80 temp   5.6 hbonds, Rg   4.6 A, potential    -0.89
 759 / 1000 elapsed  0 system 0.80 temp   5.5 hbonds, Rg   4.7 A, potential     4.06
 760 / 1000 elapsed  0 system 0.80 temp   5.6 hbonds, Rg   4.5 A, potential     3.83
 761 / 1000 elapsed  0 system 0.80 temp   5.2 hbonds, Rg   4.5 A, potential     4.21
 762 / 1000 elapsed  0 system 0.80 temp   5.4 hbonds, Rg   4.4 A, potential     4.07
 763 / 1000 elapsed  0 system 0.80 temp   5.6 hbonds, Rg   4.5 A, potential     0.96
 764 / 1000 elapsed  0 system 0.80 temp   4.6 hbonds, Rg   4.6 A, potential     8.46
 765 / 1000 elapsed  0 system 0.80 temp   5.2 hbonds, Rg   4.4 A, potential     1.49
 766 / 1000 elapsed  0 system 0.80 temp   4.8 hbonds, Rg   4.6 A, potential     5.38
 767 / 1000 elapsed  0 system 0.80 temp   4.6 hbonds, Rg   4.6 A, potential     2.21
 768 / 1000 elapsed  0 system 0.80 temp   5.7 hbonds, Rg   4.5 A, potential     1.77
 769 / 1000 elapsed  0 system 0.80 temp   3.8 hbonds, Rg   4.5 A, potential    -1.18
 770 / 1000 elapsed  0 system 0.80 temp   3.7 hbonds, Rg   4.5 A, potential     4.18
 771 / 1000 elapsed  0 system 0.80 temp   3.9 hbonds, Rg   4.5 A, potential    -3.74
 772 / 1000 elapsed  0 system 0.80 temp   3.8 hbonds, Rg   4.4 A, potential     3.30
 773 / 1000 elapsed  0 system 0.80 temp   2.4 hbonds, Rg   4.6 A, potential     5.14
 774 / 1000 elapsed  0 system 0.80 temp   3.7 hbonds, Rg   4.5 A, potential    -0.07
 775 / 1000 elapsed  0 system 0.80 temp   3.6 hbonds, Rg   4.3 A, potential     4.46
 776 / 1000 elapsed  0 system 0.80 temp   3.6 hbonds, Rg   4.6 A, potential     8.94
 777 / 1000 elapsed  0 system 0.80 temp   3.7 hbonds, Rg   4.6 A, potential     4.34
 778 / 1000 elapsed  0 system 0.80 temp   2.3 hbonds, Rg   4.5 A, potential     6.40
 779 / 1000 elapsed  0 system 0.80 temp   3.6 hbonds, Rg   4.6 A, potential     9.96
 780 / 1000 elapsed  0 system 0.80 temp   4.5 hbonds, Rg   4.5 A, potential    11.52
 781 / 1000 elapsed  0 system 0.80 temp   2.0 hbonds, Rg   4.6 A, potential    -0.30
 782 / 1000 elapsed  0 system 0.80 temp   3.5 hbonds, Rg   4.5 A, potential     8.07
 783 / 1000 elapsed  0 system 0.80 temp   3.7 hbonds, Rg   4.6 A, potential     1.55
 784 / 1000 elapsed  0 system 0.80 temp   3.2 hbonds, Rg   4.6 A, potential     1.38
 785 / 1000 elapsed  0 system 0.80 temp   3.2 hbonds, Rg   4.6 A, potential     0.40
 786 / 1000 elapsed  0 system 0.80 temp   3.7 hbonds, Rg   4.4 A, potential     0.93
 787 / 1000 elapsed  0 system 0.80 temp   2.5 hbonds, Rg   4.5 A, potential    -2.75
 788 / 1000 elapsed  0 system 0.80 temp   2.9 hbonds, Rg   4.5 A, potential    -1.75
 789 / 1000 elapsed  0 system 0.80 temp   3.3 hbonds, Rg   4.5 A, potential     6.51
 790 / 1000 elapsed  0 system 0.80 temp   3.7 hbonds, Rg   4.6 A, potential     5.20
 791 / 1000 elapsed  0 system 0.80 temp   1.1 hbonds, Rg   4.8 A, potential    17.57
 792 / 1000 elapsed  0 system 0.80 temp   3.6 hbonds, Rg   4.5 A, potential     3.31
 793 / 1000 elapsed  0 system 0.80 temp   3.8 hbonds, Rg   4.5 A, potential     4.26
 794 / 1000 elapsed  0 system 0.80 temp   3.8 hbonds, Rg   4.5 A, potential     3.25
 795 / 1000 elapsed  0 system 0.80 temp   3.8 hbonds, Rg   4.6 A, potential     6.31
 796 / 1000 elapsed  0 system 0.80 temp   3.2 hbonds, Rg   4.7 A, potential    12.69
 797 / 1000 elapsed  0 system 0.80 temp   4.1 hbonds, Rg   4.7 A, potential    -0.26
 798 / 1000 elapsed  0 system 0.80 temp   3.9 hbonds, Rg   4.7 A, potential    -0.51
 799 / 1000 elapsed  0 system 0.80 temp   4.5 hbonds, Rg   4.6 A, potential    -0.06
 800 / 1000 elapsed  0 system 0.80 temp   3.4 hbonds, Rg   4.6 A, potential     3.68
 801 / 1000 elapsed  0 system 0.80 temp   4.3 hbonds, Rg   4.7 A, potential     0.23
 802 / 1000 elapsed  0 system 0.80 temp   3.5 hbonds, Rg   4.6 A, potential     8.74
 803 / 1000 elapsed  0 system 0.80 temp   3.6 hbonds, Rg   4.7 A, potential     8.57
 804 / 1000 elapsed  0 system 0.80 temp   3.5 hbonds, Rg   4.8 A, potential     2.17
 805 / 1000 elapsed  0 system 0.80 temp   3.1 hbonds, Rg   4.7 A, potential     7.23
 806 / 1000 elapsed  0 system 0.80 temp   3.8 hbonds, Rg   4.7 A, potential     0.01
 807 / 1000 elapsed  0 system 0.80 temp   3.7 hbonds, Rg   4.8 A, potential    10.71
 808 / 1000 elapsed  0 system 0.80 temp   1.9 hbonds, Rg   4.6 A, potential    12.87
 809 / 1000 elapsed  0 system 0.80 temp   3.7 hbonds, Rg   4.8 A, potential     9.38
 810 / 1000 elapsed  0 system 0.80 temp   3.8 hbonds, Rg   4.9 A, potential     4.57
 811 / 1000 elapsed  0 system 0.80 temp   3.5 hbonds, Rg   4.7 A, potential     9.16
 812 / 1000 elapsed  0 system 0.80 temp   3.8 hbonds, Rg   4.9 A, potential    13.38
 813 / 1000 elapsed  0 system 0.80 temp   3.6 hbonds, Rg   4.8 A, potential    12.91
 814 / 1000 elapsed  0 system 0.80 temp   3.9 hbonds, Rg   4.8 A, potential    10.75
 815 / 1000 elapsed  0 system 0.80 temp   2.1 hbonds, Rg   4.7 A, potential    11.39
 816 / 1000 elapsed  0 system 0.80 temp   3.5 hbonds, Rg   4.8 A, potential    15.90
 817 / 1000 elapsed  0 system 0.80 temp   3.6 hbonds, Rg   4.8 A, potential     5.60
 818 / 1000 elapsed  0 system 0.80 temp   2.2 hbonds, Rg   4.6 A, potential     2.21
 819 / 1000 elapsed  0 system 0.80 temp   3.8 hbonds, Rg   4.7 A, potential     0.44
 820 / 1000 elapsed  0 system 0.80 temp   4.2 hbonds, Rg   4.7 A, potential     5.80
 821 / 1000 elapsed  0 system 0.80 temp   3.3 hbonds, Rg   4.5 A, potential    -0.82
 822 / 1000 elapsed  0 system 0.80 temp   3.3 hbonds, Rg   4.7 A, potential     4.92
 823 / 1000 elapsed  0 system 0.80 temp   3.6 hbonds, Rg   4.6 A, potential    -0.65
 824 / 1000 elapsed  0 system 0.80 temp   2.9 hbonds, Rg   4.6 A, potential     0.42
 825 / 1000 elapsed  0 system 0.80 temp   3.5 hbonds, Rg   4.6 A, potential     0.86
 826 / 1000 elapsed  0 system 0.80 temp   3.8 hbonds, Rg   4.6 A, potential     9.89
 827 / 1000 elapsed  0 system 0.80 temp   3.4 hbonds, Rg   4.6 A, potential     9.14
 828 / 1000 elapsed  0 system 0.80 temp   3.0 hbonds, Rg   4.6 A, potential     4.03
 829 / 1000 elapsed  0 system 0.80 temp   3.3 hbonds, Rg   4.7 A, potential     9.50
 830 / 1000 elapsed  0 system 0.80 temp   3.5 hbonds, Rg   4.8 A, potential     7.50
 831 / 1000 elapsed  0 system 0.80 temp   3.0 hbonds, Rg   4.7 A, potential     2.24
 832 / 1000 elapsed  0 system 0.80 temp   1.9 hbonds, Rg   4.9 A, potential    11.99
 833 / 1000 elapsed  0 system 0.80 temp   3.3 hbonds, Rg   4.8 A, potential     6.41
 834 / 1000 elapsed  0 system 0.80 temp   3.5 hbonds, Rg   4.6 A, potential     5.02
 835 / 1000 elapsed  0 system 0.80 temp   3.4 hbonds, Rg   4.8 A, potential     9.39
 836 / 1000 elapsed  0 system 0.80 temp   3.8 hbonds, Rg   4.8 A, potential     7.53
 837 / 1000 elapsed  0 system 0.80 temp   3.4 hbonds, Rg   4.5 A, potential     1.96
 838 / 1000 elapsed  0 system 0.80 temp   3.8 hbonds, Rg   4.5 A, potential     6.03
 839 / 1000 elapsed  0 system 0.80 temp   3.9 hbonds, Rg   4.6 A, potential     1.24
 840 / 1000 elapsed  0 system 0.80 temp   3.3 hbonds, Rg   4.7 A, potential    -0.25
 841 / 1000 elapsed  0 system 0.80 temp   3.7 hbonds, Rg   4.7 A, potential     0.41
 842 / 1000 elapsed  0 system 0.80 temp   3.3 hbonds, Rg   4.7 A, potential    23.13
 843 / 1000 elapsed  0 system 0.80 temp   3.5 hbonds, Rg   4.7 A, potential     9.22
 844 / 1000 elapsed  0 system 0.80 temp   3.6 hbonds, Rg   5.0 A, potential    12.44
 845 / 1000 elapsed  0 system 0.80 temp   3.6 hbonds, Rg   4.7 A, potential    10.07
 846 / 1000 elapsed  0 system 0.80 temp   3.4 hbonds, Rg   4.7 A, potential    -0.24
 847 / 1000 elapsed  0 system 0.80 temp   3.9 hbonds, Rg   4.6 A, potential    -3.33
 848 / 1000 elapsed  0 system 0.80 temp   3.3 hbonds, Rg   4.7 A, potential     6.02
 849 / 1000 elapsed  0 system 0.80 temp   2.4 hbonds, Rg   4.8 A, potential    16.33
 850 / 1000 elapsed  0 system 0.80 temp   3.2 hbonds, Rg   4.4 A, potential    11.43
 851 / 1000 elapsed  0 system 0.80 temp   2.9 hbonds, Rg   4.7 A, potential    13.67
 852 / 1000 elapsed  0 system 0.80 temp   3.1 hbonds, Rg   4.8 A, potential     8.80
 853 / 1000 elapsed  0 system 0.80 temp   3.7 hbonds, Rg   4.7 A, potential     9.25
 854 / 1000 elapsed  0 system 0.80 temp   3.6 hbonds, Rg   4.6 A, potential     4.14
 855 / 1000 elapsed  0 system 0.80 temp   4.0 hbonds, Rg   4.7 A, potential    13.94
 856 / 1000 elapsed  0 system 0.80 temp   2.8 hbonds, Rg   4.6 A, potential     9.38
 857 / 1000 elapsed  0 system 0.80 temp   1.8 hbonds, Rg   4.6 A, potential    12.08
 858 / 1000 elapsed  0 system 0.80 temp   2.4 hbonds, Rg   4.5 A, potential     6.20
 859 / 1000 elapsed  0 system 0.80 temp   2.8 hbonds, Rg   4.5 A, potential     5.03
 860 / 1000 elapsed  0 system 0.80 temp   3.0 hbonds, Rg   4.6 A, potential     1.23
 861 / 1000 elapsed  0 system 0.80 temp   1.8 hbonds, Rg   4.7 A, potential     8.93
 862 / 1000 elapsed  0 system 0.80 temp   3.3 hbonds, Rg   4.7 A, potential     5.92
 863 / 1000 elapsed  0 system 0.80 temp   2.5 hbonds, Rg   4.6 A, potential     5.27
 864 / 1000 elapsed  0 system 0.80 temp   3.2 hbonds, Rg   4.4 A, potential     2.97
 865 / 1000 elapsed  0 system 0.80 temp   2.8 hbonds, Rg   4.5 A, potential     1.69
 866 / 1000 elapsed  0 system 0.80 temp   3.1 hbonds, Rg   4.5 A, potential     6.73
 867 / 1000 elapsed  0 system 0.80 temp   3.6 hbonds, Rg   4.4 A, potential     2.30
 868 / 1000 elapsed  0 system 0.80 temp   2.5 hbonds, Rg   4.5 A, potential     8.95
 869 / 1000 elapsed  0 system 0.80 temp   3.1 hbonds, Rg   4.5 A, potential     5.31
 870 / 1000 elapsed  0 system 0.80 temp   4.0 hbonds, Rg   4.6 A, potential     6.26
 871 / 1000 elapsed  0 system 0.80 temp   3.7 hbonds, Rg   4.8 A, potential    12.60
 872 / 1000 elapsed  0 system 0.80 temp   3.6 hbonds, Rg   4.7 A, potential    12.31
 873 / 1000 elapsed  0 system 0.80 temp   3.9 hbonds, Rg   4.7 A, potential     0.78
 874 / 1000 elapsed  0 system 0.80 temp   3.4 hbonds, Rg   4.6 A, potential     6.67
 875 / 1000 elapsed  0 system 0.80 temp   3.2 hbonds, Rg   4.7 A, potential    11.44
 876 / 1000 elapsed  0 system 0.80 temp   3.5 hbonds, Rg   4.6 A, potential     7.80
 877 / 1000 elapsed  0 system 0.80 temp   4.5 hbonds, Rg   4.5 A, potential     9.89
 878 / 1000 elapsed  0 system 0.80 temp   3.9 hbonds, Rg   4.7 A, potential     3.98
 879 / 1000 elapsed  0 system 0.80 temp   3.4 hbonds, Rg   4.6 A, potential     7.57
 880 / 1000 elapsed  0 system 0.80 temp   3.5 hbonds, Rg   4.5 A, potential     1.35
 881 / 1000 elapsed  0 system 0.80 temp   3.4 hbonds, Rg   4.6 A, potential     4.05
 882 / 1000 elapsed  0 system 0.80 temp   3.9 hbonds, Rg   4.5 A, potential     4.19
 883 / 1000 elapsed  0 system 0.80 temp   3.3 hbonds, Rg   4.3 A, potential     1.13
 884 / 1000 elapsed  0 system 0.80 temp   3.5 hbonds, Rg   4.5 A, potential    -1.18
 885 / 1000 elapsed  0 system 0.80 temp   3.1 hbonds, Rg   4.6 A, potential     0.27
 886 / 1000 elapsed  0 system 0.80 temp   2.9 hbonds, Rg   4.6 A, potential     4.97
 887 / 1000 elapsed  0 system 0.80 temp   3.6 hbonds, Rg   4.6 A, potential    -1.32
 888 / 1000 elapsed  0 system 0.80 temp   3.8 hbonds, Rg   4.6 A, potential     7.13
 889 / 1000 elapsed  0 system 0.80 temp   3.6 hbonds, Rg   4.4 A, potential     3.45
 890 / 1000 elapsed  0 system 0.80 temp   3.3 hbonds, Rg   4.5 A, potential    14.53
 891 / 1000 elapsed  0 system 0.80 temp   3.3 hbonds, Rg   4.6 A, potential    15.16
 892 / 1000 elapsed  0 system 0.80 temp   3.2 hbonds, Rg   4.6 A, potential     6.56
 893 / 1000 elapsed  0 system 0.80 temp   1.7 hbonds, Rg   4.6 A, potential    17.42
 894 / 1000 elapsed  0 system 0.80 temp   3.6 hbonds, Rg   4.7 A, potential    13.50
 895 / 1000 elapsed  0 system 0.80 temp   3.7 hbonds, Rg   4.6 A, potential    13.31
 896 / 1000 elapsed  0 system 0.80 temp   2.8 hbonds, Rg   4.6 A, potential     8.99
 897 / 1000 elapsed  0 system 0.80 temp   3.6 hbonds, Rg   4.5 A, potential     7.72
 898 / 1000 elapsed  0 system 0.80 temp   1.8 hbonds, Rg   4.3 A, potential    16.05
 899 / 1000 elapsed  0 system 0.80 temp   3.7 hbonds, Rg   4.6 A, potential     7.47
 900 / 1000 elapsed  0 system 0.80 temp   3.7 hbonds, Rg   4.5 A, potential     8.30
 901 / 1000 elapsed  0 system 0.80 temp   2.1 hbonds, Rg   4.6 A, potential     9.27
 902 / 1000 elapsed  0 system 0.80 temp   4.2 hbonds, Rg   4.7 A, potential     3.95
 903 / 1000 elapsed  0 system 0.80 temp   3.7 hbonds, Rg   4.7 A, potential     1.32
 904 / 1000 elapsed  0 system 0.80 temp   3.5 hbonds, Rg   4.9 A, potential     8.59
 905 / 1000 elapsed  0 system 0.80 temp   3.4 hbonds, Rg   4.8 A, potential     4.80
 906 / 1000 elapsed  0 system 0.80 temp   3.7 hbonds, Rg   4.6 A, potential    11.67
 907 / 1000 elapsed  0 system 0.80 temp   0.8 hbonds, Rg   4.6 A, potential     5.10
 908 / 1000 elapsed  0 system 0.80 temp   2.3 hbonds, Rg   4.5 A, potential    -0.58
 909 / 1000 elapsed  0 system 0.80 temp   3.2 hbonds, Rg   4.6 A, potential     5.89
 910 / 1000 elapsed  0 system 0.80 temp   3.5 hbonds, Rg   4.6 A, potential     3.14
 911 / 1000 elapsed  0 system 0.80 temp   3.1 hbonds, Rg   4.7 A, potential     5.45
 912 / 1000 elapsed  0 system 0.80 temp   3.6 hbonds, Rg   4.5 A, potential     3.42
 913 / 1000 elapsed  0 system 0.80 temp   0.9 hbonds, Rg   4.5 A, potential     0.20
 914 / 1000 elapsed  0 system 0.80 temp   4.1 hbonds, Rg   4.6 A, potential    -7.27
 915 / 1000 elapsed  0 system 0.80 temp   4.7 hbonds, Rg   4.6 A, potential    -6.06
 916 / 1000 elapsed  0 system 0.80 temp   3.5 hbonds, Rg   4.6 A, potential    -5.58
 917 / 1000 elapsed  0 system 0.80 temp   3.8 hbonds, Rg   4.6 A, potential    -4.75
 918 / 1000 elapsed  0 system 0.80 temp   4.3 hbonds, Rg   4.8 A, potential     1.89
 919 / 1000 elapsed  0 system 0.80 temp   3.1 hbonds, Rg   4.6 A, potential    -1.90
 920 / 1000 elapsed  0 system 0.80 temp   3.6 hbonds, Rg   4.6 A, potential    -5.57
 921 / 1000 elapsed  0 system 0.80 temp   3.8 hbonds, Rg   4.7 A, potential     3.18
 922 / 1000 elapsed  0 system 0.80 temp   3.7 hbonds, Rg   4.6 A, potential    -1.97
 923 / 1000 elapsed  0 system 0.80 temp   1.5 hbonds, Rg   4.6 A, potential     7.65
 924 / 1000 elapsed  0 system 0.80 temp   3.7 hbonds, Rg   4.7 A, potential    12.11
 925 / 1000 elapsed  0 system 0.80 temp   2.8 hbonds, Rg   4.7 A, potential     4.43
 926 / 1000 elapsed  0 system 0.80 temp   3.0 hbonds, Rg   4.7 A, potential    19.15
 927 / 1000 elapsed  0 system 0.80 temp   2.8 hbonds, Rg   4.6 A, potential    11.42
 928 / 1000 elapsed  0 system 0.80 temp   4.3 hbonds, Rg   4.7 A, potential     5.32
 929 / 1000 elapsed  0 system 0.80 temp   3.7 hbonds, Rg   4.6 A, potential    13.32
 930 / 1000 elapsed  0 system 0.80 temp   3.7 hbonds, Rg   4.6 A, potential     6.83
 931 / 1000 elapsed  0 system 0.80 temp   3.1 hbonds, Rg   4.9 A, potential     5.09
 932 / 1000 elapsed  0 system 0.80 temp   4.5 hbonds, Rg   4.7 A, potential    10.17
 933 / 1000 elapsed  0 system 0.80 temp   3.5 hbonds, Rg   4.6 A, potential     3.37
 934 / 1000 elapsed  0 system 0.80 temp   3.8 hbonds, Rg   4.6 A, potential     0.96
 935 / 1000 elapsed  0 system 0.80 temp   2.4 hbonds, Rg   4.6 A, potential     0.88
 936 / 1000 elapsed  0 system 0.80 temp   3.7 hbonds, Rg   4.8 A, potential     5.41
 937 / 1000 elapsed  0 system 0.80 temp   3.5 hbonds, Rg   4.7 A, potential     5.62
 938 / 1000 elapsed  0 system 0.80 temp   3.5 hbonds, Rg   4.6 A, potential     7.42
 939 / 1000 elapsed  0 system 0.80 temp   2.2 hbonds, Rg   4.7 A, potential    12.42
 940 / 1000 elapsed  0 system 0.80 temp   4.4 hbonds, Rg   4.7 A, potential     9.07
 941 / 1000 elapsed  0 system 0.80 temp   3.3 hbonds, Rg   4.7 A, potential     5.65
 942 / 1000 elapsed  0 system 0.80 temp   3.7 hbonds, Rg   4.9 A, potential     2.94
 943 / 1000 elapsed  0 system 0.80 temp   3.5 hbonds, Rg   5.1 A, potential     6.40
 944 / 1000 elapsed  0 system 0.80 temp   0.8 hbonds, Rg   5.1 A, potential     7.08
 945 / 1000 elapsed  0 system 0.80 temp   3.0 hbonds, Rg   4.9 A, potential     4.15
 946 / 1000 elapsed  0 system 0.80 temp   3.3 hbonds, Rg   4.9 A, potential    -3.12
 947 / 1000 elapsed  0 system 0.80 temp   3.4 hbonds, Rg   4.9 A, potential     6.68
 948 / 1000 elapsed  0 system 0.80 temp   1.9 hbonds, Rg   4.7 A, potential    10.19
 949 / 1000 elapsed  0 system 0.80 temp   4.4 hbonds, Rg   4.6 A, potential    -4.91
 950 / 1000 elapsed  0 system 0.80 temp   3.3 hbonds, Rg   4.6 A, potential    -6.62
 951 / 1000 elapsed  0 system 0.80 temp   3.2 hbonds, Rg   4.6 A, potential    -9.05
 952 / 1000 elapsed  0 system 0.80 temp   4.3 hbonds, Rg   4.6 A, potential    -2.28
 953 / 1000 elapsed  0 system 0.80 temp   3.3 hbonds, Rg   4.6 A, potential    -1.55
 954 / 1000 elapsed  0 system 0.80 temp   3.6 hbonds, Rg   4.7 A, potential     0.32
 955 / 1000 elapsed  0 system 0.80 temp   2.7 hbonds, Rg   4.6 A, potential     0.59
 956 / 1000 elapsed  0 system 0.80 temp   3.6 hbonds, Rg   4.6 A, potential    -0.15
 957 / 1000 elapsed  0 system 0.80 temp   3.7 hbonds, Rg   4.8 A, potential     1.82
 958 / 1000 elapsed  0 system 0.80 temp   3.5 hbonds, Rg   4.8 A, potential    -5.50
 959 / 1000 elapsed  0 system 0.80 temp   3.6 hbonds, Rg   4.6 A, potential    -1.01
 960 / 1000 elapsed  0 system 0.80 temp   3.3 hbonds, Rg   4.8 A, potential    -3.89
 961 / 1000 elapsed  0 system 0.80 temp   4.2 hbonds, Rg   4.8 A, potential    -8.66
 962 / 1000 elapsed  0 system 0.80 temp   2.7 hbonds, Rg   4.7 A, potential    -3.51
 963 / 1000 elapsed  0 system 0.80 temp   3.3 hbonds, Rg   4.6 A, potential    -2.29
 964 / 1000 elapsed  0 system 0.80 temp   3.6 hbonds, Rg   4.6 A, potential    -4.13
 965 / 1000 elapsed  0 system 0.80 temp   3.9 hbonds, Rg   4.6 A, potential    -5.40
 966 / 1000 elapsed  0 system 0.80 temp   3.5 hbonds, Rg   4.8 A, potential    -1.25
 967 / 1000 elapsed  0 system 0.80 temp   3.7 hbonds, Rg   4.6 A, potential     3.20
 968 / 1000 elapsed  0 system 0.80 temp   3.5 hbonds, Rg   4.7 A, potential    -1.02
 969 / 1000 elapsed  0 system 0.80 temp   3.9 hbonds, Rg   4.7 A, potential    -1.19
 970 / 1000 elapsed  0 system 0.80 temp   3.9 hbonds, Rg   4.6 A, potential    -3.92
 971 / 1000 elapsed  0 system 0.80 temp   3.7 hbonds, Rg   4.7 A, potential    -4.61
 972 / 1000 elapsed  0 system 0.80 temp   3.5 hbonds, Rg   4.6 A, potential    -3.32
 973 / 1000 elapsed  0 system 0.80 temp   3.6 hbonds, Rg   4.7 A, potential    -0.95
 974 / 1000 elapsed  0 system 0.80 temp   3.0 hbonds, Rg   4.7 A, potential     2.54
 975 / 1000 elapsed  0 system 0.80 temp   3.5 hbonds, Rg   4.8 A, potential    -0.99
 976 / 1000 elapsed  0 system 0.80 temp   4.1 hbonds, Rg   4.6 A, potential     0.40
 977 / 1000 elapsed  0 system 0.80 temp   2.8 hbonds, Rg   4.7 A, potential     8.00
 978 / 1000 elapsed  0 system 0.80 temp   4.2 hbonds, Rg   4.7 A, potential    -0.58
 979 / 1000 elapsed  0 system 0.80 temp   1.9 hbonds, Rg   4.8 A, potential    14.35
 980 / 1000 elapsed  0 system 0.80 temp   1.2 hbonds, Rg   4.9 A, potential    15.98
 981 / 1000 elapsed  0 system 0.80 temp   2.6 hbonds, Rg   4.6 A, potential    10.87
 982 / 1000 elapsed  0 system 0.80 temp   3.7 hbonds, Rg   4.8 A, potential    14.14
 983 / 1000 elapsed  0 system 0.80 temp   3.6 hbonds, Rg   4.7 A, potential    14.99
 984 / 1000 elapsed  0 system 0.80 temp   3.8 hbonds, Rg   4.8 A, potential    23.59
 985 / 1000 elapsed  0 system 0.80 temp   0.0 hbonds, Rg   4.8 A, potential    19.75
 986 / 1000 elapsed  0 system 0.80 temp   0.0 hbonds, Rg   4.6 A, potential    18.53
 987 / 1000 elapsed  0 system 0.80 temp   1.6 hbonds, Rg   4.6 A, potential    10.77
 988 / 1000 elapsed  0 system 0.80 temp   2.6 hbonds, Rg   4.7 A, potential    10.41
 989 / 1000 elapsed  0 system 0.80 temp   3.1 hbonds, Rg   4.7 A, potential     4.52
 990 / 1000 elapsed  0 system 0.80 temp   3.5 hbonds, Rg   4.6 A, potential     4.95
 991 / 1000 elapsed  0 system 0.80 temp   3.9 hbonds, Rg   4.6 A, potential    10.26
 992 / 1000 elapsed  0 system 0.80 temp   3.7 hbonds, Rg   4.8 A, potential     8.77
 993 / 1000 elapsed  0 system 0.80 temp   3.2 hbonds, Rg   4.7 A, potential     4.43
 994 / 1000 elapsed  0 system 0.80 temp   3.5 hbonds, Rg   4.5 A, potential    10.25
 995 / 1000 elapsed  0 system 0.80 temp   3.8 hbonds, Rg   4.7 A, potential     3.96
 996 / 1000 elapsed  0 system 0.80 temp   3.8 hbonds, Rg   4.7 A, potential    -0.31
 997 / 1000 elapsed  0 system 0.80 temp   3.0 hbonds, Rg   4.7 A, potential     6.58
 998 / 1000 elapsed  0 system 0.80 temp   3.0 hbonds, Rg   4.7 A, potential     7.82
 999 / 1000 elapsed  0 system 0.80 temp   2.9 hbonds, Rg   4.7 A, potential     4.59


finished in 9.2 seconds (83.22 us/systems/step, 3.9e+05 simulation_time_unit/hour)

avg_kinetic_energy/1.5kT  1.019
Initial structure gen...
python /home/nithin/data2/nithin/codex_work/resilient_interface/Upside_Desktop/py/PDB_to_initial_structure.py ./pdb/chig.pdb .//inputs/chig --record-chain-breaks --disable-recentering 
Configuring...
Configuring...
Config commandline options:
/home/nithin/data2/nithin/codex_work/resilient_interface/Upside_Desktop/py/upside_config.py --fasta=.//inputs/chig.fasta --output=.//inputs/chig.up --initial-structure=.//inputs/chig.initial.npy --rama-library=/home/nithin/data2/nithin/codex_work/resilient_interface/Upside_Desktop/parameters/common/rama.dat --rama-sheet-mixing-energy=/home/nithin/data2/nithin/codex_work/resilient_interface/Upside_Desktop/parameters/ff_2.1/sheet --hbond-energy=/home/nithin/data2/nithin/codex_work/resilient_interface/Upside_Desktop/parameters/ff_2.1/hbond.h5 --reference-state-rama=/home/nithin/data2/nithin/codex_work/resilient_interface/Upside_Desktop/parameters/common/rama_reference.pkl --rotamer-placement=/home/nithin/data2/nithin/codex_work/resilient_interface/Upside_Desktop/parameters/ff_2.1/sidechain.h5 --dynamic-rotamer-1body --rotamer-interaction=/home/nithin/data2/nithin/codex_work/resilient_interface/Upside_Desktop/parameters/ff_2.1/sidechain.h5 --environment-potential=/home/nithin/data2/nithin/codex_work/resilient_interface/Upside_Desktop/parameters/ff_2.1/environment.h5 --bb-environment-potential=/home/nithin/data2/nithin/codex_work/resilient_interface/Upside_Desktop/parameters/ff_2.1/bb_env.dat --chain-break-from-file=.//inputs/chig.chain_breaks

n_chains: 1

hbond, 8 donors, 9 acceptors in sequence


Advanced Config commandline options:
/home/nithin/data2/nithin/codex_work/resilient_interface/Upside_Desktop/py/advanced_config.py --config=.//inputs/chig.up

Running...
"/home/nithin/data2/nithin/codex_work/resilient_interface/Upside_Desktop/obj/upside" --duration 1000 --frame-interval 1 --temperature 0.8 --seed 51426 --disable-recentering --record-momentum  .//outputs/prod/chig.run.up
