invocation: /home/nithin/data2/nithin/codex_work/resilient_interface/Upside_Desktop/obj/upside --duration 1000 --frame-interval 1 --temperature 0.8 --seed 28454 --disable-recentering --record-momentum --restart-using-momentum .//outputs/prod/chig.run.up
random seed: 28454
.//outputs/prod/chig.run.up
n_atom 30


0 0.80

Initial potential energy: 4.59
   0 / 1000 elapsed  0 system 0.80 temp   2.9 hbonds, Rg   4.7 A, potential     4.59
   1 / 1000 elapsed  0 system 0.80 temp   3.4 hbonds, Rg   4.8 A, potential    15.38
   2 / 1000 elapsed  0 system 0.80 temp   3.0 hbonds, Rg   4.7 A, potential    -2.38
   3 / 1000 elapsed  0 system 0.80 temp   3.4 hbonds, Rg   4.6 A, potential     2.92
   4 / 1000 elapsed  0 system 0.80 temp   4.3 hbonds, Rg   4.6 A, potential    -3.46
   5 / 1000 elapsed  0 system 0.80 temp   3.5 hbonds, Rg   4.7 A, potential     5.12
   6 / 1000 elapsed  0 system 0.80 temp   1.6 hbonds, Rg   4.6 A, potential     4.87
   7 / 1000 elapsed  0 system 0.80 temp   3.8 hbonds, Rg   4.6 A, potential     8.28
   8 / 1000 elapsed  0 system 0.80 temp   3.4 hbonds, Rg   4.5 A, potential    11.33
   9 / 1000 elapsed  0 system 0.80 temp   3.7 hbonds, Rg   4.6 A, potential    -0.86
  10 / 1000 elapsed  0 system 0.80 temp   2.6 hbonds, Rg   4.4 A, potential     2.86
  11 / 1000 elapsed  0 system 0.80 temp   3.6 hbonds, Rg   4.4 A, potential    -4.04
  12 / 1000 elapsed  0 system 0.80 temp   3.8 hbonds, Rg   4.6 A, potential     1.47
  13 / 1000 elapsed  0 system 0.80 temp   2.9 hbonds, Rg   4.5 A, potential    -3.60
  14 / 1000 elapsed  0 system 0.80 temp   3.3 hbonds, Rg   4.4 A, potential    -8.37
  15 / 1000 elapsed  0 system 0.80 temp   1.8 hbonds, Rg   4.6 A, potential     3.19
  16 / 1000 elapsed  0 system 0.80 temp   2.7 hbonds, Rg   4.4 A, potential     1.54
  17 / 1000 elapsed  0 system 0.80 temp   3.1 hbonds, Rg   4.6 A, potential     0.79
  18 / 1000 elapsed  0 system 0.80 temp   2.7 hbonds, Rg   4.5 A, potential    -6.80
  19 / 1000 elapsed  0 system 0.80 temp   3.2 hbonds, Rg   4.5 A, potential    -8.29
  20 / 1000 elapsed  0 system 0.80 temp   3.3 hbonds, Rg   4.4 A, potential    -3.65
  21 / 1000 elapsed  0 system 0.80 temp   2.9 hbonds, Rg   4.5 A, potential     0.41
  22 / 1000 elapsed  0 system 0.80 temp   3.7 hbonds, Rg   4.6 A, potential    -0.78
  23 / 1000 elapsed  0 system 0.80 temp   3.2 hbonds, Rg   4.6 A, potential    -1.69
  24 / 1000 elapsed  0 system 0.80 temp   4.5 hbonds, Rg   4.5 A, potential     0.70
  25 / 1000 elapsed  0 system 0.80 temp   2.7 hbonds, Rg   4.4 A, potential    -0.45
  26 / 1000 elapsed  0 system 0.80 temp   3.6 hbonds, Rg   4.4 A, potential    -0.35
  27 / 1000 elapsed  0 system 0.80 temp   3.3 hbonds, Rg   4.5 A, potential    -5.85
  28 / 1000 elapsed  0 system 0.80 temp   3.2 hbonds, Rg   4.5 A, potential     5.08
  29 / 1000 elapsed  0 system 0.80 temp   2.1 hbonds, Rg   4.7 A, potential     2.71
  30 / 1000 elapsed  0 system 0.80 temp   3.5 hbonds, Rg   4.7 A, potential    -4.47
  31 / 1000 elapsed  0 system 0.80 temp   3.8 hbonds, Rg   4.6 A, potential     5.96
  32 / 1000 elapsed  0 system 0.80 temp   3.2 hbonds, Rg   4.6 A, potential     2.62
  33 / 1000 elapsed  0 system 0.80 temp   3.2 hbonds, Rg   4.7 A, potential     5.88
  34 / 1000 elapsed  0 system 0.80 temp   3.1 hbonds, Rg   4.7 A, potential     3.22
  35 / 1000 elapsed  0 system 0.80 temp   3.7 hbonds, Rg   4.6 A, potential     4.78
  36 / 1000 elapsed  0 system 0.80 temp   3.8 hbonds, Rg   4.5 A, potential    -1.34
  37 / 1000 elapsed  0 system 0.80 temp   3.1 hbonds, Rg   4.6 A, potential     0.30
  38 / 1000 elapsed  0 system 0.80 temp   3.7 hbonds, Rg   4.4 A, potential    -2.95
  39 / 1000 elapsed  0 system 0.80 temp   4.3 hbonds, Rg   4.5 A, potential    -1.99
  40 / 1000 elapsed  0 system 0.80 temp   4.4 hbonds, Rg   4.5 A, potential     1.61
  41 / 1000 elapsed  0 system 0.80 temp   4.5 hbonds, Rg   4.4 A, potential     6.82
  42 / 1000 elapsed  0 system 0.80 temp   3.7 hbonds, Rg   4.4 A, potential    -1.56
  43 / 1000 elapsed  0 system 0.80 temp   2.5 hbonds, Rg   4.7 A, potential     9.77
  44 / 1000 elapsed  0 system 0.80 temp   3.4 hbonds, Rg   4.5 A, potential     9.08
  45 / 1000 elapsed  0 system 0.80 temp   3.6 hbonds, Rg   4.6 A, potential    11.79
  46 / 1000 elapsed  0 system 0.80 temp   2.7 hbonds, Rg   4.7 A, potential    11.12
  47 / 1000 elapsed  0 system 0.80 temp   4.1 hbonds, Rg   4.8 A, potential    15.12
  48 / 1000 elapsed  0 system 0.80 temp   3.4 hbonds, Rg   4.8 A, potential    15.37
  49 / 1000 elapsed  0 system 0.80 temp   3.8 hbonds, Rg   4.8 A, potential    14.17
  50 / 1000 elapsed  0 system 0.80 temp   3.9 hbonds, Rg   4.8 A, potential     7.09
  51 / 1000 elapsed  0 system 0.80 temp   3.6 hbonds, Rg   4.6 A, potential    14.19
  52 / 1000 elapsed  0 system 0.80 temp   3.9 hbonds, Rg   4.6 A, potential    13.22
  53 / 1000 elapsed  0 system 0.80 temp   3.8 hbonds, Rg   4.9 A, potential    16.03
  54 / 1000 elapsed  0 system 0.80 temp   3.2 hbonds, Rg   4.9 A, potential    19.86
  55 / 1000 elapsed  0 system 0.80 temp   4.2 hbonds, Rg   5.0 A, potential    14.28
  56 / 1000 elapsed  0 system 0.80 temp   1.9 hbonds, Rg   4.9 A, potential    18.88
  57 / 1000 elapsed  0 system 0.80 temp   3.7 hbonds, Rg   5.0 A, potential    14.16
  58 / 1000 elapsed  0 system 0.80 temp   3.4 hbonds, Rg   5.1 A, potential    17.67
  59 / 1000 elapsed  0 system 0.80 temp   1.9 hbonds, Rg   5.0 A, potential    13.27
  60 / 1000 elapsed  0 system 0.80 temp   2.7 hbonds, Rg   4.7 A, potential    10.06
  61 / 1000 elapsed  0 system 0.80 temp   3.7 hbonds, Rg   4.6 A, potential    12.78
  62 / 1000 elapsed  0 system 0.80 temp   3.8 hbonds, Rg   4.5 A, potential     9.47
  63 / 1000 elapsed  0 system 0.80 temp   3.8 hbonds, Rg   4.7 A, potential     6.63
  64 / 1000 elapsed  0 system 0.80 temp   3.9 hbonds, Rg   4.6 A, potential    11.34
  65 / 1000 elapsed  0 system 0.80 temp   3.7 hbonds, Rg   4.7 A, potential     0.15
  66 / 1000 elapsed  0 system 0.80 temp   3.8 hbonds, Rg   4.8 A, potential    -1.70
  67 / 1000 elapsed  0 system 0.80 temp   2.1 hbonds, Rg   4.6 A, potential     9.01
  68 / 1000 elapsed  0 system 0.80 temp   3.3 hbonds, Rg   4.8 A, potential     9.45
  69 / 1000 elapsed  0 system 0.80 temp   4.4 hbonds, Rg   4.8 A, potential     9.92
  70 / 1000 elapsed  0 system 0.80 temp   4.1 hbonds, Rg   4.7 A, potential     9.72
  71 / 1000 elapsed  0 system 0.80 temp   3.8 hbonds, Rg   4.8 A, potential    -0.79
  72 / 1000 elapsed  0 system 0.80 temp   3.3 hbonds, Rg   4.7 A, potential     4.30
  73 / 1000 elapsed  0 system 0.80 temp   3.6 hbonds, Rg   4.6 A, potential     3.62
  74 / 1000 elapsed  0 system 0.80 temp   4.4 hbonds, Rg   4.6 A, potential     8.58
  75 / 1000 elapsed  0 system 0.80 temp   2.9 hbonds, Rg   4.5 A, potential    10.62
  76 / 1000 elapsed  0 system 0.80 temp   3.4 hbonds, Rg   4.5 A, potential     4.79
  77 / 1000 elapsed  0 system 0.80 temp   3.5 hbonds, Rg   4.5 A, potential     7.26
  78 / 1000 elapsed  0 system 0.80 temp   4.2 hbonds, Rg   4.6 A, potential     6.55
  79 / 1000 elapsed  0 system 0.80 temp   3.9 hbonds, Rg   4.7 A, potential    15.90
  80 / 1000 elapsed  0 system 0.80 temp   2.8 hbonds, Rg   4.6 A, potential     7.89
  81 / 1000 elapsed  0 system 0.80 temp   3.2 hbonds, Rg   4.6 A, potential    11.30
  82 / 1000 elapsed  0 system 0.80 temp   3.3 hbonds, Rg   4.6 A, potential     4.58
  83 / 1000 elapsed  0 system 0.80 temp   3.4 hbonds, Rg   4.6 A, potential     9.84
  84 / 1000 elapsed  0 system 0.80 temp   2.9 hbonds, Rg   4.5 A, potential     0.39
  85 / 1000 elapsed  0 system 0.80 temp   3.7 hbonds, Rg   4.5 A, potential     5.84
  86 / 1000 elapsed  0 system 0.80 temp   3.2 hbonds, Rg   4.6 A, potential     6.02
  87 / 1000 elapsed  0 system 0.80 temp   4.5 hbonds, Rg   4.4 A, potential     2.94
  88 / 1000 elapsed  0 system 0.80 temp   3.5 hbonds, Rg   4.4 A, potential     6.01
  89 / 1000 elapsed  0 system 0.80 temp   3.7 hbonds, Rg   4.6 A, potential     1.08
  90 / 1000 elapsed  0 system 0.80 temp   3.5 hbonds, Rg   4.4 A, potential     1.85
  91 / 1000 elapsed  0 system 0.80 temp   1.8 hbonds, Rg   4.7 A, potential     8.17
  92 / 1000 elapsed  0 system 0.80 temp   3.7 hbonds, Rg   4.7 A, potential     6.43
  93 / 1000 elapsed  0 system 0.80 temp   3.8 hbonds, Rg   4.6 A, potential    17.69
  94 / 1000 elapsed  0 system 0.80 temp   3.8 hbonds, Rg   4.6 A, potential    11.86
  95 / 1000 elapsed  0 system 0.80 temp   3.8 hbonds, Rg   4.5 A, potential     2.49
  96 / 1000 elapsed  0 system 0.80 temp   2.0 hbonds, Rg   4.6 A, potential     0.67
  97 / 1000 elapsed  0 system 0.80 temp   3.6 hbonds, Rg   4.6 A, potential     7.56
  98 / 1000 elapsed  0 system 0.80 temp   3.7 hbonds, Rg   4.5 A, potential     7.37
  99 / 1000 elapsed  0 system 0.80 temp   1.9 hbonds, Rg   4.4 A, potential     2.78
 100 / 1000 elapsed  0 system 0.80 temp   4.1 hbonds, Rg   4.4 A, potential    -0.37
 101 / 1000 elapsed  0 system 0.80 temp   4.3 hbonds, Rg   4.4 A, potential    -1.12
 102 / 1000 elapsed  0 system 0.80 temp   3.8 hbonds, Rg   4.3 A, potential    -7.08
 103 / 1000 elapsed  0 system 0.80 temp   3.8 hbonds, Rg   4.4 A, potential    -5.11
 104 / 1000 elapsed  0 system 0.80 temp   3.0 hbonds, Rg   4.3 A, potential    -2.95
 105 / 1000 elapsed  0 system 0.80 temp   3.8 hbonds, Rg   4.4 A, potential   -13.59
 106 / 1000 elapsed  0 system 0.80 temp   3.6 hbonds, Rg   4.3 A, potential    -2.89
 107 / 1000 elapsed  0 system 0.80 temp   3.7 hbonds, Rg   4.4 A, potential    -4.19
 108 / 1000 elapsed  0 system 0.80 temp   3.4 hbonds, Rg   4.3 A, potential    -3.25
 109 / 1000 elapsed  0 system 0.80 temp   3.4 hbonds, Rg   4.2 A, potential    -4.87
 110 / 1000 elapsed  0 system 0.80 temp   3.2 hbonds, Rg   4.4 A, potential    -2.74
 111 / 1000 elapsed  0 system 0.80 temp   3.5 hbonds, Rg   4.3 A, potential    -8.43
 112 / 1000 elapsed  0 system 0.80 temp   3.8 hbonds, Rg   4.4 A, potential    -6.30
 113 / 1000 elapsed  0 system 0.80 temp   3.7 hbonds, Rg   4.4 A, potential    -5.32
 114 / 1000 elapsed  0 system 0.80 temp   4.2 hbonds, Rg   4.4 A, potential    -3.54
 115 / 1000 elapsed  0 system 0.80 temp   3.3 hbonds, Rg   4.5 A, potential    -1.57
 116 / 1000 elapsed  0 system 0.80 temp   3.8 hbonds, Rg   4.6 A, potential     3.33
 117 / 1000 elapsed  0 system 0.80 temp   3.3 hbonds, Rg   4.4 A, potential     5.72
 118 / 1000 elapsed  0 system 0.80 temp   3.5 hbonds, Rg   4.5 A, potential     3.56
 119 / 1000 elapsed  0 system 0.80 temp   2.6 hbonds, Rg   4.5 A, potential    -6.64
 120 / 1000 elapsed  0 system 0.80 temp   2.1 hbonds, Rg   4.5 A, potential    -1.39
 121 / 1000 elapsed  0 system 0.80 temp   3.4 hbonds, Rg   4.7 A, potential     0.29
 122 / 1000 elapsed  0 system 0.80 temp   3.6 hbonds, Rg   4.6 A, potential     5.19
 123 / 1000 elapsed  0 system 0.80 temp   3.8 hbonds, Rg   4.7 A, potential     2.42
 124 / 1000 elapsed  0 system 0.80 temp   3.5 hbonds, Rg   4.8 A, potential     7.48
 125 / 1000 elapsed  0 system 0.80 temp   1.9 hbonds, Rg   4.7 A, potential    18.24
 126 / 1000 elapsed  0 system 0.80 temp   4.3 hbonds, Rg   4.5 A, potential     0.35
 127 / 1000 elapsed  0 system 0.80 temp   3.6 hbonds, Rg   4.6 A, potential     3.40
 128 / 1000 elapsed  0 system 0.80 temp   3.0 hbonds, Rg   4.5 A, potential     6.21
 129 / 1000 elapsed  0 system 0.80 temp   3.5 hbonds, Rg   4.5 A, potential    17.47
 130 / 1000 elapsed  0 system 0.80 temp   3.7 hbonds, Rg   4.4 A, potential    12.47
 131 / 1000 elapsed  0 system 0.80 temp   3.9 hbonds, Rg   4.4 A, potential     7.59
 132 / 1000 elapsed  0 system 0.80 temp   4.1 hbonds, Rg   4.7 A, potential     5.86
 133 / 1000 elapsed  0 system 0.80 temp   3.9 hbonds, Rg   4.6 A, potential     4.60
 134 / 1000 elapsed  0 system 0.80 temp   3.8 hbonds, Rg   4.6 A, potential     5.55
 135 / 1000 elapsed  0 system 0.80 temp   2.8 hbonds, Rg   4.6 A, potential    18.83
 136 / 1000 elapsed  0 system 0.80 temp   3.6 hbonds, Rg   4.6 A, potential    10.41
 137 / 1000 elapsed  0 system 0.80 temp   3.1 hbonds, Rg   4.6 A, potential    22.54
 138 / 1000 elapsed  0 system 0.80 temp   4.3 hbonds, Rg   4.6 A, potential    12.80
 139 / 1000 elapsed  0 system 0.80 temp   3.9 hbonds, Rg   4.8 A, potential    13.09
 140 / 1000 elapsed  0 system 0.80 temp   3.1 hbonds, Rg   4.8 A, potential    15.66
 141 / 1000 elapsed  0 system 0.80 temp   3.6 hbonds, Rg   4.6 A, potential     4.23
 142 / 1000 elapsed  0 system 0.80 temp   3.8 hbonds, Rg   4.6 A, potential    14.76
 143 / 1000 elapsed  0 system 0.80 temp   4.1 hbonds, Rg   4.5 A, potential    11.52
 144 / 1000 elapsed  0 system 0.80 temp   2.4 hbonds, Rg   4.6 A, potential    10.35
 145 / 1000 elapsed  0 system 0.80 temp   3.8 hbonds, Rg   4.8 A, potential     7.97
 146 / 1000 elapsed  0 system 0.80 temp   3.6 hbonds, Rg   4.8 A, potential     3.09
 147 / 1000 elapsed  0 system 0.80 temp   3.5 hbonds, Rg   4.7 A, potential     0.77
 148 / 1000 elapsed  0 system 0.80 temp   2.6 hbonds, Rg   4.6 A, potential     9.21
 149 / 1000 elapsed  0 system 0.80 temp   3.0 hbonds, Rg   4.7 A, potential    -0.59
 150 / 1000 elapsed  0 system 0.80 temp   2.9 hbonds, Rg   4.6 A, potential    15.05
 151 / 1000 elapsed  0 system 0.80 temp   3.4 hbonds, Rg   4.8 A, potential     8.98
 152 / 1000 elapsed  0 system 0.80 temp   2.6 hbonds, Rg   4.8 A, potential    -0.50
 153 / 1000 elapsed  0 system 0.80 temp   3.8 hbonds, Rg   4.9 A, potential     0.99
 154 / 1000 elapsed  0 system 0.80 temp   2.0 hbonds, Rg   4.8 A, potential    -1.56
 155 / 1000 elapsed  0 system 0.80 temp   3.0 hbonds, Rg   4.7 A, potential     5.58
 156 / 1000 elapsed  0 system 0.80 temp   3.7 hbonds, Rg   4.7 A, potential     2.90
 157 / 1000 elapsed  0 system 0.80 temp   3.8 hbonds, Rg   4.7 A, potential     5.60
 158 / 1000 elapsed  0 system 0.80 temp   3.7 hbonds, Rg   4.6 A, potential     0.06
 159 / 1000 elapsed  0 system 0.80 temp   3.6 hbonds, Rg   4.7 A, potential    10.37
 160 / 1000 elapsed  0 system 0.80 temp   3.7 hbonds, Rg   4.7 A, potential     9.81
 161 / 1000 elapsed  0 system 0.80 temp   3.5 hbonds, Rg   4.7 A, potential     8.04
 162 / 1000 elapsed  0 system 0.80 temp   4.4 hbonds, Rg   4.6 A, potential     5.57
 163 / 1000 elapsed  0 system 0.80 temp   3.9 hbonds, Rg   4.7 A, potential    -1.92
 164 / 1000 elapsed  0 system 0.80 temp   3.8 hbonds, Rg   4.5 A, potential    -0.24
 165 / 1000 elapsed  0 system 0.80 temp   3.8 hbonds, Rg   4.6 A, potential     4.77
 166 / 1000 elapsed  0 system 0.80 temp   2.8 hbonds, Rg   4.6 A, potential    11.10
 167 / 1000 elapsed  0 system 0.80 temp   3.5 hbonds, Rg   4.6 A, potential     6.44
 168 / 1000 elapsed  0 system 0.80 temp   3.8 hbonds, Rg   4.6 A, potential     1.86
 169 / 1000 elapsed  0 system 0.80 temp   3.4 hbonds, Rg   4.7 A, potential     3.99
 170 / 1000 elapsed  0 system 0.80 temp   3.1 hbonds, Rg   4.7 A, potential     0.07
 171 / 1000 elapsed  0 system 0.80 temp   4.7 hbonds, Rg   4.5 A, potential     5.36
 172 / 1000 elapsed  0 system 0.80 temp   4.5 hbonds, Rg   4.6 A, potential     8.50
 173 / 1000 elapsed  0 system 0.80 temp   4.3 hbonds, Rg   4.8 A, potential     6.40
 174 / 1000 elapsed  0 system 0.80 temp   4.3 hbonds, Rg   4.6 A, potential     2.06
 175 / 1000 elapsed  0 system 0.80 temp   2.7 hbonds, Rg   4.5 A, potential     9.56
 176 / 1000 elapsed  0 system 0.80 temp   3.6 hbonds, Rg   4.5 A, potential    13.88
 177 / 1000 elapsed  0 system 0.80 temp   3.3 hbonds, Rg   4.6 A, potential    17.49
 178 / 1000 elapsed  0 system 0.80 temp   4.3 hbonds, Rg   4.6 A, potential    15.83
 179 / 1000 elapsed  0 system 0.80 temp   4.1 hbonds, Rg   4.6 A, potential     4.96
 180 / 1000 elapsed  0 system 0.80 temp   3.6 hbonds, Rg   4.6 A, potential     7.77
 181 / 1000 elapsed  0 system 0.80 temp   3.8 hbonds, Rg   4.7 A, potential    -2.04
 182 / 1000 elapsed  0 system 0.80 temp   3.6 hbonds, Rg   4.7 A, potential     5.19
 183 / 1000 elapsed  0 system 0.80 temp   3.7 hbonds, Rg   4.6 A, potential    -0.21
 184 / 1000 elapsed  0 system 0.80 temp   4.0 hbonds, Rg   4.5 A, potential    -5.47
 185 / 1000 elapsed  0 system 0.80 temp   3.0 hbonds, Rg   4.6 A, potential     3.15
 186 / 1000 elapsed  0 system 0.80 temp   3.8 hbonds, Rg   4.5 A, potential     0.96
 187 / 1000 elapsed  0 system 0.80 temp   3.7 hbonds, Rg   4.8 A, potential     6.36
 188 / 1000 elapsed  0 system 0.80 temp   3.7 hbonds, Rg   4.7 A, potential     8.44
 189 / 1000 elapsed  0 system 0.80 temp   4.7 hbonds, Rg   4.6 A, potential     3.59
 190 / 1000 elapsed  0 system 0.80 temp   4.5 hbonds, Rg   4.8 A, potential     4.68
 191 / 1000 elapsed  0 system 0.80 temp   3.4 hbonds, Rg   4.9 A, potential     2.28
 192 / 1000 elapsed  0 system 0.80 temp   3.6 hbonds, Rg   4.9 A, potential     6.20
 193 / 1000 elapsed  0 system 0.80 temp   3.3 hbonds, Rg   5.0 A, potential     9.43
 194 / 1000 elapsed  0 system 0.80 temp   3.0 hbonds, Rg   5.1 A, potential    15.33
 195 / 1000 elapsed  0 system 0.80 temp   2.3 hbonds, Rg   4.9 A, potential     6.81
 196 / 1000 elapsed  0 system 0.80 temp   3.6 hbonds, Rg   4.9 A, potential    13.73
 197 / 1000 elapsed  0 system 0.80 temp   2.3 hbonds, Rg   4.8 A, potential    19.32
 198 / 1000 elapsed  0 system 0.80 temp   3.2 hbonds, Rg   4.8 A, potential     4.72
 199 / 1000 elapsed  0 system 0.80 temp   3.5 hbonds, Rg   4.9 A, potential    14.25
 200 / 1000 elapsed  0 system 0.80 temp   3.1 hbonds, Rg   5.0 A, potential    14.38
 201 / 1000 elapsed  0 system 0.80 temp   1.6 hbonds, Rg   5.0 A, potential     9.61
 202 / 1000 elapsed  0 system 0.80 temp   2.1 hbonds, Rg   4.9 A, potential     8.56
 203 / 1000 elapsed  0 system 0.80 temp   1.5 hbonds, Rg   5.1 A, potential    17.67
 204 / 1000 elapsed  0 system 0.80 temp   2.5 hbonds, Rg   5.3 A, potential    13.26
 205 / 1000 elapsed  0 system 0.80 temp   1.9 hbonds, Rg   5.2 A, potential     4.39
 206 / 1000 elapsed  0 system 0.80 temp   1.7 hbonds, Rg   5.3 A, potential     9.73
 207 / 1000 elapsed  0 system 0.80 temp   1.9 hbonds, Rg   5.3 A, potential     6.00
 208 / 1000 elapsed  0 system 0.80 temp   2.0 hbonds, Rg   5.3 A, potential     6.59
 209 / 1000 elapsed  0 system 0.80 temp   1.3 hbonds, Rg   5.4 A, potential    16.50
 210 / 1000 elapsed  0 system 0.80 temp   1.8 hbonds, Rg   5.4 A, potential    10.70
 211 / 1000 elapsed  0 system 0.80 temp   1.7 hbonds, Rg   5.1 A, potential    17.47
 212 / 1000 elapsed  0 system 0.80 temp   1.3 hbonds, Rg   5.0 A, potential    16.50
 213 / 1000 elapsed  0 system 0.80 temp   0.3 hbonds, Rg   5.2 A, potential    17.44
 214 / 1000 elapsed  0 system 0.80 temp   1.6 hbonds, Rg   5.1 A, potential    18.65
 215 / 1000 elapsed  0 system 0.80 temp   1.9 hbonds, Rg   5.3 A, potential     6.74
 216 / 1000 elapsed  0 system 0.80 temp   0.8 hbonds, Rg   5.5 A, potential    21.17
 217 / 1000 elapsed  0 system 0.80 temp   0.0 hbonds, Rg   5.4 A, potential    14.77
 218 / 1000 elapsed  0 system 0.80 temp   0.0 hbonds, Rg   5.4 A, potential    17.07
 219 / 1000 elapsed  0 system 0.80 temp   0.0 hbonds, Rg   5.3 A, potential    20.85
 220 / 1000 elapsed  0 system 0.80 temp   0.0 hbonds, Rg   5.0 A, potential    22.70
 221 / 1000 elapsed  0 system 0.80 temp   1.5 hbonds, Rg   5.0 A, potential    23.71
 222 / 1000 elapsed  0 system 0.80 temp   1.1 hbonds, Rg   4.9 A, potential    20.44
 223 / 1000 elapsed  0 system 0.80 temp   1.6 hbonds, Rg   5.0 A, potential    24.58
 224 / 1000 elapsed  0 system 0.80 temp   1.8 hbonds, Rg   4.8 A, potential    25.12
 225 / 1000 elapsed  0 system 0.80 temp   1.9 hbonds, Rg   4.7 A, potential    20.75
 226 / 1000 elapsed  0 system 0.80 temp   1.8 hbonds, Rg   4.6 A, potential    21.08
 227 / 1000 elapsed  0 system 0.80 temp   1.6 hbonds, Rg   4.5 A, potential    23.67
 228 / 1000 elapsed  0 system 0.80 temp   1.2 hbonds, Rg   4.5 A, potential    10.71
 229 / 1000 elapsed  0 system 0.80 temp   0.7 hbonds, Rg   4.3 A, potential    17.24
 230 / 1000 elapsed  0 system 0.80 temp   0.0 hbonds, Rg   4.5 A, potential    20.47
 231 / 1000 elapsed  0 system 0.80 temp   1.2 hbonds, Rg   4.5 A, potential    20.52
 232 / 1000 elapsed  0 system 0.80 temp   0.9 hbonds, Rg   4.6 A, potential    23.57
 233 / 1000 elapsed  0 system 0.80 temp   0.0 hbonds, Rg   4.6 A, potential    14.78
 234 / 1000 elapsed  0 system 0.80 temp   0.0 hbonds, Rg   4.6 A, potential    18.24
 235 / 1000 elapsed  0 system 0.80 temp   0.7 hbonds, Rg   4.8 A, potential    14.53
 236 / 1000 elapsed  0 system 0.80 temp   1.8 hbonds, Rg   4.7 A, potential     8.60
 237 / 1000 elapsed  0 system 0.80 temp   0.5 hbonds, Rg   4.6 A, potential     7.73
 238 / 1000 elapsed  0 system 0.80 temp   1.7 hbonds, Rg   4.8 A, potential    16.22
 239 / 1000 elapsed  0 system 0.80 temp   0.1 hbonds, Rg   4.9 A, potential     8.52
 240 / 1000 elapsed  0 system 0.80 temp   0.0 hbonds, Rg   4.9 A, potential    19.47
 241 / 1000 elapsed  0 system 0.80 temp   1.6 hbonds, Rg   4.8 A, potential    17.69
 242 / 1000 elapsed  0 system 0.80 temp   0.4 hbonds, Rg   4.6 A, potential    23.75
 243 / 1000 elapsed  0 system 0.80 temp   2.0 hbonds, Rg   4.8 A, potential     9.26
 244 / 1000 elapsed  0 system 0.80 temp   2.5 hbonds, Rg   4.9 A, potential    11.65
 245 / 1000 elapsed  0 system 0.80 temp   1.9 hbonds, Rg   4.9 A, potential     6.59
 246 / 1000 elapsed  0 system 0.80 temp   1.9 hbonds, Rg   4.8 A, potential     4.78
 247 / 1000 elapsed  0 system 0.80 temp   1.9 hbonds, Rg   4.7 A, potential     8.31
 248 / 1000 elapsed  0 system 0.80 temp   1.0 hbonds, Rg   4.8 A, potential     3.79
 249 / 1000 elapsed  0 system 0.80 temp   1.8 hbonds, Rg   4.9 A, potential    13.21
 250 / 1000 elapsed  0 system 0.80 temp   1.8 hbonds, Rg   4.7 A, potential     1.81
 251 / 1000 elapsed  0 system 0.80 temp   1.8 hbonds, Rg   4.8 A, potential     9.05
 252 / 1000 elapsed  0 system 0.80 temp   1.8 hbonds, Rg   4.8 A, potential     1.12
 253 / 1000 elapsed  0 system 0.80 temp   1.2 hbonds, Rg   4.8 A, potential    -1.30
 254 / 1000 elapsed  0 system 0.80 temp   1.6 hbonds, Rg   4.8 A, potential     7.69
 255 / 1000 elapsed  0 system 0.80 temp   0.7 hbonds, Rg   4.7 A, potential     5.95
 256 / 1000 elapsed  0 system 0.80 temp   1.7 hbonds, Rg   4.8 A, potential    -2.14
 257 / 1000 elapsed  0 system 0.80 temp   1.7 hbonds, Rg   4.9 A, potential     5.45
 258 / 1000 elapsed  0 system 0.80 temp   1.8 hbonds, Rg   4.7 A, potential     7.19
 259 / 1000 elapsed  0 system 0.80 temp   1.7 hbonds, Rg   4.7 A, potential     8.14
 260 / 1000 elapsed  0 system 0.80 temp   1.7 hbonds, Rg   4.9 A, potential     9.80
 261 / 1000 elapsed  0 system 0.80 temp   1.5 hbonds, Rg   4.8 A, potential     6.74
 262 / 1000 elapsed  0 system 0.80 temp   1.9 hbonds, Rg   5.0 A, potential     1.25
 263 / 1000 elapsed  0 system 0.80 temp   1.6 hbonds, Rg   5.0 A, potential     0.93
 264 / 1000 elapsed  0 system 0.80 temp   1.8 hbonds, Rg   4.9 A, potential     1.56
 265 / 1000 elapsed  0 system 0.80 temp   1.8 hbonds, Rg   5.1 A, potential     4.88
 266 / 1000 elapsed  0 system 0.80 temp   1.9 hbonds, Rg   5.2 A, potential    10.26
 267 / 1000 elapsed  0 system 0.80 temp   3.4 hbonds, Rg   5.1 A, potential     6.23
 268 / 1000 elapsed  0 system 0.80 temp   1.7 hbonds, Rg   5.1 A, potential    16.51
 269 / 1000 elapsed  0 system 0.80 temp   1.7 hbonds, Rg   5.5 A, potential    16.05
 270 / 1000 elapsed  0 system 0.80 temp   2.8 hbonds, Rg   5.6 A, potential    18.60
 271 / 1000 elapsed  0 system 0.80 temp   1.7 hbonds, Rg   5.5 A, potential    24.17
 272 / 1000 elapsed  0 system 0.80 temp   1.3 hbonds, Rg   5.7 A, potential    25.35
 273 / 1000 elapsed  0 system 0.80 temp   1.5 hbonds, Rg   5.9 A, potential    12.50
 274 / 1000 elapsed  0 system 0.80 temp   1.7 hbonds, Rg   6.1 A, potential    22.53
 275 / 1000 elapsed  0 system 0.80 temp   1.8 hbonds, Rg   6.2 A, potential    17.80
 276 / 1000 elapsed  0 system 0.80 temp   0.0 hbonds, Rg   6.3 A, potential    24.21
 277 / 1000 elapsed  0 system 0.80 temp   0.0 hbonds, Rg   6.6 A, potential    19.28
 278 / 1000 elapsed  0 system 0.80 temp   1.6 hbonds, Rg   6.8 A, potential    13.64
 279 / 1000 elapsed  0 system 0.80 temp   1.6 hbonds, Rg   6.9 A, potential    15.08
 280 / 1000 elapsed  0 system 0.80 temp   1.5 hbonds, Rg   6.9 A, potential    19.47
 281 / 1000 elapsed  0 system 0.80 temp   1.8 hbonds, Rg   6.7 A, potential    12.69
 282 / 1000 elapsed  0 system 0.80 temp   1.9 hbonds, Rg   6.7 A, potential    16.32
 283 / 1000 elapsed  0 system 0.80 temp   1.6 hbonds, Rg   6.6 A, potential    15.97
 284 / 1000 elapsed  0 system 0.80 temp   1.8 hbonds, Rg   6.6 A, potential    16.80
 285 / 1000 elapsed  0 system 0.80 temp   1.9 hbonds, Rg   6.7 A, potential    14.24
 286 / 1000 elapsed  0 system 0.80 temp   1.7 hbonds, Rg   6.5 A, potential    10.05
 287 / 1000 elapsed  0 system 0.80 temp   1.8 hbonds, Rg   6.1 A, potential    18.23
 288 / 1000 elapsed  0 system 0.80 temp   1.5 hbonds, Rg   6.1 A, potential    19.03
 289 / 1000 elapsed  0 system 0.80 temp   1.9 hbonds, Rg   6.2 A, potential    21.43
 290 / 1000 elapsed  0 system 0.80 temp   1.8 hbonds, Rg   6.2 A, potential    14.50
 291 / 1000 elapsed  0 system 0.80 temp   1.9 hbonds, Rg   6.0 A, potential    14.16
 292 / 1000 elapsed  0 system 0.80 temp   1.3 hbonds, Rg   5.9 A, potential    19.23
 293 / 1000 elapsed  0 system 0.80 temp   2.2 hbonds, Rg   5.8 A, potential    14.95
 294 / 1000 elapsed  0 system 0.80 temp   2.0 hbonds, Rg   5.7 A, potential    17.68
 295 / 1000 elapsed  0 system 0.80 temp   1.7 hbonds, Rg   5.7 A, potential    16.80
 296 / 1000 elapsed  0 system 0.80 temp   1.9 hbonds, Rg   5.5 A, potential    14.66
 297 / 1000 elapsed  0 system 0.80 temp   1.9 hbonds, Rg   5.3 A, potential    16.58
 298 / 1000 elapsed  0 system 0.80 temp   1.7 hbonds, Rg   5.2 A, potential    10.68
 299 / 1000 elapsed  0 system 0.80 temp   1.2 hbonds, Rg   5.1 A, potential    12.04
 300 / 1000 elapsed  0 system 0.80 temp   1.0 hbonds, Rg   5.0 A, potential    16.58
 301 / 1000 elapsed  0 system 0.80 temp   1.8 hbonds, Rg   5.1 A, potential    18.49
 302 / 1000 elapsed  0 system 0.80 temp   1.7 hbonds, Rg   5.0 A, potential    13.61
 303 / 1000 elapsed  0 system 0.80 temp   1.5 hbonds, Rg   4.9 A, potential    10.59
 304 / 1000 elapsed  0 system 0.80 temp   1.5 hbonds, Rg   4.9 A, potential    22.05
 305 / 1000 elapsed  0 system 0.80 temp   0.7 hbonds, Rg   5.0 A, potential    16.44
 306 / 1000 elapsed  0 system 0.80 temp   0.1 hbonds, Rg   4.9 A, potential    13.18
 307 / 1000 elapsed  0 system 0.80 temp   2.0 hbonds, Rg   5.0 A, potential    14.52
 308 / 1000 elapsed  0 system 0.80 temp   1.9 hbonds, Rg   5.0 A, potential    14.00
 309 / 1000 elapsed  0 system 0.80 temp   1.7 hbonds, Rg   5.0 A, potential    13.52
 310 / 1000 elapsed  0 system 0.80 temp   1.7 hbonds, Rg   4.9 A, potential    10.59
 311 / 1000 elapsed  0 system 0.80 temp   3.1 hbonds, Rg   5.0 A, potential    11.57
 312 / 1000 elapsed  0 system 0.80 temp   1.7 hbonds, Rg   5.1 A, potential     9.64
 313 / 1000 elapsed  0 system 0.80 temp   1.8 hbonds, Rg   4.9 A, potential    12.04
 314 / 1000 elapsed  0 system 0.80 temp   1.9 hbonds, Rg   5.2 A, potential     0.05
 315 / 1000 elapsed  0 system 0.80 temp   1.6 hbonds, Rg   5.2 A, potential     0.05
 316 / 1000 elapsed  0 system 0.80 temp   2.0 hbonds, Rg   5.0 A, potential     3.23
 317 / 1000 elapsed  0 system 0.80 temp   1.9 hbonds, Rg   5.0 A, potential     9.80
 318 / 1000 elapsed  0 system 0.80 temp   1.5 hbonds, Rg   5.1 A, potential     5.86
 319 / 1000 elapsed  0 system 0.80 temp   3.5 hbonds, Rg   5.2 A, potential     5.50
 320 / 1000 elapsed  0 system 0.80 temp   1.6 hbonds, Rg   5.2 A, potential     7.70
 321 / 1000 elapsed  0 system 0.80 temp   1.5 hbonds, Rg   5.3 A, potential     4.20
 322 / 1000 elapsed  0 system 0.80 temp   2.9 hbonds, Rg   5.3 A, potential     3.71
 323 / 1000 elapsed  0 system 0.80 temp   1.9 hbonds, Rg   5.1 A, potential    12.49
 324 / 1000 elapsed  0 system 0.80 temp   1.7 hbonds, Rg   4.9 A, potential     5.19
 325 / 1000 elapsed  0 system 0.80 temp   1.8 hbonds, Rg   4.8 A, potential     7.59
 326 / 1000 elapsed  0 system 0.80 temp   0.9 hbonds, Rg   5.0 A, potential    11.39
 327 / 1000 elapsed  0 system 0.80 temp   1.9 hbonds, Rg   4.9 A, potential    11.21
 328 / 1000 elapsed  0 system 0.80 temp   1.8 hbonds, Rg   4.9 A, potential    15.44
 329 / 1000 elapsed  0 system 0.80 temp   1.8 hbonds, Rg   5.2 A, potential    20.13
 330 / 1000 elapsed  0 system 0.80 temp   1.7 hbonds, Rg   5.3 A, potential    15.94
 331 / 1000 elapsed  0 system 0.80 temp   1.2 hbonds, Rg   5.5 A, potential    21.71
 332 / 1000 elapsed  0 system 0.80 temp   1.5 hbonds, Rg   5.3 A, potential    14.73
 333 / 1000 elapsed  0 system 0.80 temp   0.0 hbonds, Rg   5.2 A, potential    12.24
 334 / 1000 elapsed  0 system 0.80 temp   1.8 hbonds, Rg   5.3 A, potential    16.77
 335 / 1000 elapsed  0 system 0.80 temp   0.0 hbonds, Rg   5.3 A, potential    22.23
 336 / 1000 elapsed  0 system 0.80 temp   0.0 hbonds, Rg   5.5 A, potential    12.84
 337 / 1000 elapsed  0 system 0.80 temp   0.0 hbonds, Rg   5.4 A, potential    16.59
 338 / 1000 elapsed  0 system 0.80 temp   0.0 hbonds, Rg   5.3 A, potential    23.16
 339 / 1000 elapsed  0 system 0.80 temp   1.0 hbonds, Rg   5.2 A, potential    25.13
 340 / 1000 elapsed  0 system 0.80 temp   1.7 hbonds, Rg   5.1 A, potential    20.07
 341 / 1000 elapsed  0 system 0.80 temp   1.2 hbonds, Rg   5.1 A, potential    10.15
 342 / 1000 elapsed  0 system 0.80 temp   0.5 hbonds, Rg   5.0 A, potential    14.22
 343 / 1000 elapsed  0 system 0.80 temp   1.1 hbonds, Rg   4.9 A, potential    11.07
 344 / 1000 elapsed  0 system 0.80 temp   1.8 hbonds, Rg   5.2 A, potential    19.22
 345 / 1000 elapsed  0 system 0.80 temp   1.9 hbonds, Rg   5.3 A, potential    25.57
 346 / 1000 elapsed  0 system 0.80 temp   2.1 hbonds, Rg   5.0 A, potential     8.28
 347 / 1000 elapsed  0 system 0.80 temp   1.9 hbonds, Rg   5.1 A, potential     7.80
 348 / 1000 elapsed  0 system 0.80 temp   1.9 hbonds, Rg   5.2 A, potential    13.48
 349 / 1000 elapsed  0 system 0.80 temp   1.7 hbonds, Rg   5.3 A, potential     9.29
 350 / 1000 elapsed  0 system 0.80 temp   1.8 hbonds, Rg   5.4 A, potential     2.55
 351 / 1000 elapsed  0 system 0.80 temp   1.5 hbonds, Rg   5.3 A, potential     5.74
 352 / 1000 elapsed  0 system 0.80 temp   1.8 hbonds, Rg   5.4 A, potential     2.46
 353 / 1000 elapsed  0 system 0.80 temp   1.9 hbonds, Rg   5.5 A, potential     4.86
 354 / 1000 elapsed  0 system 0.80 temp   1.7 hbonds, Rg   5.3 A, potential     2.32
 355 / 1000 elapsed  0 system 0.80 temp   1.0 hbonds, Rg   5.2 A, potential    10.40
 356 / 1000 elapsed  0 system 0.80 temp   1.7 hbonds, Rg   5.4 A, potential     2.45
 357 / 1000 elapsed  0 system 0.80 temp   1.5 hbonds, Rg   5.5 A, potential     3.50
 358 / 1000 elapsed  0 system 0.80 temp   1.6 hbonds, Rg   5.5 A, potential    14.11
 359 / 1000 elapsed  0 system 0.80 temp   1.9 hbonds, Rg   5.4 A, potential    14.96
 360 / 1000 elapsed  0 system 0.80 temp   0.3 hbonds, Rg   5.4 A, potential    15.84
 361 / 1000 elapsed  0 system 0.80 temp   1.9 hbonds, Rg   5.5 A, potential    18.94
 362 / 1000 elapsed  0 system 0.80 temp   1.9 hbonds, Rg   5.2 A, potential    10.19
 363 / 1000 elapsed  0 system 0.80 temp   0.0 hbonds, Rg   5.0 A, potential    15.71
 364 / 1000 elapsed  0 system 0.80 temp   0.0 hbonds, Rg   5.1 A, potential    13.54
 365 / 1000 elapsed  0 system 0.80 temp   0.0 hbonds, Rg   5.1 A, potential    15.99
 366 / 1000 elapsed  0 system 0.80 temp   0.0 hbonds, Rg   5.1 A, potential    21.35
 367 / 1000 elapsed  0 system 0.80 temp   0.0 hbonds, Rg   5.2 A, potential    18.48
 368 / 1000 elapsed  0 system 0.80 temp   0.0 hbonds, Rg   5.1 A, potential    17.10
 369 / 1000 elapsed  0 system 0.80 temp   0.0 hbonds, Rg   5.2 A, potential    25.22
 370 / 1000 elapsed  0 system 0.80 temp   0.0 hbonds, Rg   5.2 A, potential    15.61
 371 / 1000 elapsed  0 system 0.80 temp   0.9 hbonds, Rg   5.3 A, potential    15.78
 372 / 1000 elapsed  0 system 0.80 temp   1.6 hbonds, Rg   5.5 A, potential    18.03
 373 / 1000 elapsed  0 system 0.80 temp   0.0 hbonds, Rg   5.6 A, potential    22.83
 374 / 1000 elapsed  0 system 0.80 temp   0.0 hbonds, Rg   5.6 A, potential    22.29
 375 / 1000 elapsed  0 system 0.80 temp   0.2 hbonds, Rg   5.4 A, potential    21.48
 376 / 1000 elapsed  0 system 0.80 temp   1.8 hbonds, Rg   5.4 A, potential    26.39
 377 / 1000 elapsed  0 system 0.80 temp   0.0 hbonds, Rg   5.6 A, potential    18.17
 378 / 1000 elapsed  0 system 0.80 temp   0.2 hbonds, Rg   5.6 A, potential    16.34
 379 / 1000 elapsed  0 system 0.80 temp   1.7 hbonds, Rg   5.5 A, potential    18.06
 380 / 1000 elapsed  0 system 0.80 temp   1.4 hbonds, Rg   5.6 A, potential    27.30
 381 / 1000 elapsed  0 system 0.80 temp   1.8 hbonds, Rg   5.6 A, potential    24.06
 382 / 1000 elapsed  0 system 0.80 temp   1.8 hbonds, Rg   5.7 A, potential    26.05
 383 / 1000 elapsed  0 system 0.80 temp   1.8 hbonds, Rg   5.8 A, potential    27.98
 384 / 1000 elapsed  0 system 0.80 temp   1.8 hbonds, Rg   5.7 A, potential    17.70
 385 / 1000 elapsed  0 system 0.80 temp   0.0 hbonds, Rg   5.5 A, potential    19.96
 386 / 1000 elapsed  0 system 0.80 temp   0.0 hbonds, Rg   5.4 A, potential    21.44
 387 / 1000 elapsed  0 system 0.80 temp   0.0 hbonds, Rg   5.3 A, potential    21.39
 388 / 1000 elapsed  0 system 0.80 temp   1.2 hbonds, Rg   5.0 A, potential    19.33
 389 / 1000 elapsed  0 system 0.80 temp   0.7 hbonds, Rg   4.9 A, potential    22.85
 390 / 1000 elapsed  0 system 0.80 temp   0.9 hbonds, Rg   4.9 A, potential    24.83
 391 / 1000 elapsed  0 system 0.80 temp   1.8 hbonds, Rg   4.9 A, potential    22.89
 392 / 1000 elapsed  0 system 0.80 temp   2.3 hbonds, Rg   4.9 A, potential    14.30
 393 / 1000 elapsed  0 system 0.80 temp   2.4 hbonds, Rg   4.8 A, potential    16.23
 394 / 1000 elapsed  0 system 0.80 temp   4.0 hbonds, Rg   4.8 A, potential    20.73
 395 / 1000 elapsed  0 system 0.80 temp   3.1 hbonds, Rg   4.5 A, potential    18.92
 396 / 1000 elapsed  0 system 0.80 temp   3.3 hbonds, Rg   4.7 A, potential    15.91
 397 / 1000 elapsed  0 system 0.80 temp   2.5 hbonds, Rg   4.7 A, potential    10.71
 398 / 1000 elapsed  0 system 0.80 temp   3.2 hbonds, Rg   4.8 A, potential    13.65
 399 / 1000 elapsed  0 system 0.80 temp   3.8 hbonds, Rg   4.8 A, potential     4.53
 400 / 1000 elapsed  0 system 0.80 temp   4.3 hbonds, Rg   4.8 A, potential    17.24
 401 / 1000 elapsed  0 system 0.80 temp   3.3 hbonds, Rg   4.8 A, potential    18.50
 402 / 1000 elapsed  0 system 0.80 temp   3.5 hbonds, Rg   4.6 A, potential    19.22
 403 / 1000 elapsed  0 system 0.80 temp   3.2 hbonds, Rg   4.6 A, potential    18.41
 404 / 1000 elapsed  0 system 0.80 temp   2.5 hbonds, Rg   4.7 A, potential    18.87
 405 / 1000 elapsed  0 system 0.80 temp   1.9 hbonds, Rg   4.6 A, potential     7.72
 406 / 1000 elapsed  0 system 0.80 temp   3.5 hbonds, Rg   4.6 A, potential    10.30
 407 / 1000 elapsed  0 system 0.80 temp   3.9 hbonds, Rg   4.6 A, potential     5.80
 408 / 1000 elapsed  0 system 0.80 temp   3.9 hbonds, Rg   4.8 A, potential    16.10
 409 / 1000 elapsed  0 system 0.80 temp   3.9 hbonds, Rg   4.8 A, potential    13.12
 410 / 1000 elapsed  0 system 0.80 temp   3.9 hbonds, Rg   4.7 A, potential    10.12
 411 / 1000 elapsed  0 system 0.80 temp   2.0 hbonds, Rg   4.8 A, potential    11.62
 412 / 1000 elapsed  0 system 0.80 temp   2.0 hbonds, Rg   4.7 A, potential    11.56
 413 / 1000 elapsed  0 system 0.80 temp   3.6 hbonds, Rg   4.8 A, potential     4.73
 414 / 1000 elapsed  0 system 0.80 temp   1.5 hbonds, Rg   4.7 A, potential    12.59
 415 / 1000 elapsed  0 system 0.80 temp   0.8 hbonds, Rg   4.6 A, potential    19.04
 416 / 1000 elapsed  0 system 0.80 temp   2.0 hbonds, Rg   4.6 A, potential     8.46
 417 / 1000 elapsed  0 system 0.80 temp   2.0 hbonds, Rg   4.7 A, potential    18.35
 418 / 1000 elapsed  0 system 0.80 temp   1.7 hbonds, Rg   4.6 A, potential    11.06
 419 / 1000 elapsed  0 system 0.80 temp   2.1 hbonds, Rg   4.5 A, potential     9.69
 420 / 1000 elapsed  0 system 0.80 temp   1.2 hbonds, Rg   4.5 A, potential     9.11
 421 / 1000 elapsed  0 system 0.80 temp   1.7 hbonds, Rg   4.5 A, potential     7.58
 422 / 1000 elapsed  0 system 0.80 temp   1.6 hbonds, Rg   4.6 A, potential     8.31
 423 / 1000 elapsed  0 system 0.80 temp   0.9 hbonds, Rg   4.7 A, potential     5.57
 424 / 1000 elapsed  0 system 0.80 temp   1.6 hbonds, Rg   4.5 A, potential     3.01
 425 / 1000 elapsed  0 system 0.80 temp   1.9 hbonds, Rg   4.5 A, potential     2.45
 426 / 1000 elapsed  0 system 0.80 temp   1.2 hbonds, Rg   4.6 A, potential     4.10
 427 / 1000 elapsed  0 system 0.80 temp   1.5 hbonds, Rg   4.7 A, potential    13.11
 428 / 1000 elapsed  0 system 0.80 temp   1.9 hbonds, Rg   4.5 A, potential    11.45
 429 / 1000 elapsed  0 system 0.80 temp   3.5 hbonds, Rg   4.5 A, potential     3.67
 430 / 1000 elapsed  0 system 0.80 temp   3.3 hbonds, Rg   4.6 A, potential    -8.15
 431 / 1000 elapsed  0 system 0.80 temp   3.6 hbonds, Rg   4.6 A, potential     2.86
 432 / 1000 elapsed  0 system 0.80 temp   3.6 hbonds, Rg   4.5 A, potential    -4.74
 433 / 1000 elapsed  0 system 0.80 temp   3.4 hbonds, Rg   4.7 A, potential     7.91
 434 / 1000 elapsed  0 system 0.80 temp   3.5 hbonds, Rg   4.6 A, potential     2.85
 435 / 1000 elapsed  0 system 0.80 temp   3.2 hbonds, Rg   4.5 A, potential     0.77
 436 / 1000 elapsed  0 system 0.80 temp   3.1 hbonds, Rg   4.5 A, potential    -1.70
 437 / 1000 elapsed  0 system 0.80 temp   3.6 hbonds, Rg   4.5 A, potential     0.27
 438 / 1000 elapsed  0 system 0.80 temp   3.8 hbonds, Rg   4.5 A, potential     3.89
 439 / 1000 elapsed  0 system 0.80 temp   3.6 hbonds, Rg   4.5 A, potential    -7.49
 440 / 1000 elapsed  0 system 0.80 temp   3.1 hbonds, Rg   4.5 A, potential     1.63
 441 / 1000 elapsed  0 system 0.80 temp   3.3 hbonds, Rg   4.6 A, potential    16.58
 442 / 1000 elapsed  0 system 0.80 temp   3.8 hbonds, Rg   4.5 A, potential    10.91
 443 / 1000 elapsed  0 system 0.80 temp   3.0 hbonds, Rg   4.7 A, potential     1.22
 444 / 1000 elapsed  0 system 0.80 temp   3.4 hbonds, Rg   4.6 A, potential     6.55
 445 / 1000 elapsed  0 system 0.80 temp   3.7 hbonds, Rg   4.6 A, potential     5.11
 446 / 1000 elapsed  0 system 0.80 temp   3.5 hbonds, Rg   4.5 A, potential    -4.96
 447 / 1000 elapsed  0 system 0.80 temp   2.9 hbonds, Rg   4.5 A, potential     3.15
 448 / 1000 elapsed  0 system 0.80 temp   2.9 hbonds, Rg   4.5 A, potential    -2.36
 449 / 1000 elapsed  0 system 0.80 temp   3.5 hbonds, Rg   4.5 A, potential    -1.82
 450 / 1000 elapsed  0 system 0.80 temp   2.6 hbonds, Rg   4.5 A, potential     0.68
 451 / 1000 elapsed  0 system 0.80 temp   1.5 hbonds, Rg   4.5 A, potential     4.08
 452 / 1000 elapsed  0 system 0.80 temp   1.7 hbonds, Rg   4.5 A, potential     6.59
 453 / 1000 elapsed  0 system 0.80 temp   2.0 hbonds, Rg   4.5 A, potential     2.28
 454 / 1000 elapsed  0 system 0.80 temp   1.8 hbonds, Rg   4.5 A, potential     1.37
 455 / 1000 elapsed  0 system 0.80 temp   1.9 hbonds, Rg   4.6 A, potential    10.48
 456 / 1000 elapsed  0 system 0.80 temp   1.8 hbonds, Rg   4.6 A, potential     3.60
 457 / 1000 elapsed  0 system 0.80 temp   1.6 hbonds, Rg   4.8 A, potential    10.15
 458 / 1000 elapsed  0 system 0.80 temp   1.7 hbonds, Rg   4.6 A, potential    -0.49
 459 / 1000 elapsed  0 system 0.80 temp   1.5 hbonds, Rg   4.6 A, potential     8.44
 460 / 1000 elapsed  0 system 0.80 temp   1.9 hbonds, Rg   4.7 A, potential    12.14
 461 / 1000 elapsed  0 system 0.80 temp   1.7 hbonds, Rg   4.6 A, potential     2.93
 462 / 1000 elapsed  0 system 0.80 temp   0.8 hbonds, Rg   4.8 A, potential     9.54
 463 / 1000 elapsed  0 system 0.80 temp   1.5 hbonds, Rg   4.7 A, potential     2.85
 464 / 1000 elapsed  0 system 0.80 temp   1.4 hbonds, Rg   4.6 A, potential    11.78
 465 / 1000 elapsed  0 system 0.80 temp   1.7 hbonds, Rg   4.7 A, potential    10.49
 466 / 1000 elapsed  0 system 0.80 temp   0.0 hbonds, Rg   4.6 A, potential    15.84
 467 / 1000 elapsed  0 system 0.80 temp   0.0 hbonds, Rg   4.8 A, potential    20.50
 468 / 1000 elapsed  0 system 0.80 temp   0.0 hbonds, Rg   4.7 A, potential    17.14
 469 / 1000 elapsed  0 system 0.80 temp   0.7 hbonds, Rg   4.6 A, potential    10.48
 470 / 1000 elapsed  0 system 0.80 temp   0.0 hbonds, Rg   4.5 A, potential    14.06
 471 / 1000 elapsed  0 system 0.80 temp   1.6 hbonds, Rg   4.5 A, potential    11.30
 472 / 1000 elapsed  0 system 0.80 temp   1.2 hbonds, Rg   4.4 A, potential    12.12
 473 / 1000 elapsed  0 system 0.80 temp   1.6 hbonds, Rg   4.5 A, potential     5.65
 474 / 1000 elapsed  0 system 0.80 temp   2.9 hbonds, Rg   4.4 A, potential     0.88
 475 / 1000 elapsed  0 system 0.80 temp   0.8 hbonds, Rg   4.5 A, potential     2.44
 476 / 1000 elapsed  0 system 0.80 temp   1.9 hbonds, Rg   4.6 A, potential     3.48
 477 / 1000 elapsed  0 system 0.80 temp   2.2 hbonds, Rg   4.5 A, potential    11.96
 478 / 1000 elapsed  0 system 0.80 temp   1.9 hbonds, Rg   4.6 A, potential     5.77
 479 / 1000 elapsed  0 system 0.80 temp   3.1 hbonds, Rg   4.5 A, potential    -3.86
 480 / 1000 elapsed  0 system 0.80 temp   2.6 hbonds, Rg   4.7 A, potential     0.91
 481 / 1000 elapsed  0 system 0.80 temp   1.1 hbonds, Rg   4.6 A, potential     4.53
 482 / 1000 elapsed  0 system 0.80 temp   1.8 hbonds, Rg   4.6 A, potential    11.15
 483 / 1000 elapsed  0 system 0.80 temp   1.8 hbonds, Rg   4.5 A, potential     8.43
 484 / 1000 elapsed  0 system 0.80 temp   0.0 hbonds, Rg   4.5 A, potential    10.33
 485 / 1000 elapsed  0 system 0.80 temp   0.3 hbonds, Rg   4.7 A, potential    23.88
 486 / 1000 elapsed  0 system 0.80 temp   1.8 hbonds, Rg   4.4 A, potential    10.80
 487 / 1000 elapsed  0 system 0.80 temp   2.1 hbonds, Rg   4.5 A, potential     5.99
 488 / 1000 elapsed  0 system 0.80 temp   1.4 hbonds, Rg   4.4 A, potential     8.51
 489 / 1000 elapsed  0 system 0.80 temp   1.9 hbonds, Rg   4.6 A, potential    15.76
 490 / 1000 elapsed  0 system 0.80 temp   1.6 hbonds, Rg   4.5 A, potential     9.18
 491 / 1000 elapsed  0 system 0.80 temp   1.6 hbonds, Rg   4.8 A, potential     4.91
 492 / 1000 elapsed  0 system 0.80 temp   1.6 hbonds, Rg   4.8 A, potential    20.53
 493 / 1000 elapsed  0 system 0.80 temp   1.8 hbonds, Rg   4.7 A, potential     4.70
 494 / 1000 elapsed  0 system 0.80 temp   1.7 hbonds, Rg   4.6 A, potential     7.44
 495 / 1000 elapsed  0 system 0.80 temp   1.4 hbonds, Rg   4.7 A, potential     9.00
 496 / 1000 elapsed  0 system 0.80 temp   1.3 hbonds, Rg   4.7 A, potential    12.16
 497 / 1000 elapsed  0 system 0.80 temp   1.2 hbonds, Rg   4.7 A, potential     5.75
 498 / 1000 elapsed  0 system 0.80 temp   1.9 hbonds, Rg   4.6 A, potential     9.68
 499 / 1000 elapsed  0 system 0.80 temp   1.3 hbonds, Rg   4.5 A, potential     8.76
 499 / 1000 elapsed  0 system 0.80 temp   0.1 hbonds, Rg   4.5 A, potential     5.69
 500 / 1000 elapsed  0 system 0.80 temp   1.9 hbonds, Rg   4.5 A, potential    12.28
 501 / 1000 elapsed  0 system 0.80 temp   0.0 hbonds, Rg   4.5 A, potential    10.34
 502 / 1000 elapsed  0 system 0.80 temp   0.7 hbonds, Rg   4.6 A, potential    16.03
 503 / 1000 elapsed  0 system 0.80 temp   3.2 hbonds, Rg   4.6 A, potential     6.42
 504 / 1000 elapsed  0 system 0.80 temp   2.4 hbonds, Rg   4.7 A, potential    10.73
 505 / 1000 elapsed  0 system 0.80 temp   1.9 hbonds, Rg   4.6 A, potential     8.00
 506 / 1000 elapsed  0 system 0.80 temp   1.8 hbonds, Rg   4.7 A, potential     3.85
 507 / 1000 elapsed  0 system 0.80 temp   1.9 hbonds, Rg   4.6 A, potential     1.03
 508 / 1000 elapsed  0 system 0.80 temp   1.7 hbonds, Rg   4.6 A, potential    -1.62
 509 / 1000 elapsed  0 system 0.80 temp   1.7 hbonds, Rg   4.6 A, potential    -2.00
 510 / 1000 elapsed  0 system 0.80 temp   1.7 hbonds, Rg   4.3 A, potential     3.14
 511 / 1000 elapsed  0 system 0.80 temp   1.9 hbonds, Rg   4.4 A, potential    14.38
 512 / 1000 elapsed  0 system 0.80 temp   1.7 hbonds, Rg   4.4 A, potential    12.03
 513 / 1000 elapsed  0 system 0.80 temp   1.9 hbonds, Rg   4.3 A, potential     6.04
 514 / 1000 elapsed  0 system 0.80 temp   2.2 hbonds, Rg   4.3 A, potential    -0.07
 515 / 1000 elapsed  0 system 0.80 temp   2.3 hbonds, Rg   4.5 A, potential     4.06
 516 / 1000 elapsed  0 system 0.80 temp   2.0 hbonds, Rg   4.6 A, potential    -2.33
 517 / 1000 elapsed  0 system 0.80 temp   1.7 hbonds, Rg   4.6 A, potential     0.50
 518 / 1000 elapsed  0 system 0.80 temp   1.8 hbonds, Rg   4.7 A, potential    10.73
 519 / 1000 elapsed  0 system 0.80 temp   1.9 hbonds, Rg   4.5 A, potential     4.48
 520 / 1000 elapsed  0 system 0.80 temp   1.8 hbonds, Rg   4.6 A, potential     7.77
 521 / 1000 elapsed  0 system 0.80 temp   1.5 hbonds, Rg   4.6 A, potential     3.77
 522 / 1000 elapsed  0 system 0.80 temp   1.2 hbonds, Rg   4.7 A, potential     5.24
 523 / 1000 elapsed  0 system 0.80 temp   1.8 hbonds, Rg   4.7 A, potential     9.49
 524 / 1000 elapsed  0 system 0.80 temp   1.6 hbonds, Rg   4.4 A, potential    -1.42
 525 / 1000 elapsed  0 system 0.80 temp   1.9 hbonds, Rg   4.5 A, potential    -2.38
 526 / 1000 elapsed  0 system 0.80 temp   3.6 hbonds, Rg   4.4 A, potential    -0.72
 527 / 1000 elapsed  0 system 0.80 temp   3.3 hbonds, Rg   4.5 A, potential    -0.09
 528 / 1000 elapsed  0 system 0.80 temp   1.7 hbonds, Rg   4.5 A, potential     1.80
 529 / 1000 elapsed  0 system 0.80 temp   1.5 hbonds, Rg   4.7 A, potential    -3.01
 530 / 1000 elapsed  0 system 0.80 temp   1.9 hbonds, Rg   4.8 A, potential     4.36
 531 / 1000 elapsed  0 system 0.80 temp   1.1 hbonds, Rg   4.6 A, potential    -2.64
 532 / 1000 elapsed  0 system 0.80 temp   1.7 hbonds, Rg   4.6 A, potential    -7.43
 533 / 1000 elapsed  0 system 0.80 temp   1.7 hbonds, Rg   4.6 A, potential    -1.23
 534 / 1000 elapsed  0 system 0.80 temp   1.8 hbonds, Rg   4.6 A, potential     0.60
 535 / 1000 elapsed  0 system 0.80 temp   1.9 hbonds, Rg   4.6 A, potential     3.70
 536 / 1000 elapsed  0 system 0.80 temp   2.0 hbonds, Rg   4.5 A, potential    -0.57
 537 / 1000 elapsed  0 system 0.80 temp   1.8 hbonds, Rg   4.4 A, potential     3.49
 538 / 1000 elapsed  0 system 0.80 temp   2.0 hbonds, Rg   4.4 A, potential    -0.46
 539 / 1000 elapsed  0 system 0.80 temp   1.8 hbonds, Rg   4.5 A, potential     0.23
 540 / 1000 elapsed  0 system 0.80 temp   1.7 hbonds, Rg   4.5 A, potential     1.39
 541 / 1000 elapsed  0 system 0.80 temp   1.9 hbonds, Rg   4.5 A, potential    -7.22
 542 / 1000 elapsed  0 system 0.80 temp   1.6 hbonds, Rg   4.6 A, potential     2.68
 543 / 1000 elapsed  0 system 0.80 temp   1.6 hbonds, Rg   4.7 A, potential     4.30
 544 / 1000 elapsed  0 system 0.80 temp   1.6 hbonds, Rg   4.9 A, potential     6.19
 545 / 1000 elapsed  0 system 0.80 temp   1.8 hbonds, Rg   4.6 A, potential     3.45
 546 / 1000 elapsed  0 system 0.80 temp   1.7 hbonds, Rg   4.6 A, potential    15.75
 547 / 1000 elapsed  0 system 0.80 temp   1.8 hbonds, Rg   4.5 A, potential     7.09
 548 / 1000 elapsed  0 system 0.80 temp   1.9 hbonds, Rg   4.6 A, potential     8.72
 549 / 1000 elapsed  0 system 0.80 temp   1.9 hbonds, Rg   4.6 A, potential     1.49
 550 / 1000 elapsed  0 system 0.80 temp   1.9 hbonds, Rg   4.5 A, potential     7.69
 551 / 1000 elapsed  0 system 0.80 temp   1.7 hbonds, Rg   4.6 A, potential    14.17
 552 / 1000 elapsed  0 system 0.80 temp   1.3 hbonds, Rg   4.7 A, potential     4.14
 553 / 1000 elapsed  0 system 0.80 temp   1.7 hbonds, Rg   4.6 A, potential    10.75
 554 / 1000 elapsed  0 system 0.80 temp   1.9 hbonds, Rg   4.7 A, potential    12.35
 555 / 1000 elapsed  0 system 0.80 temp   1.5 hbonds, Rg   4.8 A, potential    15.39
 556 / 1000 elapsed  0 system 0.80 temp   3.2 hbonds, Rg   4.5 A, potential    12.06
 557 / 1000 elapsed  0 system 0.80 temp   1.9 hbonds, Rg   4.7 A, potential     7.76
 558 / 1000 elapsed  0 system 0.80 temp   1.7 hbonds, Rg   4.8 A, potential     5.81
 559 / 1000 elapsed  0 system 0.80 temp   2.0 hbonds, Rg   4.7 A, potential    12.08
 560 / 1000 elapsed  0 system 0.80 temp   1.9 hbonds, Rg   4.7 A, potential    10.38
 561 / 1000 elapsed  0 system 0.80 temp   2.0 hbonds, Rg   4.7 A, potential    14.54
 562 / 1000 elapsed  0 system 0.80 temp   1.8 hbonds, Rg   4.7 A, potential     8.13
 563 / 1000 elapsed  0 system 0.80 temp   1.5 hbonds, Rg   4.6 A, potential    11.94
 564 / 1000 elapsed  0 system 0.80 temp   0.3 hbonds, Rg   4.7 A, potential    13.72
 565 / 1000 elapsed  0 system 0.80 temp   1.0 hbonds, Rg   4.6 A, potential    14.24
 566 / 1000 elapsed  0 system 0.80 temp   1.9 hbonds, Rg   4.7 A, potential     7.69
 567 / 1000 elapsed  0 system 0.80 temp   2.2 hbonds, Rg   4.6 A, potential     4.82
 568 / 1000 elapsed  0 system 0.80 temp   0.2 hbonds, Rg   4.6 A, potential     7.49
 569 / 1000 elapsed  0 system 0.80 temp   2.0 hbonds, Rg   4.7 A, potential    24.76
 570 / 1000 elapsed  0 system 0.80 temp   2.0 hbonds, Rg   4.6 A, potential    29.79
 571 / 1000 elapsed  0 system 0.80 temp   1.2 hbonds, Rg   4.6 A, potential    20.89
 572 / 1000 elapsed  0 system 0.80 temp   1.8 hbonds, Rg   4.7 A, potential    22.17
 573 / 1000 elapsed  0 system 0.80 temp   0.1 hbonds, Rg   4.6 A, potential    17.80
 574 / 1000 elapsed  0 system 0.80 temp   0.0 hbonds, Rg   4.6 A, potential    14.49
 575 / 1000 elapsed  0 system 0.80 temp   0.7 hbonds, Rg   4.8 A, potential    16.73
 576 / 1000 elapsed  0 system 0.80 temp   3.3 hbonds, Rg   4.8 A, potential    11.78
 577 / 1000 elapsed  0 system 0.80 temp   1.6 hbonds, Rg   4.7 A, potential     4.08
 578 / 1000 elapsed  0 system 0.80 temp   1.9 hbonds, Rg   4.7 A, potential    16.05
 579 / 1000 elapsed  0 system 0.80 temp   1.9 hbonds, Rg   4.6 A, potential    14.95
 580 / 1000 elapsed  0 system 0.80 temp   1.9 hbonds, Rg   4.7 A, potential    12.18
 581 / 1000 elapsed  0 system 0.80 temp   1.5 hbonds, Rg   4.8 A, potential     3.24
 582 / 1000 elapsed  0 system 0.80 temp   1.5 hbonds, Rg   4.8 A, potential     9.50
 583 / 1000 elapsed  0 system 0.80 temp   1.9 hbonds, Rg   4.7 A, potential    -2.41
 584 / 1000 elapsed  0 system 0.80 temp   1.8 hbonds, Rg   4.7 A, potential     6.35
 585 / 1000 elapsed  0 system 0.80 temp   1.9 hbonds, Rg   4.7 A, potential     3.71
 586 / 1000 elapsed  0 system 0.80 temp   1.7 hbonds, Rg   4.6 A, potential     6.55
 587 / 1000 elapsed  0 system 0.80 temp   1.7 hbonds, Rg   4.6 A, potential     4.89
 588 / 1000 elapsed  0 system 0.80 temp   1.7 hbonds, Rg   4.7 A, potential    11.24
 589 / 1000 elapsed  0 system 0.80 temp   1.9 hbonds, Rg   4.7 A, potential     8.69
 590 / 1000 elapsed  0 system 0.80 temp   1.7 hbonds, Rg   4.6 A, potential     4.34
 591 / 1000 elapsed  0 system 0.80 temp   1.6 hbonds, Rg   4.5 A, potential    14.15
 592 / 1000 elapsed  0 system 0.80 temp   0.6 hbonds, Rg   4.6 A, potential    25.49
 593 / 1000 elapsed  0 system 0.80 temp   0.6 hbonds, Rg   4.6 A, potential     7.99
 594 / 1000 elapsed  0 system 0.80 temp   1.2 hbonds, Rg   4.5 A, potential     3.90
 595 / 1000 elapsed  0 system 0.80 temp   1.3 hbonds, Rg   4.6 A, potential     0.55
 596 / 1000 elapsed  0 system 0.80 temp   1.7 hbonds, Rg   4.4 A, potential     1.35
 597 / 1000 elapsed  0 system 0.80 temp   1.7 hbonds, Rg   4.5 A, potential    -0.27
 598 / 1000 elapsed  0 system 0.80 temp   1.9 hbonds, Rg   4.4 A, potential    -5.04
 599 / 1000 elapsed  0 system 0.80 temp   1.8 hbonds, Rg   4.4 A, potential     4.85
 600 / 1000 elapsed  0 system 0.80 temp   1.8 hbonds, Rg   4.4 A, potential    -0.84
 601 / 1000 elapsed  0 system 0.80 temp   1.9 hbonds, Rg   4.5 A, potential     0.04
 602 / 1000 elapsed  0 system 0.80 temp   1.7 hbonds, Rg   4.6 A, potential     6.57
 603 / 1000 elapsed  0 system 0.80 temp   1.1 hbonds, Rg   4.5 A, potential     4.73
 604 / 1000 elapsed  0 system 0.80 temp   0.1 hbonds, Rg   4.6 A, potential     3.46
 605 / 1000 elapsed  0 system 0.80 temp   1.5 hbonds, Rg   4.3 A, potential     7.04
 606 / 1000 elapsed  0 system 0.80 temp   1.5 hbonds, Rg   4.3 A, potential    -6.48
 607 / 1000 elapsed  0 system 0.80 temp   1.7 hbonds, Rg   4.4 A, potential     0.09
 608 / 1000 elapsed  0 system 0.80 temp   1.8 hbonds, Rg   4.5 A, potential    -1.26
 609 / 1000 elapsed  0 system 0.80 temp   3.5 hbonds, Rg   4.5 A, potential     3.32
 610 / 1000 elapsed  0 system 0.80 temp   3.1 hbonds, Rg   4.6 A, potential    -0.87
 611 / 1000 elapsed  0 system 0.80 temp   1.6 hbonds, Rg   4.7 A, potential     7.27
 612 / 1000 elapsed  0 system 0.80 temp   1.9 hbonds, Rg   4.6 A, potential    -6.27
 613 / 1000 elapsed  0 system 0.80 temp   2.6 hbonds, Rg   4.5 A, potential     5.24
 614 / 1000 elapsed  0 system 0.80 temp   1.8 hbonds, Rg   4.6 A, potential    -0.37
 615 / 1000 elapsed  0 system 0.80 temp   1.1 hbonds, Rg   4.5 A, potential     2.54
 616 / 1000 elapsed  0 system 0.80 temp   1.8 hbonds, Rg   4.6 A, potential    10.50
 617 / 1000 elapsed  0 system 0.80 temp   1.9 hbonds, Rg   4.6 A, potential     5.03
 618 / 1000 elapsed  0 system 0.80 temp   1.9 hbonds, Rg   4.5 A, potential     2.18
 619 / 1000 elapsed  0 system 0.80 temp   1.6 hbonds, Rg   4.6 A, potential    12.18
 620 / 1000 elapsed  0 system 0.80 temp   1.8 hbonds, Rg   4.6 A, potential     8.23
 621 / 1000 elapsed  0 system 0.80 temp   1.7 hbonds, Rg   4.5 A, potential     4.70
 622 / 1000 elapsed  0 system 0.80 temp   1.7 hbonds, Rg   4.6 A, potential    -1.51
 623 / 1000 elapsed  0 system 0.80 temp   1.9 hbonds, Rg   4.5 A, potential     0.95
 624 / 1000 elapsed  0 system 0.80 temp   1.6 hbonds, Rg   4.5 A, potential    -2.61
 625 / 1000 elapsed  0 system 0.80 temp   3.1 hbonds, Rg   4.5 A, potential     2.31
 626 / 1000 elapsed  0 system 0.80 temp   1.6 hbonds, Rg   4.5 A, potential    -1.24
 627 / 1000 elapsed  0 system 0.80 temp   1.7 hbonds, Rg   4.7 A, potential     8.92
 628 / 1000 elapsed  0 system 0.80 temp   1.8 hbonds, Rg   4.6 A, potential     2.88
 629 / 1000 elapsed  0 system 0.80 temp   1.9 hbonds, Rg   4.4 A, potential     7.38
 630 / 1000 elapsed  0 system 0.80 temp   1.5 hbonds, Rg   4.5 A, potential     6.35
 631 / 1000 elapsed  0 system 0.80 temp   1.4 hbonds, Rg   4.5 A, potential     5.70
 632 / 1000 elapsed  0 system 0.80 temp   1.8 hbonds, Rg   4.6 A, potential     4.28
 633 / 1000 elapsed  0 system 0.80 temp   0.7 hbonds, Rg   4.8 A, potential    12.98
 634 / 1000 elapsed  0 system 0.80 temp   1.8 hbonds, Rg   4.6 A, potential    15.96
 635 / 1000 elapsed  0 system 0.80 temp   1.7 hbonds, Rg   4.6 A, potential    12.13
 636 / 1000 elapsed  0 system 0.80 temp   2.4 hbonds, Rg   4.7 A, potential     8.78
 637 / 1000 elapsed  0 system 0.80 temp   2.0 hbonds, Rg   4.4 A, potential     5.93
 638 / 1000 elapsed  0 system 0.80 temp   1.9 hbonds, Rg   4.6 A, potential     1.82
 639 / 1000 elapsed  0 system 0.80 temp   3.3 hbonds, Rg   4.6 A, potential     8.64
 640 / 1000 elapsed  0 system 0.80 temp   4.1 hbonds, Rg   4.5 A, potential    12.75
 641 / 1000 elapsed  0 system 0.80 temp   2.6 hbonds, Rg   4.6 A, potential     9.04
 642 / 1000 elapsed  0 system 0.80 temp   3.4 hbonds, Rg   4.6 A, potential    19.37
 643 / 1000 elapsed  0 system 0.80 temp   3.2 hbonds, Rg   4.6 A, potential    18.13
 644 / 1000 elapsed  0 system 0.80 temp   2.3 hbonds, Rg   4.5 A, potential     9.64
 645 / 1000 elapsed  0 system 0.80 temp   3.1 hbonds, Rg   4.6 A, potential     9.12
 646 / 1000 elapsed  0 system 0.80 temp   1.9 hbonds, Rg   4.6 A, potential    12.99
 647 / 1000 elapsed  0 system 0.80 temp   2.0 hbonds, Rg   4.6 A, potential    15.60
 648 / 1000 elapsed  0 system 0.80 temp   3.5 hbonds, Rg   4.6 A, potential     8.54
 649 / 1000 elapsed  0 system 0.80 temp   5.0 hbonds, Rg   4.9 A, potential    28.14
 650 / 1000 elapsed  0 system 0.80 temp   4.0 hbonds, Rg   4.7 A, potential    20.14
 651 / 1000 elapsed  0 system 0.80 temp   2.9 hbonds, Rg   4.7 A, potential    16.24
 652 / 1000 elapsed  0 system 0.80 temp   1.7 hbonds, Rg   4.7 A, potential    17.20
 653 / 1000 elapsed  0 system 0.80 temp   3.3 hbonds, Rg   4.8 A, potential    27.98
 654 / 1000 elapsed  0 system 0.80 temp   3.5 hbonds, Rg   4.8 A, potential    11.62
 655 / 1000 elapsed  0 system 0.80 temp   5.2 hbonds, Rg   4.7 A, potential    14.02
 656 / 1000 elapsed  0 system 0.80 temp   4.0 hbonds, Rg   4.6 A, potential     8.86
 657 / 1000 elapsed  0 system 0.80 temp   3.0 hbonds, Rg   4.8 A, potential     9.30
 658 / 1000 elapsed  0 system 0.80 temp   2.8 hbonds, Rg   4.8 A, potential     6.08
 659 / 1000 elapsed  0 system 0.80 temp   3.3 hbonds, Rg   4.8 A, potential    10.69
 660 / 1000 elapsed  0 system 0.80 temp   2.6 hbonds, Rg   4.8 A, potential    11.36
 661 / 1000 elapsed  0 system 0.80 temp   6.0 hbonds, Rg   4.8 A, potential     5.40
 662 / 1000 elapsed  0 system 0.80 temp   4.0 hbonds, Rg   4.9 A, potential     8.78
 663 / 1000 elapsed  0 system 0.80 temp   4.7 hbonds, Rg   4.6 A, potential    10.34
 664 / 1000 elapsed  0 system 0.80 temp   4.6 hbonds, Rg   4.4 A, potential     3.62
 665 / 1000 elapsed  0 system 0.80 temp   4.6 hbonds, Rg   4.4 A, potential    -2.99
 666 / 1000 elapsed  0 system 0.80 temp   5.2 hbonds, Rg   4.4 A, potential     8.13
 667 / 1000 elapsed  0 system 0.80 temp   4.5 hbonds, Rg   4.3 A, potential    11.52
 668 / 1000 elapsed  0 system 0.80 temp   5.6 hbonds, Rg   4.4 A, potential     1.29
 669 / 1000 elapsed  0 system 0.80 temp   5.7 hbonds, Rg   4.6 A, potential    11.22
 670 / 1000 elapsed  0 system 0.80 temp   4.4 hbonds, Rg   4.7 A, potential     7.67
 671 / 1000 elapsed  0 system 0.80 temp   4.9 hbonds, Rg   4.7 A, potential     3.18
 672 / 1000 elapsed  0 system 0.80 temp   5.5 hbonds, Rg   4.5 A, potential    -0.81
 673 / 1000 elapsed  0 system 0.80 temp   5.3 hbonds, Rg   4.5 A, potential    -2.79
 674 / 1000 elapsed  0 system 0.80 temp   4.9 hbonds, Rg   4.7 A, potential    -0.55
 675 / 1000 elapsed  0 system 0.80 temp   5.2 hbonds, Rg   4.6 A, potential    -1.70
 676 / 1000 elapsed  0 system 0.80 temp   4.8 hbonds, Rg   4.5 A, potential    -9.61
 677 / 1000 elapsed  0 system 0.80 temp   5.3 hbonds, Rg   4.5 A, potential     4.96
 678 / 1000 elapsed  0 system 0.80 temp   4.6 hbonds, Rg   4.6 A, potential    13.96
 679 / 1000 elapsed  0 system 0.80 temp   4.8 hbonds, Rg   4.7 A, potential     9.06
 680 / 1000 elapsed  0 system 0.80 temp   5.5 hbonds, Rg   4.7 A, potential     8.00
 681 / 1000 elapsed  0 system 0.80 temp   4.5 hbonds, Rg   4.8 A, potential     4.71
 682 / 1000 elapsed  0 system 0.80 temp   4.5 hbonds, Rg   4.8 A, potential     7.67
 683 / 1000 elapsed  0 system 0.80 temp   5.2 hbonds, Rg   4.7 A, potential     5.69
 684 / 1000 elapsed  0 system 0.80 temp   4.2 hbonds, Rg   4.6 A, potential     9.44
 685 / 1000 elapsed  0 system 0.80 temp   5.5 hbonds, Rg   4.6 A, potential     2.43
 686 / 1000 elapsed  0 system 0.80 temp   5.7 hbonds, Rg   4.5 A, potential    -6.16
 687 / 1000 elapsed  0 system 0.80 temp   5.4 hbonds, Rg   4.6 A, potential     1.00
 688 / 1000 elapsed  0 system 0.80 temp   5.4 hbonds, Rg   4.5 A, potential    -2.55
 689 / 1000 elapsed  0 system 0.80 temp   4.5 hbonds, Rg   4.5 A, potential    -6.22
 690 / 1000 elapsed  0 system 0.80 temp   4.9 hbonds, Rg   4.5 A, potential    -0.37
 691 / 1000 elapsed  0 system 0.80 temp   3.5 hbonds, Rg   4.5 A, potential    -1.35
 692 / 1000 elapsed  0 system 0.80 temp   3.6 hbonds, Rg   4.5 A, potential     1.76
 693 / 1000 elapsed  0 system 0.80 temp   3.8 hbonds, Rg   4.4 A, potential     1.68
 694 / 1000 elapsed  0 system 0.80 temp   5.1 hbonds, Rg   4.4 A, potential    -8.00
 695 / 1000 elapsed  0 system 0.80 temp   4.8 hbonds, Rg   4.5 A, potential     0.27
 696 / 1000 elapsed  0 system 0.80 temp   5.6 hbonds, Rg   4.4 A, potential    -1.35
 697 / 1000 elapsed  0 system 0.80 temp   3.7 hbonds, Rg   4.5 A, potential    -2.95
 698 / 1000 elapsed  0 system 0.80 temp   5.1 hbonds, Rg   4.4 A, potential     1.13
 699 / 1000 elapsed  0 system 0.80 temp   5.4 hbonds, Rg   4.4 A, potential    -7.85
 700 / 1000 elapsed  0 system 0.80 temp   4.8 hbonds, Rg   4.5 A, potential    -2.23
 701 / 1000 elapsed  0 system 0.80 temp   4.0 hbonds, Rg   4.5 A, potential   -13.35
 702 / 1000 elapsed  0 system 0.80 temp   5.3 hbonds, Rg   4.6 A, potential    -3.82
 703 / 1000 elapsed  0 system 0.80 temp   5.4 hbonds, Rg   4.3 A, potential    -1.27
 704 / 1000 elapsed  0 system 0.80 temp   5.4 hbonds, Rg   4.3 A, potential    -5.56
 705 / 1000 elapsed  0 system 0.80 temp   5.8 hbonds, Rg   4.6 A, potential     0.58
 706 / 1000 elapsed  0 system 0.80 temp   4.7 hbonds, Rg   4.6 A, potential     3.30
 707 / 1000 elapsed  0 system 0.80 temp   5.1 hbonds, Rg   4.5 A, potential     3.14
 708 / 1000 elapsed  0 system 0.80 temp   6.3 hbonds, Rg   4.7 A, potential     2.02
 709 / 1000 elapsed  0 system 0.80 temp   5.7 hbonds, Rg   4.7 A, potential     0.67
 710 / 1000 elapsed  0 system 0.80 temp   3.8 hbonds, Rg   4.7 A, potential     6.08
 711 / 1000 elapsed  0 system 0.80 temp   4.4 hbonds, Rg   4.8 A, potential     3.95
 712 / 1000 elapsed  0 system 0.80 temp   4.8 hbonds, Rg   4.9 A, potential     6.32
 713 / 1000 elapsed  0 system 0.80 temp   3.8 hbonds, Rg   4.7 A, potential    -5.33
 714 / 1000 elapsed  0 system 0.80 temp   5.3 hbonds, Rg   4.6 A, potential    -0.34
 715 / 1000 elapsed  0 system 0.80 temp   5.4 hbonds, Rg   4.5 A, potential     5.00
 716 / 1000 elapsed  0 system 0.80 temp   5.5 hbonds, Rg   4.5 A, potential   -11.63
 717 / 1000 elapsed  0 system 0.80 temp   4.5 hbonds, Rg   4.7 A, potential     7.10
 718 / 1000 elapsed  0 system 0.80 temp   5.8 hbonds, Rg   4.6 A, potential    -4.54
 719 / 1000 elapsed  0 system 0.80 temp   5.9 hbonds, Rg   4.6 A, potential    -3.95
 720 / 1000 elapsed  0 system 0.80 temp   5.1 hbonds, Rg   4.6 A, potential    -0.96
 721 / 1000 elapsed  0 system 0.80 temp   5.0 hbonds, Rg   4.6 A, potential    -0.11
 722 / 1000 elapsed  0 system 0.80 temp   5.7 hbonds, Rg   4.7 A, potential    -4.69
 723 / 1000 elapsed  0 system 0.80 temp   5.5 hbonds, Rg   4.6 A, potential   -10.66
 724 / 1000 elapsed  0 system 0.80 temp   5.2 hbonds, Rg   4.7 A, potential    -8.01
 725 / 1000 elapsed  0 system 0.80 temp   3.3 hbonds, Rg   4.8 A, potential     0.98
 726 / 1000 elapsed  0 system 0.80 temp   4.3 hbonds, Rg   4.7 A, potential    -0.39
 727 / 1000 elapsed  0 system 0.80 temp   5.3 hbonds, Rg   4.5 A, potential    -1.22
 728 / 1000 elapsed  0 system 0.80 temp   5.6 hbonds, Rg   4.4 A, potential     0.63
 729 / 1000 elapsed  0 system 0.80 temp   5.3 hbonds, Rg   4.6 A, potential     0.59
 730 / 1000 elapsed  0 system 0.80 temp   5.5 hbonds, Rg   4.6 A, potential     2.32
 731 / 1000 elapsed  0 system 0.80 temp   5.1 hbonds, Rg   4.6 A, potential     9.00
 732 / 1000 elapsed  0 system 0.80 temp   5.2 hbonds, Rg   4.6 A, potential     3.06
 733 / 1000 elapsed  0 system 0.80 temp   5.7 hbonds, Rg   4.6 A, potential    16.37
 734 / 1000 elapsed  0 system 0.80 temp   5.5 hbonds, Rg   4.6 A, potential    12.57
 735 / 1000 elapsed  0 system 0.80 temp   5.4 hbonds, Rg   4.6 A, potential     8.80
 736 / 1000 elapsed  0 system 0.80 temp   4.1 hbonds, Rg   4.9 A, potential     6.10
 737 / 1000 elapsed  0 system 0.80 temp   3.2 hbonds, Rg   4.8 A, potential    16.35
 738 / 1000 elapsed  0 system 0.80 temp   4.9 hbonds, Rg   4.9 A, potential    15.96
 739 / 1000 elapsed  0 system 0.80 temp   4.9 hbonds, Rg   4.9 A, potential     5.78
 740 / 1000 elapsed  0 system 0.80 temp   5.2 hbonds, Rg   4.8 A, potential    22.10
 741 / 1000 elapsed  0 system 0.80 temp   3.6 hbonds, Rg   4.8 A, potential    11.51
 742 / 1000 elapsed  0 system 0.80 temp   4.4 hbonds, Rg   5.0 A, potential    10.95
 743 / 1000 elapsed  0 system 0.80 temp   5.1 hbonds, Rg   4.5 A, potential     8.57
 744 / 1000 elapsed  0 system 0.80 temp   4.8 hbonds, Rg   4.5 A, potential     9.16
 745 / 1000 elapsed  0 system 0.80 temp   6.5 hbonds, Rg   4.7 A, potential     2.23
 746 / 1000 elapsed  0 system 0.80 temp   4.1 hbonds, Rg   4.6 A, potential     8.41
 747 / 1000 elapsed  0 system 0.80 temp   5.4 hbonds, Rg   4.4 A, potential    11.23
 748 / 1000 elapsed  0 system 0.80 temp   6.1 hbonds, Rg   4.6 A, potential    13.76
 749 / 1000 elapsed  0 system 0.80 temp   5.3 hbonds, Rg   4.7 A, potential    15.40
 750 / 1000 elapsed  0 system 0.80 temp   4.4 hbonds, Rg   4.9 A, potential    20.40
 751 / 1000 elapsed  0 system 0.80 temp   5.6 hbonds, Rg   4.6 A, potential    19.29
 752 / 1000 elapsed  0 system 0.80 temp   4.1 hbonds, Rg   4.8 A, potential    13.96
 753 / 1000 elapsed  0 system 0.80 temp   5.7 hbonds, Rg   5.0 A, potential    16.81
 754 / 1000 elapsed  0 system 0.80 temp   3.9 hbonds, Rg   4.9 A, potential    16.34
 755 / 1000 elapsed  0 system 0.80 temp   5.5 hbonds, Rg   4.9 A, potential    10.23
 756 / 1000 elapsed  0 system 0.80 temp   5.2 hbonds, Rg   5.0 A, potential    12.20
 757 / 1000 elapsed  0 system 0.80 temp   4.6 hbonds, Rg   4.9 A, potential     2.50
 758 / 1000 elapsed  0 system 0.80 temp   5.4 hbonds, Rg   5.1 A, potential    11.18
 759 / 1000 elapsed  0 system 0.80 temp   5.5 hbonds, Rg   5.0 A, potential    -0.10
 760 / 1000 elapsed  0 system 0.80 temp   4.7 hbonds, Rg   5.0 A, potential     7.62
 761 / 1000 elapsed  0 system 0.80 temp   5.0 hbonds, Rg   5.0 A, potential    10.24
 762 / 1000 elapsed  0 system 0.80 temp   4.6 hbonds, Rg   4.9 A, potential     6.63
 763 / 1000 elapsed  0 system 0.80 temp   5.3 hbonds, Rg   4.9 A, potential     9.26
 764 / 1000 elapsed  0 system 0.80 temp   5.1 hbonds, Rg   5.0 A, potential    12.64
 765 / 1000 elapsed  0 system 0.80 temp   5.3 hbonds, Rg   4.9 A, potential     2.17
 766 / 1000 elapsed  0 system 0.80 temp   5.0 hbonds, Rg   4.9 A, potential    16.15
 767 / 1000 elapsed  0 system 0.80 temp   5.3 hbonds, Rg   4.8 A, potential     6.67
 768 / 1000 elapsed  0 system 0.80 temp   5.3 hbonds, Rg   5.0 A, potential     5.99
 769 / 1000 elapsed  0 system 0.80 temp   5.0 hbonds, Rg   5.0 A, potential     2.07
 770 / 1000 elapsed  0 system 0.80 temp   3.5 hbonds, Rg   4.9 A, potential     4.82
 771 / 1000 elapsed  0 system 0.80 temp   5.4 hbonds, Rg   5.0 A, potential     0.31
 772 / 1000 elapsed  0 system 0.80 temp   5.5 hbonds, Rg   5.0 A, potential     7.72
 773 / 1000 elapsed  0 system 0.80 temp   3.9 hbonds, Rg   4.9 A, potential    -1.84
 774 / 1000 elapsed  0 system 0.80 temp   3.2 hbonds, Rg   4.8 A, potential    16.26
 775 / 1000 elapsed  0 system 0.80 temp   4.8 hbonds, Rg   5.0 A, potential    20.11
 776 / 1000 elapsed  0 system 0.80 temp   5.5 hbonds, Rg   5.1 A, potential     7.58
 777 / 1000 elapsed  0 system 0.80 temp   4.1 hbonds, Rg   4.9 A, potential     8.79
 778 / 1000 elapsed  0 system 0.80 temp   3.2 hbonds, Rg   4.8 A, potential     8.25
 779 / 1000 elapsed  0 system 0.80 temp   4.6 hbonds, Rg   4.9 A, potential     6.54
 780 / 1000 elapsed  0 system 0.80 temp   2.5 hbonds, Rg   5.0 A, potential    10.28
 781 / 1000 elapsed  0 system 0.80 temp   4.5 hbonds, Rg   4.8 A, potential    11.77
 782 / 1000 elapsed  0 system 0.80 temp   4.8 hbonds, Rg   4.8 A, potential     6.38
 783 / 1000 elapsed  0 system 0.80 temp   3.8 hbonds, Rg   4.8 A, potential     3.88
 784 / 1000 elapsed  0 system 0.80 temp   5.3 hbonds, Rg   4.8 A, potential     2.56
 785 / 1000 elapsed  0 system 0.80 temp   6.2 hbonds, Rg   4.9 A, potential     7.01
 786 / 1000 elapsed  0 system 0.80 temp   5.4 hbonds, Rg   4.8 A, potential     7.80
 787 / 1000 elapsed  0 system 0.80 temp   5.4 hbonds, Rg   4.7 A, potential     3.69
 788 / 1000 elapsed  0 system 0.80 temp   4.9 hbonds, Rg   4.8 A, potential     7.66
 789 / 1000 elapsed  0 system 0.80 temp   2.8 hbonds, Rg   5.0 A, potential    13.65
 790 / 1000 elapsed  0 system 0.80 temp   4.8 hbonds, Rg   5.0 A, potential    15.83
 791 / 1000 elapsed  0 system 0.80 temp   4.1 hbonds, Rg   4.9 A, potential    12.41
 792 / 1000 elapsed  0 system 0.80 temp   5.7 hbonds, Rg   4.8 A, potential     5.41
 793 / 1000 elapsed  0 system 0.80 temp   4.5 hbonds, Rg   5.0 A, potential    -0.48
 794 / 1000 elapsed  0 system 0.80 temp   5.3 hbonds, Rg   5.0 A, potential     2.24
 795 / 1000 elapsed  0 system 0.80 temp   5.5 hbonds, Rg   4.9 A, potential     1.81
 796 / 1000 elapsed  0 system 0.80 temp   5.3 hbonds, Rg   4.9 A, potential     7.61
 797 / 1000 elapsed  0 system 0.80 temp   4.1 hbonds, Rg   5.0 A, potential     7.79
 798 / 1000 elapsed  0 system 0.80 temp   4.8 hbonds, Rg   4.9 A, potential    16.07
 799 / 1000 elapsed  0 system 0.80 temp   5.6 hbonds, Rg   4.8 A, potential    -2.68
 800 / 1000 elapsed  0 system 0.80 temp   5.4 hbonds, Rg   5.0 A, potential     8.38
 801 / 1000 elapsed  0 system 0.80 temp   5.0 hbonds, Rg   4.9 A, potential     5.34
 802 / 1000 elapsed  0 system 0.80 temp   5.3 hbonds, Rg   4.9 A, potential     0.58
 803 / 1000 elapsed  0 system 0.80 temp   4.5 hbonds, Rg   4.8 A, potential    12.44
 804 / 1000 elapsed  0 system 0.80 temp   5.6 hbonds, Rg   4.6 A, potential     6.74
 805 / 1000 elapsed  0 system 0.80 temp   5.4 hbonds, Rg   4.6 A, potential     3.41
 806 / 1000 elapsed  0 system 0.80 temp   5.0 hbonds, Rg   4.7 A, potential    -2.45
 807 / 1000 elapsed  0 system 0.80 temp   2.6 hbonds, Rg   4.5 A, potential    -0.24
 808 / 1000 elapsed  0 system 0.80 temp   5.3 hbonds, Rg   4.6 A, potential    -3.13
 809 / 1000 elapsed  0 system 0.80 temp   4.1 hbonds, Rg   4.6 A, potential    -2.93
 810 / 1000 elapsed  0 system 0.80 temp   4.6 hbonds, Rg   4.5 A, potential     1.44
 811 / 1000 elapsed  0 system 0.80 temp   4.5 hbonds, Rg   4.6 A, potential     1.70
 812 / 1000 elapsed  0 system 0.80 temp   5.1 hbonds, Rg   4.5 A, potential     0.92
 813 / 1000 elapsed  0 system 0.80 temp   4.3 hbonds, Rg   4.5 A, potential     0.38
 814 / 1000 elapsed  0 system 0.80 temp   4.9 hbonds, Rg   4.5 A, potential    -2.30
 815 / 1000 elapsed  0 system 0.80 temp   4.3 hbonds, Rg   4.5 A, potential     0.37
 816 / 1000 elapsed  0 system 0.80 temp   5.6 hbonds, Rg   4.7 A, potential     0.83
 817 / 1000 elapsed  0 system 0.80 temp   4.3 hbonds, Rg   4.6 A, potential     3.28
 818 / 1000 elapsed  0 system 0.80 temp   5.6 hbonds, Rg   4.5 A, potential    -0.92
 819 / 1000 elapsed  0 system 0.80 temp   5.6 hbonds, Rg   4.4 A, potential     1.11
 820 / 1000 elapsed  0 system 0.80 temp   5.4 hbonds, Rg   4.4 A, potential     2.40
 821 / 1000 elapsed  0 system 0.80 temp   4.9 hbonds, Rg   4.5 A, potential     5.75
 822 / 1000 elapsed  0 system 0.80 temp   5.6 hbonds, Rg   4.6 A, potential    -3.20
 823 / 1000 elapsed  0 system 0.80 temp   5.5 hbonds, Rg   4.5 A, potential    -0.98
 824 / 1000 elapsed  0 system 0.80 temp   5.8 hbonds, Rg   4.5 A, potential     1.03
 825 / 1000 elapsed  0 system 0.80 temp   4.4 hbonds, Rg   4.6 A, potential     2.35
 826 / 1000 elapsed  0 system 0.80 temp   5.0 hbonds, Rg   4.7 A, potential    -2.41
 827 / 1000 elapsed  0 system 0.80 temp   5.4 hbonds, Rg   4.8 A, potential    -1.66
 828 / 1000 elapsed  0 system 0.80 temp   5.7 hbonds, Rg   4.7 A, potential    -2.03
 829 / 1000 elapsed  0 system 0.80 temp   5.3 hbonds, Rg   4.7 A, potential    -1.67
 830 / 1000 elapsed  0 system 0.80 temp   5.0 hbonds, Rg   4.7 A, potential     0.83
 831 / 1000 elapsed  0 system 0.80 temp   5.8 hbonds, Rg   4.7 A, potential    -0.72
 832 / 1000 elapsed  0 system 0.80 temp   4.5 hbonds, Rg   4.7 A, potential    -1.98
 833 / 1000 elapsed  0 system 0.80 temp   5.5 hbonds, Rg   4.6 A, potential    -3.64
 834 / 1000 elapsed  0 system 0.80 temp   4.9 hbonds, Rg   4.7 A, potential     8.74
 835 / 1000 elapsed  0 system 0.80 temp   4.7 hbonds, Rg   4.6 A, potential     0.72
 836 / 1000 elapsed  0 system 0.80 temp   5.4 hbonds, Rg   4.6 A, potential    -8.65
 837 / 1000 elapsed  0 system 0.80 temp   5.8 hbonds, Rg   4.8 A, potential     4.96
 838 / 1000 elapsed  0 system 0.80 temp   5.6 hbonds, Rg   4.5 A, potential    -9.28
 839 / 1000 elapsed  0 system 0.80 temp   5.7 hbonds, Rg   4.5 A, potential    -1.21
 840 / 1000 elapsed  0 system 0.80 temp   4.3 hbonds, Rg   4.6 A, potential    -0.68
 841 / 1000 elapsed  0 system 0.80 temp   6.2 hbonds, Rg   4.7 A, potential     5.57
 842 / 1000 elapsed  0 system 0.80 temp   4.4 hbonds, Rg   4.6 A, potential     1.12
 843 / 1000 elapsed  0 system 0.80 temp   4.5 hbonds, Rg   4.7 A, potential    -1.15
 844 / 1000 elapsed  0 system 0.80 temp   5.4 hbonds, Rg   4.6 A, potential     5.04
 845 / 1000 elapsed  0 system 0.80 temp   4.2 hbonds, Rg   4.7 A, potential     6.12
 846 / 1000 elapsed  0 system 0.80 temp   4.5 hbonds, Rg   4.6 A, potential     9.18
 847 / 1000 elapsed  0 system 0.80 temp   5.2 hbonds, Rg   4.7 A, potential    -3.72
 848 / 1000 elapsed  0 system 0.80 temp   5.0 hbonds, Rg   4.6 A, potential     2.32
 849 / 1000 elapsed  0 system 0.80 temp   5.2 hbonds, Rg   4.7 A, potential     0.34
 850 / 1000 elapsed  0 system 0.80 temp   4.6 hbonds, Rg   4.5 A, potential     1.82
 851 / 1000 elapsed  0 system 0.80 temp   4.6 hbonds, Rg   4.5 A, potential    -0.90
 852 / 1000 elapsed  0 system 0.80 temp   5.0 hbonds, Rg   4.7 A, potential    14.50
 853 / 1000 elapsed  0 system 0.80 temp   5.2 hbonds, Rg   4.8 A, potential    -0.92
 854 / 1000 elapsed  0 system 0.80 temp   5.5 hbonds, Rg   4.7 A, potential     6.28
 855 / 1000 elapsed  0 system 0.80 temp   5.1 hbonds, Rg   4.7 A, potential     0.49
 856 / 1000 elapsed  0 system 0.80 temp   5.5 hbonds, Rg   4.6 A, potential    -3.76
 857 / 1000 elapsed  0 system 0.80 temp   5.6 hbonds, Rg   4.6 A, potential    -1.85
 858 / 1000 elapsed  0 system 0.80 temp   4.9 hbonds, Rg   4.7 A, potential     7.05
 859 / 1000 elapsed  0 system 0.80 temp   4.2 hbonds, Rg   4.4 A, potential    -3.67
 860 / 1000 elapsed  0 system 0.80 temp   4.2 hbonds, Rg   4.5 A, potential     0.39
 861 / 1000 elapsed  0 system 0.80 temp   3.8 hbonds, Rg   4.6 A, potential     5.73
 862 / 1000 elapsed  0 system 0.80 temp   5.4 hbonds, Rg   4.5 A, potential    -3.81
 863 / 1000 elapsed  0 system 0.80 temp   5.1 hbonds, Rg   4.5 A, potential    -3.28
 864 / 1000 elapsed  0 system 0.80 temp   6.2 hbonds, Rg   4.5 A, potential    -4.44
 865 / 1000 elapsed  0 system 0.80 temp   4.5 hbonds, Rg   4.6 A, potential     3.65
 866 / 1000 elapsed  0 system 0.80 temp   6.3 hbonds, Rg   4.4 A, potential    -1.13
 867 / 1000 elapsed  0 system 0.80 temp   3.8 hbonds, Rg   4.4 A, potential    11.08
 868 / 1000 elapsed  0 system 0.80 temp   5.4 hbonds, Rg   4.5 A, potential    12.91
 869 / 1000 elapsed  0 system 0.80 temp   5.5 hbonds, Rg   4.6 A, potential    -3.06
 870 / 1000 elapsed  0 system 0.80 temp   5.2 hbonds, Rg   4.4 A, potential   -15.05
 871 / 1000 elapsed  0 system 0.80 temp   4.9 hbonds, Rg   4.5 A, potential    -6.80
 872 / 1000 elapsed  0 system 0.80 temp   4.7 hbonds, Rg   4.6 A, potential    -7.80
 873 / 1000 elapsed  0 system 0.80 temp   5.0 hbonds, Rg   4.6 A, potential    -1.94
 874 / 1000 elapsed  0 system 0.80 temp   5.2 hbonds, Rg   4.4 A, potential    -1.21
 875 / 1000 elapsed  0 system 0.80 temp   5.1 hbonds, Rg   4.6 A, potential    -8.99
 876 / 1000 elapsed  0 system 0.80 temp   6.2 hbonds, Rg   4.8 A, potential    -4.09
 877 / 1000 elapsed  0 system 0.80 temp   4.7 hbonds, Rg   4.7 A, potential    -6.36
 878 / 1000 elapsed  0 system 0.80 temp   4.8 hbonds, Rg   4.6 A, potential    -0.11
 879 / 1000 elapsed  0 system 0.80 temp   5.5 hbonds, Rg   4.7 A, potential    -5.29
 880 / 1000 elapsed  0 system 0.80 temp   5.7 hbonds, Rg   4.6 A, potential    -8.18
 881 / 1000 elapsed  0 system 0.80 temp   5.3 hbonds, Rg   4.5 A, potential    -4.16
 882 / 1000 elapsed  0 system 0.80 temp   4.8 hbonds, Rg   4.6 A, potential    -8.43
 883 / 1000 elapsed  0 system 0.80 temp   5.5 hbonds, Rg   4.5 A, potential    -9.37
 884 / 1000 elapsed  0 system 0.80 temp   4.7 hbonds, Rg   4.4 A, potential     2.63
 885 / 1000 elapsed  0 system 0.80 temp   5.1 hbonds, Rg   4.4 A, potential    -4.98
 886 / 1000 elapsed  0 system 0.80 temp   5.8 hbonds, Rg   4.5 A, potential    -0.64
 887 / 1000 elapsed  0 system 0.80 temp   5.6 hbonds, Rg   4.6 A, potential    -4.34
 888 / 1000 elapsed  0 system 0.80 temp   4.1 hbonds, Rg   4.4 A, potential     2.37
 889 / 1000 elapsed  0 system 0.80 temp   4.7 hbonds, Rg   4.5 A, potential    -3.89
 890 / 1000 elapsed  0 system 0.80 temp   5.7 hbonds, Rg   4.6 A, potential     1.44
 891 / 1000 elapsed  0 system 0.80 temp   4.9 hbonds, Rg   4.8 A, potential     2.96
 892 / 1000 elapsed  0 system 0.80 temp   5.1 hbonds, Rg   4.7 A, potential    -7.05
 893 / 1000 elapsed  0 system 0.80 temp   5.5 hbonds, Rg   4.5 A, potential     5.49
 894 / 1000 elapsed  0 system 0.80 temp   5.6 hbonds, Rg   4.5 A, potential    -0.36
 895 / 1000 elapsed  0 system 0.80 temp   5.3 hbonds, Rg   4.8 A, potential    -3.03
 896 / 1000 elapsed  0 system 0.80 temp   5.8 hbonds, Rg   4.8 A, potential    -0.89
 897 / 1000 elapsed  0 system 0.80 temp   5.0 hbonds, Rg   4.7 A, potential     1.44
 898 / 1000 elapsed  0 system 0.80 temp   5.5 hbonds, Rg   4.6 A, potential     2.36
 899 / 1000 elapsed  0 system 0.80 temp   6.2 hbonds, Rg   4.7 A, potential    -3.21
 900 / 1000 elapsed  0 system 0.80 temp   5.6 hbonds, Rg   4.5 A, potential     0.94
 901 / 1000 elapsed  0 system 0.80 temp   4.8 hbonds, Rg   4.3 A, potential     1.18
 902 / 1000 elapsed  0 system 0.80 temp   6.6 hbonds, Rg   4.5 A, potential    -3.97
 903 / 1000 elapsed  0 system 0.80 temp   5.3 hbonds, Rg   4.5 A, potential     0.74
 904 / 1000 elapsed  0 system 0.80 temp   5.3 hbonds, Rg   4.6 A, potential    -1.82
 905 / 1000 elapsed  0 system 0.80 temp   5.2 hbonds, Rg   4.6 A, potential    -3.29
 906 / 1000 elapsed  0 system 0.80 temp   5.1 hbonds, Rg   4.5 A, potential    -8.58
 907 / 1000 elapsed  0 system 0.80 temp   5.2 hbonds, Rg   4.5 A, potential    -3.01
 908 / 1000 elapsed  0 system 0.80 temp   4.7 hbonds, Rg   4.6 A, potential    -0.81
 909 / 1000 elapsed  0 system 0.80 temp   3.8 hbonds, Rg   4.6 A, potential     3.47
 910 / 1000 elapsed  0 system 0.80 temp   4.6 hbonds, Rg   4.5 A, potential    -1.09
 911 / 1000 elapsed  0 system 0.80 temp   5.1 hbonds, Rg   4.6 A, potential     5.28
 912 / 1000 elapsed  0 system 0.80 temp   2.6 hbonds, Rg   4.7 A, potential     8.85
 913 / 1000 elapsed  0 system 0.80 temp   4.3 hbonds, Rg   4.7 A, potential     4.20
 914 / 1000 elapsed  0 system 0.80 temp   5.5 hbonds, Rg   4.8 A, potential     3.79
 915 / 1000 elapsed  0 system 0.80 temp   4.3 hbonds, Rg   4.5 A, potential     2.89
 916 / 1000 elapsed  0 system 0.80 temp   6.5 hbonds, Rg   4.5 A, potential     0.38
 917 / 1000 elapsed  0 system 0.80 temp   5.3 hbonds, Rg   4.6 A, potential    -0.12
 918 / 1000 elapsed  0 system 0.80 temp   6.5 hbonds, Rg   4.5 A, potential     5.26
 919 / 1000 elapsed  0 system 0.80 temp   3.6 hbonds, Rg   4.6 A, potential     3.17
 920 / 1000 elapsed  0 system 0.80 temp   4.4 hbonds, Rg   4.8 A, potential    -4.64
 921 / 1000 elapsed  0 system 0.80 temp   5.4 hbonds, Rg   4.8 A, potential     0.10
 922 / 1000 elapsed  0 system 0.80 temp   5.7 hbonds, Rg   4.9 A, potential     4.69
 923 / 1000 elapsed  0 system 0.80 temp   5.6 hbonds, Rg   4.8 A, potential     3.19
 924 / 1000 elapsed  0 system 0.80 temp   5.7 hbonds, Rg   4.8 A, potential    11.61
 925 / 1000 elapsed  0 system 0.80 temp   4.7 hbonds, Rg   4.9 A, potential     6.50
 926 / 1000 elapsed  0 system 0.80 temp   3.8 hbonds, Rg   4.9 A, potential     9.14
 927 / 1000 elapsed  0 system 0.80 temp   5.7 hbonds, Rg   4.8 A, potential     2.20
 928 / 1000 elapsed  0 system 0.80 temp   5.8 hbonds, Rg   4.8 A, potential     6.77
 929 / 1000 elapsed  0 system 0.80 temp   5.1 hbonds, Rg   4.9 A, potential     6.65
 930 / 1000 elapsed  0 system 0.80 temp   5.5 hbonds, Rg   4.8 A, potential     5.84
 931 / 1000 elapsed  0 system 0.80 temp   5.0 hbonds, Rg   4.9 A, potential     3.50
 932 / 1000 elapsed  0 system 0.80 temp   5.7 hbonds, Rg   4.6 A, potential     6.39
 933 / 1000 elapsed  0 system 0.80 temp   3.8 hbonds, Rg   4.6 A, potential     2.17
 934 / 1000 elapsed  0 system 0.80 temp   4.2 hbonds, Rg   4.5 A, potential     6.15
 935 / 1000 elapsed  0 system 0.80 temp   4.9 hbonds, Rg   4.6 A, potential     7.09
 936 / 1000 elapsed  0 system 0.80 temp   2.8 hbonds, Rg   4.7 A, potential     6.82
 937 / 1000 elapsed  0 system 0.80 temp   3.7 hbonds, Rg   4.8 A, potential     4.79
 938 / 1000 elapsed  0 system 0.80 temp   3.6 hbonds, Rg   4.6 A, potential     7.83
 939 / 1000 elapsed  0 system 0.80 temp   4.0 hbonds, Rg   4.8 A, potential    10.06
 940 / 1000 elapsed  0 system 0.80 temp   5.4 hbonds, Rg   4.8 A, potential     9.56
 941 / 1000 elapsed  0 system 0.80 temp   4.8 hbonds, Rg   4.7 A, potential    10.96
 942 / 1000 elapsed  0 system 0.80 temp   4.4 hbonds, Rg   4.6 A, potential    14.19
 943 / 1000 elapsed  0 system 0.80 temp   5.5 hbonds, Rg   4.7 A, potential    12.70
 944 / 1000 elapsed  0 system 0.80 temp   4.1 hbonds, Rg   4.7 A, potential    15.53
 945 / 1000 elapsed  0 system 0.80 temp   4.6 hbonds, Rg   4.6 A, potential     7.40
 946 / 1000 elapsed  0 system 0.80 temp   4.8 hbonds, Rg   4.5 A, potential     5.56
 947 / 1000 elapsed  0 system 0.80 temp   5.5 hbonds, Rg   4.6 A, potential     4.77
 948 / 1000 elapsed  0 system 0.80 temp   5.4 hbonds, Rg   4.4 A, potential     6.38
 949 / 1000 elapsed  0 system 0.80 temp   5.3 hbonds, Rg   4.6 A, potential     8.11
 950 / 1000 elapsed  0 system 0.80 temp   5.1 hbonds, Rg   4.5 A, potential     1.16
 951 / 1000 elapsed  0 system 0.80 temp   5.3 hbonds, Rg   4.6 A, potential     5.64
 952 / 1000 elapsed  0 system 0.80 temp   4.6 hbonds, Rg   4.6 A, potential     3.23
 953 / 1000 elapsed  0 system 0.80 temp   4.7 hbonds, Rg   4.6 A, potential     2.63
 954 / 1000 elapsed  0 system 0.80 temp   4.6 hbonds, Rg   4.5 A, potential    -2.60
 955 / 1000 elapsed  0 system 0.80 temp   5.2 hbonds, Rg   4.7 A, potential     3.75
 956 / 1000 elapsed  0 system 0.80 temp   4.6 hbonds, Rg   4.5 A, potential    -0.55
 957 / 1000 elapsed  0 system 0.80 temp   5.6 hbonds, Rg   4.7 A, potential     6.48
 958 / 1000 elapsed  0 system 0.80 temp   6.0 hbonds, Rg   4.5 A, potential     6.52
 959 / 1000 elapsed  0 system 0.80 temp   5.1 hbonds, Rg   4.6 A, potential     3.14
 960 / 1000 elapsed  0 system 0.80 temp   4.4 hbonds, Rg   4.8 A, potential     9.74
 961 / 1000 elapsed  0 system 0.80 temp   5.5 hbonds, Rg   4.6 A, potential    -1.55
 962 / 1000 elapsed  0 system 0.80 temp   5.1 hbonds, Rg   4.4 A, potential    10.75
 963 / 1000 elapsed  0 system 0.80 temp   5.3 hbonds, Rg   4.4 A, potential     3.13
 964 / 1000 elapsed  0 system 0.80 temp   5.4 hbonds, Rg   4.7 A, potential     5.59
 965 / 1000 elapsed  0 system 0.80 temp   4.3 hbonds, Rg   4.7 A, potential     5.29
 966 / 1000 elapsed  0 system 0.80 temp   5.3 hbonds, Rg   4.6 A, potential     2.92
 967 / 1000 elapsed  0 system 0.80 temp   5.1 hbonds, Rg   4.7 A, potential     7.33
 968 / 1000 elapsed  0 system 0.80 temp   4.1 hbonds, Rg   4.8 A, potential    12.85
 969 / 1000 elapsed  0 system 0.80 temp   5.1 hbonds, Rg   4.7 A, potential    -4.08
 970 / 1000 elapsed  0 system 0.80 temp   5.2 hbonds, Rg   4.6 A, potential    -4.93
 971 / 1000 elapsed  0 system 0.80 temp   4.4 hbonds, Rg   4.7 A, potential     7.95
 972 / 1000 elapsed  0 system 0.80 temp   5.3 hbonds, Rg   4.6 A, potential    -0.84
 973 / 1000 elapsed  0 system 0.80 temp   5.5 hbonds, Rg   4.6 A, potential     3.85
 974 / 1000 elapsed  0 system 0.80 temp   5.5 hbonds, Rg   4.7 A, potential     0.88
 975 / 1000 elapsed  0 system 0.80 temp   4.8 hbonds, Rg   4.8 A, potential     3.89
 976 / 1000 elapsed  0 system 0.80 temp   5.3 hbonds, Rg   4.6 A, potential     2.49
 977 / 1000 elapsed  0 system 0.80 temp   5.0 hbonds, Rg   4.5 A, potential     8.65
 978 / 1000 elapsed  0 system 0.80 temp   5.3 hbonds, Rg   4.6 A, potential     7.34
 979 / 1000 elapsed  0 system 0.80 temp   5.1 hbonds, Rg   4.6 A, potential     0.86
 980 / 1000 elapsed  0 system 0.80 temp   4.9 hbonds, Rg   4.6 A, potential    12.05
 981 / 1000 elapsed  0 system 0.80 temp   5.8 hbonds, Rg   4.7 A, potential     4.81
 982 / 1000 elapsed  0 system 0.80 temp   4.0 hbonds, Rg   4.6 A, potential    11.62
 983 / 1000 elapsed  0 system 0.80 temp   3.0 hbonds, Rg   4.6 A, potential     7.24
 984 / 1000 elapsed  0 system 0.80 temp   4.9 hbonds, Rg   4.7 A, potential     4.87
 985 / 1000 elapsed  0 system 0.80 temp   5.2 hbonds, Rg   4.6 A, potential    11.86
 986 / 1000 elapsed  0 system 0.80 temp   4.8 hbonds, Rg   4.7 A, potential     9.04
 987 / 1000 elapsed  0 system 0.80 temp   5.2 hbonds, Rg   4.7 A, potential     2.15
 988 / 1000 elapsed  0 system 0.80 temp   4.8 hbonds, Rg   4.6 A, potential     4.85
 989 / 1000 elapsed  0 system 0.80 temp   5.0 hbonds, Rg   4.7 A, potential     5.97
 990 / 1000 elapsed  0 system 0.80 temp   4.6 hbonds, Rg   4.8 A, potential     5.32
 991 / 1000 elapsed  0 system 0.80 temp   4.3 hbonds, Rg   4.6 A, potential     7.32
 992 / 1000 elapsed  0 system 0.80 temp   4.6 hbonds, Rg   4.7 A, potential    14.93
 993 / 1000 elapsed  0 system 0.80 temp   3.2 hbonds, Rg   4.6 A, potential    -2.40
 994 / 1000 elapsed  0 system 0.80 temp   2.9 hbonds, Rg   4.5 A, potential    13.77
 995 / 1000 elapsed  0 system 0.80 temp   5.7 hbonds, Rg   4.6 A, potential     3.64
 996 / 1000 elapsed  0 system 0.80 temp   5.4 hbonds, Rg   4.5 A, potential    -1.42
 997 / 1000 elapsed  0 system 0.80 temp   4.9 hbonds, Rg   4.6 A, potential     0.03
 998 / 1000 elapsed  0 system 0.80 temp   5.4 hbonds, Rg   4.7 A, potential    -4.69
 999 / 1000 elapsed  0 system 0.80 temp   5.6 hbonds, Rg   4.6 A, potential     1.81


finished in 4.5 seconds (40.20 us/systems/step, 8.1e+05 simulation_time_unit/hour)

avg_kinetic_energy/1.5kT  1.028
Warning: no previous log file .//outputs/prod/chig.run.log!
Configuring...
Archiving prev output...
Warning: no previous log file .//outputs/prod/chig.run.log!
Running...
"/home/nithin/data2/nithin/codex_work/resilient_interface/Upside_Desktop/obj/upside" --duration 1000 --frame-interval 1 --temperature 0.8 --seed 28454 --disable-recentering --record-momentum --restart-using-momentum .//outputs/prod/chig.run.up
