Initial structure gen...
@> 138 atoms and 1 coordinate set(s) were parsed in 0.00s.

chain :
    found 10 usable residues




Configuring...
Config commandline options:
/home/nithin/data2/nithin/codex_work/resilient_interface/Upside_Desktop/py/upside_config.py --fasta=.//inputs/chig.fasta --output=.//inputs/chig.up --rama-library=/home/nithin/data2/nithin/codex_work/resilient_interface/Upside_Desktop/parameters//common//rama.dat --rama-sheet-mixing-energy=/home/nithin/data2/nithin/codex_work/resilient_interface/Upside_Desktop/parameters//ff_2.1/sheet --hbond-energy=/home/nithin/data2/nithin/codex_work/resilient_interface/Upside_Desktop/parameters//ff_2.1/hbond.h5 --reference-state-rama=/home/nithin/data2/nithin/codex_work/resilient_interface/Upside_Desktop/parameters//common//rama_reference.pkl --rotamer-placement=/home/nithin/data2/nithin/codex_work/resilient_interface/Upside_Desktop/parameters//ff_2.1/sidechain.h5 --rotamer-interaction=/home/nithin/data2/nithin/codex_work/resilient_interface/Upside_Desktop/parameters//ff_2.1/sidechain.h5 --dynamic-rotamer-1body --environment-potential=/home/nithin/data2/nithin/codex_work/resilient_interface/Upside_Desktop/parameters//ff_2.1/environment.h5 --bb-environment-potential=/home/nithin/data2/nithin/codex_work/resilient_interface/Upside_Desktop/parameters//ff_2.1/bb_env.dat --chain-break-from-file=.//inputs/chig.chain_breaks --spatial-transform-from-table=spatial_table
/home/nithin/data2/nithin/codex_work/resilient_interface/Upside_Desktop/py/upside_config.py:2403: VisibleDeprecationWarning: dtype(): align should be passed as Python or NumPy boolean but got `align=0`. Did you mean to pass a tuple to create a subarray type? (Deprecated NumPy 2.4)
  ref_state_cor =  np.log(cPickle.load(open(args.reference_state_rama, 'rb'), encoding='latin1'))

n_chains: 1

hbond, 8 donors, 9 acceptors in sequence

Running...
invocation: /home/nithin/data2/nithin/codex_work/resilient_interface/Upside_Desktop/obj/upside --frame-interval 50 --temperature 0.8 --duration 1000 --seed 1 .//outputs/simple_test/chig.run.up --disable-recentering
random seed: 1
.//outputs/simple_test/chig.run.up
n_atom 30


0 0.80

Initial potential energy: 96.81
   0 / 1000 elapsed  0 system 0.80 temp   0.0 hbonds, Rg   6.2 A, potential    96.81
  50 / 1000 elapsed  0 system 0.80 temp   0.0 hbonds, Rg   7.1 A, potential    19.05
 100 / 1000 elapsed  0 system 0.80 temp   1.1 hbonds, Rg   7.0 A, potential    29.53
 150 / 1000 elapsed  0 system 0.80 temp   0.0 hbonds, Rg   7.6 A, potential    25.67
 200 / 1000 elapsed  0 system 0.80 temp   1.9 hbonds, Rg   6.4 A, potential    21.07
 250 / 1000 elapsed  0 system 0.80 temp   0.0 hbonds, Rg   6.8 A, potential    14.29
 300 / 1000 elapsed  0 system 0.80 temp   0.0 hbonds, Rg   7.1 A, potential    30.15
 350 / 1000 elapsed  0 system 0.80 temp   0.0 hbonds, Rg   7.2 A, potential    15.63
 400 / 1000 elapsed  0 system 0.80 temp   1.3 hbonds, Rg   6.8 A, potential    17.80
 450 / 1000 elapsed  0 system 0.80 temp   3.2 hbonds, Rg   6.9 A, potential    15.26
 500 / 1000 elapsed  0 system 0.80 temp   1.9 hbonds, Rg   6.7 A, potential     4.47
 550 / 1000 elapsed  0 system 0.80 temp   3.5 hbonds, Rg   7.5 A, potential    12.12
 600 / 1000 elapsed  0 system 0.80 temp   1.6 hbonds, Rg   5.7 A, potential    16.33
 650 / 1000 elapsed  0 system 0.80 temp   0.5 hbonds, Rg   7.5 A, potential    21.61
 700 / 1000 elapsed  0 system 0.80 temp   3.3 hbonds, Rg   6.3 A, potential     5.04
 750 / 1000 elapsed  0 system 0.80 temp   1.4 hbonds, Rg   6.3 A, potential    13.98
 800 / 1000 elapsed  0 system 0.80 temp   1.6 hbonds, Rg   6.5 A, potential    15.04
 850 / 1000 elapsed  0 system 0.80 temp   3.5 hbonds, Rg   6.6 A, potential     3.94
 900 / 1000 elapsed  0 system 0.80 temp   1.8 hbonds, Rg   6.0 A, potential    10.43
 950 / 1000 elapsed  0 system 0.80 temp   1.6 hbonds, Rg   6.2 A, potential    20.01


finished in 5.9 seconds (53.42 us/systems/step, 6.1e+05 simulation_time_unit/hour)

avg_kinetic_energy/1.5kT  1.057
